[0.027s] Invoking command in '/home/aaron/ur_ws/build/moveit_kinematics': AMENT_PREFIX_PATH=/home/aaron/ur_ws/install/moveit_ros_planning:/home/aaron/ur_ws/install/moveit_ros_occupancy_map_monitor:/home/aaron/ur_ws/install/moveit_core:/home/aaron/ur_ws/install/moveit_resources_panda_moveit_config:/home/aaron/ur_ws/install/moveit_resources_fanuc_moveit_config:/home/aaron/ur_ws/install/moveit_configs_utils:/home/aaron/ur_ws/install/srdfdom:/home/aaron/ur_ws/install/moveit_resources_pr2_description:/home/aaron/ur_ws/install/moveit_resources_panda_description:/home/aaron/ur_ws/install/moveit_resources_fanuc_description:/home/aaron/ur_ws/install/moveit_common:/home/aaron/ur_ws/install/launch_param_builder:${AMENT_PREFIX_PATH} CMAKE_PREFIX_PATH=/home/aaron/ur_ws/install/moveit_ros_planning:/home/aaron/ur_ws/install/moveit_ros_occupancy_map_monitor:/home/aaron/ur_ws/install/moveit_core:/home/aaron/ur_ws/install/moveit_resources_panda_moveit_config:/home/aaron/ur_ws/install/moveit_resources_fanuc_moveit_config:/home/aaron/ur_ws/install/srdfdom:/home/aaron/ur_ws/install/moveit_resources_pr2_description:/home/aaron/ur_ws/install/moveit_resources_panda_description:/home/aaron/ur_ws/install/moveit_resources_fanuc_description:/home/aaron/ur_ws/install/moveit_common:/opt/ros/humble LD_LIBRARY_PATH=/home/aaron/ur_ws/install/moveit_ros_planning/lib:/home/aaron/ur_ws/install/moveit_ros_occupancy_map_monitor/lib:/home/aaron/ur_ws/install/moveit_core/lib:/home/aaron/ur_ws/install/srdfdom/lib:${LD_LIBRARY_PATH} PATH=/home/aaron/ur_ws/install/moveit_core/bin:${PATH} PYTHONPATH=/home/aaron/ur_ws/install/moveit_configs_utils/lib/python3.10/site-packages:/home/aaron/ur_ws/install/srdfdom/local/lib/python3.10/dist-packages:/home/aaron/ur_ws/install/launch_param_builder/lib/python3.10/site-packages:${PYTHONPATH} /usr/bin/cmake --build /home/aaron/ur_ws/build/moveit_kinematics -- -j20 -l20
[0.089s] [  5%] [32mBuilding CXX object gtest/CMakeFiles/gtest_main.dir/src/gtest_main.cc.o[0m
[0.089s] [ 10%] [32mBuilding CXX object gtest/CMakeFiles/gtest.dir/src/gtest-all.cc.o[0m
[0.102s] [ 15%] [32mBuilding CXX object kdl_kinematics_plugin/CMakeFiles/moveit_kdl_kinematics_plugin.dir/src/chainiksolver_vel_mimic_svd.cpp.o[0m
[0.107s] [ 21%] [32mBuilding CXX object srv_kinematics_plugin/CMakeFiles/moveit_srv_kinematics_plugin.dir/src/srv_kinematics_plugin.cpp.o[0m
[0.107s] [ 26%] [32mBuilding CXX object lma_kinematics_plugin/CMakeFiles/moveit_lma_kinematics_plugin.dir/src/lma_kinematics_plugin.cpp.o[0m
[0.107s] [ 31%] [32mBuilding CXX object kdl_kinematics_plugin/CMakeFiles/moveit_kdl_kinematics_plugin.dir/src/kdl_kinematics_plugin.cpp.o[0m
[0.110s] [ 36%] [32mBuilding CXX object test/CMakeFiles/benchmark_ik.dir/benchmark_ik.cpp.o[0m
[0.126s] [ 42%] [32mBuilding CXX object cached_ik_kinematics_plugin/CMakeFiles/moveit_cached_ik_kinematics_base.dir/src/ik_cache.cpp.o[0m
[10.229s] [ 47%] [32m[1mLinking CXX static library libgtest_main.a[0m
[10.500s] [ 47%] Built target gtest_main
[64.436s] [ 52%] [32m[1mLinking CXX shared library libmoveit_lma_kinematics_plugin.so[0m
[65.128s] [ 57%] [32m[1mLinking CXX static library libgtest.a[0m
[65.358s] [ 57%] Built target gtest
[65.497s] [ 57%] Built target moveit_lma_kinematics_plugin
[68.956s] [ 63%] [32m[1mLinking CXX shared library libmoveit_srv_kinematics_plugin.so[0m
[69.204s] [ 68%] [32m[1mLinking CXX shared library libmoveit_kdl_kinematics_plugin.so[0m
[69.414s] [ 68%] Built target moveit_srv_kinematics_plugin
[69.467s] [ 73%] [32m[1mLinking CXX shared library libmoveit_cached_ik_kinematics_base.so[0m
[69.642s] [ 73%] Built target moveit_kdl_kinematics_plugin
[69.914s] [ 73%] Built target moveit_cached_ik_kinematics_base
[71.695s] [ 78%] [32m[1mLinking CXX executable benchmark_ik[0m
[72.338s] [ 78%] Built target benchmark_ik
[72.420s] [ 84%] [32mBuilding CXX object cached_ik_kinematics_plugin/CMakeFiles/moveit_cached_ik_kinematics_plugin.dir/src/cached_ik_kinematics_plugin.cpp.o[0m
[82.849s] [ 89%] [32m[1mLinking CXX shared library libmoveit_cached_ik_kinematics_plugin.so[0m
[83.116s] [ 89%] Built target moveit_cached_ik_kinematics_plugin
[83.171s] [ 94%] [32mBuilding CXX object test/CMakeFiles/test_kinematics_plugin.dir/test_kinematics_plugin.cpp.o[0m
[104.707s] [100%] [32m[1mLinking CXX executable test_kinematics_plugin[0m
[105.059s] [100%] Built target test_kinematics_plugin
[105.094s] Invoked command in '/home/aaron/ur_ws/build/moveit_kinematics' returned '0': AMENT_PREFIX_PATH=/home/aaron/ur_ws/install/moveit_ros_planning:/home/aaron/ur_ws/install/moveit_ros_occupancy_map_monitor:/home/aaron/ur_ws/install/moveit_core:/home/aaron/ur_ws/install/moveit_resources_panda_moveit_config:/home/aaron/ur_ws/install/moveit_resources_fanuc_moveit_config:/home/aaron/ur_ws/install/moveit_configs_utils:/home/aaron/ur_ws/install/srdfdom:/home/aaron/ur_ws/install/moveit_resources_pr2_description:/home/aaron/ur_ws/install/moveit_resources_panda_description:/home/aaron/ur_ws/install/moveit_resources_fanuc_description:/home/aaron/ur_ws/install/moveit_common:/home/aaron/ur_ws/install/launch_param_builder:${AMENT_PREFIX_PATH} CMAKE_PREFIX_PATH=/home/aaron/ur_ws/install/moveit_ros_planning:/home/aaron/ur_ws/install/moveit_ros_occupancy_map_monitor:/home/aaron/ur_ws/install/moveit_core:/home/aaron/ur_ws/install/moveit_resources_panda_moveit_config:/home/aaron/ur_ws/install/moveit_resources_fanuc_moveit_config:/home/aaron/ur_ws/install/srdfdom:/home/aaron/ur_ws/install/moveit_resources_pr2_description:/home/aaron/ur_ws/install/moveit_resources_panda_description:/home/aaron/ur_ws/install/moveit_resources_fanuc_description:/home/aaron/ur_ws/install/moveit_common:/opt/ros/humble LD_LIBRARY_PATH=/home/aaron/ur_ws/install/moveit_ros_planning/lib:/home/aaron/ur_ws/install/moveit_ros_occupancy_map_monitor/lib:/home/aaron/ur_ws/install/moveit_core/lib:/home/aaron/ur_ws/install/srdfdom/lib:${LD_LIBRARY_PATH} PATH=/home/aaron/ur_ws/install/moveit_core/bin:${PATH} PYTHONPATH=/home/aaron/ur_ws/install/moveit_configs_utils/lib/python3.10/site-packages:/home/aaron/ur_ws/install/srdfdom/local/lib/python3.10/dist-packages:/home/aaron/ur_ws/install/launch_param_builder/lib/python3.10/site-packages:${PYTHONPATH} /usr/bin/cmake --build /home/aaron/ur_ws/build/moveit_kinematics -- -j20 -l20
[105.097s] Invoking command in '/home/aaron/ur_ws/build/moveit_kinematics': AMENT_PREFIX_PATH=/home/aaron/ur_ws/install/moveit_ros_planning:/home/aaron/ur_ws/install/moveit_ros_occupancy_map_monitor:/home/aaron/ur_ws/install/moveit_core:/home/aaron/ur_ws/install/moveit_resources_panda_moveit_config:/home/aaron/ur_ws/install/moveit_resources_fanuc_moveit_config:/home/aaron/ur_ws/install/moveit_configs_utils:/home/aaron/ur_ws/install/srdfdom:/home/aaron/ur_ws/install/moveit_resources_pr2_description:/home/aaron/ur_ws/install/moveit_resources_panda_description:/home/aaron/ur_ws/install/moveit_resources_fanuc_description:/home/aaron/ur_ws/install/moveit_common:/home/aaron/ur_ws/install/launch_param_builder:${AMENT_PREFIX_PATH} CMAKE_PREFIX_PATH=/home/aaron/ur_ws/install/moveit_ros_planning:/home/aaron/ur_ws/install/moveit_ros_occupancy_map_monitor:/home/aaron/ur_ws/install/moveit_core:/home/aaron/ur_ws/install/moveit_resources_panda_moveit_config:/home/aaron/ur_ws/install/moveit_resources_fanuc_moveit_config:/home/aaron/ur_ws/install/srdfdom:/home/aaron/ur_ws/install/moveit_resources_pr2_description:/home/aaron/ur_ws/install/moveit_resources_panda_description:/home/aaron/ur_ws/install/moveit_resources_fanuc_description:/home/aaron/ur_ws/install/moveit_common:/opt/ros/humble LD_LIBRARY_PATH=/home/aaron/ur_ws/install/moveit_ros_planning/lib:/home/aaron/ur_ws/install/moveit_ros_occupancy_map_monitor/lib:/home/aaron/ur_ws/install/moveit_core/lib:/home/aaron/ur_ws/install/srdfdom/lib:${LD_LIBRARY_PATH} PATH=/home/aaron/ur_ws/install/moveit_core/bin:${PATH} PYTHONPATH=/home/aaron/ur_ws/install/moveit_configs_utils/lib/python3.10/site-packages:/home/aaron/ur_ws/install/srdfdom/local/lib/python3.10/dist-packages:/home/aaron/ur_ws/install/launch_param_builder/lib/python3.10/site-packages:${PYTHONPATH} /usr/bin/cmake --install /home/aaron/ur_ws/build/moveit_kinematics
[105.106s] -- Install configuration: "Release"
[105.106s] -- Up-to-date: /home/aaron/ur_ws/install/moveit_kinematics/share/moveit_kinematics/kdl_kinematics_plugin_description.xml
[105.107s] -- Up-to-date: /home/aaron/ur_ws/install/moveit_kinematics/share/moveit_kinematics/lma_kinematics_plugin_description.xml
[105.107s] -- Up-to-date: /home/aaron/ur_ws/install/moveit_kinematics/share/moveit_kinematics/srv_kinematics_plugin_description.xml
[105.107s] -- Up-to-date: /home/aaron/ur_ws/install/moveit_kinematics/share/moveit_kinematics/cached_ik_kinematics_plugin_description.xml
[105.107s] -- Up-to-date: /home/aaron/ur_ws/install/moveit_kinematics/include
[105.107s] -- Up-to-date: /home/aaron/ur_ws/install/moveit_kinematics/include/moveit
[105.107s] -- Up-to-date: /home/aaron/ur_ws/install/moveit_kinematics/include/moveit/cached_ik_kinematics_plugin
[105.107s] -- Up-to-date: /home/aaron/ur_ws/install/moveit_kinematics/include/moveit/cached_ik_kinematics_plugin/cached_ik_kinematics_plugin-inl.h
[105.108s] -- Up-to-date: /home/aaron/ur_ws/install/moveit_kinematics/include/moveit/cached_ik_kinematics_plugin/detail
[105.108s] -- Up-to-date: /home/aaron/ur_ws/install/moveit_kinematics/include/moveit/cached_ik_kinematics_plugin/detail/NearestNeighborsGNAT.h
[105.108s] -- Up-to-date: /home/aaron/ur_ws/install/moveit_kinematics/include/moveit/cached_ik_kinematics_plugin/detail/NearestNeighbors.h
[105.108s] -- Up-to-date: /home/aaron/ur_ws/install/moveit_kinematics/include/moveit/cached_ik_kinematics_plugin/detail/GreedyKCenters.h
[105.108s] -- Up-to-date: /home/aaron/ur_ws/install/moveit_kinematics/include/moveit/cached_ik_kinematics_plugin/cached_ik_kinematics_plugin.h
[105.108s] -- Up-to-date: /home/aaron/ur_ws/install/moveit_kinematics/share/moveit_kinematics/launch
[105.108s] -- Up-to-date: /home/aaron/ur_ws/install/moveit_kinematics/share/moveit_kinematics/launch/measure_ik_call_cost.launch
[105.109s] -- Up-to-date: /home/aaron/ur_ws/install/moveit_kinematics/lib/moveit_kinematics/auto_create_ikfast_moveit_plugin.sh
[105.109s] -- Up-to-date: /home/aaron/ur_ws/install/moveit_kinematics/lib/moveit_kinematics/create_ikfast_moveit_plugin.py
[105.109s] -- Up-to-date: /home/aaron/ur_ws/install/moveit_kinematics/lib/moveit_kinematics/round_collada_numbers.py
[105.109s] -- Up-to-date: /home/aaron/ur_ws/install/moveit_kinematics/share/moveit_kinematics/ikfast_kinematics_plugin/templates
[105.109s] -- Up-to-date: /home/aaron/ur_ws/install/moveit_kinematics/share/moveit_kinematics/ikfast_kinematics_plugin/templates/CMakeLists.txt
[105.109s] -- Up-to-date: /home/aaron/ur_ws/install/moveit_kinematics/share/moveit_kinematics/ikfast_kinematics_plugin/templates/ikfast.h
[105.109s] -- Up-to-date: /home/aaron/ur_ws/install/moveit_kinematics/share/moveit_kinematics/ikfast_kinematics_plugin/templates/ikfast61_moveit_plugin_template.cpp
[105.109s] -- Up-to-date: /home/aaron/ur_ws/install/moveit_kinematics/include
[105.109s] -- Up-to-date: /home/aaron/ur_ws/install/moveit_kinematics/include/moveit
[105.110s] -- Up-to-date: /home/aaron/ur_ws/install/moveit_kinematics/include/moveit/kdl_kinematics_plugin
[105.110s] -- Up-to-date: /home/aaron/ur_ws/install/moveit_kinematics/include/moveit/kdl_kinematics_plugin/chainiksolver_vel_mimic_svd.hpp
[105.110s] -- Up-to-date: /home/aaron/ur_ws/install/moveit_kinematics/include/moveit/kdl_kinematics_plugin/kdl_kinematics_plugin.h
[105.110s] -- Up-to-date: /home/aaron/ur_ws/install/moveit_kinematics/include/moveit/kdl_kinematics_plugin/joint_mimic.hpp
[105.110s] -- Up-to-date: /home/aaron/ur_ws/install/moveit_kinematics/include
[105.110s] -- Up-to-date: /home/aaron/ur_ws/install/moveit_kinematics/include/moveit
[105.110s] -- Up-to-date: /home/aaron/ur_ws/install/moveit_kinematics/include/moveit/lma_kinematics_plugin
[105.110s] -- Up-to-date: /home/aaron/ur_ws/install/moveit_kinematics/include/moveit/lma_kinematics_plugin/lma_kinematics_plugin.h
[105.110s] -- Up-to-date: /home/aaron/ur_ws/install/moveit_kinematics/include
[105.110s] -- Up-to-date: /home/aaron/ur_ws/install/moveit_kinematics/include/moveit
[105.111s] -- Up-to-date: /home/aaron/ur_ws/install/moveit_kinematics/include/moveit/srv_kinematics_plugin
[105.111s] -- Up-to-date: /home/aaron/ur_ws/install/moveit_kinematics/include/moveit/srv_kinematics_plugin/srv_kinematics_plugin.h
[105.111s] -- Up-to-date: /home/aaron/ur_ws/install/moveit_kinematics/share/moveit_kinematics/config
[105.111s] -- Up-to-date: /home/aaron/ur_ws/install/moveit_kinematics/share/moveit_kinematics/config/panda-kdl-test.yaml
[105.111s] -- Up-to-date: /home/aaron/ur_ws/install/moveit_kinematics/share/moveit_kinematics/config/fanuc-kdl-singular-test.yaml
[105.111s] -- Up-to-date: /home/aaron/ur_ws/install/moveit_kinematics/share/moveit_kinematics/config/panda-lma-test.yaml
[105.111s] -- Up-to-date: /home/aaron/ur_ws/install/moveit_kinematics/share/moveit_kinematics/config/fanuc-kdl-test.yaml
[105.111s] -- Up-to-date: /home/aaron/ur_ws/install/moveit_kinematics/share/moveit_kinematics/config/panda-kdl-singular-test.yaml
[105.111s] -- Up-to-date: /home/aaron/ur_ws/install/moveit_kinematics/share/moveit_kinematics/config/fanuc-lma-singular-test.yaml
[105.111s] -- Up-to-date: /home/aaron/ur_ws/install/moveit_kinematics/share/moveit_kinematics/config/fanuc-lma-test.yaml
[105.112s] -- Up-to-date: /home/aaron/ur_ws/install/moveit_kinematics/share/moveit_kinematics/config/panda-lma-singular-test.yaml
[105.112s] -- Up-to-date: /home/aaron/ur_ws/install/moveit_kinematics/share/moveit_kinematics/launch
[105.112s] -- Up-to-date: /home/aaron/ur_ws/install/moveit_kinematics/share/moveit_kinematics/launch/panda-lma-singular.test.py
[105.112s] -- Up-to-date: /home/aaron/ur_ws/install/moveit_kinematics/share/moveit_kinematics/launch/panda-kdl-singular.test.py
[105.112s] -- Up-to-date: /home/aaron/ur_ws/install/moveit_kinematics/share/moveit_kinematics/launch/fanuc-lma-singular.test.py
[105.112s] -- Up-to-date: /home/aaron/ur_ws/install/moveit_kinematics/share/moveit_kinematics/launch/fanuc-kdl-singular.test.py
[105.112s] -- Up-to-date: /home/aaron/ur_ws/install/moveit_kinematics/share/moveit_kinematics/launch/fanuc-kdl.test.py
[105.112s] -- Up-to-date: /home/aaron/ur_ws/install/moveit_kinematics/share/moveit_kinematics/launch/panda-kdl.test.py
[105.112s] -- Up-to-date: /home/aaron/ur_ws/install/moveit_kinematics/share/moveit_kinematics/launch/panda-lma.test.py
[105.113s] -- Up-to-date: /home/aaron/ur_ws/install/moveit_kinematics/share/moveit_kinematics/launch/fanuc-lma.test.py
[105.113s] -- Installing: /home/aaron/ur_ws/install/moveit_kinematics/lib/moveit_kinematics/benchmark_ik
[105.113s] -- Set runtime path of "/home/aaron/ur_ws/install/moveit_kinematics/lib/moveit_kinematics/benchmark_ik" to ""
[105.113s] -- Installing: /home/aaron/ur_ws/install/moveit_kinematics/lib/moveit_kinematics/test_kinematics_plugin
[105.113s] -- Set runtime path of "/home/aaron/ur_ws/install/moveit_kinematics/lib/moveit_kinematics/test_kinematics_plugin" to ""
[105.113s] -- Installing: /home/aaron/ur_ws/install/moveit_kinematics/lib/libmoveit_cached_ik_kinematics_base.so.2.5.9
[105.113s] -- Set runtime path of "/home/aaron/ur_ws/install/moveit_kinematics/lib/libmoveit_cached_ik_kinematics_base.so.2.5.9" to ""
[105.113s] -- Up-to-date: /home/aaron/ur_ws/install/moveit_kinematics/lib/libmoveit_cached_ik_kinematics_base.so
[105.113s] -- Installing: /home/aaron/ur_ws/install/moveit_kinematics/lib/libmoveit_cached_ik_kinematics_plugin.so.2.5.9
[105.114s] -- Set runtime path of "/home/aaron/ur_ws/install/moveit_kinematics/lib/libmoveit_cached_ik_kinematics_plugin.so.2.5.9" to ""
[105.114s] -- Up-to-date: /home/aaron/ur_ws/install/moveit_kinematics/lib/libmoveit_cached_ik_kinematics_plugin.so
[105.114s] -- Installing: /home/aaron/ur_ws/install/moveit_kinematics/lib/libmoveit_kdl_kinematics_plugin.so
[105.114s] -- Set runtime path of "/home/aaron/ur_ws/install/moveit_kinematics/lib/libmoveit_kdl_kinematics_plugin.so" to ""
[105.114s] -- Installing: /home/aaron/ur_ws/install/moveit_kinematics/lib/libmoveit_lma_kinematics_plugin.so.2.5.9
[105.114s] -- Set runtime path of "/home/aaron/ur_ws/install/moveit_kinematics/lib/libmoveit_lma_kinematics_plugin.so.2.5.9" to ""
[105.114s] -- Up-to-date: /home/aaron/ur_ws/install/moveit_kinematics/lib/libmoveit_lma_kinematics_plugin.so
[105.115s] -- Installing: /home/aaron/ur_ws/install/moveit_kinematics/lib/libmoveit_srv_kinematics_plugin.so.2.5.9
[105.115s] -- Set runtime path of "/home/aaron/ur_ws/install/moveit_kinematics/lib/libmoveit_srv_kinematics_plugin.so.2.5.9" to ""
[105.115s] -- Up-to-date: /home/aaron/ur_ws/install/moveit_kinematics/lib/libmoveit_srv_kinematics_plugin.so
[105.115s] -- Up-to-date: /home/aaron/ur_ws/install/moveit_kinematics/share/moveit_kinematics/environment/library_path.sh
[105.116s] -- Up-to-date: /home/aaron/ur_ws/install/moveit_kinematics/share/moveit_kinematics/environment/library_path.dsv
[105.116s] -- Up-to-date: /home/aaron/ur_ws/install/moveit_kinematics/share/ament_index/resource_index/package_run_dependencies/moveit_kinematics
[105.116s] -- Up-to-date: /home/aaron/ur_ws/install/moveit_kinematics/share/ament_index/resource_index/parent_prefix_path/moveit_kinematics
[105.116s] -- Up-to-date: /home/aaron/ur_ws/install/moveit_kinematics/share/moveit_kinematics/environment/ament_prefix_path.sh
[105.116s] -- Up-to-date: /home/aaron/ur_ws/install/moveit_kinematics/share/moveit_kinematics/environment/ament_prefix_path.dsv
[105.116s] -- Up-to-date: /home/aaron/ur_ws/install/moveit_kinematics/share/moveit_kinematics/environment/path.sh
[105.116s] -- Up-to-date: /home/aaron/ur_ws/install/moveit_kinematics/share/moveit_kinematics/environment/path.dsv
[105.117s] -- Up-to-date: /home/aaron/ur_ws/install/moveit_kinematics/share/moveit_kinematics/local_setup.bash
[105.117s] -- Up-to-date: /home/aaron/ur_ws/install/moveit_kinematics/share/moveit_kinematics/local_setup.sh
[105.117s] -- Up-to-date: /home/aaron/ur_ws/install/moveit_kinematics/share/moveit_kinematics/local_setup.zsh
[105.117s] -- Up-to-date: /home/aaron/ur_ws/install/moveit_kinematics/share/moveit_kinematics/local_setup.dsv
[105.117s] -- Installing: /home/aaron/ur_ws/install/moveit_kinematics/share/moveit_kinematics/package.dsv
[105.117s] -- Up-to-date: /home/aaron/ur_ws/install/moveit_kinematics/share/ament_index/resource_index/packages/moveit_kinematics
[105.117s] -- Up-to-date: /home/aaron/ur_ws/install/moveit_kinematics/share/ament_index/resource_index/moveit_core__pluginlib__plugin/moveit_kinematics
[105.117s] -- Up-to-date: /home/aaron/ur_ws/install/moveit_kinematics/share/moveit_kinematics/cmake/export_moveit_kinematicsExport.cmake
[105.117s] -- Up-to-date: /home/aaron/ur_ws/install/moveit_kinematics/share/moveit_kinematics/cmake/export_moveit_kinematicsExport-release.cmake
[105.117s] -- Up-to-date: /home/aaron/ur_ws/install/moveit_kinematics/share/moveit_kinematics/cmake/ConfigExtras.cmake
[105.118s] -- Up-to-date: /home/aaron/ur_ws/install/moveit_kinematics/share/moveit_kinematics/cmake/ament_cmake_export_targets-extras.cmake
[105.118s] -- Up-to-date: /home/aaron/ur_ws/install/moveit_kinematics/share/moveit_kinematics/cmake/ament_cmake_export_dependencies-extras.cmake
[105.118s] -- Up-to-date: /home/aaron/ur_ws/install/moveit_kinematics/share/moveit_kinematics/cmake/moveit_kinematicsConfig.cmake
[105.118s] -- Up-to-date: /home/aaron/ur_ws/install/moveit_kinematics/share/moveit_kinematics/cmake/moveit_kinematicsConfig-version.cmake
[105.118s] -- Up-to-date: /home/aaron/ur_ws/install/moveit_kinematics/share/moveit_kinematics/package.xml
[105.120s] Invoked command in '/home/aaron/ur_ws/build/moveit_kinematics' returned '0': AMENT_PREFIX_PATH=/home/aaron/ur_ws/install/moveit_ros_planning:/home/aaron/ur_ws/install/moveit_ros_occupancy_map_monitor:/home/aaron/ur_ws/install/moveit_core:/home/aaron/ur_ws/install/moveit_resources_panda_moveit_config:/home/aaron/ur_ws/install/moveit_resources_fanuc_moveit_config:/home/aaron/ur_ws/install/moveit_configs_utils:/home/aaron/ur_ws/install/srdfdom:/home/aaron/ur_ws/install/moveit_resources_pr2_description:/home/aaron/ur_ws/install/moveit_resources_panda_description:/home/aaron/ur_ws/install/moveit_resources_fanuc_description:/home/aaron/ur_ws/install/moveit_common:/home/aaron/ur_ws/install/launch_param_builder:${AMENT_PREFIX_PATH} CMAKE_PREFIX_PATH=/home/aaron/ur_ws/install/moveit_ros_planning:/home/aaron/ur_ws/install/moveit_ros_occupancy_map_monitor:/home/aaron/ur_ws/install/moveit_core:/home/aaron/ur_ws/install/moveit_resources_panda_moveit_config:/home/aaron/ur_ws/install/moveit_resources_fanuc_moveit_config:/home/aaron/ur_ws/install/srdfdom:/home/aaron/ur_ws/install/moveit_resources_pr2_description:/home/aaron/ur_ws/install/moveit_resources_panda_description:/home/aaron/ur_ws/install/moveit_resources_fanuc_description:/home/aaron/ur_ws/install/moveit_common:/opt/ros/humble LD_LIBRARY_PATH=/home/aaron/ur_ws/install/moveit_ros_planning/lib:/home/aaron/ur_ws/install/moveit_ros_occupancy_map_monitor/lib:/home/aaron/ur_ws/install/moveit_core/lib:/home/aaron/ur_ws/install/srdfdom/lib:${LD_LIBRARY_PATH} PATH=/home/aaron/ur_ws/install/moveit_core/bin:${PATH} PYTHONPATH=/home/aaron/ur_ws/install/moveit_configs_utils/lib/python3.10/site-packages:/home/aaron/ur_ws/install/srdfdom/local/lib/python3.10/dist-packages:/home/aaron/ur_ws/install/launch_param_builder/lib/python3.10/site-packages:${PYTHONPATH} /usr/bin/cmake --install /home/aaron/ur_ws/build/moveit_kinematics
