[0.179s] Invoking command in '/home/aaron/ur_ws/build/moveit2_tutorials': AMENT_PREFIX_PATH=/home/aaron/ur_ws/install/moveit:/home/aaron/ur_ws/install/moveit_task_constructor_core:/home/aaron/ur_ws/install/moveit_setup_assistant:/home/aaron/ur_ws/install/moveit_setup_srdf_plugins:/home/aaron/ur_ws/install/moveit_setup_core_plugins:/home/aaron/ur_ws/install/moveit_setup_controllers:/home/aaron/ur_ws/install/moveit_setup_app_plugins:/home/aaron/ur_ws/install/moveit_planners:/home/aaron/ur_ws/install/pilz_industrial_motion_planner:/home/aaron/ur_ws/install/moveit_setup_framework:/home/aaron/ur_ws/install/moveit_ros:/home/aaron/ur_ws/install/moveit_servo:/home/aaron/ur_ws/install/moveit_ros_visualization:/home/aaron/ur_ws/install/moveit_resources_prbt_pg70_support:/home/aaron/ur_ws/install/moveit_hybrid_planning:/home/aaron/ur_ws/install/moveit_ros_planning_interface:/home/aaron/ur_ws/install/moveit_resources_prbt_moveit_config:/home/aaron/ur_ws/install/moveit_ros_move_group:/home/aaron/ur_ws/install/moveit_ros_benchmarks:/home/aaron/ur_ws/install/moveit_visual_tools:/home/aaron/ur_ws/install/moveit_ros_warehouse:/home/aaron/ur_ws/install/moveit_ros_robot_interaction:/home/aaron/ur_ws/install/moveit_ros_perception:/home/aaron/ur_ws/install/moveit_planners_ompl:/home/aaron/ur_ws/install/moveit_kinematics:/home/aaron/ur_ws/install/moveit_ros_planning:/home/aaron/ur_ws/install/moveit_plugins:/home/aaron/ur_ws/install/moveit_planners_chomp:/home/aaron/ur_ws/install/pilz_industrial_motion_planner_testutils:/home/aaron/ur_ws/install/moveit_simple_controller_manager:/home/aaron/ur_ws/install/moveit_ros_occupancy_map_monitor:/home/aaron/ur_ws/install/moveit_resources_prbt_ikfast_manipulator_plugin:/home/aaron/ur_ws/install/chomp_motion_planner:/home/aaron/ur_ws/install/moveit_core:/home/aaron/ur_ws/install/rviz_marker_tools:/home/aaron/ur_ws/install/moveit_resources_panda_moveit_config:/home/aaron/ur_ws/install/moveit_resources_fanuc_moveit_config:/home/aaron/ur_ws/install/moveit_configs_utils:/home/aaron/ur_ws/install/srdfdom:/home/aaron/ur_ws/install/moveit_task_constructor_msgs:/home/aaron/ur_ws/install/moveit_resources_prbt_support:/home/aaron/ur_ws/install/moveit_resources_pr2_description:/home/aaron/ur_ws/install/moveit_resources_panda_description:/home/aaron/ur_ws/install/moveit_resources_fanuc_description:/home/aaron/ur_ws/install/moveit_common:/home/aaron/ur_ws/install/launch_param_builder:${AMENT_PREFIX_PATH} CMAKE_MODULE_PATH=/home/aaron/ur_ws/install/moveit_task_constructor_core/share/moveit_task_constructor_core/cmake CMAKE_PREFIX_PATH=/home/aaron/ur_ws/install/moveit:/home/aaron/ur_ws/install/moveit_task_constructor_core:/home/aaron/ur_ws/install/moveit_setup_assistant:/home/aaron/ur_ws/install/moveit_setup_srdf_plugins:/home/aaron/ur_ws/install/moveit_setup_core_plugins:/home/aaron/ur_ws/install/moveit_setup_controllers:/home/aaron/ur_ws/install/moveit_setup_app_plugins:/home/aaron/ur_ws/install/moveit_planners:/home/aaron/ur_ws/install/pilz_industrial_motion_planner:/home/aaron/ur_ws/install/moveit_setup_framework:/home/aaron/ur_ws/install/moveit_ros:/home/aaron/ur_ws/install/moveit_servo:/home/aaron/ur_ws/install/moveit_ros_visualization:/home/aaron/ur_ws/install/moveit_resources_prbt_pg70_support:/home/aaron/ur_ws/install/moveit_hybrid_planning:/home/aaron/ur_ws/install/moveit_ros_planning_interface:/home/aaron/ur_ws/install/moveit_resources_prbt_moveit_config:/home/aaron/ur_ws/install/moveit_ros_move_group:/home/aaron/ur_ws/install/moveit_ros_benchmarks:/home/aaron/ur_ws/install/moveit_visual_tools:/home/aaron/ur_ws/install/moveit_ros_warehouse:/home/aaron/ur_ws/install/moveit_ros_robot_interaction:/home/aaron/ur_ws/install/moveit_ros_perception:/home/aaron/ur_ws/install/moveit_planners_ompl:/home/aaron/ur_ws/install/moveit_kinematics:/home/aaron/ur_ws/install/moveit_ros_planning:/home/aaron/ur_ws/install/moveit_plugins:/home/aaron/ur_ws/install/moveit_planners_chomp:/home/aaron/ur_ws/install/pilz_industrial_motion_planner_testutils:/home/aaron/ur_ws/install/moveit_simple_controller_manager:/home/aaron/ur_ws/install/moveit_ros_occupancy_map_monitor:/home/aaron/ur_ws/install/moveit_resources_prbt_ikfast_manipulator_plugin:/home/aaron/ur_ws/install/chomp_motion_planner:/home/aaron/ur_ws/install/moveit_core:/home/aaron/ur_ws/install/rviz_marker_tools:/home/aaron/ur_ws/install/moveit_resources_panda_moveit_config:/home/aaron/ur_ws/install/moveit_resources_fanuc_moveit_config:/home/aaron/ur_ws/install/srdfdom:/home/aaron/ur_ws/install/moveit_task_constructor_msgs:/home/aaron/ur_ws/install/moveit_resources_prbt_support:/home/aaron/ur_ws/install/moveit_resources_pr2_description:/home/aaron/ur_ws/install/moveit_resources_panda_description:/home/aaron/ur_ws/install/moveit_resources_fanuc_description:/home/aaron/ur_ws/install/moveit_common:/opt/ros/humble LD_LIBRARY_PATH=/home/aaron/ur_ws/install/moveit_task_constructor_core/lib:/home/aaron/ur_ws/install/moveit_setup_assistant/lib:/home/aaron/ur_ws/install/moveit_setup_srdf_plugins/lib:/home/aaron/ur_ws/install/moveit_setup_core_plugins/lib:/home/aaron/ur_ws/install/moveit_setup_controllers/lib:/home/aaron/ur_ws/install/moveit_setup_app_plugins/lib:/home/aaron/ur_ws/install/pilz_industrial_motion_planner/lib:/home/aaron/ur_ws/install/moveit_setup_framework/lib:/home/aaron/ur_ws/install/moveit_servo/lib:/home/aaron/ur_ws/install/moveit_ros_visualization/lib:/home/aaron/ur_ws/install/moveit_hybrid_planning/lib:/home/aaron/ur_ws/install/moveit_ros_planning_interface/lib:/home/aaron/ur_ws/install/moveit_ros_move_group/lib:/home/aaron/ur_ws/install/moveit_ros_benchmarks/lib:/home/aaron/ur_ws/install/moveit_visual_tools/lib:/home/aaron/ur_ws/install/moveit_ros_warehouse/lib:/home/aaron/ur_ws/install/moveit_ros_robot_interaction/lib:/home/aaron/ur_ws/install/moveit_ros_perception/lib:/home/aaron/ur_ws/install/moveit_planners_ompl/lib:/home/aaron/ur_ws/install/moveit_kinematics/lib:/home/aaron/ur_ws/install/moveit_ros_planning/lib:/home/aaron/ur_ws/install/moveit_planners_chomp/lib:/home/aaron/ur_ws/install/pilz_industrial_motion_planner_testutils/lib:/home/aaron/ur_ws/install/moveit_simple_controller_manager/lib:/home/aaron/ur_ws/install/moveit_ros_occupancy_map_monitor/lib:/home/aaron/ur_ws/install/moveit_resources_prbt_ikfast_manipulator_plugin/lib:/home/aaron/ur_ws/install/chomp_motion_planner/lib:/home/aaron/ur_ws/install/moveit_core/lib:/home/aaron/ur_ws/install/rviz_marker_tools/lib:/home/aaron/ur_ws/install/srdfdom/lib:/home/aaron/ur_ws/install/moveit_task_constructor_msgs/lib:${LD_LIBRARY_PATH} PATH=/home/aaron/ur_ws/install/moveit_core/bin:${PATH} PYTHONPATH=/home/aaron/ur_ws/install/moveit_task_constructor_core/local/lib/python3.10/dist-packages:/home/aaron/ur_ws/install/moveit_configs_utils/lib/python3.10/site-packages:/home/aaron/ur_ws/install/srdfdom/local/lib/python3.10/dist-packages:/home/aaron/ur_ws/install/moveit_task_constructor_msgs/local/lib/python3.10/dist-packages:/home/aaron/ur_ws/install/launch_param_builder/lib/python3.10/site-packages:${PYTHONPATH} /usr/bin/cmake --build /home/aaron/ur_ws/build/moveit2_tutorials -- -j20 -l20
[0.237s] -- Found moveit_common: 2.5.9 (/opt/ros/humble/share/moveit_common/cmake)
[0.238s] -- Found ament_cmake: 1.3.12 (/opt/ros/humble/share/ament_cmake/cmake)
[0.415s] [0mmoveit2_tutorials: You did not request a specific build type: Choosing 'Release' for maximum performance[0m
[0.425s] -- Found Boost: /usr/lib/x86_64-linux-gnu/cmake/Boost-1.74.0/BoostConfig.cmake (found version "1.74.0") found components: system filesystem date_time thread 
[0.426s] -- Found control_msgs: 4.8.0 (/opt/ros/humble/share/control_msgs/cmake)
[0.447s] -- Found rosidl_generator_c: 3.1.8 (/opt/ros/humble/share/rosidl_generator_c/cmake)
[0.449s] -- Found rosidl_adapter: 3.1.8 (/opt/ros/humble/share/rosidl_adapter/cmake)
[0.454s] -- Found rosidl_generator_cpp: 3.1.8 (/opt/ros/humble/share/rosidl_generator_cpp/cmake)
[0.462s] -- Using all available rosidl_typesupport_c: rosidl_typesupport_fastrtps_c;rosidl_typesupport_introspection_c
[0.472s] -- Using all available rosidl_typesupport_cpp: rosidl_typesupport_fastrtps_cpp;rosidl_typesupport_introspection_cpp
[0.558s] -- Found moveit_core: 2.5.9 (/opt/ros/humble/share/moveit_core/cmake)
[0.566s] -- Found Boost: /usr/lib/x86_64-linux-gnu/cmake/Boost-1.74.0/BoostConfig.cmake (found version "1.74.0") found components: chrono date_time filesystem iostreams program_options regex serialization system thread 
[0.588s] -- Found parameter_traits: 0.6.0 (/opt/ros/humble/share/parameter_traits/cmake)
[0.611s] -- Found rmw_implementation_cmake: 6.1.2 (/opt/ros/humble/share/rmw_implementation_cmake/cmake)
[0.613s] -- Found rmw_fastrtps_cpp: 6.2.9 (/opt/ros/humble/share/rmw_fastrtps_cpp/cmake)
[0.696s] -- Using RMW implementation 'rmw_fastrtps_cpp' as default
[0.729s] -- Found rclcpp_lifecycle: 16.0.17 (/opt/ros/humble/share/rclcpp_lifecycle/cmake)
[0.746s] -- Found Boost: /usr/lib/x86_64-linux-gnu/cmake/Boost-1.74.0/BoostConfig.cmake (found version "1.74.0") found components: filesystem 
[0.779s] -- library: /usr/lib/x86_64-linux-gnu/libcurl.so
[0.813s] -- Ensuring Eigen3 include directory is part of orocos-kdl CMake target
[0.941s] -- Found moveit_task_constructor_core: 0.1.3 (/home/aaron/ur_ws/install/moveit_task_constructor_core/share/moveit_task_constructor_core/cmake)
[0.948s] -- Found Boost: /usr/lib/x86_64-linux-gnu/cmake/Boost-1.74.0/BoostConfig.cmake (found version "1.74.0") found components: system filesystem date_time program_options thread chrono 
[0.968s] -- Found Boost: /usr/lib/x86_64-linux-gnu/cmake/Boost-1.74.0/BoostConfig.cmake (found version "1.74.0") found components: date_time filesystem program_options system thread 
[0.977s] -- Found Boost: /usr/lib/x86_64-linux-gnu/cmake/Boost-1.74.0/BoostConfig.cmake (found version "1.74.0") found components: thread system filesystem regex date_time program_options 
[0.991s] -- Found Boost: /usr/lib/x86_64-linux-gnu/cmake/Boost-1.74.0/BoostConfig.cmake (found version "1.74.0") found components: system filesystem date_time program_options thread 
[1.037s] -- Found moveit_ros_perception: 2.5.9 (/home/aaron/ur_ws/install/moveit_ros_perception/share/moveit_ros_perception/cmake)
[1.040s] -- Found Boost: /usr/lib/x86_64-linux-gnu/cmake/Boost-1.74.0/BoostConfig.cmake (found version "1.74.0") found components: thread 
[1.051s] -- Found moveit_servo: 2.5.9 (/home/aaron/ur_ws/install/moveit_servo/share/moveit_servo/cmake)
[1.078s] -- Found interactive_markers: 2.3.2 (/opt/ros/humble/share/interactive_markers/cmake)
[1.080s] -- Found rviz_visual_tools: 4.1.4 (/opt/ros/humble/share/rviz_visual_tools/cmake)
[1.095s] -- Setting assimp_DIR to: '/opt/ros/humble/share/rviz_assimp_vendor/cmake/../../../opt/rviz_assimp_vendor/lib/cmake/assimp-4.1'
[1.100s] -- Setting OGRE_DIR to: '/opt/ros/humble/share/rviz_ogre_vendor/cmake/../../../opt/rviz_ogre_vendor/lib/OGRE/cmake'
[1.101s] -- Found OGRE
[1.101s] --   static     : OFF
[1.101s] --   components : HLMS;MeshLodGenerator;Overlay;Paging;Property;RTShaderSystem;Terrain;Volume
[1.101s] --   plugins    : Plugin_BSPSceneManager;Plugin_OctreeSceneManager;Plugin_PCZSceneManager;Plugin_ParticleFX;RenderSystem_GL;RenderSystem_GL3Plus;Codec_STBI
[1.101s] --   media      : /opt/ros/humble/opt/rviz_ogre_vendor/share/OGRE/Media
[1.101s] -- OGRE_LIBRARIES: OgreHLMS;OgreMeshLodGenerator;OgreOverlay;OgrePaging;OgreProperty;OgreRTShaderSystem;OgreTerrain;OgreVolume;OgreMain
[1.102s] -- OGRE_LIBRARY_DIRS: /opt/ros/humble/opt/rviz_ogre_vendor/lib
[1.102s] -- OGRE_PLUGINS: Plugin_BSPSceneManager;Plugin_OctreeSceneManager;Plugin_PCZSceneManager;Plugin_ParticleFX;RenderSystem_GL;RenderSystem_GL3Plus;Codec_STBI
[1.102s] -- OGRE_PLUGIN_DIR: /opt/ros/humble/opt/rviz_ogre_vendor/lib/OGRE
[1.102s] -- rviz_ogre_vendor::OgreOverlay for IMPORTED_LOCATION_RELEASE: /opt/ros/humble/opt/rviz_ogre_vendor/lib/libOgreOverlay.so
[1.102s] -- rviz_ogre_vendor::OgreOverlay for IMPORTED_LOCATION_DEBUG: /opt/ros/humble/opt/rviz_ogre_vendor/lib/libOgreOverlay.so
[1.102s] -- rviz_ogre_vendor::OgreMain for IMPORTED_LOCATION_RELEASE: /opt/ros/humble/opt/rviz_ogre_vendor/lib/libOgreMain.so
[1.102s] -- rviz_ogre_vendor::OgreMain for IMPORTED_LOCATION_DEBUG: /opt/ros/humble/opt/rviz_ogre_vendor/lib/libOgreMain.so
[1.189s] -- Found moveit_visual_tools: 4.1.2 (/home/aaron/ur_ws/install/moveit_visual_tools/share/moveit_visual_tools/cmake)
[1.434s] -- Configuring done
[1.666s] -- Generating done
[1.725s] -- Build files have been written to: /home/aaron/ur_ws/build/moveit2_tutorials
[1.763s] [35m[1mConsolidate compiler generated dependencies of target planning_scene_ros_api_tutorial[0m
[1.763s] [35m[1mConsolidate compiler generated dependencies of target planning_scene_tutorial[0m
[1.763s] [35m[1mConsolidate compiler generated dependencies of target pilz_mtc[0m
[1.764s] [35m[1mConsolidate compiler generated dependencies of target moveit_cpp_tutorial[0m
[1.764s] [35m[1mConsolidate compiler generated dependencies of target move_group_interface_tutorial[0m
[1.764s] [35m[1mConsolidate compiler generated dependencies of target minimal_mtc_tutorial[0m
[1.767s] [35m[1mConsolidate compiler generated dependencies of target motion_planning_api_tutorial[0m
[1.767s] [35m[1mConsolidate compiler generated dependencies of target mtc_tutorial[0m
[1.769s] [35m[1mConsolidate compiler generated dependencies of target servo_keyboard_input[0m
[1.769s] [35m[1mConsolidate compiler generated dependencies of target robot_model_and_robot_state_tutorial[0m
[1.770s] [35m[1mConsolidate compiler generated dependencies of target pilz_move_group[0m
[1.770s] [35m[1mConsolidate compiler generated dependencies of target servo_cpp_interface_demo[0m
[1.771s] [35m[1mConsolidate compiler generated dependencies of target ompl_constrained_planning[0m
[1.785s] [  3%] [32mBuilding CXX object doc/examples/pilz_industrial_motion_planner/CMakeFiles/pilz_mtc.dir/src/pilz_mtc.cpp.o[0m
[1.785s] [  7%] [32mBuilding CXX object doc/examples/planning_scene_ros_api/CMakeFiles/planning_scene_ros_api_tutorial.dir/src/planning_scene_ros_api_tutorial.cpp.o[0m
[1.787s] [ 11%] [32mBuilding CXX object doc/examples/realtime_servo/CMakeFiles/servo_keyboard_input.dir/src/servo_keyboard_input.cpp.o[0m
[1.788s] [ 15%] [32mBuilding CXX object doc/examples/planning_scene/CMakeFiles/planning_scene_tutorial.dir/src/planning_scene_tutorial.cpp.o[0m
[1.793s] [ 19%] [32mBuilding CXX object doc/examples/robot_model_and_robot_state/CMakeFiles/robot_model_and_robot_state_tutorial.dir/src/robot_model_and_robot_state_tutorial.cpp.o[0m
[1.795s] [ 26%] [32mBuilding CXX object doc/examples/moveit_cpp/CMakeFiles/moveit_cpp_tutorial.dir/src/moveit_cpp_tutorial.cpp.o[0m
[1.795s] [ 26%] [32mBuilding CXX object doc/examples/move_group_interface/CMakeFiles/move_group_interface_tutorial.dir/src/move_group_interface_tutorial.cpp.o[0m
[1.796s] [ 30%] [32mBuilding CXX object doc/examples/realtime_servo/CMakeFiles/servo_cpp_interface_demo.dir/src/servo_cpp_interface_demo.cpp.o[0m
[1.799s] [ 34%] [32mBuilding CXX object doc/tutorials/pick_and_place_with_moveit_task_constructor/CMakeFiles/mtc_tutorial.dir/src/mtc_node.cpp.o[0m
[1.799s] [ 38%] [32mBuilding CXX object doc/examples/motion_planning_api/CMakeFiles/motion_planning_api_tutorial.dir/src/motion_planning_api_tutorial.cpp.o[0m
[1.801s] [ 42%] [32mBuilding CXX object doc/tutorials/pick_and_place_with_moveit_task_constructor/CMakeFiles/minimal_mtc_tutorial.dir/src/minimal.cpp.o[0m
[1.801s] [ 46%] [32mBuilding CXX object doc/how_to_guides/using_ompl_constrained_planning/CMakeFiles/ompl_constrained_planning.dir/src/ompl_constrained_planning_tutorial.cpp.o[0m
[1.811s] [ 50%] [32mBuilding CXX object doc/examples/pilz_industrial_motion_planner/CMakeFiles/pilz_move_group.dir/src/pilz_move_group.cpp.o[0m
[12.353s] [ 53%] [32m[1mLinking CXX executable servo_keyboard_input[0m
[15.697s] [ 53%] Built target servo_keyboard_input
[17.127s] [ 57%] [32m[1mLinking CXX executable robot_model_and_robot_state_tutorial[0m
[18.478s] [ 57%] Built target robot_model_and_robot_state_tutorial
[20.563s] [ 61%] [32m[1mLinking CXX executable minimal_mtc_tutorial[0m
[20.848s] [ 65%] [32m[1mLinking CXX executable moveit_cpp_tutorial[0m
[21.781s] [ 65%] Built target moveit_cpp_tutorial
[21.975s] [ 65%] Built target minimal_mtc_tutorial
[22.795s] [ 69%] [32m[1mLinking CXX executable planning_scene_ros_api_tutorial[0m
[22.859s] [ 73%] [32m[1mLinking CXX executable pilz_mtc[0m
[23.539s] [ 76%] [32m[1mLinking CXX executable planning_scene_tutorial[0m
[23.615s] [ 76%] Built target pilz_mtc
[23.664s] [ 76%] Built target planning_scene_ros_api_tutorial
[24.280s] [ 76%] Built target planning_scene_tutorial
[25.731s] [ 80%] [32m[1mLinking CXX executable move_group_interface_tutorial[0m
[26.324s] [ 80%] Built target move_group_interface_tutorial
[27.441s] [ 84%] [32m[1mLinking CXX executable servo_cpp_interface_demo[0m
[27.868s] [ 88%] [32m[1mLinking CXX executable ompl_constrained_planning[0m
[28.160s] [ 88%] Built target servo_cpp_interface_demo
[28.374s] [ 92%] [32m[1mLinking CXX executable pilz_move_group[0m
[28.422s] [ 92%] Built target ompl_constrained_planning
[28.832s] [ 92%] Built target pilz_move_group
[29.137s] [ 96%] [32m[1mLinking CXX executable mtc_tutorial[0m
[29.654s] [ 96%] Built target mtc_tutorial
[30.511s] [100%] [32m[1mLinking CXX executable motion_planning_api_tutorial[0m
[30.844s] [100%] Built target motion_planning_api_tutorial
[30.858s] Invoked command in '/home/aaron/ur_ws/build/moveit2_tutorials' returned '0': AMENT_PREFIX_PATH=/home/aaron/ur_ws/install/moveit:/home/aaron/ur_ws/install/moveit_task_constructor_core:/home/aaron/ur_ws/install/moveit_setup_assistant:/home/aaron/ur_ws/install/moveit_setup_srdf_plugins:/home/aaron/ur_ws/install/moveit_setup_core_plugins:/home/aaron/ur_ws/install/moveit_setup_controllers:/home/aaron/ur_ws/install/moveit_setup_app_plugins:/home/aaron/ur_ws/install/moveit_planners:/home/aaron/ur_ws/install/pilz_industrial_motion_planner:/home/aaron/ur_ws/install/moveit_setup_framework:/home/aaron/ur_ws/install/moveit_ros:/home/aaron/ur_ws/install/moveit_servo:/home/aaron/ur_ws/install/moveit_ros_visualization:/home/aaron/ur_ws/install/moveit_resources_prbt_pg70_support:/home/aaron/ur_ws/install/moveit_hybrid_planning:/home/aaron/ur_ws/install/moveit_ros_planning_interface:/home/aaron/ur_ws/install/moveit_resources_prbt_moveit_config:/home/aaron/ur_ws/install/moveit_ros_move_group:/home/aaron/ur_ws/install/moveit_ros_benchmarks:/home/aaron/ur_ws/install/moveit_visual_tools:/home/aaron/ur_ws/install/moveit_ros_warehouse:/home/aaron/ur_ws/install/moveit_ros_robot_interaction:/home/aaron/ur_ws/install/moveit_ros_perception:/home/aaron/ur_ws/install/moveit_planners_ompl:/home/aaron/ur_ws/install/moveit_kinematics:/home/aaron/ur_ws/install/moveit_ros_planning:/home/aaron/ur_ws/install/moveit_plugins:/home/aaron/ur_ws/install/moveit_planners_chomp:/home/aaron/ur_ws/install/pilz_industrial_motion_planner_testutils:/home/aaron/ur_ws/install/moveit_simple_controller_manager:/home/aaron/ur_ws/install/moveit_ros_occupancy_map_monitor:/home/aaron/ur_ws/install/moveit_resources_prbt_ikfast_manipulator_plugin:/home/aaron/ur_ws/install/chomp_motion_planner:/home/aaron/ur_ws/install/moveit_core:/home/aaron/ur_ws/install/rviz_marker_tools:/home/aaron/ur_ws/install/moveit_resources_panda_moveit_config:/home/aaron/ur_ws/install/moveit_resources_fanuc_moveit_config:/home/aaron/ur_ws/install/moveit_configs_utils:/home/aaron/ur_ws/install/srdfdom:/home/aaron/ur_ws/install/moveit_task_constructor_msgs:/home/aaron/ur_ws/install/moveit_resources_prbt_support:/home/aaron/ur_ws/install/moveit_resources_pr2_description:/home/aaron/ur_ws/install/moveit_resources_panda_description:/home/aaron/ur_ws/install/moveit_resources_fanuc_description:/home/aaron/ur_ws/install/moveit_common:/home/aaron/ur_ws/install/launch_param_builder:${AMENT_PREFIX_PATH} CMAKE_MODULE_PATH=/home/aaron/ur_ws/install/moveit_task_constructor_core/share/moveit_task_constructor_core/cmake CMAKE_PREFIX_PATH=/home/aaron/ur_ws/install/moveit:/home/aaron/ur_ws/install/moveit_task_constructor_core:/home/aaron/ur_ws/install/moveit_setup_assistant:/home/aaron/ur_ws/install/moveit_setup_srdf_plugins:/home/aaron/ur_ws/install/moveit_setup_core_plugins:/home/aaron/ur_ws/install/moveit_setup_controllers:/home/aaron/ur_ws/install/moveit_setup_app_plugins:/home/aaron/ur_ws/install/moveit_planners:/home/aaron/ur_ws/install/pilz_industrial_motion_planner:/home/aaron/ur_ws/install/moveit_setup_framework:/home/aaron/ur_ws/install/moveit_ros:/home/aaron/ur_ws/install/moveit_servo:/home/aaron/ur_ws/install/moveit_ros_visualization:/home/aaron/ur_ws/install/moveit_resources_prbt_pg70_support:/home/aaron/ur_ws/install/moveit_hybrid_planning:/home/aaron/ur_ws/install/moveit_ros_planning_interface:/home/aaron/ur_ws/install/moveit_resources_prbt_moveit_config:/home/aaron/ur_ws/install/moveit_ros_move_group:/home/aaron/ur_ws/install/moveit_ros_benchmarks:/home/aaron/ur_ws/install/moveit_visual_tools:/home/aaron/ur_ws/install/moveit_ros_warehouse:/home/aaron/ur_ws/install/moveit_ros_robot_interaction:/home/aaron/ur_ws/install/moveit_ros_perception:/home/aaron/ur_ws/install/moveit_planners_ompl:/home/aaron/ur_ws/install/moveit_kinematics:/home/aaron/ur_ws/install/moveit_ros_planning:/home/aaron/ur_ws/install/moveit_plugins:/home/aaron/ur_ws/install/moveit_planners_chomp:/home/aaron/ur_ws/install/pilz_industrial_motion_planner_testutils:/home/aaron/ur_ws/install/moveit_simple_controller_manager:/home/aaron/ur_ws/install/moveit_ros_occupancy_map_monitor:/home/aaron/ur_ws/install/moveit_resources_prbt_ikfast_manipulator_plugin:/home/aaron/ur_ws/install/chomp_motion_planner:/home/aaron/ur_ws/install/moveit_core:/home/aaron/ur_ws/install/rviz_marker_tools:/home/aaron/ur_ws/install/moveit_resources_panda_moveit_config:/home/aaron/ur_ws/install/moveit_resources_fanuc_moveit_config:/home/aaron/ur_ws/install/srdfdom:/home/aaron/ur_ws/install/moveit_task_constructor_msgs:/home/aaron/ur_ws/install/moveit_resources_prbt_support:/home/aaron/ur_ws/install/moveit_resources_pr2_description:/home/aaron/ur_ws/install/moveit_resources_panda_description:/home/aaron/ur_ws/install/moveit_resources_fanuc_description:/home/aaron/ur_ws/install/moveit_common:/opt/ros/humble LD_LIBRARY_PATH=/home/aaron/ur_ws/install/moveit_task_constructor_core/lib:/home/aaron/ur_ws/install/moveit_setup_assistant/lib:/home/aaron/ur_ws/install/moveit_setup_srdf_plugins/lib:/home/aaron/ur_ws/install/moveit_setup_core_plugins/lib:/home/aaron/ur_ws/install/moveit_setup_controllers/lib:/home/aaron/ur_ws/install/moveit_setup_app_plugins/lib:/home/aaron/ur_ws/install/pilz_industrial_motion_planner/lib:/home/aaron/ur_ws/install/moveit_setup_framework/lib:/home/aaron/ur_ws/install/moveit_servo/lib:/home/aaron/ur_ws/install/moveit_ros_visualization/lib:/home/aaron/ur_ws/install/moveit_hybrid_planning/lib:/home/aaron/ur_ws/install/moveit_ros_planning_interface/lib:/home/aaron/ur_ws/install/moveit_ros_move_group/lib:/home/aaron/ur_ws/install/moveit_ros_benchmarks/lib:/home/aaron/ur_ws/install/moveit_visual_tools/lib:/home/aaron/ur_ws/install/moveit_ros_warehouse/lib:/home/aaron/ur_ws/install/moveit_ros_robot_interaction/lib:/home/aaron/ur_ws/install/moveit_ros_perception/lib:/home/aaron/ur_ws/install/moveit_planners_ompl/lib:/home/aaron/ur_ws/install/moveit_kinematics/lib:/home/aaron/ur_ws/install/moveit_ros_planning/lib:/home/aaron/ur_ws/install/moveit_planners_chomp/lib:/home/aaron/ur_ws/install/pilz_industrial_motion_planner_testutils/lib:/home/aaron/ur_ws/install/moveit_simple_controller_manager/lib:/home/aaron/ur_ws/install/moveit_ros_occupancy_map_monitor/lib:/home/aaron/ur_ws/install/moveit_resources_prbt_ikfast_manipulator_plugin/lib:/home/aaron/ur_ws/install/chomp_motion_planner/lib:/home/aaron/ur_ws/install/moveit_core/lib:/home/aaron/ur_ws/install/rviz_marker_tools/lib:/home/aaron/ur_ws/install/srdfdom/lib:/home/aaron/ur_ws/install/moveit_task_constructor_msgs/lib:${LD_LIBRARY_PATH} PATH=/home/aaron/ur_ws/install/moveit_core/bin:${PATH} PYTHONPATH=/home/aaron/ur_ws/install/moveit_task_constructor_core/local/lib/python3.10/dist-packages:/home/aaron/ur_ws/install/moveit_configs_utils/lib/python3.10/site-packages:/home/aaron/ur_ws/install/srdfdom/local/lib/python3.10/dist-packages:/home/aaron/ur_ws/install/moveit_task_constructor_msgs/local/lib/python3.10/dist-packages:/home/aaron/ur_ws/install/launch_param_builder/lib/python3.10/site-packages:${PYTHONPATH} /usr/bin/cmake --build /home/aaron/ur_ws/build/moveit2_tutorials -- -j20 -l20
[30.863s] Invoking command in '/home/aaron/ur_ws/build/moveit2_tutorials': AMENT_PREFIX_PATH=/home/aaron/ur_ws/install/moveit:/home/aaron/ur_ws/install/moveit_task_constructor_core:/home/aaron/ur_ws/install/moveit_setup_assistant:/home/aaron/ur_ws/install/moveit_setup_srdf_plugins:/home/aaron/ur_ws/install/moveit_setup_core_plugins:/home/aaron/ur_ws/install/moveit_setup_controllers:/home/aaron/ur_ws/install/moveit_setup_app_plugins:/home/aaron/ur_ws/install/moveit_planners:/home/aaron/ur_ws/install/pilz_industrial_motion_planner:/home/aaron/ur_ws/install/moveit_setup_framework:/home/aaron/ur_ws/install/moveit_ros:/home/aaron/ur_ws/install/moveit_servo:/home/aaron/ur_ws/install/moveit_ros_visualization:/home/aaron/ur_ws/install/moveit_resources_prbt_pg70_support:/home/aaron/ur_ws/install/moveit_hybrid_planning:/home/aaron/ur_ws/install/moveit_ros_planning_interface:/home/aaron/ur_ws/install/moveit_resources_prbt_moveit_config:/home/aaron/ur_ws/install/moveit_ros_move_group:/home/aaron/ur_ws/install/moveit_ros_benchmarks:/home/aaron/ur_ws/install/moveit_visual_tools:/home/aaron/ur_ws/install/moveit_ros_warehouse:/home/aaron/ur_ws/install/moveit_ros_robot_interaction:/home/aaron/ur_ws/install/moveit_ros_perception:/home/aaron/ur_ws/install/moveit_planners_ompl:/home/aaron/ur_ws/install/moveit_kinematics:/home/aaron/ur_ws/install/moveit_ros_planning:/home/aaron/ur_ws/install/moveit_plugins:/home/aaron/ur_ws/install/moveit_planners_chomp:/home/aaron/ur_ws/install/pilz_industrial_motion_planner_testutils:/home/aaron/ur_ws/install/moveit_simple_controller_manager:/home/aaron/ur_ws/install/moveit_ros_occupancy_map_monitor:/home/aaron/ur_ws/install/moveit_resources_prbt_ikfast_manipulator_plugin:/home/aaron/ur_ws/install/chomp_motion_planner:/home/aaron/ur_ws/install/moveit_core:/home/aaron/ur_ws/install/rviz_marker_tools:/home/aaron/ur_ws/install/moveit_resources_panda_moveit_config:/home/aaron/ur_ws/install/moveit_resources_fanuc_moveit_config:/home/aaron/ur_ws/install/moveit_configs_utils:/home/aaron/ur_ws/install/srdfdom:/home/aaron/ur_ws/install/moveit_task_constructor_msgs:/home/aaron/ur_ws/install/moveit_resources_prbt_support:/home/aaron/ur_ws/install/moveit_resources_pr2_description:/home/aaron/ur_ws/install/moveit_resources_panda_description:/home/aaron/ur_ws/install/moveit_resources_fanuc_description:/home/aaron/ur_ws/install/moveit_common:/home/aaron/ur_ws/install/launch_param_builder:${AMENT_PREFIX_PATH} CMAKE_MODULE_PATH=/home/aaron/ur_ws/install/moveit_task_constructor_core/share/moveit_task_constructor_core/cmake CMAKE_PREFIX_PATH=/home/aaron/ur_ws/install/moveit:/home/aaron/ur_ws/install/moveit_task_constructor_core:/home/aaron/ur_ws/install/moveit_setup_assistant:/home/aaron/ur_ws/install/moveit_setup_srdf_plugins:/home/aaron/ur_ws/install/moveit_setup_core_plugins:/home/aaron/ur_ws/install/moveit_setup_controllers:/home/aaron/ur_ws/install/moveit_setup_app_plugins:/home/aaron/ur_ws/install/moveit_planners:/home/aaron/ur_ws/install/pilz_industrial_motion_planner:/home/aaron/ur_ws/install/moveit_setup_framework:/home/aaron/ur_ws/install/moveit_ros:/home/aaron/ur_ws/install/moveit_servo:/home/aaron/ur_ws/install/moveit_ros_visualization:/home/aaron/ur_ws/install/moveit_resources_prbt_pg70_support:/home/aaron/ur_ws/install/moveit_hybrid_planning:/home/aaron/ur_ws/install/moveit_ros_planning_interface:/home/aaron/ur_ws/install/moveit_resources_prbt_moveit_config:/home/aaron/ur_ws/install/moveit_ros_move_group:/home/aaron/ur_ws/install/moveit_ros_benchmarks:/home/aaron/ur_ws/install/moveit_visual_tools:/home/aaron/ur_ws/install/moveit_ros_warehouse:/home/aaron/ur_ws/install/moveit_ros_robot_interaction:/home/aaron/ur_ws/install/moveit_ros_perception:/home/aaron/ur_ws/install/moveit_planners_ompl:/home/aaron/ur_ws/install/moveit_kinematics:/home/aaron/ur_ws/install/moveit_ros_planning:/home/aaron/ur_ws/install/moveit_plugins:/home/aaron/ur_ws/install/moveit_planners_chomp:/home/aaron/ur_ws/install/pilz_industrial_motion_planner_testutils:/home/aaron/ur_ws/install/moveit_simple_controller_manager:/home/aaron/ur_ws/install/moveit_ros_occupancy_map_monitor:/home/aaron/ur_ws/install/moveit_resources_prbt_ikfast_manipulator_plugin:/home/aaron/ur_ws/install/chomp_motion_planner:/home/aaron/ur_ws/install/moveit_core:/home/aaron/ur_ws/install/rviz_marker_tools:/home/aaron/ur_ws/install/moveit_resources_panda_moveit_config:/home/aaron/ur_ws/install/moveit_resources_fanuc_moveit_config:/home/aaron/ur_ws/install/srdfdom:/home/aaron/ur_ws/install/moveit_task_constructor_msgs:/home/aaron/ur_ws/install/moveit_resources_prbt_support:/home/aaron/ur_ws/install/moveit_resources_pr2_description:/home/aaron/ur_ws/install/moveit_resources_panda_description:/home/aaron/ur_ws/install/moveit_resources_fanuc_description:/home/aaron/ur_ws/install/moveit_common:/opt/ros/humble LD_LIBRARY_PATH=/home/aaron/ur_ws/install/moveit_task_constructor_core/lib:/home/aaron/ur_ws/install/moveit_setup_assistant/lib:/home/aaron/ur_ws/install/moveit_setup_srdf_plugins/lib:/home/aaron/ur_ws/install/moveit_setup_core_plugins/lib:/home/aaron/ur_ws/install/moveit_setup_controllers/lib:/home/aaron/ur_ws/install/moveit_setup_app_plugins/lib:/home/aaron/ur_ws/install/pilz_industrial_motion_planner/lib:/home/aaron/ur_ws/install/moveit_setup_framework/lib:/home/aaron/ur_ws/install/moveit_servo/lib:/home/aaron/ur_ws/install/moveit_ros_visualization/lib:/home/aaron/ur_ws/install/moveit_hybrid_planning/lib:/home/aaron/ur_ws/install/moveit_ros_planning_interface/lib:/home/aaron/ur_ws/install/moveit_ros_move_group/lib:/home/aaron/ur_ws/install/moveit_ros_benchmarks/lib:/home/aaron/ur_ws/install/moveit_visual_tools/lib:/home/aaron/ur_ws/install/moveit_ros_warehouse/lib:/home/aaron/ur_ws/install/moveit_ros_robot_interaction/lib:/home/aaron/ur_ws/install/moveit_ros_perception/lib:/home/aaron/ur_ws/install/moveit_planners_ompl/lib:/home/aaron/ur_ws/install/moveit_kinematics/lib:/home/aaron/ur_ws/install/moveit_ros_planning/lib:/home/aaron/ur_ws/install/moveit_planners_chomp/lib:/home/aaron/ur_ws/install/pilz_industrial_motion_planner_testutils/lib:/home/aaron/ur_ws/install/moveit_simple_controller_manager/lib:/home/aaron/ur_ws/install/moveit_ros_occupancy_map_monitor/lib:/home/aaron/ur_ws/install/moveit_resources_prbt_ikfast_manipulator_plugin/lib:/home/aaron/ur_ws/install/chomp_motion_planner/lib:/home/aaron/ur_ws/install/moveit_core/lib:/home/aaron/ur_ws/install/rviz_marker_tools/lib:/home/aaron/ur_ws/install/srdfdom/lib:/home/aaron/ur_ws/install/moveit_task_constructor_msgs/lib:${LD_LIBRARY_PATH} PATH=/home/aaron/ur_ws/install/moveit_core/bin:${PATH} PYTHONPATH=/home/aaron/ur_ws/install/moveit_task_constructor_core/local/lib/python3.10/dist-packages:/home/aaron/ur_ws/install/moveit_configs_utils/lib/python3.10/site-packages:/home/aaron/ur_ws/install/srdfdom/local/lib/python3.10/dist-packages:/home/aaron/ur_ws/install/moveit_task_constructor_msgs/local/lib/python3.10/dist-packages:/home/aaron/ur_ws/install/launch_param_builder/lib/python3.10/site-packages:${PYTHONPATH} /usr/bin/cmake --install /home/aaron/ur_ws/build/moveit2_tutorials
[30.872s] -- Install configuration: "Release"
[30.872s] -- Up-to-date: /home/aaron/ur_ws/install/moveit2_tutorials/share/ament_index/resource_index/package_run_dependencies/moveit2_tutorials
[30.872s] -- Up-to-date: /home/aaron/ur_ws/install/moveit2_tutorials/share/ament_index/resource_index/parent_prefix_path/moveit2_tutorials
[30.872s] -- Up-to-date: /home/aaron/ur_ws/install/moveit2_tutorials/share/moveit2_tutorials/environment/ament_prefix_path.sh
[30.872s] -- Installing: /home/aaron/ur_ws/install/moveit2_tutorials/share/moveit2_tutorials/environment/ament_prefix_path.dsv
[30.872s] -- Up-to-date: /home/aaron/ur_ws/install/moveit2_tutorials/share/moveit2_tutorials/environment/path.sh
[30.872s] -- Installing: /home/aaron/ur_ws/install/moveit2_tutorials/share/moveit2_tutorials/environment/path.dsv
[30.872s] -- Up-to-date: /home/aaron/ur_ws/install/moveit2_tutorials/share/moveit2_tutorials/local_setup.bash
[30.872s] -- Up-to-date: /home/aaron/ur_ws/install/moveit2_tutorials/share/moveit2_tutorials/local_setup.sh
[30.873s] -- Up-to-date: /home/aaron/ur_ws/install/moveit2_tutorials/share/moveit2_tutorials/local_setup.zsh
[30.873s] -- Installing: /home/aaron/ur_ws/install/moveit2_tutorials/share/moveit2_tutorials/local_setup.dsv
[30.873s] -- Installing: /home/aaron/ur_ws/install/moveit2_tutorials/share/moveit2_tutorials/package.dsv
[30.873s] -- Up-to-date: /home/aaron/ur_ws/install/moveit2_tutorials/share/ament_index/resource_index/packages/moveit2_tutorials
[30.873s] -- Up-to-date: /home/aaron/ur_ws/install/moveit2_tutorials/share/moveit2_tutorials/cmake/ament_cmake_export_dependencies-extras.cmake
[30.873s] -- Up-to-date: /home/aaron/ur_ws/install/moveit2_tutorials/share/moveit2_tutorials/cmake/ament_cmake_export_include_directories-extras.cmake
[30.873s] -- Up-to-date: /home/aaron/ur_ws/install/moveit2_tutorials/share/moveit2_tutorials/cmake/moveit2_tutorialsConfig.cmake
[30.873s] -- Up-to-date: /home/aaron/ur_ws/install/moveit2_tutorials/share/moveit2_tutorials/cmake/moveit2_tutorialsConfig-version.cmake
[30.873s] -- Up-to-date: /home/aaron/ur_ws/install/moveit2_tutorials/share/moveit2_tutorials/package.xml
[30.873s] -- Up-to-date: /home/aaron/ur_ws/install/moveit2_tutorials/share/moveit2_tutorials/launch
[30.873s] -- Up-to-date: /home/aaron/ur_ws/install/moveit2_tutorials/share/moveit2_tutorials/launch/panda_moveit_config_demo_empty.rviz
[30.873s] -- Up-to-date: /home/aaron/ur_ws/install/moveit2_tutorials/share/moveit2_tutorials/launch/panda_moveit_config_demo.rviz
[30.873s] -- Up-to-date: /home/aaron/ur_ws/install/moveit2_tutorials/share/moveit2_tutorials/launch/panda_hello_moveit.rviz
[30.873s] -- Up-to-date: /home/aaron/ur_ws/install/moveit2_tutorials/share/moveit2_tutorials/launch/demo.launch.py
[30.875s] -- Installing: /home/aaron/ur_ws/install/moveit2_tutorials/lib/moveit2_tutorials/mtc_tutorial
[30.883s] -- Set runtime path of "/home/aaron/ur_ws/install/moveit2_tutorials/lib/moveit2_tutorials/mtc_tutorial" to ""
[30.885s] -- Installing: /home/aaron/ur_ws/install/moveit2_tutorials/lib/moveit2_tutorials/minimal_mtc_tutorial
[30.891s] -- Set runtime path of "/home/aaron/ur_ws/install/moveit2_tutorials/lib/moveit2_tutorials/minimal_mtc_tutorial" to ""
[30.891s] -- Up-to-date: /home/aaron/ur_ws/install/moveit2_tutorials/share/moveit2_tutorials/launch
[30.891s] -- Up-to-date: /home/aaron/ur_ws/install/moveit2_tutorials/share/moveit2_tutorials/launch/mtc.rviz
[30.891s] -- Up-to-date: /home/aaron/ur_ws/install/moveit2_tutorials/share/moveit2_tutorials/launch/pick_place_demo.launch.py
[30.891s] -- Up-to-date: /home/aaron/ur_ws/install/moveit2_tutorials/share/moveit2_tutorials/launch/mtc_demo.launch.py
[30.891s] -- Up-to-date: /home/aaron/ur_ws/install/moveit2_tutorials/share/moveit2_tutorials/launch/mtc_demo_minimal.launch.py
[30.893s] -- Installing: /home/aaron/ur_ws/install/moveit2_tutorials/lib/moveit2_tutorials/motion_planning_api_tutorial
[30.894s] -- Set runtime path of "/home/aaron/ur_ws/install/moveit2_tutorials/lib/moveit2_tutorials/motion_planning_api_tutorial" to ""
[30.894s] -- Up-to-date: /home/aaron/ur_ws/install/moveit2_tutorials/share/moveit2_tutorials/launch
[30.894s] -- Up-to-date: /home/aaron/ur_ws/install/moveit2_tutorials/share/moveit2_tutorials/launch/motion_planning_api_tutorial.launch.py
[30.894s] -- Installing: /home/aaron/ur_ws/install/moveit2_tutorials/lib/moveit2_tutorials/move_group_interface_tutorial
[30.895s] -- Set runtime path of "/home/aaron/ur_ws/install/moveit2_tutorials/lib/moveit2_tutorials/move_group_interface_tutorial" to ""
[30.895s] -- Up-to-date: /home/aaron/ur_ws/install/moveit2_tutorials/share/moveit2_tutorials/launch
[30.895s] -- Up-to-date: /home/aaron/ur_ws/install/moveit2_tutorials/share/moveit2_tutorials/launch/move_group.launch.py
[30.895s] -- Up-to-date: /home/aaron/ur_ws/install/moveit2_tutorials/share/moveit2_tutorials/launch/move_group_interface_tutorial.launch.py
[30.895s] -- Up-to-date: /home/aaron/ur_ws/install/moveit2_tutorials/share/moveit2_tutorials/launch/move_group.rviz
[30.896s] -- Installing: /home/aaron/ur_ws/install/moveit2_tutorials/lib/moveit2_tutorials/pilz_move_group
[30.896s] -- Set runtime path of "/home/aaron/ur_ws/install/moveit2_tutorials/lib/moveit2_tutorials/pilz_move_group" to ""
[30.897s] -- Installing: /home/aaron/ur_ws/install/moveit2_tutorials/lib/moveit2_tutorials/pilz_mtc
[30.897s] -- Set runtime path of "/home/aaron/ur_ws/install/moveit2_tutorials/lib/moveit2_tutorials/pilz_mtc" to ""
[30.897s] -- Up-to-date: /home/aaron/ur_ws/install/moveit2_tutorials/share/moveit2_tutorials/launch
[30.897s] -- Up-to-date: /home/aaron/ur_ws/install/moveit2_tutorials/share/moveit2_tutorials/launch/pilz_mtc.launch.py
[30.897s] -- Installing: /home/aaron/ur_ws/install/moveit2_tutorials/lib/moveit2_tutorials/planning_scene_tutorial
[30.898s] -- Set runtime path of "/home/aaron/ur_ws/install/moveit2_tutorials/lib/moveit2_tutorials/planning_scene_tutorial" to ""
[30.898s] -- Up-to-date: /home/aaron/ur_ws/install/moveit2_tutorials/share/moveit2_tutorials/launch
[30.898s] -- Up-to-date: /home/aaron/ur_ws/install/moveit2_tutorials/share/moveit2_tutorials/launch/planning_scene_tutorial.launch.py
[30.899s] -- Installing: /home/aaron/ur_ws/install/moveit2_tutorials/lib/moveit2_tutorials/planning_scene_ros_api_tutorial
[30.899s] -- Set runtime path of "/home/aaron/ur_ws/install/moveit2_tutorials/lib/moveit2_tutorials/planning_scene_ros_api_tutorial" to ""
[30.899s] -- Up-to-date: /home/aaron/ur_ws/install/moveit2_tutorials/share/moveit2_tutorials/launch
[30.899s] -- Up-to-date: /home/aaron/ur_ws/install/moveit2_tutorials/share/moveit2_tutorials/launch/planning_scene_ros_api_tutorial.launch.py
[30.900s] -- Installing: /home/aaron/ur_ws/install/moveit2_tutorials/lib/moveit2_tutorials/robot_model_and_robot_state_tutorial
[30.900s] -- Set runtime path of "/home/aaron/ur_ws/install/moveit2_tutorials/lib/moveit2_tutorials/robot_model_and_robot_state_tutorial" to ""
[30.900s] -- Up-to-date: /home/aaron/ur_ws/install/moveit2_tutorials/share/moveit2_tutorials/launch
[30.900s] -- Up-to-date: /home/aaron/ur_ws/install/moveit2_tutorials/share/moveit2_tutorials/launch/robot_model_and_robot_state_tutorial.launch.py
[30.901s] -- Installing: /home/aaron/ur_ws/install/moveit2_tutorials/lib/moveit2_tutorials/moveit_cpp_tutorial
[30.901s] -- Set runtime path of "/home/aaron/ur_ws/install/moveit2_tutorials/lib/moveit2_tutorials/moveit_cpp_tutorial" to ""
[30.901s] -- Up-to-date: /home/aaron/ur_ws/install/moveit2_tutorials/share/moveit2_tutorials/launch
[30.901s] -- Up-to-date: /home/aaron/ur_ws/install/moveit2_tutorials/share/moveit2_tutorials/launch/moveit_cpp_tutorial.rviz
[30.901s] -- Up-to-date: /home/aaron/ur_ws/install/moveit2_tutorials/share/moveit2_tutorials/launch/moveit_cpp_tutorial.launch.py
[30.901s] -- Up-to-date: /home/aaron/ur_ws/install/moveit2_tutorials/share/moveit2_tutorials/config
[30.901s] -- Up-to-date: /home/aaron/ur_ws/install/moveit2_tutorials/share/moveit2_tutorials/config/moveit_cpp.yaml
[30.902s] -- Installing: /home/aaron/ur_ws/install/moveit2_tutorials/lib/moveit2_tutorials/servo_keyboard_input
[30.902s] -- Set runtime path of "/home/aaron/ur_ws/install/moveit2_tutorials/lib/moveit2_tutorials/servo_keyboard_input" to ""
[30.903s] -- Installing: /home/aaron/ur_ws/install/moveit2_tutorials/lib/moveit2_tutorials/servo_cpp_interface_demo
[30.903s] -- Set runtime path of "/home/aaron/ur_ws/install/moveit2_tutorials/lib/moveit2_tutorials/servo_cpp_interface_demo" to ""
[30.903s] -- Up-to-date: /home/aaron/ur_ws/install/moveit2_tutorials/share/moveit2_tutorials/launch
[30.903s] -- Up-to-date: /home/aaron/ur_ws/install/moveit2_tutorials/share/moveit2_tutorials/launch/servo_cpp_interface_demo.launch.py
[30.903s] -- Up-to-date: /home/aaron/ur_ws/install/moveit2_tutorials/share/moveit2_tutorials/config
[30.903s] -- Up-to-date: /home/aaron/ur_ws/install/moveit2_tutorials/share/moveit2_tutorials/config/demo_rviz_config.rviz
[30.903s] -- Up-to-date: /home/aaron/ur_ws/install/moveit2_tutorials/share/moveit2_tutorials/launch
[30.903s] -- Up-to-date: /home/aaron/ur_ws/install/moveit2_tutorials/share/moveit2_tutorials/launch/chomp_demo.launch.py
[30.903s] -- Up-to-date: /home/aaron/ur_ws/install/moveit2_tutorials/share/moveit2_tutorials/config
[30.903s] -- Up-to-date: /home/aaron/ur_ws/install/moveit2_tutorials/share/moveit2_tutorials/config/moveit_chomp.rviz
[30.904s] -- Installing: /home/aaron/ur_ws/install/moveit2_tutorials/lib/moveit2_tutorials/ompl_constrained_planning
[30.904s] -- Set runtime path of "/home/aaron/ur_ws/install/moveit2_tutorials/lib/moveit2_tutorials/ompl_constrained_planning" to ""
[30.904s] -- Up-to-date: /home/aaron/ur_ws/install/moveit2_tutorials/share/moveit2_tutorials/launch
[30.904s] -- Up-to-date: /home/aaron/ur_ws/install/moveit2_tutorials/share/moveit2_tutorials/launch/ompl_constrained_planning.launch.py
[30.904s] -- Up-to-date: /home/aaron/ur_ws/install/moveit2_tutorials/share/moveit2_tutorials/launch/ompl_constrained_planning.rviz
[30.906s] Invoked command in '/home/aaron/ur_ws/build/moveit2_tutorials' returned '0': AMENT_PREFIX_PATH=/home/aaron/ur_ws/install/moveit:/home/aaron/ur_ws/install/moveit_task_constructor_core:/home/aaron/ur_ws/install/moveit_setup_assistant:/home/aaron/ur_ws/install/moveit_setup_srdf_plugins:/home/aaron/ur_ws/install/moveit_setup_core_plugins:/home/aaron/ur_ws/install/moveit_setup_controllers:/home/aaron/ur_ws/install/moveit_setup_app_plugins:/home/aaron/ur_ws/install/moveit_planners:/home/aaron/ur_ws/install/pilz_industrial_motion_planner:/home/aaron/ur_ws/install/moveit_setup_framework:/home/aaron/ur_ws/install/moveit_ros:/home/aaron/ur_ws/install/moveit_servo:/home/aaron/ur_ws/install/moveit_ros_visualization:/home/aaron/ur_ws/install/moveit_resources_prbt_pg70_support:/home/aaron/ur_ws/install/moveit_hybrid_planning:/home/aaron/ur_ws/install/moveit_ros_planning_interface:/home/aaron/ur_ws/install/moveit_resources_prbt_moveit_config:/home/aaron/ur_ws/install/moveit_ros_move_group:/home/aaron/ur_ws/install/moveit_ros_benchmarks:/home/aaron/ur_ws/install/moveit_visual_tools:/home/aaron/ur_ws/install/moveit_ros_warehouse:/home/aaron/ur_ws/install/moveit_ros_robot_interaction:/home/aaron/ur_ws/install/moveit_ros_perception:/home/aaron/ur_ws/install/moveit_planners_ompl:/home/aaron/ur_ws/install/moveit_kinematics:/home/aaron/ur_ws/install/moveit_ros_planning:/home/aaron/ur_ws/install/moveit_plugins:/home/aaron/ur_ws/install/moveit_planners_chomp:/home/aaron/ur_ws/install/pilz_industrial_motion_planner_testutils:/home/aaron/ur_ws/install/moveit_simple_controller_manager:/home/aaron/ur_ws/install/moveit_ros_occupancy_map_monitor:/home/aaron/ur_ws/install/moveit_resources_prbt_ikfast_manipulator_plugin:/home/aaron/ur_ws/install/chomp_motion_planner:/home/aaron/ur_ws/install/moveit_core:/home/aaron/ur_ws/install/rviz_marker_tools:/home/aaron/ur_ws/install/moveit_resources_panda_moveit_config:/home/aaron/ur_ws/install/moveit_resources_fanuc_moveit_config:/home/aaron/ur_ws/install/moveit_configs_utils:/home/aaron/ur_ws/install/srdfdom:/home/aaron/ur_ws/install/moveit_task_constructor_msgs:/home/aaron/ur_ws/install/moveit_resources_prbt_support:/home/aaron/ur_ws/install/moveit_resources_pr2_description:/home/aaron/ur_ws/install/moveit_resources_panda_description:/home/aaron/ur_ws/install/moveit_resources_fanuc_description:/home/aaron/ur_ws/install/moveit_common:/home/aaron/ur_ws/install/launch_param_builder:${AMENT_PREFIX_PATH} CMAKE_MODULE_PATH=/home/aaron/ur_ws/install/moveit_task_constructor_core/share/moveit_task_constructor_core/cmake CMAKE_PREFIX_PATH=/home/aaron/ur_ws/install/moveit:/home/aaron/ur_ws/install/moveit_task_constructor_core:/home/aaron/ur_ws/install/moveit_setup_assistant:/home/aaron/ur_ws/install/moveit_setup_srdf_plugins:/home/aaron/ur_ws/install/moveit_setup_core_plugins:/home/aaron/ur_ws/install/moveit_setup_controllers:/home/aaron/ur_ws/install/moveit_setup_app_plugins:/home/aaron/ur_ws/install/moveit_planners:/home/aaron/ur_ws/install/pilz_industrial_motion_planner:/home/aaron/ur_ws/install/moveit_setup_framework:/home/aaron/ur_ws/install/moveit_ros:/home/aaron/ur_ws/install/moveit_servo:/home/aaron/ur_ws/install/moveit_ros_visualization:/home/aaron/ur_ws/install/moveit_resources_prbt_pg70_support:/home/aaron/ur_ws/install/moveit_hybrid_planning:/home/aaron/ur_ws/install/moveit_ros_planning_interface:/home/aaron/ur_ws/install/moveit_resources_prbt_moveit_config:/home/aaron/ur_ws/install/moveit_ros_move_group:/home/aaron/ur_ws/install/moveit_ros_benchmarks:/home/aaron/ur_ws/install/moveit_visual_tools:/home/aaron/ur_ws/install/moveit_ros_warehouse:/home/aaron/ur_ws/install/moveit_ros_robot_interaction:/home/aaron/ur_ws/install/moveit_ros_perception:/home/aaron/ur_ws/install/moveit_planners_ompl:/home/aaron/ur_ws/install/moveit_kinematics:/home/aaron/ur_ws/install/moveit_ros_planning:/home/aaron/ur_ws/install/moveit_plugins:/home/aaron/ur_ws/install/moveit_planners_chomp:/home/aaron/ur_ws/install/pilz_industrial_motion_planner_testutils:/home/aaron/ur_ws/install/moveit_simple_controller_manager:/home/aaron/ur_ws/install/moveit_ros_occupancy_map_monitor:/home/aaron/ur_ws/install/moveit_resources_prbt_ikfast_manipulator_plugin:/home/aaron/ur_ws/install/chomp_motion_planner:/home/aaron/ur_ws/install/moveit_core:/home/aaron/ur_ws/install/rviz_marker_tools:/home/aaron/ur_ws/install/moveit_resources_panda_moveit_config:/home/aaron/ur_ws/install/moveit_resources_fanuc_moveit_config:/home/aaron/ur_ws/install/srdfdom:/home/aaron/ur_ws/install/moveit_task_constructor_msgs:/home/aaron/ur_ws/install/moveit_resources_prbt_support:/home/aaron/ur_ws/install/moveit_resources_pr2_description:/home/aaron/ur_ws/install/moveit_resources_panda_description:/home/aaron/ur_ws/install/moveit_resources_fanuc_description:/home/aaron/ur_ws/install/moveit_common:/opt/ros/humble LD_LIBRARY_PATH=/home/aaron/ur_ws/install/moveit_task_constructor_core/lib:/home/aaron/ur_ws/install/moveit_setup_assistant/lib:/home/aaron/ur_ws/install/moveit_setup_srdf_plugins/lib:/home/aaron/ur_ws/install/moveit_setup_core_plugins/lib:/home/aaron/ur_ws/install/moveit_setup_controllers/lib:/home/aaron/ur_ws/install/moveit_setup_app_plugins/lib:/home/aaron/ur_ws/install/pilz_industrial_motion_planner/lib:/home/aaron/ur_ws/install/moveit_setup_framework/lib:/home/aaron/ur_ws/install/moveit_servo/lib:/home/aaron/ur_ws/install/moveit_ros_visualization/lib:/home/aaron/ur_ws/install/moveit_hybrid_planning/lib:/home/aaron/ur_ws/install/moveit_ros_planning_interface/lib:/home/aaron/ur_ws/install/moveit_ros_move_group/lib:/home/aaron/ur_ws/install/moveit_ros_benchmarks/lib:/home/aaron/ur_ws/install/moveit_visual_tools/lib:/home/aaron/ur_ws/install/moveit_ros_warehouse/lib:/home/aaron/ur_ws/install/moveit_ros_robot_interaction/lib:/home/aaron/ur_ws/install/moveit_ros_perception/lib:/home/aaron/ur_ws/install/moveit_planners_ompl/lib:/home/aaron/ur_ws/install/moveit_kinematics/lib:/home/aaron/ur_ws/install/moveit_ros_planning/lib:/home/aaron/ur_ws/install/moveit_planners_chomp/lib:/home/aaron/ur_ws/install/pilz_industrial_motion_planner_testutils/lib:/home/aaron/ur_ws/install/moveit_simple_controller_manager/lib:/home/aaron/ur_ws/install/moveit_ros_occupancy_map_monitor/lib:/home/aaron/ur_ws/install/moveit_resources_prbt_ikfast_manipulator_plugin/lib:/home/aaron/ur_ws/install/chomp_motion_planner/lib:/home/aaron/ur_ws/install/moveit_core/lib:/home/aaron/ur_ws/install/rviz_marker_tools/lib:/home/aaron/ur_ws/install/srdfdom/lib:/home/aaron/ur_ws/install/moveit_task_constructor_msgs/lib:${LD_LIBRARY_PATH} PATH=/home/aaron/ur_ws/install/moveit_core/bin:${PATH} PYTHONPATH=/home/aaron/ur_ws/install/moveit_task_constructor_core/local/lib/python3.10/dist-packages:/home/aaron/ur_ws/install/moveit_configs_utils/lib/python3.10/site-packages:/home/aaron/ur_ws/install/srdfdom/local/lib/python3.10/dist-packages:/home/aaron/ur_ws/install/moveit_task_constructor_msgs/local/lib/python3.10/dist-packages:/home/aaron/ur_ws/install/launch_param_builder/lib/python3.10/site-packages:${PYTHONPATH} /usr/bin/cmake --install /home/aaron/ur_ws/build/moveit2_tutorials
