[0.092s] Invoking command in '/home/aaron/ur_ws/build/moveit_task_constructor_core': AMENT_PREFIX_PATH=/home/aaron/ur_ws/install/moveit_planners:/home/aaron/ur_ws/install/pilz_industrial_motion_planner:/home/aaron/ur_ws/install/moveit_resources_prbt_pg70_support:/home/aaron/ur_ws/install/moveit_ros_planning_interface:/home/aaron/ur_ws/install/moveit_resources_prbt_moveit_config:/home/aaron/ur_ws/install/moveit_ros_move_group:/home/aaron/ur_ws/install/moveit_ros_warehouse:/home/aaron/ur_ws/install/moveit_planners_ompl:/home/aaron/ur_ws/install/moveit_kinematics:/home/aaron/ur_ws/install/moveit_ros_planning:/home/aaron/ur_ws/install/moveit_planners_chomp:/home/aaron/ur_ws/install/pilz_industrial_motion_planner_testutils:/home/aaron/ur_ws/install/moveit_simple_controller_manager:/home/aaron/ur_ws/install/moveit_ros_occupancy_map_monitor:/home/aaron/ur_ws/install/moveit_resources_prbt_ikfast_manipulator_plugin:/home/aaron/ur_ws/install/chomp_motion_planner:/home/aaron/ur_ws/install/moveit_core:/home/aaron/ur_ws/install/rviz_marker_tools:/home/aaron/ur_ws/install/moveit_resources_panda_moveit_config:/home/aaron/ur_ws/install/moveit_resources_fanuc_moveit_config:/home/aaron/ur_ws/install/moveit_configs_utils:/home/aaron/ur_ws/install/srdfdom:/home/aaron/ur_ws/install/moveit_task_constructor_msgs:/home/aaron/ur_ws/install/moveit_resources_prbt_support:/home/aaron/ur_ws/install/moveit_resources_pr2_description:/home/aaron/ur_ws/install/moveit_resources_panda_description:/home/aaron/ur_ws/install/moveit_resources_fanuc_description:/home/aaron/ur_ws/install/moveit_common:/home/aaron/ur_ws/install/launch_param_builder:${AMENT_PREFIX_PATH} CMAKE_PREFIX_PATH=/home/aaron/ur_ws/install/moveit_planners:/home/aaron/ur_ws/install/pilz_industrial_motion_planner:/home/aaron/ur_ws/install/moveit_resources_prbt_pg70_support:/home/aaron/ur_ws/install/moveit_ros_planning_interface:/home/aaron/ur_ws/install/moveit_resources_prbt_moveit_config:/home/aaron/ur_ws/install/moveit_ros_move_group:/home/aaron/ur_ws/install/moveit_ros_warehouse:/home/aaron/ur_ws/install/moveit_planners_ompl:/home/aaron/ur_ws/install/moveit_kinematics:/home/aaron/ur_ws/install/moveit_ros_planning:/home/aaron/ur_ws/install/moveit_planners_chomp:/home/aaron/ur_ws/install/pilz_industrial_motion_planner_testutils:/home/aaron/ur_ws/install/moveit_simple_controller_manager:/home/aaron/ur_ws/install/moveit_ros_occupancy_map_monitor:/home/aaron/ur_ws/install/moveit_resources_prbt_ikfast_manipulator_plugin:/home/aaron/ur_ws/install/chomp_motion_planner:/home/aaron/ur_ws/install/moveit_core:/home/aaron/ur_ws/install/rviz_marker_tools:/home/aaron/ur_ws/install/moveit_resources_panda_moveit_config:/home/aaron/ur_ws/install/moveit_resources_fanuc_moveit_config:/home/aaron/ur_ws/install/srdfdom:/home/aaron/ur_ws/install/moveit_task_constructor_msgs:/home/aaron/ur_ws/install/moveit_resources_prbt_support:/home/aaron/ur_ws/install/moveit_resources_pr2_description:/home/aaron/ur_ws/install/moveit_resources_panda_description:/home/aaron/ur_ws/install/moveit_resources_fanuc_description:/home/aaron/ur_ws/install/moveit_common:/opt/ros/humble LD_LIBRARY_PATH=/home/aaron/ur_ws/install/pilz_industrial_motion_planner/lib:/home/aaron/ur_ws/install/moveit_ros_planning_interface/lib:/home/aaron/ur_ws/install/moveit_ros_move_group/lib:/home/aaron/ur_ws/install/moveit_ros_warehouse/lib:/home/aaron/ur_ws/install/moveit_planners_ompl/lib:/home/aaron/ur_ws/install/moveit_kinematics/lib:/home/aaron/ur_ws/install/moveit_ros_planning/lib:/home/aaron/ur_ws/install/moveit_planners_chomp/lib:/home/aaron/ur_ws/install/pilz_industrial_motion_planner_testutils/lib:/home/aaron/ur_ws/install/moveit_simple_controller_manager/lib:/home/aaron/ur_ws/install/moveit_ros_occupancy_map_monitor/lib:/home/aaron/ur_ws/install/moveit_resources_prbt_ikfast_manipulator_plugin/lib:/home/aaron/ur_ws/install/chomp_motion_planner/lib:/home/aaron/ur_ws/install/moveit_core/lib:/home/aaron/ur_ws/install/rviz_marker_tools/lib:/home/aaron/ur_ws/install/srdfdom/lib:/home/aaron/ur_ws/install/moveit_task_constructor_msgs/lib:${LD_LIBRARY_PATH} PATH=/home/aaron/ur_ws/install/moveit_core/bin:${PATH} PYTHONPATH=/home/aaron/ur_ws/install/moveit_configs_utils/lib/python3.10/site-packages:/home/aaron/ur_ws/install/srdfdom/local/lib/python3.10/dist-packages:/home/aaron/ur_ws/install/moveit_task_constructor_msgs/local/lib/python3.10/dist-packages:/home/aaron/ur_ws/install/launch_param_builder/lib/python3.10/site-packages:${PYTHONPATH} /usr/bin/cmake --build /home/aaron/ur_ws/build/moveit_task_constructor_core -- -j20 -l20
[0.192s] [  0%] Built target ament_cmake_python_copy_moveit
[0.235s] [  1%] [32mBuilding CXX object gtest/CMakeFiles/gtest.dir/src/gtest-all.cc.o[0m
[0.256s] [  2%] [32mBuilding CXX object src/CMakeFiles/moveit_task_constructor_core.dir/cost_terms.cpp.o[0m
[0.259s] [  3%] [32mBuilding CXX object src/CMakeFiles/moveit_task_constructor_core.dir/container.cpp.o[0m
[11.009s] [  4%] [32m[1mLinking CXX static library libgtest.a[0m
[11.082s] [  4%] Built target gtest
[11.128s] [  5%] [32mBuilding CXX object gmock/CMakeFiles/gmock_main.dir/src/gmock_main.cc.o[0m
[11.132s] [  7%] [32mBuilding CXX object gtest/CMakeFiles/gtest_main.dir/src/gtest_main.cc.o[0m
[11.135s] [  8%] [32mBuilding CXX object gmock/CMakeFiles/gmock.dir/opt/ros/humble/src/gtest_vendor/src/gtest-all.cc.o[0m
[11.135s] [  9%] [32mBuilding CXX object gmock/CMakeFiles/gmock.dir/src/gmock-all.cc.o[0m
[11.867s] running egg_info
[11.870s] writing moveit.egg-info/PKG-INFO
[11.871s] writing dependency_links to moveit.egg-info/dependency_links.txt
[11.871s] writing top-level names to moveit.egg-info/top_level.txt
[11.879s] reading manifest file 'moveit.egg-info/SOURCES.txt'
[11.881s] writing manifest file 'moveit.egg-info/SOURCES.txt'
[11.963s] [  9%] Built target ament_cmake_python_build_moveit_egg
[12.384s] [ 10%] [32mBuilding CXX object src/CMakeFiles/moveit_task_constructor_core.dir/solvers/pipeline_planner.cpp.o[0m
[12.385s] [ 11%] [32mBuilding CXX object src/CMakeFiles/moveit_task_constructor_core.dir/solvers/cartesian_path.cpp.o[0m
[12.385s] [ 12%] [32mBuilding CXX object src/CMakeFiles/moveit_task_constructor_core.dir/solvers/multi_planner.cpp.o[0m
[12.385s] [ 14%] [32mBuilding CXX object src/CMakeFiles/moveit_task_constructor_core.dir/utils.cpp.o[0m
[12.386s] [ 15%] [32mBuilding CXX object src/CMakeFiles/moveit_task_constructor_core.dir/solvers/joint_interpolation.cpp.o[0m
[12.388s] [ 16%] [32mBuilding CXX object src/CMakeFiles/moveit_task_constructor_core.dir/stage.cpp.o[0m
[12.390s] [ 17%] [32mBuilding CXX object src/CMakeFiles/moveit_task_constructor_core.dir/storage.cpp.o[0m
[12.390s] [ 18%] [32mBuilding CXX object src/CMakeFiles/moveit_task_constructor_core.dir/task.cpp.o[0m
[12.393s] [ 20%] [32mBuilding CXX object src/CMakeFiles/moveit_task_constructor_core.dir/solvers/planner_interface.cpp.o[0m
[13.877s] [ 21%] [32m[1mLinking CXX static library libgtest_main.a[0m
[13.984s] [ 21%] Built target gtest_main
[15.373s] [ 22%] [32m[1mLinking CXX static library libgmock_main.a[0m
[15.489s] [ 22%] Built target gmock_main
[24.638s] [ 23%] [32mBuilding CXX object src/CMakeFiles/moveit_task_constructor_core.dir/properties.cpp.o[0m
[24.639s] [ 24%] [32mBuilding CXX object src/CMakeFiles/moveit_task_constructor_core.dir/marker_tools.cpp.o[0m
[24.646s] [ 25%] [32mBuilding CXX object src/CMakeFiles/moveit_task_constructor_core.dir/merge.cpp.o[0m
[24.647s] [ 27%] [32mBuilding CXX object src/CMakeFiles/moveit_task_constructor_core.dir/introspection.cpp.o[0m
[36.804s] [ 28%] [32m[1mLinking CXX static library libgmock.a[0m
[36.928s] [ 28%] Built target gmock
[52.730s] [ 29%] [32m[1mLinking CXX shared library libmoveit_task_constructor_core.so[0m
[53.503s] [ 29%] Built target moveit_task_constructor_core
[53.616s] [ 30%] [32mBuilding CXX object test/CMakeFiles/gtest_utils.dir/gtest_value_printers.cpp.o[0m
[53.619s] [ 31%] [32mBuilding CXX object test/CMakeFiles/gtest_utils.dir/models.cpp.o[0m
[53.625s] [ 32%] [32mBuilding CXX object test/CMakeFiles/gtest_utils.dir/stage_mockups.cpp.o[0m
[53.705s] [ 34%] [32mBuilding CXX object src/stages/CMakeFiles/moveit_task_constructor_core_stages.dir/modify_planning_scene.cpp.o[0m
[53.705s] [ 35%] [32mBuilding CXX object src/stages/CMakeFiles/moveit_task_constructor_core_stages.dir/fix_collision_objects.cpp.o[0m
[53.720s] [ 36%] [32mBuilding CXX object src/stages/CMakeFiles/moveit_task_constructor_core_stages.dir/current_state.cpp.o[0m
[53.735s] [ 37%] [32mBuilding CXX object src/stages/CMakeFiles/moveit_task_constructor_core_stages.dir/fixed_state.cpp.o[0m
[53.741s] [ 38%] [32mBuilding CXX object src/stages/CMakeFiles/moveit_task_constructor_core_stages.dir/fixed_cartesian_poses.cpp.o[0m
[53.772s] [ 40%] [32mBuilding CXX object src/stages/CMakeFiles/moveit_task_constructor_core_stages.dir/generate_random_pose.cpp.o[0m
[53.785s] [ 41%] [32mBuilding CXX object src/stages/CMakeFiles/moveit_task_constructor_core_stages.dir/generate_grasp_pose.cpp.o[0m
[53.789s] [ 42%] [32mBuilding CXX object src/stages/CMakeFiles/moveit_task_constructor_core_stages.dir/generate_place_pose.cpp.o[0m
[53.790s] [ 43%] [32mBuilding CXX object src/stages/CMakeFiles/moveit_task_constructor_core_stages.dir/generate_pose.cpp.o[0m
[53.806s] [ 44%] [32mBuilding CXX object src/stages/CMakeFiles/moveit_task_constructor_core_stages.dir/compute_ik.cpp.o[0m
[53.822s] [ 45%] [32mBuilding CXX object src/stages/CMakeFiles/moveit_task_constructor_core_stages.dir/passthrough.cpp.o[0m
[53.836s] [ 47%] [32mBuilding CXX object src/stages/CMakeFiles/moveit_task_constructor_core_stages.dir/predicate_filter.cpp.o[0m
[53.876s] [ 48%] [32mBuilding CXX object src/stages/CMakeFiles/moveit_task_constructor_core_stages.dir/connect.cpp.o[0m
[53.884s] [ 49%] [32mBuilding CXX object src/stages/CMakeFiles/moveit_task_constructor_core_stages.dir/move_to.cpp.o[0m
[53.895s] [ 50%] [32mBuilding CXX object src/stages/CMakeFiles/moveit_task_constructor_core_stages.dir/move_relative.cpp.o[0m
[53.906s] [ 51%] [32mBuilding CXX object src/stages/CMakeFiles/moveit_task_constructor_core_stages.dir/simple_grasp.cpp.o[0m
[67.897s] [ 52%] [32mBuilding CXX object src/stages/CMakeFiles/moveit_task_constructor_core_stages.dir/pick.cpp.o[0m
[101.492s] [ 54%] [32m[1mLinking CXX shared library libgtest_utils.so[0m
[102.635s] [ 54%] Built target gtest_utils
[133.090s] [ 55%] [32m[1mLinking CXX shared library libmoveit_task_constructor_core_stages.so[0m
[133.555s] [ 55%] Built target moveit_task_constructor_core_stages
[133.612s] [ 56%] [32mBuilding CXX object src/stages/CMakeFiles/moveit_task_constructor_core_stage_plugins.dir/plugins.cpp.o[0m
[136.171s] [ 57%] [32m[1mLinking CXX shared library libmoveit_task_constructor_core_stage_plugins.so[0m
[136.434s] [ 57%] Built target moveit_task_constructor_core_stage_plugins
[136.504s] [ 58%] [32mBuilding CXX object test/CMakeFiles/pick_pa10.dir/pick_pa10.cpp.o[0m
[146.614s] [ 60%] [32m[1mLinking CXX executable pick_pa10[0m
[146.975s] [ 60%] Built target pick_pa10
[147.014s] [ 61%] [32mBuilding CXX object test/CMakeFiles/pick_pr2.dir/pick_pr2.cpp.o[0m
[147.016s] [ 62%] [32mBuilding CXX object test/CMakeFiles/moveit_task_constructor_core-test-interface-state.dir/test_interface_state.cpp.o[0m
[147.016s] [ 63%] [32mBuilding CXX object test/CMakeFiles/moveit_task_constructor_core-test-fallback.dir/test_fallback.cpp.o[0m
[147.017s] [ 64%] [32mBuilding CXX object test/CMakeFiles/pick_ur5.dir/pick_ur5.cpp.o[0m
[147.018s] [ 65%] [32mBuilding CXX object test/CMakeFiles/moveit_task_constructor_core-test-cost-queue.dir/test_cost_queue.cpp.o[0m
[147.020s] [ 67%] [32mBuilding CXX object test/CMakeFiles/moveit_task_constructor_core-test-move-relative.dir/test_move_relative.cpp.o[0m
[147.024s] [ 68%] [32mBuilding CXX object test/CMakeFiles/moveit_task_constructor_core-test-move-to.dir/test_move_to.cpp.o[0m
[147.034s] [ 69%] [32mBuilding CXX object test/CMakeFiles/moveit_task_constructor_core-test-cost-terms.dir/test_cost_terms.cpp.o[0m
[156.622s] [ 70%] [32m[1mLinking CXX executable moveit_task_constructor_core-test-cost-queue[0m
[157.291s] [ 70%] Built target moveit_task_constructor_core-test-cost-queue
[157.355s] [ 71%] [32mBuilding CXX object test/CMakeFiles/moveit_task_constructor_core-test-properties.dir/test_properties.cpp.o[0m
[157.373s] [ 72%] [32mBuilding CXX object test/CMakeFiles/moveit_task_constructor_core-test-stage.dir/test_stage.cpp.o[0m
[157.376s] [ 74%] [32mBuilding CXX object test/CMakeFiles/moveit_task_constructor_core-test-serial.dir/test_serial.cpp.o[0m
[157.387s] [ 75%] [32mBuilding CXX object test/CMakeFiles/moveit_task_constructor_core-test-pruning.dir/test_pruning.cpp.o[0m
[157.395s] [ 76%] [32mBuilding CXX object test/CMakeFiles/moveit_task_constructor_core-test-container.dir/test_container.cpp.o[0m
[157.397s] [ 77%] [32mBuilding CXX object test/CMakeFiles/moveit_task_constructor_core-test-mockups.dir/test_mockups.cpp.o[0m
[157.407s] [ 78%] [32mBuilding CXX object python/bindings/CMakeFiles/pymoveit_mtc.dir/src/properties.cpp.o[0m
[157.421s] [ 80%] [32mBuilding CXX object python/bindings/CMakeFiles/pymoveit_mtc.dir/src/solvers.cpp.o[0m
[157.428s] [ 82%] [32mBuilding CXX object python/bindings/CMakeFiles/pymoveit_mtc.dir/src/stages.cpp.o[0m
[157.429s] [ 82%] [32mBuilding CXX object python/bindings/CMakeFiles/pymoveit_mtc.dir/src/core.cpp.o[0m
[157.432s] [ 83%] [32mBuilding CXX object python/bindings/CMakeFiles/pymoveit_mtc.dir/src/module.cpp.o[0m
[166.539s] [ 84%] [32m[1mLinking CXX executable pick_ur5[0m
[167.047s] [ 85%] [32m[1mLinking CXX executable pick_pr2[0m
[167.840s] [ 85%] Built target pick_ur5
[168.451s] [ 85%] Built target pick_pr2
[168.616s] [ 87%] [32m[1mLinking CXX executable moveit_task_constructor_core-test-properties[0m
[169.736s] [ 87%] Built target moveit_task_constructor_core-test-properties
[173.797s] [ 88%] [32m[1mLinking CXX executable moveit_task_constructor_core-test-fallback[0m
[174.633s] [ 89%] [32m[1mLinking CXX executable moveit_task_constructor_core-test-interface-state[0m
[174.935s] [ 89%] Built target moveit_task_constructor_core-test-fallback
[175.520s] [ 89%] Built target moveit_task_constructor_core-test-interface-state
[178.311s] [ 90%] [32m[1mLinking CXX executable moveit_task_constructor_core-test-cost-terms[0m
[179.621s] [ 90%] Built target moveit_task_constructor_core-test-cost-terms
[181.505s] [ 91%] [32m[1mLinking CXX executable moveit_task_constructor_core-test-move-relative[0m
[181.825s] [ 92%] [32m[1mLinking CXX executable moveit_task_constructor_core-test-move-to[0m
[182.284s] [ 92%] Built target moveit_task_constructor_core-test-move-relative
[183.173s] [ 92%] Built target moveit_task_constructor_core-test-move-to
[186.521s] [ 94%] [32m[1mLinking CXX executable moveit_task_constructor_core-test-stage[0m
[186.868s] [ 95%] [32m[1mLinking CXX executable moveit_task_constructor_core-test-mockups[0m
[187.278s] [ 95%] Built target moveit_task_constructor_core-test-stage
[187.837s] [ 95%] Built target moveit_task_constructor_core-test-mockups
[189.664s] [ 96%] [32m[1mLinking CXX executable moveit_task_constructor_core-test-serial[0m
[190.069s] [ 97%] [32m[1mLinking CXX executable moveit_task_constructor_core-test-pruning[0m
[190.070s] [ 98%] [32m[1mLinking CXX executable moveit_task_constructor_core-test-container[0m
[190.376s] [ 98%] Built target moveit_task_constructor_core-test-serial
[190.690s] [ 98%] Built target moveit_task_constructor_core-test-pruning
[190.811s] [ 98%] Built target moveit_task_constructor_core-test-container
[198.130s] [100%] [32m[1mLinking CXX shared module pymoveit_mtc.cpython-310-x86_64-linux-gnu.so[0m
[200.367s] lto-wrapper: warning: using serial compilation of 12 LTRANS jobs
[225.198s] [100%] Built target pymoveit_mtc
[225.212s] Invoked command in '/home/aaron/ur_ws/build/moveit_task_constructor_core' returned '0': AMENT_PREFIX_PATH=/home/aaron/ur_ws/install/moveit_planners:/home/aaron/ur_ws/install/pilz_industrial_motion_planner:/home/aaron/ur_ws/install/moveit_resources_prbt_pg70_support:/home/aaron/ur_ws/install/moveit_ros_planning_interface:/home/aaron/ur_ws/install/moveit_resources_prbt_moveit_config:/home/aaron/ur_ws/install/moveit_ros_move_group:/home/aaron/ur_ws/install/moveit_ros_warehouse:/home/aaron/ur_ws/install/moveit_planners_ompl:/home/aaron/ur_ws/install/moveit_kinematics:/home/aaron/ur_ws/install/moveit_ros_planning:/home/aaron/ur_ws/install/moveit_planners_chomp:/home/aaron/ur_ws/install/pilz_industrial_motion_planner_testutils:/home/aaron/ur_ws/install/moveit_simple_controller_manager:/home/aaron/ur_ws/install/moveit_ros_occupancy_map_monitor:/home/aaron/ur_ws/install/moveit_resources_prbt_ikfast_manipulator_plugin:/home/aaron/ur_ws/install/chomp_motion_planner:/home/aaron/ur_ws/install/moveit_core:/home/aaron/ur_ws/install/rviz_marker_tools:/home/aaron/ur_ws/install/moveit_resources_panda_moveit_config:/home/aaron/ur_ws/install/moveit_resources_fanuc_moveit_config:/home/aaron/ur_ws/install/moveit_configs_utils:/home/aaron/ur_ws/install/srdfdom:/home/aaron/ur_ws/install/moveit_task_constructor_msgs:/home/aaron/ur_ws/install/moveit_resources_prbt_support:/home/aaron/ur_ws/install/moveit_resources_pr2_description:/home/aaron/ur_ws/install/moveit_resources_panda_description:/home/aaron/ur_ws/install/moveit_resources_fanuc_description:/home/aaron/ur_ws/install/moveit_common:/home/aaron/ur_ws/install/launch_param_builder:${AMENT_PREFIX_PATH} CMAKE_PREFIX_PATH=/home/aaron/ur_ws/install/moveit_planners:/home/aaron/ur_ws/install/pilz_industrial_motion_planner:/home/aaron/ur_ws/install/moveit_resources_prbt_pg70_support:/home/aaron/ur_ws/install/moveit_ros_planning_interface:/home/aaron/ur_ws/install/moveit_resources_prbt_moveit_config:/home/aaron/ur_ws/install/moveit_ros_move_group:/home/aaron/ur_ws/install/moveit_ros_warehouse:/home/aaron/ur_ws/install/moveit_planners_ompl:/home/aaron/ur_ws/install/moveit_kinematics:/home/aaron/ur_ws/install/moveit_ros_planning:/home/aaron/ur_ws/install/moveit_planners_chomp:/home/aaron/ur_ws/install/pilz_industrial_motion_planner_testutils:/home/aaron/ur_ws/install/moveit_simple_controller_manager:/home/aaron/ur_ws/install/moveit_ros_occupancy_map_monitor:/home/aaron/ur_ws/install/moveit_resources_prbt_ikfast_manipulator_plugin:/home/aaron/ur_ws/install/chomp_motion_planner:/home/aaron/ur_ws/install/moveit_core:/home/aaron/ur_ws/install/rviz_marker_tools:/home/aaron/ur_ws/install/moveit_resources_panda_moveit_config:/home/aaron/ur_ws/install/moveit_resources_fanuc_moveit_config:/home/aaron/ur_ws/install/srdfdom:/home/aaron/ur_ws/install/moveit_task_constructor_msgs:/home/aaron/ur_ws/install/moveit_resources_prbt_support:/home/aaron/ur_ws/install/moveit_resources_pr2_description:/home/aaron/ur_ws/install/moveit_resources_panda_description:/home/aaron/ur_ws/install/moveit_resources_fanuc_description:/home/aaron/ur_ws/install/moveit_common:/opt/ros/humble LD_LIBRARY_PATH=/home/aaron/ur_ws/install/pilz_industrial_motion_planner/lib:/home/aaron/ur_ws/install/moveit_ros_planning_interface/lib:/home/aaron/ur_ws/install/moveit_ros_move_group/lib:/home/aaron/ur_ws/install/moveit_ros_warehouse/lib:/home/aaron/ur_ws/install/moveit_planners_ompl/lib:/home/aaron/ur_ws/install/moveit_kinematics/lib:/home/aaron/ur_ws/install/moveit_ros_planning/lib:/home/aaron/ur_ws/install/moveit_planners_chomp/lib:/home/aaron/ur_ws/install/pilz_industrial_motion_planner_testutils/lib:/home/aaron/ur_ws/install/moveit_simple_controller_manager/lib:/home/aaron/ur_ws/install/moveit_ros_occupancy_map_monitor/lib:/home/aaron/ur_ws/install/moveit_resources_prbt_ikfast_manipulator_plugin/lib:/home/aaron/ur_ws/install/chomp_motion_planner/lib:/home/aaron/ur_ws/install/moveit_core/lib:/home/aaron/ur_ws/install/rviz_marker_tools/lib:/home/aaron/ur_ws/install/srdfdom/lib:/home/aaron/ur_ws/install/moveit_task_constructor_msgs/lib:${LD_LIBRARY_PATH} PATH=/home/aaron/ur_ws/install/moveit_core/bin:${PATH} PYTHONPATH=/home/aaron/ur_ws/install/moveit_configs_utils/lib/python3.10/site-packages:/home/aaron/ur_ws/install/srdfdom/local/lib/python3.10/dist-packages:/home/aaron/ur_ws/install/moveit_task_constructor_msgs/local/lib/python3.10/dist-packages:/home/aaron/ur_ws/install/launch_param_builder/lib/python3.10/site-packages:${PYTHONPATH} /usr/bin/cmake --build /home/aaron/ur_ws/build/moveit_task_constructor_core -- -j20 -l20
[225.215s] Invoking command in '/home/aaron/ur_ws/build/moveit_task_constructor_core': AMENT_PREFIX_PATH=/home/aaron/ur_ws/install/moveit_planners:/home/aaron/ur_ws/install/pilz_industrial_motion_planner:/home/aaron/ur_ws/install/moveit_resources_prbt_pg70_support:/home/aaron/ur_ws/install/moveit_ros_planning_interface:/home/aaron/ur_ws/install/moveit_resources_prbt_moveit_config:/home/aaron/ur_ws/install/moveit_ros_move_group:/home/aaron/ur_ws/install/moveit_ros_warehouse:/home/aaron/ur_ws/install/moveit_planners_ompl:/home/aaron/ur_ws/install/moveit_kinematics:/home/aaron/ur_ws/install/moveit_ros_planning:/home/aaron/ur_ws/install/moveit_planners_chomp:/home/aaron/ur_ws/install/pilz_industrial_motion_planner_testutils:/home/aaron/ur_ws/install/moveit_simple_controller_manager:/home/aaron/ur_ws/install/moveit_ros_occupancy_map_monitor:/home/aaron/ur_ws/install/moveit_resources_prbt_ikfast_manipulator_plugin:/home/aaron/ur_ws/install/chomp_motion_planner:/home/aaron/ur_ws/install/moveit_core:/home/aaron/ur_ws/install/rviz_marker_tools:/home/aaron/ur_ws/install/moveit_resources_panda_moveit_config:/home/aaron/ur_ws/install/moveit_resources_fanuc_moveit_config:/home/aaron/ur_ws/install/moveit_configs_utils:/home/aaron/ur_ws/install/srdfdom:/home/aaron/ur_ws/install/moveit_task_constructor_msgs:/home/aaron/ur_ws/install/moveit_resources_prbt_support:/home/aaron/ur_ws/install/moveit_resources_pr2_description:/home/aaron/ur_ws/install/moveit_resources_panda_description:/home/aaron/ur_ws/install/moveit_resources_fanuc_description:/home/aaron/ur_ws/install/moveit_common:/home/aaron/ur_ws/install/launch_param_builder:${AMENT_PREFIX_PATH} CMAKE_PREFIX_PATH=/home/aaron/ur_ws/install/moveit_planners:/home/aaron/ur_ws/install/pilz_industrial_motion_planner:/home/aaron/ur_ws/install/moveit_resources_prbt_pg70_support:/home/aaron/ur_ws/install/moveit_ros_planning_interface:/home/aaron/ur_ws/install/moveit_resources_prbt_moveit_config:/home/aaron/ur_ws/install/moveit_ros_move_group:/home/aaron/ur_ws/install/moveit_ros_warehouse:/home/aaron/ur_ws/install/moveit_planners_ompl:/home/aaron/ur_ws/install/moveit_kinematics:/home/aaron/ur_ws/install/moveit_ros_planning:/home/aaron/ur_ws/install/moveit_planners_chomp:/home/aaron/ur_ws/install/pilz_industrial_motion_planner_testutils:/home/aaron/ur_ws/install/moveit_simple_controller_manager:/home/aaron/ur_ws/install/moveit_ros_occupancy_map_monitor:/home/aaron/ur_ws/install/moveit_resources_prbt_ikfast_manipulator_plugin:/home/aaron/ur_ws/install/chomp_motion_planner:/home/aaron/ur_ws/install/moveit_core:/home/aaron/ur_ws/install/rviz_marker_tools:/home/aaron/ur_ws/install/moveit_resources_panda_moveit_config:/home/aaron/ur_ws/install/moveit_resources_fanuc_moveit_config:/home/aaron/ur_ws/install/srdfdom:/home/aaron/ur_ws/install/moveit_task_constructor_msgs:/home/aaron/ur_ws/install/moveit_resources_prbt_support:/home/aaron/ur_ws/install/moveit_resources_pr2_description:/home/aaron/ur_ws/install/moveit_resources_panda_description:/home/aaron/ur_ws/install/moveit_resources_fanuc_description:/home/aaron/ur_ws/install/moveit_common:/opt/ros/humble LD_LIBRARY_PATH=/home/aaron/ur_ws/install/pilz_industrial_motion_planner/lib:/home/aaron/ur_ws/install/moveit_ros_planning_interface/lib:/home/aaron/ur_ws/install/moveit_ros_move_group/lib:/home/aaron/ur_ws/install/moveit_ros_warehouse/lib:/home/aaron/ur_ws/install/moveit_planners_ompl/lib:/home/aaron/ur_ws/install/moveit_kinematics/lib:/home/aaron/ur_ws/install/moveit_ros_planning/lib:/home/aaron/ur_ws/install/moveit_planners_chomp/lib:/home/aaron/ur_ws/install/pilz_industrial_motion_planner_testutils/lib:/home/aaron/ur_ws/install/moveit_simple_controller_manager/lib:/home/aaron/ur_ws/install/moveit_ros_occupancy_map_monitor/lib:/home/aaron/ur_ws/install/moveit_resources_prbt_ikfast_manipulator_plugin/lib:/home/aaron/ur_ws/install/chomp_motion_planner/lib:/home/aaron/ur_ws/install/moveit_core/lib:/home/aaron/ur_ws/install/rviz_marker_tools/lib:/home/aaron/ur_ws/install/srdfdom/lib:/home/aaron/ur_ws/install/moveit_task_constructor_msgs/lib:${LD_LIBRARY_PATH} PATH=/home/aaron/ur_ws/install/moveit_core/bin:${PATH} PYTHONPATH=/home/aaron/ur_ws/install/moveit_configs_utils/lib/python3.10/site-packages:/home/aaron/ur_ws/install/srdfdom/local/lib/python3.10/dist-packages:/home/aaron/ur_ws/install/moveit_task_constructor_msgs/local/lib/python3.10/dist-packages:/home/aaron/ur_ws/install/launch_param_builder/lib/python3.10/site-packages:${PYTHONPATH} /usr/bin/cmake --install /home/aaron/ur_ws/build/moveit_task_constructor_core
[225.227s] -- Install configuration: "Release"
[225.229s] -- Installing: /home/aaron/ur_ws/install/moveit_task_constructor_core/lib/libmoveit_task_constructor_core_stages.so
[225.230s] -- Set runtime path of "/home/aaron/ur_ws/install/moveit_task_constructor_core/lib/libmoveit_task_constructor_core_stages.so" to ""
[225.230s] -- Installing: /home/aaron/ur_ws/install/moveit_task_constructor_core/lib/libmoveit_task_constructor_core_stage_plugins.so
[225.230s] -- Set runtime path of "/home/aaron/ur_ws/install/moveit_task_constructor_core/lib/libmoveit_task_constructor_core_stage_plugins.so" to ""
[225.231s] -- Installing: /home/aaron/ur_ws/install/moveit_task_constructor_core/lib/libmoveit_task_constructor_core.so
[225.234s] -- Set runtime path of "/home/aaron/ur_ws/install/moveit_task_constructor_core/lib/libmoveit_task_constructor_core.so" to ""
[225.234s] -- Up-to-date: /home/aaron/ur_ws/install/moveit_task_constructor_core/share/moveit_task_constructor_core/environment/pythonpath.sh
[225.234s] -- Up-to-date: /home/aaron/ur_ws/install/moveit_task_constructor_core/share/moveit_task_constructor_core/environment/pythonpath.dsv
[225.234s] -- Up-to-date: /home/aaron/ur_ws/install/moveit_task_constructor_core/local/lib/python3.10/dist-packages/moveit-0.1.3-py3.10.egg-info
[225.234s] -- Installing: /home/aaron/ur_ws/install/moveit_task_constructor_core/local/lib/python3.10/dist-packages/moveit-0.1.3-py3.10.egg-info/SOURCES.txt
[225.234s] -- Installing: /home/aaron/ur_ws/install/moveit_task_constructor_core/local/lib/python3.10/dist-packages/moveit-0.1.3-py3.10.egg-info/PKG-INFO
[225.234s] -- Installing: /home/aaron/ur_ws/install/moveit_task_constructor_core/local/lib/python3.10/dist-packages/moveit-0.1.3-py3.10.egg-info/dependency_links.txt
[225.234s] -- Installing: /home/aaron/ur_ws/install/moveit_task_constructor_core/local/lib/python3.10/dist-packages/moveit-0.1.3-py3.10.egg-info/top_level.txt
[225.234s] -- Up-to-date: /home/aaron/ur_ws/install/moveit_task_constructor_core/local/lib/python3.10/dist-packages/moveit
[225.234s] -- Up-to-date: /home/aaron/ur_ws/install/moveit_task_constructor_core/local/lib/python3.10/dist-packages/moveit/__init__.py
[225.234s] -- Up-to-date: /home/aaron/ur_ws/install/moveit_task_constructor_core/local/lib/python3.10/dist-packages/moveit/task_constructor
[225.234s] -- Up-to-date: /home/aaron/ur_ws/install/moveit_task_constructor_core/local/lib/python3.10/dist-packages/moveit/task_constructor/__init__.py
[225.235s] -- Up-to-date: /home/aaron/ur_ws/install/moveit_task_constructor_core/local/lib/python3.10/dist-packages/moveit/task_constructor/stages.py
[225.235s] -- Up-to-date: /home/aaron/ur_ws/install/moveit_task_constructor_core/local/lib/python3.10/dist-packages/moveit/task_constructor/core.py
[225.272s] Listing '/home/aaron/ur_ws/install/moveit_task_constructor_core/local/lib/python3.10/dist-packages/moveit'...
[225.272s] Listing '/home/aaron/ur_ws/install/moveit_task_constructor_core/local/lib/python3.10/dist-packages/moveit/task_constructor'...
[225.277s] -- Up-to-date: /home/aaron/ur_ws/install/moveit_task_constructor_core/include/moveit/python/pybind11
[225.277s] -- Up-to-date: /home/aaron/ur_ws/install/moveit_task_constructor_core/include/moveit/python/pybind11/gil.h
[225.277s] -- Up-to-date: /home/aaron/ur_ws/install/moveit_task_constructor_core/include/moveit/python/pybind11/options.h
[225.277s] -- Up-to-date: /home/aaron/ur_ws/install/moveit_task_constructor_core/include/moveit/python/pybind11/common.h
[225.277s] -- Up-to-date: /home/aaron/ur_ws/install/moveit_task_constructor_core/include/moveit/python/pybind11/cast.h
[225.277s] -- Up-to-date: /home/aaron/ur_ws/install/moveit_task_constructor_core/include/moveit/python/pybind11/eval.h
[225.277s] -- Up-to-date: /home/aaron/ur_ws/install/moveit_task_constructor_core/include/moveit/python/pybind11/numpy.h
[225.277s] -- Up-to-date: /home/aaron/ur_ws/install/moveit_task_constructor_core/include/moveit/python/pybind11/pybind11.h
[225.277s] -- Up-to-date: /home/aaron/ur_ws/install/moveit_task_constructor_core/include/moveit/python/pybind11/smart_holder.h
[225.277s] -- Up-to-date: /home/aaron/ur_ws/install/moveit_task_constructor_core/include/moveit/python/pybind11/gil_safe_call_once.h
[225.277s] -- Up-to-date: /home/aaron/ur_ws/install/moveit_task_constructor_core/include/moveit/python/pybind11/type_caster_pyobject_ptr.h
[225.277s] -- Up-to-date: /home/aaron/ur_ws/install/moveit_task_constructor_core/include/moveit/python/pybind11/chrono.h
[225.277s] -- Up-to-date: /home/aaron/ur_ws/install/moveit_task_constructor_core/include/moveit/python/pybind11/buffer_info.h
[225.277s] -- Up-to-date: /home/aaron/ur_ws/install/moveit_task_constructor_core/include/moveit/python/pybind11/eigen
[225.277s] -- Up-to-date: /home/aaron/ur_ws/install/moveit_task_constructor_core/include/moveit/python/pybind11/eigen/common.h
[225.278s] -- Up-to-date: /home/aaron/ur_ws/install/moveit_task_constructor_core/include/moveit/python/pybind11/eigen/matrix.h
[225.278s] -- Up-to-date: /home/aaron/ur_ws/install/moveit_task_constructor_core/include/moveit/python/pybind11/eigen/tensor.h
[225.278s] -- Up-to-date: /home/aaron/ur_ws/install/moveit_task_constructor_core/include/moveit/python/pybind11/functional.h
[225.278s] -- Up-to-date: /home/aaron/ur_ws/install/moveit_task_constructor_core/include/moveit/python/pybind11/typing.h
[225.278s] -- Up-to-date: /home/aaron/ur_ws/install/moveit_task_constructor_core/include/moveit/python/pybind11/complex.h
[225.278s] -- Up-to-date: /home/aaron/ur_ws/install/moveit_task_constructor_core/include/moveit/python/pybind11/stl_bind.h
[225.278s] -- Up-to-date: /home/aaron/ur_ws/install/moveit_task_constructor_core/include/moveit/python/pybind11/detail
[225.278s] -- Up-to-date: /home/aaron/ur_ws/install/moveit_task_constructor_core/include/moveit/python/pybind11/detail/smart_holder_poc.h
[225.278s] -- Up-to-date: /home/aaron/ur_ws/install/moveit_task_constructor_core/include/moveit/python/pybind11/detail/common.h
[225.278s] -- Up-to-date: /home/aaron/ur_ws/install/moveit_task_constructor_core/include/moveit/python/pybind11/detail/class.h
[225.278s] -- Up-to-date: /home/aaron/ur_ws/install/moveit_task_constructor_core/include/moveit/python/pybind11/detail/smart_holder_type_casters.h
[225.278s] -- Up-to-date: /home/aaron/ur_ws/install/moveit_task_constructor_core/include/moveit/python/pybind11/detail/dynamic_raw_ptr_cast_if_possible.h
[225.278s] -- Up-to-date: /home/aaron/ur_ws/install/moveit_task_constructor_core/include/moveit/python/pybind11/detail/descr.h
[225.278s] -- Up-to-date: /home/aaron/ur_ws/install/moveit_task_constructor_core/include/moveit/python/pybind11/detail/init.h
[225.278s] -- Up-to-date: /home/aaron/ur_ws/install/moveit_task_constructor_core/include/moveit/python/pybind11/detail/internals.h
[225.278s] -- Up-to-date: /home/aaron/ur_ws/install/moveit_task_constructor_core/include/moveit/python/pybind11/detail/type_caster_odr_guard.h
[225.278s] -- Up-to-date: /home/aaron/ur_ws/install/moveit_task_constructor_core/include/moveit/python/pybind11/detail/type_caster_base.h
[225.278s] -- Up-to-date: /home/aaron/ur_ws/install/moveit_task_constructor_core/include/moveit/python/pybind11/detail/smart_holder_sfinae_hooks_only.h
[225.278s] -- Up-to-date: /home/aaron/ur_ws/install/moveit_task_constructor_core/include/moveit/python/pybind11/detail/typeid.h
[225.278s] -- Up-to-date: /home/aaron/ur_ws/install/moveit_task_constructor_core/include/moveit/python/pybind11/iostream.h
[225.278s] -- Up-to-date: /home/aaron/ur_ws/install/moveit_task_constructor_core/include/moveit/python/pybind11/pytypes.h
[225.278s] -- Up-to-date: /home/aaron/ur_ws/install/moveit_task_constructor_core/include/moveit/python/pybind11/attr.h
[225.279s] -- Up-to-date: /home/aaron/ur_ws/install/moveit_task_constructor_core/include/moveit/python/pybind11/eigen.h
[225.279s] -- Up-to-date: /home/aaron/ur_ws/install/moveit_task_constructor_core/include/moveit/python/pybind11/trampoline_self_life_support.h
[225.279s] -- Up-to-date: /home/aaron/ur_ws/install/moveit_task_constructor_core/include/moveit/python/pybind11/stl
[225.279s] -- Up-to-date: /home/aaron/ur_ws/install/moveit_task_constructor_core/include/moveit/python/pybind11/stl/filesystem.h
[225.279s] -- Up-to-date: /home/aaron/ur_ws/install/moveit_task_constructor_core/include/moveit/python/pybind11/stl.h
[225.279s] -- Up-to-date: /home/aaron/ur_ws/install/moveit_task_constructor_core/include/moveit/python/pybind11/embed.h
[225.279s] -- Up-to-date: /home/aaron/ur_ws/install/moveit_task_constructor_core/include/moveit/python/pybind11/operators.h
[225.279s] -- Up-to-date: /home/aaron/ur_ws/install/moveit_task_constructor_core/share/moveit_task_constructor_core/cmake/pybind11Config.cmake
[225.279s] -- Up-to-date: /home/aaron/ur_ws/install/moveit_task_constructor_core/share/moveit_task_constructor_core/cmake/pybind11ConfigVersion.cmake
[225.279s] -- Up-to-date: /home/aaron/ur_ws/install/moveit_task_constructor_core/share/moveit_task_constructor_core/cmake/FindPythonLibsNew.cmake
[225.279s] -- Up-to-date: /home/aaron/ur_ws/install/moveit_task_constructor_core/share/moveit_task_constructor_core/cmake/pybind11Common.cmake
[225.279s] -- Up-to-date: /home/aaron/ur_ws/install/moveit_task_constructor_core/share/moveit_task_constructor_core/cmake/pybind11Tools.cmake
[225.279s] -- Up-to-date: /home/aaron/ur_ws/install/moveit_task_constructor_core/share/moveit_task_constructor_core/cmake/pybind11NewTools.cmake
[225.279s] -- Up-to-date: /home/aaron/ur_ws/install/moveit_task_constructor_core/share/moveit_task_constructor_core/cmake/pybind11Targets.cmake
[225.279s] -- Up-to-date: /home/aaron/ur_ws/install/moveit_task_constructor_core/share/pkgconfig/pybind11.pc
[225.279s] -- Installing: /home/aaron/ur_ws/install/moveit_task_constructor_core/local/lib/python3.10/dist-packages/pymoveit_mtc.cpython-310-x86_64-linux-gnu.so
[225.279s] -- Set runtime path of "/home/aaron/ur_ws/install/moveit_task_constructor_core/local/lib/python3.10/dist-packages/pymoveit_mtc.cpython-310-x86_64-linux-gnu.so" to ""
[225.279s] -- Up-to-date: /home/aaron/ur_ws/install/moveit_task_constructor_core/include
[225.279s] -- Up-to-date: /home/aaron/ur_ws/install/moveit_task_constructor_core/include/moveit
[225.279s] -- Up-to-date: /home/aaron/ur_ws/install/moveit_task_constructor_core/include/moveit/task_constructor
[225.280s] -- Up-to-date: /home/aaron/ur_ws/install/moveit_task_constructor_core/include/moveit/task_constructor/stages
[225.280s] -- Up-to-date: /home/aaron/ur_ws/install/moveit_task_constructor_core/include/moveit/task_constructor/stages/generate_place_pose.h
[225.280s] -- Up-to-date: /home/aaron/ur_ws/install/moveit_task_constructor_core/include/moveit/task_constructor/stages/predicate_filter.h
[225.280s] -- Up-to-date: /home/aaron/ur_ws/install/moveit_task_constructor_core/include/moveit/task_constructor/stages/compute_ik.h
[225.280s] -- Up-to-date: /home/aaron/ur_ws/install/moveit_task_constructor_core/include/moveit/task_constructor/stages/passthrough.h
[225.280s] -- Up-to-date: /home/aaron/ur_ws/install/moveit_task_constructor_core/include/moveit/task_constructor/stages/generate_random_pose.h
[225.280s] -- Up-to-date: /home/aaron/ur_ws/install/moveit_task_constructor_core/include/moveit/task_constructor/stages/noop.h
[225.280s] -- Up-to-date: /home/aaron/ur_ws/install/moveit_task_constructor_core/include/moveit/task_constructor/stages/move_to.h
[225.280s] -- Up-to-date: /home/aaron/ur_ws/install/moveit_task_constructor_core/include/moveit/task_constructor/stages/fixed_cartesian_poses.h
[225.280s] -- Up-to-date: /home/aaron/ur_ws/install/moveit_task_constructor_core/include/moveit/task_constructor/stages/generate_grasp_pose.h
[225.280s] -- Up-to-date: /home/aaron/ur_ws/install/moveit_task_constructor_core/include/moveit/task_constructor/stages/modify_planning_scene.h
[225.280s] -- Up-to-date: /home/aaron/ur_ws/install/moveit_task_constructor_core/include/moveit/task_constructor/stages/generate_pose.h
[225.280s] -- Up-to-date: /home/aaron/ur_ws/install/moveit_task_constructor_core/include/moveit/task_constructor/stages/current_state.h
[225.280s] -- Up-to-date: /home/aaron/ur_ws/install/moveit_task_constructor_core/include/moveit/task_constructor/stages/fix_collision_objects.h
[225.280s] -- Up-to-date: /home/aaron/ur_ws/install/moveit_task_constructor_core/include/moveit/task_constructor/stages/simple_grasp.h
[225.280s] -- Up-to-date: /home/aaron/ur_ws/install/moveit_task_constructor_core/include/moveit/task_constructor/stages/move_relative.h
[225.280s] -- Up-to-date: /home/aaron/ur_ws/install/moveit_task_constructor_core/include/moveit/task_constructor/stages/connect.h
[225.280s] -- Up-to-date: /home/aaron/ur_ws/install/moveit_task_constructor_core/include/moveit/task_constructor/stages/fixed_state.h
[225.281s] -- Up-to-date: /home/aaron/ur_ws/install/moveit_task_constructor_core/include/moveit/task_constructor/stages/pick.h
[225.281s] -- Up-to-date: /home/aaron/ur_ws/install/moveit_task_constructor_core/include/moveit/task_constructor/type_traits.h
[225.281s] -- Up-to-date: /home/aaron/ur_ws/install/moveit_task_constructor_core/include/moveit/task_constructor/stage.h
[225.281s] -- Up-to-date: /home/aaron/ur_ws/install/moveit_task_constructor_core/include/moveit/task_constructor/moveit_compat.h
[225.281s] -- Up-to-date: /home/aaron/ur_ws/install/moveit_task_constructor_core/include/moveit/task_constructor/container.h
[225.281s] -- Up-to-date: /home/aaron/ur_ws/install/moveit_task_constructor_core/include/moveit/task_constructor/cost_queue.h
[225.281s] -- Up-to-date: /home/aaron/ur_ws/install/moveit_task_constructor_core/include/moveit/task_constructor/storage.h
[225.281s] -- Up-to-date: /home/aaron/ur_ws/install/moveit_task_constructor_core/include/moveit/task_constructor/solvers.h
[225.281s] -- Up-to-date: /home/aaron/ur_ws/install/moveit_task_constructor_core/include/moveit/task_constructor/introspection.h
[225.281s] -- Up-to-date: /home/aaron/ur_ws/install/moveit_task_constructor_core/include/moveit/task_constructor/stages.h
[225.281s] -- Up-to-date: /home/aaron/ur_ws/install/moveit_task_constructor_core/include/moveit/task_constructor/merge.h
[225.281s] -- Up-to-date: /home/aaron/ur_ws/install/moveit_task_constructor_core/include/moveit/task_constructor/solvers
[225.281s] -- Up-to-date: /home/aaron/ur_ws/install/moveit_task_constructor_core/include/moveit/task_constructor/solvers/cartesian_path.h
[225.281s] -- Up-to-date: /home/aaron/ur_ws/install/moveit_task_constructor_core/include/moveit/task_constructor/solvers/planner_interface.h
[225.281s] -- Up-to-date: /home/aaron/ur_ws/install/moveit_task_constructor_core/include/moveit/task_constructor/solvers/joint_interpolation.h
[225.281s] -- Up-to-date: /home/aaron/ur_ws/install/moveit_task_constructor_core/include/moveit/task_constructor/solvers/multi_planner.h
[225.281s] -- Up-to-date: /home/aaron/ur_ws/install/moveit_task_constructor_core/include/moveit/task_constructor/solvers/pipeline_planner.h
[225.281s] -- Up-to-date: /home/aaron/ur_ws/install/moveit_task_constructor_core/include/moveit/task_constructor/utils.h
[225.281s] -- Up-to-date: /home/aaron/ur_ws/install/moveit_task_constructor_core/include/moveit/task_constructor/task.h
[225.281s] -- Up-to-date: /home/aaron/ur_ws/install/moveit_task_constructor_core/include/moveit/task_constructor/trajectory_execution_info.h
[225.281s] -- Up-to-date: /home/aaron/ur_ws/install/moveit_task_constructor_core/include/moveit/task_constructor/cost_terms.h
[225.281s] -- Up-to-date: /home/aaron/ur_ws/install/moveit_task_constructor_core/include/moveit/task_constructor/marker_tools.h
[225.282s] -- Up-to-date: /home/aaron/ur_ws/install/moveit_task_constructor_core/include/moveit/task_constructor/properties.h
[225.282s] -- Up-to-date: /home/aaron/ur_ws/install/moveit_task_constructor_core/include/moveit/python
[225.282s] -- Up-to-date: /home/aaron/ur_ws/install/moveit_task_constructor_core/include/moveit/python/task_constructor
[225.282s] -- Up-to-date: /home/aaron/ur_ws/install/moveit_task_constructor_core/include/moveit/python/task_constructor/properties.h
[225.282s] -- Up-to-date: /home/aaron/ur_ws/install/moveit_task_constructor_core/share/moveit_task_constructor_core/motion_planning_stages_plugin_description.xml
[225.282s] -- Up-to-date: /home/aaron/ur_ws/install/moveit_task_constructor_core/share/moveit_task_constructor_core/environment/library_path.sh
[225.282s] -- Up-to-date: /home/aaron/ur_ws/install/moveit_task_constructor_core/share/moveit_task_constructor_core/environment/library_path.dsv
[225.282s] -- Up-to-date: /home/aaron/ur_ws/install/moveit_task_constructor_core/share/ament_index/resource_index/package_run_dependencies/moveit_task_constructor_core
[225.282s] -- Up-to-date: /home/aaron/ur_ws/install/moveit_task_constructor_core/share/ament_index/resource_index/parent_prefix_path/moveit_task_constructor_core
[225.282s] -- Up-to-date: /home/aaron/ur_ws/install/moveit_task_constructor_core/share/moveit_task_constructor_core/environment/ament_prefix_path.sh
[225.282s] -- Up-to-date: /home/aaron/ur_ws/install/moveit_task_constructor_core/share/moveit_task_constructor_core/environment/ament_prefix_path.dsv
[225.282s] -- Up-to-date: /home/aaron/ur_ws/install/moveit_task_constructor_core/share/moveit_task_constructor_core/environment/path.sh
[225.282s] -- Up-to-date: /home/aaron/ur_ws/install/moveit_task_constructor_core/share/moveit_task_constructor_core/environment/path.dsv
[225.282s] -- Up-to-date: /home/aaron/ur_ws/install/moveit_task_constructor_core/share/moveit_task_constructor_core/local_setup.bash
[225.282s] -- Up-to-date: /home/aaron/ur_ws/install/moveit_task_constructor_core/share/moveit_task_constructor_core/local_setup.sh
[225.282s] -- Up-to-date: /home/aaron/ur_ws/install/moveit_task_constructor_core/share/moveit_task_constructor_core/local_setup.zsh
[225.282s] -- Up-to-date: /home/aaron/ur_ws/install/moveit_task_constructor_core/share/moveit_task_constructor_core/local_setup.dsv
[225.282s] -- Installing: /home/aaron/ur_ws/install/moveit_task_constructor_core/share/moveit_task_constructor_core/package.dsv
[225.282s] -- Up-to-date: /home/aaron/ur_ws/install/moveit_task_constructor_core/share/ament_index/resource_index/packages/moveit_task_constructor_core
[225.283s] -- Up-to-date: /home/aaron/ur_ws/install/moveit_task_constructor_core/share/ament_index/resource_index/moveit_task_constructor_core__pluginlib__plugin/moveit_task_constructor_core
[225.283s] -- Up-to-date: /home/aaron/ur_ws/install/moveit_task_constructor_core/share/moveit_task_constructor_core/cmake/moveit_task_constructor_coreTargetsExport.cmake
[225.283s] -- Up-to-date: /home/aaron/ur_ws/install/moveit_task_constructor_core/share/moveit_task_constructor_core/cmake/moveit_task_constructor_coreTargetsExport-release.cmake
[225.283s] -- Up-to-date: /home/aaron/ur_ws/install/moveit_task_constructor_core/share/moveit_task_constructor_core/cmake/ament_cmake_export_targets-extras.cmake
[225.283s] -- Up-to-date: /home/aaron/ur_ws/install/moveit_task_constructor_core/share/moveit_task_constructor_core/cmake/ament_cmake_export_dependencies-extras.cmake
[225.283s] -- Up-to-date: /home/aaron/ur_ws/install/moveit_task_constructor_core/share/moveit_task_constructor_core/cmake/moveit_task_constructor_coreConfig.cmake
[225.283s] -- Up-to-date: /home/aaron/ur_ws/install/moveit_task_constructor_core/share/moveit_task_constructor_core/cmake/moveit_task_constructor_coreConfig-version.cmake
[225.283s] -- Up-to-date: /home/aaron/ur_ws/install/moveit_task_constructor_core/share/moveit_task_constructor_core/package.xml
[225.284s] Invoked command in '/home/aaron/ur_ws/build/moveit_task_constructor_core' returned '0': AMENT_PREFIX_PATH=/home/aaron/ur_ws/install/moveit_planners:/home/aaron/ur_ws/install/pilz_industrial_motion_planner:/home/aaron/ur_ws/install/moveit_resources_prbt_pg70_support:/home/aaron/ur_ws/install/moveit_ros_planning_interface:/home/aaron/ur_ws/install/moveit_resources_prbt_moveit_config:/home/aaron/ur_ws/install/moveit_ros_move_group:/home/aaron/ur_ws/install/moveit_ros_warehouse:/home/aaron/ur_ws/install/moveit_planners_ompl:/home/aaron/ur_ws/install/moveit_kinematics:/home/aaron/ur_ws/install/moveit_ros_planning:/home/aaron/ur_ws/install/moveit_planners_chomp:/home/aaron/ur_ws/install/pilz_industrial_motion_planner_testutils:/home/aaron/ur_ws/install/moveit_simple_controller_manager:/home/aaron/ur_ws/install/moveit_ros_occupancy_map_monitor:/home/aaron/ur_ws/install/moveit_resources_prbt_ikfast_manipulator_plugin:/home/aaron/ur_ws/install/chomp_motion_planner:/home/aaron/ur_ws/install/moveit_core:/home/aaron/ur_ws/install/rviz_marker_tools:/home/aaron/ur_ws/install/moveit_resources_panda_moveit_config:/home/aaron/ur_ws/install/moveit_resources_fanuc_moveit_config:/home/aaron/ur_ws/install/moveit_configs_utils:/home/aaron/ur_ws/install/srdfdom:/home/aaron/ur_ws/install/moveit_task_constructor_msgs:/home/aaron/ur_ws/install/moveit_resources_prbt_support:/home/aaron/ur_ws/install/moveit_resources_pr2_description:/home/aaron/ur_ws/install/moveit_resources_panda_description:/home/aaron/ur_ws/install/moveit_resources_fanuc_description:/home/aaron/ur_ws/install/moveit_common:/home/aaron/ur_ws/install/launch_param_builder:${AMENT_PREFIX_PATH} CMAKE_PREFIX_PATH=/home/aaron/ur_ws/install/moveit_planners:/home/aaron/ur_ws/install/pilz_industrial_motion_planner:/home/aaron/ur_ws/install/moveit_resources_prbt_pg70_support:/home/aaron/ur_ws/install/moveit_ros_planning_interface:/home/aaron/ur_ws/install/moveit_resources_prbt_moveit_config:/home/aaron/ur_ws/install/moveit_ros_move_group:/home/aaron/ur_ws/install/moveit_ros_warehouse:/home/aaron/ur_ws/install/moveit_planners_ompl:/home/aaron/ur_ws/install/moveit_kinematics:/home/aaron/ur_ws/install/moveit_ros_planning:/home/aaron/ur_ws/install/moveit_planners_chomp:/home/aaron/ur_ws/install/pilz_industrial_motion_planner_testutils:/home/aaron/ur_ws/install/moveit_simple_controller_manager:/home/aaron/ur_ws/install/moveit_ros_occupancy_map_monitor:/home/aaron/ur_ws/install/moveit_resources_prbt_ikfast_manipulator_plugin:/home/aaron/ur_ws/install/chomp_motion_planner:/home/aaron/ur_ws/install/moveit_core:/home/aaron/ur_ws/install/rviz_marker_tools:/home/aaron/ur_ws/install/moveit_resources_panda_moveit_config:/home/aaron/ur_ws/install/moveit_resources_fanuc_moveit_config:/home/aaron/ur_ws/install/srdfdom:/home/aaron/ur_ws/install/moveit_task_constructor_msgs:/home/aaron/ur_ws/install/moveit_resources_prbt_support:/home/aaron/ur_ws/install/moveit_resources_pr2_description:/home/aaron/ur_ws/install/moveit_resources_panda_description:/home/aaron/ur_ws/install/moveit_resources_fanuc_description:/home/aaron/ur_ws/install/moveit_common:/opt/ros/humble LD_LIBRARY_PATH=/home/aaron/ur_ws/install/pilz_industrial_motion_planner/lib:/home/aaron/ur_ws/install/moveit_ros_planning_interface/lib:/home/aaron/ur_ws/install/moveit_ros_move_group/lib:/home/aaron/ur_ws/install/moveit_ros_warehouse/lib:/home/aaron/ur_ws/install/moveit_planners_ompl/lib:/home/aaron/ur_ws/install/moveit_kinematics/lib:/home/aaron/ur_ws/install/moveit_ros_planning/lib:/home/aaron/ur_ws/install/moveit_planners_chomp/lib:/home/aaron/ur_ws/install/pilz_industrial_motion_planner_testutils/lib:/home/aaron/ur_ws/install/moveit_simple_controller_manager/lib:/home/aaron/ur_ws/install/moveit_ros_occupancy_map_monitor/lib:/home/aaron/ur_ws/install/moveit_resources_prbt_ikfast_manipulator_plugin/lib:/home/aaron/ur_ws/install/chomp_motion_planner/lib:/home/aaron/ur_ws/install/moveit_core/lib:/home/aaron/ur_ws/install/rviz_marker_tools/lib:/home/aaron/ur_ws/install/srdfdom/lib:/home/aaron/ur_ws/install/moveit_task_constructor_msgs/lib:${LD_LIBRARY_PATH} PATH=/home/aaron/ur_ws/install/moveit_core/bin:${PATH} PYTHONPATH=/home/aaron/ur_ws/install/moveit_configs_utils/lib/python3.10/site-packages:/home/aaron/ur_ws/install/srdfdom/local/lib/python3.10/dist-packages:/home/aaron/ur_ws/install/moveit_task_constructor_msgs/local/lib/python3.10/dist-packages:/home/aaron/ur_ws/install/launch_param_builder/lib/python3.10/site-packages:${PYTHONPATH} /usr/bin/cmake --install /home/aaron/ur_ws/build/moveit_task_constructor_core
