[35m[1mConsolidate compiler generated dependencies of target moveit_py_utils[0m
[  0%] Built target ament_cmake_python_copy_moveit
[ 12%] Built target moveit_py_utils
[ 16%] [32mBuilding CXX object CMakeFiles/planning.dir/src/moveit/planning.cpp.o[0m
[ 20%] [32mBuilding CXX object CMakeFiles/planning.dir/src/moveit/moveit_ros/moveit_cpp/moveit_cpp.cpp.o[0m
[ 25%] [32mBuilding CXX object CMakeFiles/planning.dir/src/moveit/moveit_ros/moveit_cpp/planning_component.cpp.o[0m
[ 29%] [32mBuilding CXX object CMakeFiles/core.dir/src/moveit/core.cpp.o[0m
[ 33%] [32mBuilding CXX object CMakeFiles/core.dir/src/moveit/moveit_core/collision_detection/collision_common.cpp.o[0m
[ 37%] [32mBuilding CXX object CMakeFiles/core.dir/src/moveit/moveit_core/collision_detection/collision_matrix.cpp.o[0m
[ 41%] [32mBuilding CXX object CMakeFiles/planning.dir/src/moveit/moveit_ros/planning_scene_monitor/planning_scene_monitor.cpp.o[0m
[ 45%] [32mBuilding CXX object CMakeFiles/core.dir/src/moveit/moveit_core/collision_detection/world.cpp.o[0m
[ 50%] [32mBuilding CXX object CMakeFiles/planning.dir/src/moveit/moveit_ros/trajectory_execution_manager/trajectory_execution_manager.cpp.o[0m
[ 54%] [32mBuilding CXX object CMakeFiles/core.dir/src/moveit/moveit_core/planning_interface/planning_response.cpp.o[0m
[ 58%] [32mBuilding CXX object CMakeFiles/core.dir/src/moveit/moveit_core/kinematic_constraints/utils.cpp.o[0m
[ 62%] [32mBuilding CXX object CMakeFiles/core.dir/src/moveit/moveit_core/controller_manager/controller_manager.cpp.o[0m
[ 66%] [32mBuilding CXX object CMakeFiles/core.dir/src/moveit/moveit_core/planning_scene/planning_scene.cpp.o[0m
[ 70%] [32mBuilding CXX object CMakeFiles/core.dir/src/moveit/moveit_core/transforms/transforms.cpp.o[0m
[ 75%] [32mBuilding CXX object CMakeFiles/core.dir/src/moveit/moveit_core/robot_model/joint_model.cpp.o[0m
[ 79%] [32mBuilding CXX object CMakeFiles/core.dir/src/moveit/moveit_core/robot_model/joint_model_group.cpp.o[0m
[ 83%] [32mBuilding CXX object CMakeFiles/core.dir/src/moveit/moveit_core/robot_model/robot_model.cpp.o[0m
[ 87%] [32mBuilding CXX object CMakeFiles/core.dir/src/moveit/moveit_core/robot_state/robot_state.cpp.o[0m
[ 91%] [32mBuilding CXX object CMakeFiles/core.dir/src/moveit/moveit_core/robot_trajectory/robot_trajectory.cpp.o[0m
running egg_info
writing moveit.egg-info/PKG-INFO
writing dependency_links to moveit.egg-info/dependency_links.txt
writing top-level names to moveit.egg-info/top_level.txt
reading manifest file 'moveit.egg-info/SOURCES.txt'
writing manifest file 'moveit.egg-info/SOURCES.txt'
[ 91%] Built target ament_cmake_python_build_moveit_egg
[ 95%] [32m[1mLinking CXX shared module test_moveit/core.cpython-310-x86_64-linux-gnu.so[0m
lto-wrapper: warning: using serial compilation of 3 LTRANS jobs
[100%] [32m[1mLinking CXX shared module test_moveit/planning.cpython-310-x86_64-linux-gnu.so[0m
lto-wrapper: warning: using serial compilation of 2 LTRANS jobs
[100%] Built target planning
[100%] Built target core
-- Install configuration: ""
-- Installing: /home/aaron/ur_ws/install/moveit_py/lib/libmoveit_py_utils.so.
-- Set runtime path of "/home/aaron/ur_ws/install/moveit_py/lib/libmoveit_py_utils.so." to ""
-- Up-to-date: /home/aaron/ur_ws/install/moveit_py/lib/libmoveit_py_utils.so
-- Up-to-date: /home/aaron/ur_ws/install/moveit_py/include/moveit_py
-- Up-to-date: /home/aaron/ur_ws/install/moveit_py/include/moveit_py/moveit_py
-- Up-to-date: /home/aaron/ur_ws/install/moveit_py/include/moveit_py/moveit_py/moveit_py_utils
-- Up-to-date: /home/aaron/ur_ws/install/moveit_py/include/moveit_py/moveit_py/moveit_py_utils/ros_msg_typecasters.h
-- Up-to-date: /home/aaron/ur_ws/install/moveit_py/include/moveit_py/moveit_py/moveit_py_utils/copy_ros_msg.hpp
-- Up-to-date: /home/aaron/ur_ws/install/moveit_py/include/moveit_py/moveit_py/moveit_py_utils/copy_ros_msg.h
-- Up-to-date: /home/aaron/ur_ws/install/moveit_py/include/moveit_py/moveit_py/moveit_py_utils/ros_msg_typecasters.hpp
-- Up-to-date: /home/aaron/ur_ws/install/moveit_py/include/moveit_py/moveit_py/moveit_py_utils/rclpy_time_typecaster.hpp
-- Up-to-date: /home/aaron/ur_ws/install/moveit_py/share/moveit_py/environment/pythonpath.sh
-- Up-to-date: /home/aaron/ur_ws/install/moveit_py/share/moveit_py/environment/pythonpath.dsv
-- Up-to-date: /home/aaron/ur_ws/install/moveit_py/local/lib/python3.10/dist-packages/moveit-2.5.9-py3.10.egg-info
-- Installing: /home/aaron/ur_ws/install/moveit_py/local/lib/python3.10/dist-packages/moveit-2.5.9-py3.10.egg-info/SOURCES.txt
-- Installing: /home/aaron/ur_ws/install/moveit_py/local/lib/python3.10/dist-packages/moveit-2.5.9-py3.10.egg-info/PKG-INFO
-- Installing: /home/aaron/ur_ws/install/moveit_py/local/lib/python3.10/dist-packages/moveit-2.5.9-py3.10.egg-info/dependency_links.txt
-- Installing: /home/aaron/ur_ws/install/moveit_py/local/lib/python3.10/dist-packages/moveit-2.5.9-py3.10.egg-info/top_level.txt
-- Up-to-date: /home/aaron/ur_ws/install/moveit_py/local/lib/python3.10/dist-packages/moveit
-- Up-to-date: /home/aaron/ur_ws/install/moveit_py/local/lib/python3.10/dist-packages/moveit/__init__.py
-- Up-to-date: /home/aaron/ur_ws/install/moveit_py/local/lib/python3.10/dist-packages/moveit/utils.py
-- Up-to-date: /home/aaron/ur_ws/install/moveit_py/local/lib/python3.10/dist-packages/moveit/planning.pyi
-- Up-to-date: /home/aaron/ur_ws/install/moveit_py/local/lib/python3.10/dist-packages/moveit/core
-- Up-to-date: /home/aaron/ur_ws/install/moveit_py/local/lib/python3.10/dist-packages/moveit/core/robot_trajectory.pyi
-- Up-to-date: /home/aaron/ur_ws/install/moveit_py/local/lib/python3.10/dist-packages/moveit/core/robot_state.pyi
-- Up-to-date: /home/aaron/ur_ws/install/moveit_py/local/lib/python3.10/dist-packages/moveit/core/collision_detection.pyi
-- Up-to-date: /home/aaron/ur_ws/install/moveit_py/local/lib/python3.10/dist-packages/moveit/core/robot_model.pyi
-- Up-to-date: /home/aaron/ur_ws/install/moveit_py/local/lib/python3.10/dist-packages/moveit/core/planning_interface.pyi
-- Up-to-date: /home/aaron/ur_ws/install/moveit_py/local/lib/python3.10/dist-packages/moveit/core/planning_scene.pyi
-- Up-to-date: /home/aaron/ur_ws/install/moveit_py/local/lib/python3.10/dist-packages/moveit/core/kinematic_constraints.pyi
-- Up-to-date: /home/aaron/ur_ws/install/moveit_py/local/lib/python3.10/dist-packages/moveit/core/controller_manager.pyi
-- Up-to-date: /home/aaron/ur_ws/install/moveit_py/local/lib/python3.10/dist-packages/moveit/core/__init__.pyi
-- Up-to-date: /home/aaron/ur_ws/install/moveit_py/local/lib/python3.10/dist-packages/moveit/utils.pyi
-- Up-to-date: /home/aaron/ur_ws/install/moveit_py/local/lib/python3.10/dist-packages/moveit/README.md
Listing '/home/aaron/ur_ws/install/moveit_py/local/lib/python3.10/dist-packages/moveit'...
Listing '/home/aaron/ur_ws/install/moveit_py/local/lib/python3.10/dist-packages/moveit/core'...
-- Installing: /home/aaron/ur_ws/install/moveit_py/local/lib/python3.10/dist-packages/moveit/core.cpython-310-x86_64-linux-gnu.so
-- Set runtime path of "/home/aaron/ur_ws/install/moveit_py/local/lib/python3.10/dist-packages/moveit/core.cpython-310-x86_64-linux-gnu.so" to ""
-- Installing: /home/aaron/ur_ws/install/moveit_py/local/lib/python3.10/dist-packages/moveit/planning.cpython-310-x86_64-linux-gnu.so
-- Set runtime path of "/home/aaron/ur_ws/install/moveit_py/local/lib/python3.10/dist-packages/moveit/planning.cpython-310-x86_64-linux-gnu.so" to ""
-- Up-to-date: /home/aaron/ur_ws/install/moveit_py/share/moveit_py/environment/library_path.sh
-- Up-to-date: /home/aaron/ur_ws/install/moveit_py/share/moveit_py/environment/library_path.dsv
-- Up-to-date: /home/aaron/ur_ws/install/moveit_py/share/ament_index/resource_index/package_run_dependencies/moveit_py
-- Up-to-date: /home/aaron/ur_ws/install/moveit_py/share/ament_index/resource_index/parent_prefix_path/moveit_py
-- Up-to-date: /home/aaron/ur_ws/install/moveit_py/share/moveit_py/environment/ament_prefix_path.sh
-- Up-to-date: /home/aaron/ur_ws/install/moveit_py/share/moveit_py/environment/ament_prefix_path.dsv
-- Up-to-date: /home/aaron/ur_ws/install/moveit_py/share/moveit_py/environment/path.sh
-- Up-to-date: /home/aaron/ur_ws/install/moveit_py/share/moveit_py/environment/path.dsv
-- Up-to-date: /home/aaron/ur_ws/install/moveit_py/share/moveit_py/local_setup.bash
-- Up-to-date: /home/aaron/ur_ws/install/moveit_py/share/moveit_py/local_setup.sh
-- Up-to-date: /home/aaron/ur_ws/install/moveit_py/share/moveit_py/local_setup.zsh
-- Up-to-date: /home/aaron/ur_ws/install/moveit_py/share/moveit_py/local_setup.dsv
-- Installing: /home/aaron/ur_ws/install/moveit_py/share/moveit_py/package.dsv
-- Up-to-date: /home/aaron/ur_ws/install/moveit_py/share/ament_index/resource_index/packages/moveit_py
-- Up-to-date: /home/aaron/ur_ws/install/moveit_py/share/moveit_py/cmake/moveit_py_utilsTargetsExport.cmake
-- Up-to-date: /home/aaron/ur_ws/install/moveit_py/share/moveit_py/cmake/moveit_py_utilsTargetsExport-noconfig.cmake
-- Up-to-date: /home/aaron/ur_ws/install/moveit_py/share/moveit_py/cmake/ament_cmake_export_targets-extras.cmake
-- Up-to-date: /home/aaron/ur_ws/install/moveit_py/share/moveit_py/cmake/ament_cmake_export_dependencies-extras.cmake
-- Up-to-date: /home/aaron/ur_ws/install/moveit_py/share/moveit_py/cmake/moveit_pyConfig.cmake
-- Up-to-date: /home/aaron/ur_ws/install/moveit_py/share/moveit_py/cmake/moveit_pyConfig-version.cmake
-- Up-to-date: /home/aaron/ur_ws/install/moveit_py/share/moveit_py/package.xml
