[0.036s] Invoking command in '/home/aaron/ur_ws/build/moveit_py': AMENT_PREFIX_PATH=/home/aaron/ur_ws/install/moveit_ros_planning_interface:/home/aaron/ur_ws/install/moveit_ros_move_group:/home/aaron/ur_ws/install/moveit_ros_warehouse:/home/aaron/ur_ws/install/moveit_planners_ompl:/home/aaron/ur_ws/install/moveit_kinematics:/home/aaron/ur_ws/install/moveit_ros_planning:/home/aaron/ur_ws/install/moveit_simple_controller_manager:/home/aaron/ur_ws/install/moveit_ros_occupancy_map_monitor:/home/aaron/ur_ws/install/moveit_core:/home/aaron/ur_ws/install/moveit_resources_panda_moveit_config:/home/aaron/ur_ws/install/moveit_resources_fanuc_moveit_config:/home/aaron/ur_ws/install/moveit_configs_utils:/home/aaron/ur_ws/install/srdfdom:/home/aaron/ur_ws/install/moveit_resources_pr2_description:/home/aaron/ur_ws/install/moveit_resources_panda_description:/home/aaron/ur_ws/install/moveit_resources_fanuc_description:/home/aaron/ur_ws/install/moveit_common:/home/aaron/ur_ws/install/launch_param_builder:${AMENT_PREFIX_PATH} CMAKE_PREFIX_PATH=/home/aaron/ur_ws/install/moveit_ros_planning_interface:/home/aaron/ur_ws/install/moveit_ros_move_group:/home/aaron/ur_ws/install/moveit_ros_warehouse:/home/aaron/ur_ws/install/moveit_planners_ompl:/home/aaron/ur_ws/install/moveit_kinematics:/home/aaron/ur_ws/install/moveit_ros_planning:/home/aaron/ur_ws/install/moveit_simple_controller_manager:/home/aaron/ur_ws/install/moveit_ros_occupancy_map_monitor:/home/aaron/ur_ws/install/moveit_core:/home/aaron/ur_ws/install/moveit_resources_panda_moveit_config:/home/aaron/ur_ws/install/moveit_resources_fanuc_moveit_config:/home/aaron/ur_ws/install/srdfdom:/home/aaron/ur_ws/install/moveit_resources_pr2_description:/home/aaron/ur_ws/install/moveit_resources_panda_description:/home/aaron/ur_ws/install/moveit_resources_fanuc_description:/home/aaron/ur_ws/install/moveit_common:/opt/ros/humble LD_LIBRARY_PATH=/home/aaron/ur_ws/install/moveit_ros_planning_interface/lib:/home/aaron/ur_ws/install/moveit_ros_move_group/lib:/home/aaron/ur_ws/install/moveit_ros_warehouse/lib:/home/aaron/ur_ws/install/moveit_planners_ompl/lib:/home/aaron/ur_ws/install/moveit_kinematics/lib:/home/aaron/ur_ws/install/moveit_ros_planning/lib:/home/aaron/ur_ws/install/moveit_simple_controller_manager/lib:/home/aaron/ur_ws/install/moveit_ros_occupancy_map_monitor/lib:/home/aaron/ur_ws/install/moveit_core/lib:/home/aaron/ur_ws/install/srdfdom/lib:${LD_LIBRARY_PATH} PATH=/home/aaron/ur_ws/install/moveit_core/bin:${PATH} PYTHONPATH=/home/aaron/ur_ws/install/moveit_configs_utils/lib/python3.10/site-packages:/home/aaron/ur_ws/install/srdfdom/local/lib/python3.10/dist-packages:/home/aaron/ur_ws/install/launch_param_builder/lib/python3.10/site-packages:${PYTHONPATH} /usr/bin/cmake --build /home/aaron/ur_ws/build/moveit_py -- -j20 -l20
[0.079s] [35m[1mConsolidate compiler generated dependencies of target moveit_py_utils[0m
[0.099s] [  0%] Built target ament_cmake_python_copy_moveit
[0.103s] [ 12%] Built target moveit_py_utils
[0.162s] [ 16%] [32mBuilding CXX object CMakeFiles/planning.dir/src/moveit/planning.cpp.o[0m
[0.165s] [ 20%] [32mBuilding CXX object CMakeFiles/planning.dir/src/moveit/moveit_ros/moveit_cpp/moveit_cpp.cpp.o[0m
[0.176s] [ 25%] [32mBuilding CXX object CMakeFiles/planning.dir/src/moveit/moveit_ros/moveit_cpp/planning_component.cpp.o[0m
[0.176s] [ 29%] [32mBuilding CXX object CMakeFiles/core.dir/src/moveit/core.cpp.o[0m
[0.181s] [ 33%] [32mBuilding CXX object CMakeFiles/core.dir/src/moveit/moveit_core/collision_detection/collision_common.cpp.o[0m
[0.181s] [ 37%] [32mBuilding CXX object CMakeFiles/core.dir/src/moveit/moveit_core/collision_detection/collision_matrix.cpp.o[0m
[0.189s] [ 41%] [32mBuilding CXX object CMakeFiles/planning.dir/src/moveit/moveit_ros/planning_scene_monitor/planning_scene_monitor.cpp.o[0m
[0.189s] [ 45%] [32mBuilding CXX object CMakeFiles/core.dir/src/moveit/moveit_core/collision_detection/world.cpp.o[0m
[0.189s] [ 50%] [32mBuilding CXX object CMakeFiles/planning.dir/src/moveit/moveit_ros/trajectory_execution_manager/trajectory_execution_manager.cpp.o[0m
[0.191s] [ 54%] [32mBuilding CXX object CMakeFiles/core.dir/src/moveit/moveit_core/planning_interface/planning_response.cpp.o[0m
[0.193s] [ 58%] [32mBuilding CXX object CMakeFiles/core.dir/src/moveit/moveit_core/kinematic_constraints/utils.cpp.o[0m
[0.193s] [ 62%] [32mBuilding CXX object CMakeFiles/core.dir/src/moveit/moveit_core/controller_manager/controller_manager.cpp.o[0m
[0.211s] [ 66%] [32mBuilding CXX object CMakeFiles/core.dir/src/moveit/moveit_core/planning_scene/planning_scene.cpp.o[0m
[0.216s] [ 70%] [32mBuilding CXX object CMakeFiles/core.dir/src/moveit/moveit_core/transforms/transforms.cpp.o[0m
[0.220s] [ 75%] [32mBuilding CXX object CMakeFiles/core.dir/src/moveit/moveit_core/robot_model/joint_model.cpp.o[0m
[0.229s] [ 79%] [32mBuilding CXX object CMakeFiles/core.dir/src/moveit/moveit_core/robot_model/joint_model_group.cpp.o[0m
[0.232s] [ 83%] [32mBuilding CXX object CMakeFiles/core.dir/src/moveit/moveit_core/robot_model/robot_model.cpp.o[0m
[0.239s] [ 87%] [32mBuilding CXX object CMakeFiles/core.dir/src/moveit/moveit_core/robot_state/robot_state.cpp.o[0m
[0.266s] [ 91%] [32mBuilding CXX object CMakeFiles/core.dir/src/moveit/moveit_core/robot_trajectory/robot_trajectory.cpp.o[0m
[0.771s] running egg_info
[0.773s] writing moveit.egg-info/PKG-INFO
[0.773s] writing dependency_links to moveit.egg-info/dependency_links.txt
[0.773s] writing top-level names to moveit.egg-info/top_level.txt
[0.781s] reading manifest file 'moveit.egg-info/SOURCES.txt'
[0.782s] writing manifest file 'moveit.egg-info/SOURCES.txt'
[0.903s] [ 91%] Built target ament_cmake_python_build_moveit_egg
[62.347s] [ 95%] [32m[1mLinking CXX shared module test_moveit/core.cpython-310-x86_64-linux-gnu.so[0m
[66.703s] lto-wrapper: warning: using serial compilation of 3 LTRANS jobs
[69.293s] [100%] [32m[1mLinking CXX shared module test_moveit/planning.cpython-310-x86_64-linux-gnu.so[0m
[71.150s] lto-wrapper: warning: using serial compilation of 2 LTRANS jobs
[79.421s] [100%] Built target planning
[81.522s] [100%] Built target core
[81.549s] Invoked command in '/home/aaron/ur_ws/build/moveit_py' returned '0': AMENT_PREFIX_PATH=/home/aaron/ur_ws/install/moveit_ros_planning_interface:/home/aaron/ur_ws/install/moveit_ros_move_group:/home/aaron/ur_ws/install/moveit_ros_warehouse:/home/aaron/ur_ws/install/moveit_planners_ompl:/home/aaron/ur_ws/install/moveit_kinematics:/home/aaron/ur_ws/install/moveit_ros_planning:/home/aaron/ur_ws/install/moveit_simple_controller_manager:/home/aaron/ur_ws/install/moveit_ros_occupancy_map_monitor:/home/aaron/ur_ws/install/moveit_core:/home/aaron/ur_ws/install/moveit_resources_panda_moveit_config:/home/aaron/ur_ws/install/moveit_resources_fanuc_moveit_config:/home/aaron/ur_ws/install/moveit_configs_utils:/home/aaron/ur_ws/install/srdfdom:/home/aaron/ur_ws/install/moveit_resources_pr2_description:/home/aaron/ur_ws/install/moveit_resources_panda_description:/home/aaron/ur_ws/install/moveit_resources_fanuc_description:/home/aaron/ur_ws/install/moveit_common:/home/aaron/ur_ws/install/launch_param_builder:${AMENT_PREFIX_PATH} CMAKE_PREFIX_PATH=/home/aaron/ur_ws/install/moveit_ros_planning_interface:/home/aaron/ur_ws/install/moveit_ros_move_group:/home/aaron/ur_ws/install/moveit_ros_warehouse:/home/aaron/ur_ws/install/moveit_planners_ompl:/home/aaron/ur_ws/install/moveit_kinematics:/home/aaron/ur_ws/install/moveit_ros_planning:/home/aaron/ur_ws/install/moveit_simple_controller_manager:/home/aaron/ur_ws/install/moveit_ros_occupancy_map_monitor:/home/aaron/ur_ws/install/moveit_core:/home/aaron/ur_ws/install/moveit_resources_panda_moveit_config:/home/aaron/ur_ws/install/moveit_resources_fanuc_moveit_config:/home/aaron/ur_ws/install/srdfdom:/home/aaron/ur_ws/install/moveit_resources_pr2_description:/home/aaron/ur_ws/install/moveit_resources_panda_description:/home/aaron/ur_ws/install/moveit_resources_fanuc_description:/home/aaron/ur_ws/install/moveit_common:/opt/ros/humble LD_LIBRARY_PATH=/home/aaron/ur_ws/install/moveit_ros_planning_interface/lib:/home/aaron/ur_ws/install/moveit_ros_move_group/lib:/home/aaron/ur_ws/install/moveit_ros_warehouse/lib:/home/aaron/ur_ws/install/moveit_planners_ompl/lib:/home/aaron/ur_ws/install/moveit_kinematics/lib:/home/aaron/ur_ws/install/moveit_ros_planning/lib:/home/aaron/ur_ws/install/moveit_simple_controller_manager/lib:/home/aaron/ur_ws/install/moveit_ros_occupancy_map_monitor/lib:/home/aaron/ur_ws/install/moveit_core/lib:/home/aaron/ur_ws/install/srdfdom/lib:${LD_LIBRARY_PATH} PATH=/home/aaron/ur_ws/install/moveit_core/bin:${PATH} PYTHONPATH=/home/aaron/ur_ws/install/moveit_configs_utils/lib/python3.10/site-packages:/home/aaron/ur_ws/install/srdfdom/local/lib/python3.10/dist-packages:/home/aaron/ur_ws/install/launch_param_builder/lib/python3.10/site-packages:${PYTHONPATH} /usr/bin/cmake --build /home/aaron/ur_ws/build/moveit_py -- -j20 -l20
[81.553s] Invoking command in '/home/aaron/ur_ws/build/moveit_py': AMENT_PREFIX_PATH=/home/aaron/ur_ws/install/moveit_ros_planning_interface:/home/aaron/ur_ws/install/moveit_ros_move_group:/home/aaron/ur_ws/install/moveit_ros_warehouse:/home/aaron/ur_ws/install/moveit_planners_ompl:/home/aaron/ur_ws/install/moveit_kinematics:/home/aaron/ur_ws/install/moveit_ros_planning:/home/aaron/ur_ws/install/moveit_simple_controller_manager:/home/aaron/ur_ws/install/moveit_ros_occupancy_map_monitor:/home/aaron/ur_ws/install/moveit_core:/home/aaron/ur_ws/install/moveit_resources_panda_moveit_config:/home/aaron/ur_ws/install/moveit_resources_fanuc_moveit_config:/home/aaron/ur_ws/install/moveit_configs_utils:/home/aaron/ur_ws/install/srdfdom:/home/aaron/ur_ws/install/moveit_resources_pr2_description:/home/aaron/ur_ws/install/moveit_resources_panda_description:/home/aaron/ur_ws/install/moveit_resources_fanuc_description:/home/aaron/ur_ws/install/moveit_common:/home/aaron/ur_ws/install/launch_param_builder:${AMENT_PREFIX_PATH} CMAKE_PREFIX_PATH=/home/aaron/ur_ws/install/moveit_ros_planning_interface:/home/aaron/ur_ws/install/moveit_ros_move_group:/home/aaron/ur_ws/install/moveit_ros_warehouse:/home/aaron/ur_ws/install/moveit_planners_ompl:/home/aaron/ur_ws/install/moveit_kinematics:/home/aaron/ur_ws/install/moveit_ros_planning:/home/aaron/ur_ws/install/moveit_simple_controller_manager:/home/aaron/ur_ws/install/moveit_ros_occupancy_map_monitor:/home/aaron/ur_ws/install/moveit_core:/home/aaron/ur_ws/install/moveit_resources_panda_moveit_config:/home/aaron/ur_ws/install/moveit_resources_fanuc_moveit_config:/home/aaron/ur_ws/install/srdfdom:/home/aaron/ur_ws/install/moveit_resources_pr2_description:/home/aaron/ur_ws/install/moveit_resources_panda_description:/home/aaron/ur_ws/install/moveit_resources_fanuc_description:/home/aaron/ur_ws/install/moveit_common:/opt/ros/humble LD_LIBRARY_PATH=/home/aaron/ur_ws/install/moveit_ros_planning_interface/lib:/home/aaron/ur_ws/install/moveit_ros_move_group/lib:/home/aaron/ur_ws/install/moveit_ros_warehouse/lib:/home/aaron/ur_ws/install/moveit_planners_ompl/lib:/home/aaron/ur_ws/install/moveit_kinematics/lib:/home/aaron/ur_ws/install/moveit_ros_planning/lib:/home/aaron/ur_ws/install/moveit_simple_controller_manager/lib:/home/aaron/ur_ws/install/moveit_ros_occupancy_map_monitor/lib:/home/aaron/ur_ws/install/moveit_core/lib:/home/aaron/ur_ws/install/srdfdom/lib:${LD_LIBRARY_PATH} PATH=/home/aaron/ur_ws/install/moveit_core/bin:${PATH} PYTHONPATH=/home/aaron/ur_ws/install/moveit_configs_utils/lib/python3.10/site-packages:/home/aaron/ur_ws/install/srdfdom/local/lib/python3.10/dist-packages:/home/aaron/ur_ws/install/launch_param_builder/lib/python3.10/site-packages:${PYTHONPATH} /usr/bin/cmake --install /home/aaron/ur_ws/build/moveit_py
[81.572s] -- Install configuration: ""
[81.575s] -- Installing: /home/aaron/ur_ws/install/moveit_py/lib/libmoveit_py_utils.so.
[81.580s] -- Set runtime path of "/home/aaron/ur_ws/install/moveit_py/lib/libmoveit_py_utils.so." to ""
[81.580s] -- Up-to-date: /home/aaron/ur_ws/install/moveit_py/lib/libmoveit_py_utils.so
[81.581s] -- Up-to-date: /home/aaron/ur_ws/install/moveit_py/include/moveit_py
[81.581s] -- Up-to-date: /home/aaron/ur_ws/install/moveit_py/include/moveit_py/moveit_py
[81.582s] -- Up-to-date: /home/aaron/ur_ws/install/moveit_py/include/moveit_py/moveit_py/moveit_py_utils
[81.582s] -- Up-to-date: /home/aaron/ur_ws/install/moveit_py/include/moveit_py/moveit_py/moveit_py_utils/ros_msg_typecasters.h
[81.582s] -- Up-to-date: /home/aaron/ur_ws/install/moveit_py/include/moveit_py/moveit_py/moveit_py_utils/copy_ros_msg.hpp
[81.583s] -- Up-to-date: /home/aaron/ur_ws/install/moveit_py/include/moveit_py/moveit_py/moveit_py_utils/copy_ros_msg.h
[81.583s] -- Up-to-date: /home/aaron/ur_ws/install/moveit_py/include/moveit_py/moveit_py/moveit_py_utils/ros_msg_typecasters.hpp
[81.583s] -- Up-to-date: /home/aaron/ur_ws/install/moveit_py/include/moveit_py/moveit_py/moveit_py_utils/rclpy_time_typecaster.hpp
[81.584s] -- Up-to-date: /home/aaron/ur_ws/install/moveit_py/share/moveit_py/environment/pythonpath.sh
[81.584s] -- Up-to-date: /home/aaron/ur_ws/install/moveit_py/share/moveit_py/environment/pythonpath.dsv
[81.584s] -- Up-to-date: /home/aaron/ur_ws/install/moveit_py/local/lib/python3.10/dist-packages/moveit-2.5.9-py3.10.egg-info
[81.584s] -- Installing: /home/aaron/ur_ws/install/moveit_py/local/lib/python3.10/dist-packages/moveit-2.5.9-py3.10.egg-info/SOURCES.txt
[81.584s] -- Installing: /home/aaron/ur_ws/install/moveit_py/local/lib/python3.10/dist-packages/moveit-2.5.9-py3.10.egg-info/PKG-INFO
[81.584s] -- Installing: /home/aaron/ur_ws/install/moveit_py/local/lib/python3.10/dist-packages/moveit-2.5.9-py3.10.egg-info/dependency_links.txt
[81.585s] -- Installing: /home/aaron/ur_ws/install/moveit_py/local/lib/python3.10/dist-packages/moveit-2.5.9-py3.10.egg-info/top_level.txt
[81.585s] -- Up-to-date: /home/aaron/ur_ws/install/moveit_py/local/lib/python3.10/dist-packages/moveit
[81.585s] -- Up-to-date: /home/aaron/ur_ws/install/moveit_py/local/lib/python3.10/dist-packages/moveit/__init__.py
[81.585s] -- Up-to-date: /home/aaron/ur_ws/install/moveit_py/local/lib/python3.10/dist-packages/moveit/utils.py
[81.585s] -- Up-to-date: /home/aaron/ur_ws/install/moveit_py/local/lib/python3.10/dist-packages/moveit/planning.pyi
[81.585s] -- Up-to-date: /home/aaron/ur_ws/install/moveit_py/local/lib/python3.10/dist-packages/moveit/core
[81.586s] -- Up-to-date: /home/aaron/ur_ws/install/moveit_py/local/lib/python3.10/dist-packages/moveit/core/robot_trajectory.pyi
[81.586s] -- Up-to-date: /home/aaron/ur_ws/install/moveit_py/local/lib/python3.10/dist-packages/moveit/core/robot_state.pyi
[81.586s] -- Up-to-date: /home/aaron/ur_ws/install/moveit_py/local/lib/python3.10/dist-packages/moveit/core/collision_detection.pyi
[81.586s] -- Up-to-date: /home/aaron/ur_ws/install/moveit_py/local/lib/python3.10/dist-packages/moveit/core/robot_model.pyi
[81.586s] -- Up-to-date: /home/aaron/ur_ws/install/moveit_py/local/lib/python3.10/dist-packages/moveit/core/planning_interface.pyi
[81.587s] -- Up-to-date: /home/aaron/ur_ws/install/moveit_py/local/lib/python3.10/dist-packages/moveit/core/planning_scene.pyi
[81.587s] -- Up-to-date: /home/aaron/ur_ws/install/moveit_py/local/lib/python3.10/dist-packages/moveit/core/kinematic_constraints.pyi
[81.587s] -- Up-to-date: /home/aaron/ur_ws/install/moveit_py/local/lib/python3.10/dist-packages/moveit/core/controller_manager.pyi
[81.587s] -- Up-to-date: /home/aaron/ur_ws/install/moveit_py/local/lib/python3.10/dist-packages/moveit/core/__init__.pyi
[81.587s] -- Up-to-date: /home/aaron/ur_ws/install/moveit_py/local/lib/python3.10/dist-packages/moveit/utils.pyi
[81.587s] -- Up-to-date: /home/aaron/ur_ws/install/moveit_py/local/lib/python3.10/dist-packages/moveit/README.md
[81.666s] Listing '/home/aaron/ur_ws/install/moveit_py/local/lib/python3.10/dist-packages/moveit'...
[81.667s] Listing '/home/aaron/ur_ws/install/moveit_py/local/lib/python3.10/dist-packages/moveit/core'...
[81.678s] -- Installing: /home/aaron/ur_ws/install/moveit_py/local/lib/python3.10/dist-packages/moveit/core.cpython-310-x86_64-linux-gnu.so
[81.691s] -- Set runtime path of "/home/aaron/ur_ws/install/moveit_py/local/lib/python3.10/dist-packages/moveit/core.cpython-310-x86_64-linux-gnu.so" to ""
[81.692s] -- Installing: /home/aaron/ur_ws/install/moveit_py/local/lib/python3.10/dist-packages/moveit/planning.cpython-310-x86_64-linux-gnu.so
[81.701s] -- Set runtime path of "/home/aaron/ur_ws/install/moveit_py/local/lib/python3.10/dist-packages/moveit/planning.cpython-310-x86_64-linux-gnu.so" to ""
[81.702s] -- Up-to-date: /home/aaron/ur_ws/install/moveit_py/share/moveit_py/environment/library_path.sh
[81.702s] -- Up-to-date: /home/aaron/ur_ws/install/moveit_py/share/moveit_py/environment/library_path.dsv
[81.702s] -- Up-to-date: /home/aaron/ur_ws/install/moveit_py/share/ament_index/resource_index/package_run_dependencies/moveit_py
[81.702s] -- Up-to-date: /home/aaron/ur_ws/install/moveit_py/share/ament_index/resource_index/parent_prefix_path/moveit_py
[81.703s] -- Up-to-date: /home/aaron/ur_ws/install/moveit_py/share/moveit_py/environment/ament_prefix_path.sh
[81.703s] -- Up-to-date: /home/aaron/ur_ws/install/moveit_py/share/moveit_py/environment/ament_prefix_path.dsv
[81.703s] -- Up-to-date: /home/aaron/ur_ws/install/moveit_py/share/moveit_py/environment/path.sh
[81.703s] -- Up-to-date: /home/aaron/ur_ws/install/moveit_py/share/moveit_py/environment/path.dsv
[81.703s] -- Up-to-date: /home/aaron/ur_ws/install/moveit_py/share/moveit_py/local_setup.bash
[81.704s] -- Up-to-date: /home/aaron/ur_ws/install/moveit_py/share/moveit_py/local_setup.sh
[81.704s] -- Up-to-date: /home/aaron/ur_ws/install/moveit_py/share/moveit_py/local_setup.zsh
[81.704s] -- Up-to-date: /home/aaron/ur_ws/install/moveit_py/share/moveit_py/local_setup.dsv
[81.704s] -- Installing: /home/aaron/ur_ws/install/moveit_py/share/moveit_py/package.dsv
[81.704s] -- Up-to-date: /home/aaron/ur_ws/install/moveit_py/share/ament_index/resource_index/packages/moveit_py
[81.704s] -- Up-to-date: /home/aaron/ur_ws/install/moveit_py/share/moveit_py/cmake/moveit_py_utilsTargetsExport.cmake
[81.705s] -- Up-to-date: /home/aaron/ur_ws/install/moveit_py/share/moveit_py/cmake/moveit_py_utilsTargetsExport-noconfig.cmake
[81.705s] -- Up-to-date: /home/aaron/ur_ws/install/moveit_py/share/moveit_py/cmake/ament_cmake_export_targets-extras.cmake
[81.705s] -- Up-to-date: /home/aaron/ur_ws/install/moveit_py/share/moveit_py/cmake/ament_cmake_export_dependencies-extras.cmake
[81.705s] -- Up-to-date: /home/aaron/ur_ws/install/moveit_py/share/moveit_py/cmake/moveit_pyConfig.cmake
[81.705s] -- Up-to-date: /home/aaron/ur_ws/install/moveit_py/share/moveit_py/cmake/moveit_pyConfig-version.cmake
[81.705s] -- Up-to-date: /home/aaron/ur_ws/install/moveit_py/share/moveit_py/package.xml
[81.708s] Invoked command in '/home/aaron/ur_ws/build/moveit_py' returned '0': AMENT_PREFIX_PATH=/home/aaron/ur_ws/install/moveit_ros_planning_interface:/home/aaron/ur_ws/install/moveit_ros_move_group:/home/aaron/ur_ws/install/moveit_ros_warehouse:/home/aaron/ur_ws/install/moveit_planners_ompl:/home/aaron/ur_ws/install/moveit_kinematics:/home/aaron/ur_ws/install/moveit_ros_planning:/home/aaron/ur_ws/install/moveit_simple_controller_manager:/home/aaron/ur_ws/install/moveit_ros_occupancy_map_monitor:/home/aaron/ur_ws/install/moveit_core:/home/aaron/ur_ws/install/moveit_resources_panda_moveit_config:/home/aaron/ur_ws/install/moveit_resources_fanuc_moveit_config:/home/aaron/ur_ws/install/moveit_configs_utils:/home/aaron/ur_ws/install/srdfdom:/home/aaron/ur_ws/install/moveit_resources_pr2_description:/home/aaron/ur_ws/install/moveit_resources_panda_description:/home/aaron/ur_ws/install/moveit_resources_fanuc_description:/home/aaron/ur_ws/install/moveit_common:/home/aaron/ur_ws/install/launch_param_builder:${AMENT_PREFIX_PATH} CMAKE_PREFIX_PATH=/home/aaron/ur_ws/install/moveit_ros_planning_interface:/home/aaron/ur_ws/install/moveit_ros_move_group:/home/aaron/ur_ws/install/moveit_ros_warehouse:/home/aaron/ur_ws/install/moveit_planners_ompl:/home/aaron/ur_ws/install/moveit_kinematics:/home/aaron/ur_ws/install/moveit_ros_planning:/home/aaron/ur_ws/install/moveit_simple_controller_manager:/home/aaron/ur_ws/install/moveit_ros_occupancy_map_monitor:/home/aaron/ur_ws/install/moveit_core:/home/aaron/ur_ws/install/moveit_resources_panda_moveit_config:/home/aaron/ur_ws/install/moveit_resources_fanuc_moveit_config:/home/aaron/ur_ws/install/srdfdom:/home/aaron/ur_ws/install/moveit_resources_pr2_description:/home/aaron/ur_ws/install/moveit_resources_panda_description:/home/aaron/ur_ws/install/moveit_resources_fanuc_description:/home/aaron/ur_ws/install/moveit_common:/opt/ros/humble LD_LIBRARY_PATH=/home/aaron/ur_ws/install/moveit_ros_planning_interface/lib:/home/aaron/ur_ws/install/moveit_ros_move_group/lib:/home/aaron/ur_ws/install/moveit_ros_warehouse/lib:/home/aaron/ur_ws/install/moveit_planners_ompl/lib:/home/aaron/ur_ws/install/moveit_kinematics/lib:/home/aaron/ur_ws/install/moveit_ros_planning/lib:/home/aaron/ur_ws/install/moveit_simple_controller_manager/lib:/home/aaron/ur_ws/install/moveit_ros_occupancy_map_monitor/lib:/home/aaron/ur_ws/install/moveit_core/lib:/home/aaron/ur_ws/install/srdfdom/lib:${LD_LIBRARY_PATH} PATH=/home/aaron/ur_ws/install/moveit_core/bin:${PATH} PYTHONPATH=/home/aaron/ur_ws/install/moveit_configs_utils/lib/python3.10/site-packages:/home/aaron/ur_ws/install/srdfdom/local/lib/python3.10/dist-packages:/home/aaron/ur_ws/install/launch_param_builder/lib/python3.10/site-packages:${PYTHONPATH} /usr/bin/cmake --install /home/aaron/ur_ws/build/moveit_py
