[0.029s] Invoking command in '/home/aaron/ur_ws/build/moveit_hybrid_planning': AMENT_PREFIX_PATH=/home/aaron/ur_ws/install/moveit_ros_planning_interface:/home/aaron/ur_ws/install/moveit_ros_move_group:/home/aaron/ur_ws/install/moveit_ros_warehouse:/home/aaron/ur_ws/install/moveit_planners_ompl:/home/aaron/ur_ws/install/moveit_kinematics:/home/aaron/ur_ws/install/moveit_ros_planning:/home/aaron/ur_ws/install/moveit_simple_controller_manager:/home/aaron/ur_ws/install/moveit_ros_occupancy_map_monitor:/home/aaron/ur_ws/install/moveit_core:/home/aaron/ur_ws/install/moveit_resources_panda_moveit_config:/home/aaron/ur_ws/install/moveit_resources_fanuc_moveit_config:/home/aaron/ur_ws/install/moveit_configs_utils:/home/aaron/ur_ws/install/srdfdom:/home/aaron/ur_ws/install/moveit_resources_pr2_description:/home/aaron/ur_ws/install/moveit_resources_panda_description:/home/aaron/ur_ws/install/moveit_resources_fanuc_description:/home/aaron/ur_ws/install/moveit_common:/home/aaron/ur_ws/install/launch_param_builder:${AMENT_PREFIX_PATH} CMAKE_PREFIX_PATH=/home/aaron/ur_ws/install/moveit_ros_planning_interface:/home/aaron/ur_ws/install/moveit_ros_move_group:/home/aaron/ur_ws/install/moveit_ros_warehouse:/home/aaron/ur_ws/install/moveit_planners_ompl:/home/aaron/ur_ws/install/moveit_kinematics:/home/aaron/ur_ws/install/moveit_ros_planning:/home/aaron/ur_ws/install/moveit_simple_controller_manager:/home/aaron/ur_ws/install/moveit_ros_occupancy_map_monitor:/home/aaron/ur_ws/install/moveit_core:/home/aaron/ur_ws/install/moveit_resources_panda_moveit_config:/home/aaron/ur_ws/install/moveit_resources_fanuc_moveit_config:/home/aaron/ur_ws/install/srdfdom:/home/aaron/ur_ws/install/moveit_resources_pr2_description:/home/aaron/ur_ws/install/moveit_resources_panda_description:/home/aaron/ur_ws/install/moveit_resources_fanuc_description:/home/aaron/ur_ws/install/moveit_common:/opt/ros/humble LD_LIBRARY_PATH=/home/aaron/ur_ws/install/moveit_ros_planning_interface/lib:/home/aaron/ur_ws/install/moveit_ros_move_group/lib:/home/aaron/ur_ws/install/moveit_ros_warehouse/lib:/home/aaron/ur_ws/install/moveit_planners_ompl/lib:/home/aaron/ur_ws/install/moveit_kinematics/lib:/home/aaron/ur_ws/install/moveit_ros_planning/lib:/home/aaron/ur_ws/install/moveit_simple_controller_manager/lib:/home/aaron/ur_ws/install/moveit_ros_occupancy_map_monitor/lib:/home/aaron/ur_ws/install/moveit_core/lib:/home/aaron/ur_ws/install/srdfdom/lib:${LD_LIBRARY_PATH} PATH=/home/aaron/ur_ws/install/moveit_core/bin:${PATH} PYTHONPATH=/home/aaron/ur_ws/install/moveit_configs_utils/lib/python3.10/site-packages:/home/aaron/ur_ws/install/srdfdom/local/lib/python3.10/dist-packages:/home/aaron/ur_ws/install/launch_param_builder/lib/python3.10/site-packages:${PYTHONPATH} /usr/bin/cmake --build /home/aaron/ur_ws/build/moveit_hybrid_planning -- -j20 -l20
[0.097s] [  5%] [32mBuilding CXX object hybrid_planning_manager/hybrid_planning_manager_component/CMakeFiles/moveit_hybrid_planning_manager.dir/src/hybrid_planning_manager.cpp.o[0m
[0.098s] [ 10%] [32mBuilding CXX object local_planner/trajectory_operator_plugins/CMakeFiles/simple_sampler_plugin.dir/src/simple_sampler.cpp.o[0m
[0.106s] [ 15%] [32mBuilding CXX object global_planner/global_planner_plugins/CMakeFiles/motion_planning_pipeline_plugin.dir/src/moveit_planning_pipeline.cpp.o[0m
[0.107s] [ 20%] [32mBuilding CXX object local_planner/local_constraint_solver_plugins/CMakeFiles/forward_trajectory_plugin.dir/src/forward_trajectory.cpp.o[0m
[0.109s] [ 25%] [32mBuilding CXX object global_planner/global_planner_component/CMakeFiles/moveit_global_planner_component.dir/src/global_planner_component.cpp.o[0m
[0.111s] [ 30%] [32mBuilding CXX object local_planner/local_planner_component/CMakeFiles/moveit_local_planner_component.dir/src/local_planner_component.cpp.o[0m
[48.178s] [ 35%] [32m[1mLinking CXX shared library libsimple_sampler_plugin.so[0m
[49.203s] gmake[2]: *** Deleting file 'local_planner/trajectory_operator_plugins/libsimple_sampler_plugin.so.2.5.9'
[49.203s] gmake[2]: *** wait: No child processes.  Stop.
[49.203s] gmake[2]: *** Waiting for unfinished jobs....
[49.204s] gmake[2]: *** wait: No child processes.  Stop.
[49.204s] gmake[1]: *** [CMakeFiles/Makefile2:510: local_planner/local_constraint_solver_plugins/CMakeFiles/forward_trajectory_plugin.dir/all] Error 2
[49.204s] gmake[2]: *** [local_planner/local_planner_component/CMakeFiles/moveit_local_planner_component.dir/build.make:76: local_planner/local_planner_component/CMakeFiles/moveit_local_planner_component.dir/src/local_planner_component.cpp.o] Interrupt
[49.204s] gmake[2]: *** [hybrid_planning_manager/hybrid_planning_manager_component/CMakeFiles/moveit_hybrid_planning_manager.dir/build.make:76: hybrid_planning_manager/hybrid_planning_manager_component/CMakeFiles/moveit_hybrid_planning_manager.dir/src/hybrid_planning_manager.cpp.o] Interrupt
[49.204s] gmake[1]: *** [CMakeFiles/Makefile2:458: local_planner/local_planner_component/CMakeFiles/moveit_local_planner_component.dir/all] Interrupt
[49.205s] gmake[2]: *** [global_planner/global_planner_component/CMakeFiles/moveit_global_planner_component.dir/build.make:76: global_planner/global_planner_component/CMakeFiles/moveit_global_planner_component.dir/src/global_planner_component.cpp.o] Interrupt
[49.205s] gmake[2]: *** [global_planner/global_planner_plugins/CMakeFiles/motion_planning_pipeline_plugin.dir/build.make:76: global_planner/global_planner_plugins/CMakeFiles/motion_planning_pipeline_plugin.dir/src/moveit_planning_pipeline.cpp.o] Interrupt
[49.205s] gmake[1]: *** [CMakeFiles/Makefile2:327: hybrid_planning_manager/hybrid_planning_manager_component/CMakeFiles/moveit_hybrid_planning_manager.dir/all] Interrupt
[49.209s] gmake[1]: *** [CMakeFiles/Makefile2:432: global_planner/global_planner_plugins/CMakeFiles/motion_planning_pipeline_plugin.dir/all] Interrupt
[49.210s] gmake[1]: *** [CMakeFiles/Makefile2:406: global_planner/global_planner_component/CMakeFiles/moveit_global_planner_component.dir/all] Interrupt
[49.220s] gmake[2]: *** [local_planner/trajectory_operator_plugins/CMakeFiles/simple_sampler_plugin.dir/build.make:364: local_planner/trajectory_operator_plugins/libsimple_sampler_plugin.so.2.5.9] Interrupt
[49.220s] gmake[1]: *** [CMakeFiles/Makefile2:484: local_planner/trajectory_operator_plugins/CMakeFiles/simple_sampler_plugin.dir/all] Interrupt
[49.220s] gmake: *** [Makefile:146: all] Interrupt
