[0.102s] Invoking command in '/home/aaron/ur_ws/build/moveit_setup_assistant': AMENT_PREFIX_PATH=/home/aaron/ur_ws/install/moveit_setup_srdf_plugins:/home/aaron/ur_ws/install/moveit_setup_core_plugins:/home/aaron/ur_ws/install/moveit_setup_controllers:/home/aaron/ur_ws/install/moveit_setup_app_plugins:/home/aaron/ur_ws/install/moveit_setup_framework:/home/aaron/ur_ws/install/moveit_ros_visualization:/home/aaron/ur_ws/install/moveit_ros_planning_interface:/home/aaron/ur_ws/install/moveit_ros_move_group:/home/aaron/ur_ws/install/moveit_ros_warehouse:/home/aaron/ur_ws/install/moveit_ros_robot_interaction:/home/aaron/ur_ws/install/moveit_planners_ompl:/home/aaron/ur_ws/install/moveit_kinematics:/home/aaron/ur_ws/install/moveit_ros_planning:/home/aaron/ur_ws/install/moveit_simple_controller_manager:/home/aaron/ur_ws/install/moveit_ros_occupancy_map_monitor:/home/aaron/ur_ws/install/moveit_core:/home/aaron/ur_ws/install/moveit_resources_panda_moveit_config:/home/aaron/ur_ws/install/moveit_resources_fanuc_moveit_config:/home/aaron/ur_ws/install/moveit_configs_utils:/home/aaron/ur_ws/install/srdfdom:/home/aaron/ur_ws/install/moveit_resources_pr2_description:/home/aaron/ur_ws/install/moveit_resources_panda_description:/home/aaron/ur_ws/install/moveit_resources_fanuc_description:/home/aaron/ur_ws/install/moveit_common:/home/aaron/ur_ws/install/launch_param_builder:${AMENT_PREFIX_PATH} CMAKE_PREFIX_PATH=/home/aaron/ur_ws/install/moveit_setup_srdf_plugins:/home/aaron/ur_ws/install/moveit_setup_core_plugins:/home/aaron/ur_ws/install/moveit_setup_controllers:/home/aaron/ur_ws/install/moveit_setup_app_plugins:/home/aaron/ur_ws/install/moveit_setup_framework:/home/aaron/ur_ws/install/moveit_ros_visualization:/home/aaron/ur_ws/install/moveit_ros_planning_interface:/home/aaron/ur_ws/install/moveit_ros_move_group:/home/aaron/ur_ws/install/moveit_ros_warehouse:/home/aaron/ur_ws/install/moveit_ros_robot_interaction:/home/aaron/ur_ws/install/moveit_planners_ompl:/home/aaron/ur_ws/install/moveit_kinematics:/home/aaron/ur_ws/install/moveit_ros_planning:/home/aaron/ur_ws/install/moveit_simple_controller_manager:/home/aaron/ur_ws/install/moveit_ros_occupancy_map_monitor:/home/aaron/ur_ws/install/moveit_core:/home/aaron/ur_ws/install/moveit_resources_panda_moveit_config:/home/aaron/ur_ws/install/moveit_resources_fanuc_moveit_config:/home/aaron/ur_ws/install/srdfdom:/home/aaron/ur_ws/install/moveit_resources_pr2_description:/home/aaron/ur_ws/install/moveit_resources_panda_description:/home/aaron/ur_ws/install/moveit_resources_fanuc_description:/home/aaron/ur_ws/install/moveit_common:/opt/ros/humble LD_LIBRARY_PATH=/home/aaron/ur_ws/install/moveit_setup_srdf_plugins/lib:/home/aaron/ur_ws/install/moveit_setup_core_plugins/lib:/home/aaron/ur_ws/install/moveit_setup_controllers/lib:/home/aaron/ur_ws/install/moveit_setup_app_plugins/lib:/home/aaron/ur_ws/install/moveit_setup_framework/lib:/home/aaron/ur_ws/install/moveit_ros_visualization/lib:/home/aaron/ur_ws/install/moveit_ros_planning_interface/lib:/home/aaron/ur_ws/install/moveit_ros_move_group/lib:/home/aaron/ur_ws/install/moveit_ros_warehouse/lib:/home/aaron/ur_ws/install/moveit_ros_robot_interaction/lib:/home/aaron/ur_ws/install/moveit_planners_ompl/lib:/home/aaron/ur_ws/install/moveit_kinematics/lib:/home/aaron/ur_ws/install/moveit_ros_planning/lib:/home/aaron/ur_ws/install/moveit_simple_controller_manager/lib:/home/aaron/ur_ws/install/moveit_ros_occupancy_map_monitor/lib:/home/aaron/ur_ws/install/moveit_core/lib:/home/aaron/ur_ws/install/srdfdom/lib:${LD_LIBRARY_PATH} PATH=/home/aaron/ur_ws/install/moveit_core/bin:${PATH} PYTHONPATH=/home/aaron/ur_ws/install/moveit_configs_utils/lib/python3.10/site-packages:/home/aaron/ur_ws/install/srdfdom/local/lib/python3.10/dist-packages:/home/aaron/ur_ws/install/launch_param_builder/lib/python3.10/site-packages:${PYTHONPATH} /usr/bin/cmake --build /home/aaron/ur_ws/build/moveit_setup_assistant -- -j20 -l20
[0.145s] -- Found moveit_common: 2.5.9 (/home/aaron/ur_ws/install/moveit_common/share/moveit_common/cmake)
[0.145s] -- Found ament_cmake: 1.3.12 (/opt/ros/humble/share/ament_cmake/cmake)
[0.276s] [0mmoveit_setup_assistant: You did not request a specific build type: Choosing 'Release' for maximum performance[0m
[0.276s] -- Found ament_index_cpp: 1.4.0 (/opt/ros/humble/share/ament_index_cpp/cmake)
[0.281s] -- Found Boost: /usr/lib/x86_64-linux-gnu/cmake/Boost-1.74.0/BoostConfig.cmake (found version "1.74.0") found components: program_options 
[0.282s] -- Found moveit_setup_framework: 2.5.9 (/home/aaron/ur_ws/install/moveit_setup_framework/share/moveit_setup_framework/cmake)
[0.306s] -- Found rosidl_generator_c: 3.1.8 (/opt/ros/humble/share/rosidl_generator_c/cmake)
[0.308s] -- Found rosidl_adapter: 3.1.8 (/opt/ros/humble/share/rosidl_adapter/cmake)
[0.313s] -- Found rosidl_generator_cpp: 3.1.8 (/opt/ros/humble/share/rosidl_generator_cpp/cmake)
[0.321s] -- Using all available rosidl_typesupport_c: rosidl_typesupport_fastrtps_c;rosidl_typesupport_introspection_c
[0.331s] -- Using all available rosidl_typesupport_cpp: rosidl_typesupport_fastrtps_cpp;rosidl_typesupport_introspection_cpp
[0.358s] -- Found rmw_implementation_cmake: 6.1.2 (/opt/ros/humble/share/rmw_implementation_cmake/cmake)
[0.360s] -- Found rmw_fastrtps_cpp: 6.2.9 (/opt/ros/humble/share/rmw_fastrtps_cpp/cmake)
[0.439s] -- Using RMW implementation 'rmw_fastrtps_cpp' as default
[0.495s] -- Found Boost: /usr/lib/x86_64-linux-gnu/cmake/Boost-1.74.0/BoostConfig.cmake (found version "1.74.0") found components: chrono date_time filesystem iostreams program_options regex serialization system thread 
[0.513s] -- Found parameter_traits: 0.6.0 (/opt/ros/humble/share/parameter_traits/cmake)
[0.518s] -- Found rclcpp_lifecycle: 16.0.17 (/opt/ros/humble/share/rclcpp_lifecycle/cmake)
[0.534s] -- Found Boost: /usr/lib/x86_64-linux-gnu/cmake/Boost-1.74.0/BoostConfig.cmake (found version "1.74.0") found components: filesystem 
[0.569s] -- library: /usr/lib/x86_64-linux-gnu/libcurl.so
[0.610s] -- Ensuring Eigen3 include directory is part of orocos-kdl CMake target
[0.765s] -- Found Boost: /usr/lib/x86_64-linux-gnu/cmake/Boost-1.74.0/BoostConfig.cmake (found version "1.74.0") found components: system filesystem date_time program_options thread chrono 
[0.785s] -- Found Boost: /usr/lib/x86_64-linux-gnu/cmake/Boost-1.74.0/BoostConfig.cmake (found version "1.74.0") found components: thread date_time system filesystem 
[0.795s] -- Found Boost: /usr/lib/x86_64-linux-gnu/cmake/Boost-1.74.0/BoostConfig.cmake (found version "1.74.0") found components: date_time filesystem program_options system thread 
[0.804s] -- Found Boost: /usr/lib/x86_64-linux-gnu/cmake/Boost-1.74.0/BoostConfig.cmake (found version "1.74.0") found components: thread system filesystem regex date_time program_options 
[0.818s] -- Found Boost: /usr/lib/x86_64-linux-gnu/cmake/Boost-1.74.0/BoostConfig.cmake (found version "1.74.0") found components: system filesystem date_time program_options thread 
[0.854s] -- Setting OGRE_DIR to: '/opt/ros/humble/share/rviz_ogre_vendor/cmake/../../../opt/rviz_ogre_vendor/lib/OGRE/cmake'
[0.855s] -- Found OGRE
[0.855s] --   static     : OFF
[0.855s] --   components : HLMS;MeshLodGenerator;Overlay;Paging;Property;RTShaderSystem;Terrain;Volume
[0.856s] --   plugins    : Plugin_BSPSceneManager;Plugin_OctreeSceneManager;Plugin_PCZSceneManager;Plugin_ParticleFX;RenderSystem_GL;RenderSystem_GL3Plus;Codec_STBI
[0.856s] --   media      : /opt/ros/humble/opt/rviz_ogre_vendor/share/OGRE/Media
[0.856s] -- OGRE_LIBRARIES: OgreHLMS;OgreMeshLodGenerator;OgreOverlay;OgrePaging;OgreProperty;OgreRTShaderSystem;OgreTerrain;OgreVolume;OgreMain
[0.856s] -- OGRE_LIBRARY_DIRS: /opt/ros/humble/opt/rviz_ogre_vendor/lib
[0.856s] -- OGRE_PLUGINS: Plugin_BSPSceneManager;Plugin_OctreeSceneManager;Plugin_PCZSceneManager;Plugin_ParticleFX;RenderSystem_GL;RenderSystem_GL3Plus;Codec_STBI
[0.856s] -- OGRE_PLUGIN_DIR: /opt/ros/humble/opt/rviz_ogre_vendor/lib/OGRE
[0.856s] -- rviz_ogre_vendor::OgreOverlay for IMPORTED_LOCATION_RELEASE: /opt/ros/humble/opt/rviz_ogre_vendor/lib/libOgreOverlay.so
[0.856s] -- rviz_ogre_vendor::OgreOverlay for IMPORTED_LOCATION_DEBUG: /opt/ros/humble/opt/rviz_ogre_vendor/lib/libOgreOverlay.so
[0.856s] -- rviz_ogre_vendor::OgreMain for IMPORTED_LOCATION_RELEASE: /opt/ros/humble/opt/rviz_ogre_vendor/lib/libOgreMain.so
[0.856s] -- rviz_ogre_vendor::OgreMain for IMPORTED_LOCATION_DEBUG: /opt/ros/humble/opt/rviz_ogre_vendor/lib/libOgreMain.so
[0.894s] -- Setting assimp_DIR to: '/opt/ros/humble/share/rviz_assimp_vendor/cmake/../../../opt/rviz_assimp_vendor/lib/cmake/assimp-4.1'
[0.949s] -- Found moveit_setup_srdf_plugins: 2.5.9 (/home/aaron/ur_ws/install/moveit_setup_srdf_plugins/share/moveit_setup_srdf_plugins/cmake)
[0.962s] -- Found ament_lint_auto: 0.12.14 (/opt/ros/humble/share/ament_lint_auto/cmake)
[0.975s] -- Added test 'lint_cmake' to check CMake code style
[0.975s] -- Added test 'xmllint' to check XML markup files
[0.976s] -- Configuring done
[1.037s] -- Generating done
[1.047s] -- Build files have been written to: /home/aaron/ur_ws/build/moveit_setup_assistant
[1.087s] [  7%] [34m[1mAutomatic MOC for target moveit_setup_assistant[0m
[1.091s] [ 14%] [34m[1mAutomatic MOC for target moveit_setup_assistant_updater[0m
[1.113s] [ 14%] Built target moveit_setup_assistant_autogen
[1.114s] [ 14%] Built target moveit_setup_assistant_updater_autogen
[1.132s] [35m[1mConsolidate compiler generated dependencies of target moveit_setup_assistant_updater[0m
[1.139s] [35m[1mConsolidate compiler generated dependencies of target moveit_setup_assistant[0m
[1.153s] [ 21%] [32mBuilding CXX object CMakeFiles/moveit_setup_assistant_updater.dir/moveit_setup_assistant_updater_autogen/mocs_compilation.cpp.o[0m
[1.158s] [ 28%] [32mBuilding CXX object CMakeFiles/moveit_setup_assistant_updater.dir/src/collisions_updater.cpp.o[0m
[1.169s] [ 35%] [32mBuilding CXX object CMakeFiles/moveit_setup_assistant.dir/src/main.cpp.o[0m
[1.169s] [ 42%] [32mBuilding CXX object CMakeFiles/moveit_setup_assistant.dir/moveit_setup_assistant_autogen/mocs_compilation.cpp.o[0m
[1.169s] [ 50%] [32mBuilding CXX object CMakeFiles/moveit_setup_assistant.dir/src/setup_assistant_widget.cpp.o[0m
[1.169s] [ 57%] [32mBuilding CXX object CMakeFiles/moveit_setup_assistant.dir/include/moveit_setup_assistant/moc_navigation_widget.cpp.o[0m
[1.171s] [ 64%] [32mBuilding CXX object CMakeFiles/moveit_setup_assistant.dir/include/moveit_setup_assistant/moc_setup_assistant_widget.cpp.o[0m
[1.174s] [ 71%] [32mBuilding CXX object CMakeFiles/moveit_setup_assistant.dir/src/navigation_widget.cpp.o[0m
[14.750s] [ 78%] [32m[1mLinking CXX executable collisions_updater[0m
[15.326s] [ 78%] Built target moveit_setup_assistant_updater
[16.634s] [ 85%] [32m[1mLinking CXX executable moveit_setup_assistant[0m
[17.274s] [100%] Built target moveit_setup_assistant
[17.285s] Invoked command in '/home/aaron/ur_ws/build/moveit_setup_assistant' returned '0': AMENT_PREFIX_PATH=/home/aaron/ur_ws/install/moveit_setup_srdf_plugins:/home/aaron/ur_ws/install/moveit_setup_core_plugins:/home/aaron/ur_ws/install/moveit_setup_controllers:/home/aaron/ur_ws/install/moveit_setup_app_plugins:/home/aaron/ur_ws/install/moveit_setup_framework:/home/aaron/ur_ws/install/moveit_ros_visualization:/home/aaron/ur_ws/install/moveit_ros_planning_interface:/home/aaron/ur_ws/install/moveit_ros_move_group:/home/aaron/ur_ws/install/moveit_ros_warehouse:/home/aaron/ur_ws/install/moveit_ros_robot_interaction:/home/aaron/ur_ws/install/moveit_planners_ompl:/home/aaron/ur_ws/install/moveit_kinematics:/home/aaron/ur_ws/install/moveit_ros_planning:/home/aaron/ur_ws/install/moveit_simple_controller_manager:/home/aaron/ur_ws/install/moveit_ros_occupancy_map_monitor:/home/aaron/ur_ws/install/moveit_core:/home/aaron/ur_ws/install/moveit_resources_panda_moveit_config:/home/aaron/ur_ws/install/moveit_resources_fanuc_moveit_config:/home/aaron/ur_ws/install/moveit_configs_utils:/home/aaron/ur_ws/install/srdfdom:/home/aaron/ur_ws/install/moveit_resources_pr2_description:/home/aaron/ur_ws/install/moveit_resources_panda_description:/home/aaron/ur_ws/install/moveit_resources_fanuc_description:/home/aaron/ur_ws/install/moveit_common:/home/aaron/ur_ws/install/launch_param_builder:${AMENT_PREFIX_PATH} CMAKE_PREFIX_PATH=/home/aaron/ur_ws/install/moveit_setup_srdf_plugins:/home/aaron/ur_ws/install/moveit_setup_core_plugins:/home/aaron/ur_ws/install/moveit_setup_controllers:/home/aaron/ur_ws/install/moveit_setup_app_plugins:/home/aaron/ur_ws/install/moveit_setup_framework:/home/aaron/ur_ws/install/moveit_ros_visualization:/home/aaron/ur_ws/install/moveit_ros_planning_interface:/home/aaron/ur_ws/install/moveit_ros_move_group:/home/aaron/ur_ws/install/moveit_ros_warehouse:/home/aaron/ur_ws/install/moveit_ros_robot_interaction:/home/aaron/ur_ws/install/moveit_planners_ompl:/home/aaron/ur_ws/install/moveit_kinematics:/home/aaron/ur_ws/install/moveit_ros_planning:/home/aaron/ur_ws/install/moveit_simple_controller_manager:/home/aaron/ur_ws/install/moveit_ros_occupancy_map_monitor:/home/aaron/ur_ws/install/moveit_core:/home/aaron/ur_ws/install/moveit_resources_panda_moveit_config:/home/aaron/ur_ws/install/moveit_resources_fanuc_moveit_config:/home/aaron/ur_ws/install/srdfdom:/home/aaron/ur_ws/install/moveit_resources_pr2_description:/home/aaron/ur_ws/install/moveit_resources_panda_description:/home/aaron/ur_ws/install/moveit_resources_fanuc_description:/home/aaron/ur_ws/install/moveit_common:/opt/ros/humble LD_LIBRARY_PATH=/home/aaron/ur_ws/install/moveit_setup_srdf_plugins/lib:/home/aaron/ur_ws/install/moveit_setup_core_plugins/lib:/home/aaron/ur_ws/install/moveit_setup_controllers/lib:/home/aaron/ur_ws/install/moveit_setup_app_plugins/lib:/home/aaron/ur_ws/install/moveit_setup_framework/lib:/home/aaron/ur_ws/install/moveit_ros_visualization/lib:/home/aaron/ur_ws/install/moveit_ros_planning_interface/lib:/home/aaron/ur_ws/install/moveit_ros_move_group/lib:/home/aaron/ur_ws/install/moveit_ros_warehouse/lib:/home/aaron/ur_ws/install/moveit_ros_robot_interaction/lib:/home/aaron/ur_ws/install/moveit_planners_ompl/lib:/home/aaron/ur_ws/install/moveit_kinematics/lib:/home/aaron/ur_ws/install/moveit_ros_planning/lib:/home/aaron/ur_ws/install/moveit_simple_controller_manager/lib:/home/aaron/ur_ws/install/moveit_ros_occupancy_map_monitor/lib:/home/aaron/ur_ws/install/moveit_core/lib:/home/aaron/ur_ws/install/srdfdom/lib:${LD_LIBRARY_PATH} PATH=/home/aaron/ur_ws/install/moveit_core/bin:${PATH} PYTHONPATH=/home/aaron/ur_ws/install/moveit_configs_utils/lib/python3.10/site-packages:/home/aaron/ur_ws/install/srdfdom/local/lib/python3.10/dist-packages:/home/aaron/ur_ws/install/launch_param_builder/lib/python3.10/site-packages:${PYTHONPATH} /usr/bin/cmake --build /home/aaron/ur_ws/build/moveit_setup_assistant -- -j20 -l20
[17.290s] Invoking command in '/home/aaron/ur_ws/build/moveit_setup_assistant': AMENT_PREFIX_PATH=/home/aaron/ur_ws/install/moveit_setup_srdf_plugins:/home/aaron/ur_ws/install/moveit_setup_core_plugins:/home/aaron/ur_ws/install/moveit_setup_controllers:/home/aaron/ur_ws/install/moveit_setup_app_plugins:/home/aaron/ur_ws/install/moveit_setup_framework:/home/aaron/ur_ws/install/moveit_ros_visualization:/home/aaron/ur_ws/install/moveit_ros_planning_interface:/home/aaron/ur_ws/install/moveit_ros_move_group:/home/aaron/ur_ws/install/moveit_ros_warehouse:/home/aaron/ur_ws/install/moveit_ros_robot_interaction:/home/aaron/ur_ws/install/moveit_planners_ompl:/home/aaron/ur_ws/install/moveit_kinematics:/home/aaron/ur_ws/install/moveit_ros_planning:/home/aaron/ur_ws/install/moveit_simple_controller_manager:/home/aaron/ur_ws/install/moveit_ros_occupancy_map_monitor:/home/aaron/ur_ws/install/moveit_core:/home/aaron/ur_ws/install/moveit_resources_panda_moveit_config:/home/aaron/ur_ws/install/moveit_resources_fanuc_moveit_config:/home/aaron/ur_ws/install/moveit_configs_utils:/home/aaron/ur_ws/install/srdfdom:/home/aaron/ur_ws/install/moveit_resources_pr2_description:/home/aaron/ur_ws/install/moveit_resources_panda_description:/home/aaron/ur_ws/install/moveit_resources_fanuc_description:/home/aaron/ur_ws/install/moveit_common:/home/aaron/ur_ws/install/launch_param_builder:${AMENT_PREFIX_PATH} CMAKE_PREFIX_PATH=/home/aaron/ur_ws/install/moveit_setup_srdf_plugins:/home/aaron/ur_ws/install/moveit_setup_core_plugins:/home/aaron/ur_ws/install/moveit_setup_controllers:/home/aaron/ur_ws/install/moveit_setup_app_plugins:/home/aaron/ur_ws/install/moveit_setup_framework:/home/aaron/ur_ws/install/moveit_ros_visualization:/home/aaron/ur_ws/install/moveit_ros_planning_interface:/home/aaron/ur_ws/install/moveit_ros_move_group:/home/aaron/ur_ws/install/moveit_ros_warehouse:/home/aaron/ur_ws/install/moveit_ros_robot_interaction:/home/aaron/ur_ws/install/moveit_planners_ompl:/home/aaron/ur_ws/install/moveit_kinematics:/home/aaron/ur_ws/install/moveit_ros_planning:/home/aaron/ur_ws/install/moveit_simple_controller_manager:/home/aaron/ur_ws/install/moveit_ros_occupancy_map_monitor:/home/aaron/ur_ws/install/moveit_core:/home/aaron/ur_ws/install/moveit_resources_panda_moveit_config:/home/aaron/ur_ws/install/moveit_resources_fanuc_moveit_config:/home/aaron/ur_ws/install/srdfdom:/home/aaron/ur_ws/install/moveit_resources_pr2_description:/home/aaron/ur_ws/install/moveit_resources_panda_description:/home/aaron/ur_ws/install/moveit_resources_fanuc_description:/home/aaron/ur_ws/install/moveit_common:/opt/ros/humble LD_LIBRARY_PATH=/home/aaron/ur_ws/install/moveit_setup_srdf_plugins/lib:/home/aaron/ur_ws/install/moveit_setup_core_plugins/lib:/home/aaron/ur_ws/install/moveit_setup_controllers/lib:/home/aaron/ur_ws/install/moveit_setup_app_plugins/lib:/home/aaron/ur_ws/install/moveit_setup_framework/lib:/home/aaron/ur_ws/install/moveit_ros_visualization/lib:/home/aaron/ur_ws/install/moveit_ros_planning_interface/lib:/home/aaron/ur_ws/install/moveit_ros_move_group/lib:/home/aaron/ur_ws/install/moveit_ros_warehouse/lib:/home/aaron/ur_ws/install/moveit_ros_robot_interaction/lib:/home/aaron/ur_ws/install/moveit_planners_ompl/lib:/home/aaron/ur_ws/install/moveit_kinematics/lib:/home/aaron/ur_ws/install/moveit_ros_planning/lib:/home/aaron/ur_ws/install/moveit_simple_controller_manager/lib:/home/aaron/ur_ws/install/moveit_ros_occupancy_map_monitor/lib:/home/aaron/ur_ws/install/moveit_core/lib:/home/aaron/ur_ws/install/srdfdom/lib:${LD_LIBRARY_PATH} PATH=/home/aaron/ur_ws/install/moveit_core/bin:${PATH} PYTHONPATH=/home/aaron/ur_ws/install/moveit_configs_utils/lib/python3.10/site-packages:/home/aaron/ur_ws/install/srdfdom/local/lib/python3.10/dist-packages:/home/aaron/ur_ws/install/launch_param_builder/lib/python3.10/site-packages:${PYTHONPATH} /usr/bin/cmake --install /home/aaron/ur_ws/build/moveit_setup_assistant
[17.303s] -- Install configuration: "Release"
[17.306s] -- Installing: /home/aaron/ur_ws/install/moveit_setup_assistant/lib/moveit_setup_assistant/moveit_setup_assistant
[17.307s] -- Set runtime path of "/home/aaron/ur_ws/install/moveit_setup_assistant/lib/moveit_setup_assistant/moveit_setup_assistant" to ""
[17.308s] -- Installing: /home/aaron/ur_ws/install/moveit_setup_assistant/lib/moveit_setup_assistant/collisions_updater
[17.310s] -- Set runtime path of "/home/aaron/ur_ws/install/moveit_setup_assistant/lib/moveit_setup_assistant/collisions_updater" to ""
[17.310s] -- Up-to-date: /home/aaron/ur_ws/install/moveit_setup_assistant/include
[17.310s] -- Up-to-date: /home/aaron/ur_ws/install/moveit_setup_assistant/include/moveit_setup_assistant
[17.310s] -- Up-to-date: /home/aaron/ur_ws/install/moveit_setup_assistant/include/moveit_setup_assistant/setup_assistant_widget.hpp
[17.310s] -- Up-to-date: /home/aaron/ur_ws/install/moveit_setup_assistant/include/moveit_setup_assistant/navigation_widget.hpp
[17.311s] -- Up-to-date: /home/aaron/ur_ws/install/moveit_setup_assistant/share/moveit_setup_assistant/launch
[17.311s] -- Up-to-date: /home/aaron/ur_ws/install/moveit_setup_assistant/share/moveit_setup_assistant/launch/setup_assistant.launch.py
[17.311s] -- Up-to-date: /home/aaron/ur_ws/install/moveit_setup_assistant/share/moveit_setup_assistant/resources
[17.311s] -- Up-to-date: /home/aaron/ur_ws/install/moveit_setup_assistant/share/moveit_setup_assistant/resources/MoveIt_Setup_Assistant2.png
[17.312s] -- Up-to-date: /home/aaron/ur_ws/install/moveit_setup_assistant/share/moveit_setup_assistant/environment/library_path.sh
[17.312s] -- Installing: /home/aaron/ur_ws/install/moveit_setup_assistant/share/moveit_setup_assistant/environment/library_path.dsv
[17.312s] -- Up-to-date: /home/aaron/ur_ws/install/moveit_setup_assistant/share/ament_index/resource_index/package_run_dependencies/moveit_setup_assistant
[17.312s] -- Up-to-date: /home/aaron/ur_ws/install/moveit_setup_assistant/share/ament_index/resource_index/parent_prefix_path/moveit_setup_assistant
[17.312s] -- Up-to-date: /home/aaron/ur_ws/install/moveit_setup_assistant/share/moveit_setup_assistant/environment/ament_prefix_path.sh
[17.312s] -- Installing: /home/aaron/ur_ws/install/moveit_setup_assistant/share/moveit_setup_assistant/environment/ament_prefix_path.dsv
[17.312s] -- Up-to-date: /home/aaron/ur_ws/install/moveit_setup_assistant/share/moveit_setup_assistant/environment/path.sh
[17.312s] -- Installing: /home/aaron/ur_ws/install/moveit_setup_assistant/share/moveit_setup_assistant/environment/path.dsv
[17.312s] -- Up-to-date: /home/aaron/ur_ws/install/moveit_setup_assistant/share/moveit_setup_assistant/local_setup.bash
[17.312s] -- Up-to-date: /home/aaron/ur_ws/install/moveit_setup_assistant/share/moveit_setup_assistant/local_setup.sh
[17.313s] -- Up-to-date: /home/aaron/ur_ws/install/moveit_setup_assistant/share/moveit_setup_assistant/local_setup.zsh
[17.313s] -- Installing: /home/aaron/ur_ws/install/moveit_setup_assistant/share/moveit_setup_assistant/local_setup.dsv
[17.313s] -- Installing: /home/aaron/ur_ws/install/moveit_setup_assistant/share/moveit_setup_assistant/package.dsv
[17.313s] -- Up-to-date: /home/aaron/ur_ws/install/moveit_setup_assistant/share/ament_index/resource_index/packages/moveit_setup_assistant
[17.313s] -- Up-to-date: /home/aaron/ur_ws/install/moveit_setup_assistant/share/moveit_setup_assistant/cmake/moveit_setup_assistantTargetsExport.cmake
[17.314s] -- Up-to-date: /home/aaron/ur_ws/install/moveit_setup_assistant/share/moveit_setup_assistant/cmake/moveit_setup_assistantTargetsExport-release.cmake
[17.314s] -- Up-to-date: /home/aaron/ur_ws/install/moveit_setup_assistant/share/moveit_setup_assistant/cmake/ament_cmake_export_include_directories-extras.cmake
[17.314s] -- Up-to-date: /home/aaron/ur_ws/install/moveit_setup_assistant/share/moveit_setup_assistant/cmake/ament_cmake_export_targets-extras.cmake
[17.314s] -- Up-to-date: /home/aaron/ur_ws/install/moveit_setup_assistant/share/moveit_setup_assistant/cmake/ament_cmake_export_dependencies-extras.cmake
[17.314s] -- Up-to-date: /home/aaron/ur_ws/install/moveit_setup_assistant/share/moveit_setup_assistant/cmake/moveit_setup_assistantConfig.cmake
[17.314s] -- Up-to-date: /home/aaron/ur_ws/install/moveit_setup_assistant/share/moveit_setup_assistant/cmake/moveit_setup_assistantConfig-version.cmake
[17.314s] -- Up-to-date: /home/aaron/ur_ws/install/moveit_setup_assistant/share/moveit_setup_assistant/package.xml
[17.317s] Invoked command in '/home/aaron/ur_ws/build/moveit_setup_assistant' returned '0': AMENT_PREFIX_PATH=/home/aaron/ur_ws/install/moveit_setup_srdf_plugins:/home/aaron/ur_ws/install/moveit_setup_core_plugins:/home/aaron/ur_ws/install/moveit_setup_controllers:/home/aaron/ur_ws/install/moveit_setup_app_plugins:/home/aaron/ur_ws/install/moveit_setup_framework:/home/aaron/ur_ws/install/moveit_ros_visualization:/home/aaron/ur_ws/install/moveit_ros_planning_interface:/home/aaron/ur_ws/install/moveit_ros_move_group:/home/aaron/ur_ws/install/moveit_ros_warehouse:/home/aaron/ur_ws/install/moveit_ros_robot_interaction:/home/aaron/ur_ws/install/moveit_planners_ompl:/home/aaron/ur_ws/install/moveit_kinematics:/home/aaron/ur_ws/install/moveit_ros_planning:/home/aaron/ur_ws/install/moveit_simple_controller_manager:/home/aaron/ur_ws/install/moveit_ros_occupancy_map_monitor:/home/aaron/ur_ws/install/moveit_core:/home/aaron/ur_ws/install/moveit_resources_panda_moveit_config:/home/aaron/ur_ws/install/moveit_resources_fanuc_moveit_config:/home/aaron/ur_ws/install/moveit_configs_utils:/home/aaron/ur_ws/install/srdfdom:/home/aaron/ur_ws/install/moveit_resources_pr2_description:/home/aaron/ur_ws/install/moveit_resources_panda_description:/home/aaron/ur_ws/install/moveit_resources_fanuc_description:/home/aaron/ur_ws/install/moveit_common:/home/aaron/ur_ws/install/launch_param_builder:${AMENT_PREFIX_PATH} CMAKE_PREFIX_PATH=/home/aaron/ur_ws/install/moveit_setup_srdf_plugins:/home/aaron/ur_ws/install/moveit_setup_core_plugins:/home/aaron/ur_ws/install/moveit_setup_controllers:/home/aaron/ur_ws/install/moveit_setup_app_plugins:/home/aaron/ur_ws/install/moveit_setup_framework:/home/aaron/ur_ws/install/moveit_ros_visualization:/home/aaron/ur_ws/install/moveit_ros_planning_interface:/home/aaron/ur_ws/install/moveit_ros_move_group:/home/aaron/ur_ws/install/moveit_ros_warehouse:/home/aaron/ur_ws/install/moveit_ros_robot_interaction:/home/aaron/ur_ws/install/moveit_planners_ompl:/home/aaron/ur_ws/install/moveit_kinematics:/home/aaron/ur_ws/install/moveit_ros_planning:/home/aaron/ur_ws/install/moveit_simple_controller_manager:/home/aaron/ur_ws/install/moveit_ros_occupancy_map_monitor:/home/aaron/ur_ws/install/moveit_core:/home/aaron/ur_ws/install/moveit_resources_panda_moveit_config:/home/aaron/ur_ws/install/moveit_resources_fanuc_moveit_config:/home/aaron/ur_ws/install/srdfdom:/home/aaron/ur_ws/install/moveit_resources_pr2_description:/home/aaron/ur_ws/install/moveit_resources_panda_description:/home/aaron/ur_ws/install/moveit_resources_fanuc_description:/home/aaron/ur_ws/install/moveit_common:/opt/ros/humble LD_LIBRARY_PATH=/home/aaron/ur_ws/install/moveit_setup_srdf_plugins/lib:/home/aaron/ur_ws/install/moveit_setup_core_plugins/lib:/home/aaron/ur_ws/install/moveit_setup_controllers/lib:/home/aaron/ur_ws/install/moveit_setup_app_plugins/lib:/home/aaron/ur_ws/install/moveit_setup_framework/lib:/home/aaron/ur_ws/install/moveit_ros_visualization/lib:/home/aaron/ur_ws/install/moveit_ros_planning_interface/lib:/home/aaron/ur_ws/install/moveit_ros_move_group/lib:/home/aaron/ur_ws/install/moveit_ros_warehouse/lib:/home/aaron/ur_ws/install/moveit_ros_robot_interaction/lib:/home/aaron/ur_ws/install/moveit_planners_ompl/lib:/home/aaron/ur_ws/install/moveit_kinematics/lib:/home/aaron/ur_ws/install/moveit_ros_planning/lib:/home/aaron/ur_ws/install/moveit_simple_controller_manager/lib:/home/aaron/ur_ws/install/moveit_ros_occupancy_map_monitor/lib:/home/aaron/ur_ws/install/moveit_core/lib:/home/aaron/ur_ws/install/srdfdom/lib:${LD_LIBRARY_PATH} PATH=/home/aaron/ur_ws/install/moveit_core/bin:${PATH} PYTHONPATH=/home/aaron/ur_ws/install/moveit_configs_utils/lib/python3.10/site-packages:/home/aaron/ur_ws/install/srdfdom/local/lib/python3.10/dist-packages:/home/aaron/ur_ws/install/launch_param_builder/lib/python3.10/site-packages:${PYTHONPATH} /usr/bin/cmake --install /home/aaron/ur_ws/build/moveit_setup_assistant
