[35m[1mConsolidate compiler generated dependencies of target forward_pub[0m
[ 25%] [32mBuilding CXX object CMakeFiles/forward_pub.dir/src/forward_positions.cpp.o[0m
[ 75%] Built target moveit_pub
[01m[K/home/aaron/ur_ws/src/moveit_control/src/forward_positions.cpp:[m[K In constructor ‘[01m[KForwardPublisher::ForwardPublisher()[m[K’:
[01m[K/home/aaron/ur_ws/src/moveit_control/src/forward_positions.cpp:42:46:[m[K [01;31m[Kerror: [m[Kunable to find numeric literal operator ‘[01m[Koperator""ms[m[K’
   42 |             timer_ = this->create_wall_timer([01;31m[K500ms[m[K, std::bind(&ForwardPublisher::timer_callback, this));
      |                                              [01;31m[K^~~~~[m[K
[01m[K/home/aaron/ur_ws/src/moveit_control/src/forward_positions.cpp:[m[K In member function ‘[01m[Kvoid ForwardPublisher::timer_callback()[m[K’:
[01m[K/home/aaron/ur_ws/src/moveit_control/src/forward_positions.cpp:49:34:[m[K [01;31m[Kerror: [m[K‘[01m[Kwaypoints[m[K’ was not declared in this scope
   49 |             auto source_waypnt = [01;31m[Kwaypoints[m[K[count_++];
      |                                  [01;31m[K^~~~~~~~~[m[K
[01m[K/home/aaron/ur_ws/src/moveit_control/src/forward_positions.cpp:50:20:[m[K [01;31m[Kerror: [m[Kzero-size array ‘[01m[Kwaypnt_arr[m[K’
   50 |             double [01;31m[Kwaypnt_arr[m[K[] = {};
      |                    [01;31m[K^~~~~~~~~~[m[K
[01m[K/home/aaron/ur_ws/src/moveit_control/src/forward_positions.cpp:52:18:[m[K [01;31m[Kerror: [m[Kexpected primary-expression before ‘[01m[K)[m[K’ token
   52 |             for ([01;31m[K)[m[K {
      |                  [01;31m[K^[m[K
[01m[K/home/aaron/ur_ws/src/moveit_control/src/forward_positions.cpp:56:24:[m[K [01;31m[Kerror: [m[Kno match for ‘[01m[Koperator=[m[K’ (operand types are ‘[01m[Kstd_msgs::msg::Float64MultiArray_<std::allocator<void> >::_data_type[m[K’ {aka ‘[01m[Kstd::vector<double, std::allocator<double> >[m[K’} and ‘[01m[Kdouble [0][m[K’)
   56 |             msg.data = [01;31m[Kwaypnt_arr[m[K;
      |                        [01;31m[K^~~~~~~~~~[m[K
In file included from [01m[K/usr/include/c++/11/vector:72[m[K,
                 from [01m[K/usr/include/c++/11/functional:62[m[K,
                 from [01m[K/usr/include/c++/11/pstl/glue_algorithm_defs.h:13[m[K,
                 from [01m[K/usr/include/c++/11/algorithm:74[m[K,
                 from [01m[K/opt/ros/humble/include/rclcpp/rclcpp/executor.hpp:18[m[K,
                 from [01m[K/opt/ros/humble/include/rclcpp/rclcpp/executors/multi_threaded_executor.hpp:25[m[K,
                 from [01m[K/opt/ros/humble/include/rclcpp/rclcpp/executors.hpp:21[m[K,
                 from [01m[K/opt/ros/humble/include/rclcpp/rclcpp/rclcpp.hpp:155[m[K,
                 from [01m[K/home/aaron/ur_ws/src/moveit_control/src/forward_positions.cpp:3[m[K:
[01m[K/usr/include/c++/11/bits/vector.tcc:198:5:[m[K [01;36m[Knote: [m[Kcandidate: ‘[01m[Kstd::vector<_Tp, _Alloc>& std::vector<_Tp, _Alloc>::operator=(const std::vector<_Tp, _Alloc>&) [with _Tp = double; _Alloc = std::allocator<double>][m[K’
  198 |     [01;36m[Kvector<_Tp, _Alloc>[m[K::
      |     [01;36m[K^~~~~~~~~~~~~~~~~~~[m[K
[01m[K/usr/include/c++/11/bits/vector.tcc:199:42:[m[K [01;36m[Knote: [m[K  no known conversion for argument 1 from ‘[01m[Kdouble [0][m[K’ to ‘[01m[Kconst std::vector<double, std::allocator<double> >&[m[K’
  199 |     operator=([01;36m[Kconst vector<_Tp, _Alloc>& __x[m[K)
      |               [01;36m[K~~~~~~~~~~~~~~~~~~~~~~~~~~~^~~[m[K
In file included from [01m[K/usr/include/c++/11/vector:67[m[K,
                 from [01m[K/usr/include/c++/11/functional:62[m[K,
                 from [01m[K/usr/include/c++/11/pstl/glue_algorithm_defs.h:13[m[K,
                 from [01m[K/usr/include/c++/11/algorithm:74[m[K,
                 from [01m[K/opt/ros/humble/include/rclcpp/rclcpp/executor.hpp:18[m[K,
                 from [01m[K/opt/ros/humble/include/rclcpp/rclcpp/executors/multi_threaded_executor.hpp:25[m[K,
                 from [01m[K/opt/ros/humble/include/rclcpp/rclcpp/executors.hpp:21[m[K,
                 from [01m[K/opt/ros/humble/include/rclcpp/rclcpp/rclcpp.hpp:155[m[K,
                 from [01m[K/home/aaron/ur_ws/src/moveit_control/src/forward_positions.cpp:3[m[K:
[01m[K/usr/include/c++/11/bits/stl_vector.h:709:7:[m[K [01;36m[Knote: [m[Kcandidate: ‘[01m[Kstd::vector<_Tp, _Alloc>& std::vector<_Tp, _Alloc>::operator=(std::vector<_Tp, _Alloc>&&) [with _Tp = double; _Alloc = std::allocator<double>][m[K’
  709 |       [01;36m[Koperator[m[K=(vector&& __x) noexcept(_Alloc_traits::_S_nothrow_move())
      |       [01;36m[K^~~~~~~~[m[K
[01m[K/usr/include/c++/11/bits/stl_vector.h:709:26:[m[K [01;36m[Knote: [m[K  no known conversion for argument 1 from ‘[01m[Kdouble [0][m[K’ to ‘[01m[Kstd::vector<double, std::allocator<double> >&&[m[K’
  709 |       operator=([01;36m[Kvector&& __x[m[K) noexcept(_Alloc_traits::_S_nothrow_move())
      |                 [01;36m[K~~~~~~~~~^~~[m[K
[01m[K/usr/include/c++/11/bits/stl_vector.h:730:7:[m[K [01;36m[Knote: [m[Kcandidate: ‘[01m[Kstd::vector<_Tp, _Alloc>& std::vector<_Tp, _Alloc>::operator=(std::initializer_list<_Tp>) [with _Tp = double; _Alloc = std::allocator<double>][m[K’
  730 |       [01;36m[Koperator[m[K=(initializer_list<value_type> __l)
      |       [01;36m[K^~~~~~~~[m[K
[01m[K/usr/include/c++/11/bits/stl_vector.h:730:46:[m[K [01;36m[Knote: [m[K  no known conversion for argument 1 from ‘[01m[Kdouble [0][m[K’ to ‘[01m[Kstd::initializer_list<double>[m[K’
  730 |       operator=([01;36m[Kinitializer_list<value_type> __l[m[K)
      |                 [01;36m[K~~~~~~~~~~~~~~~~~~~~~~~~~~~~~^~~[m[K
[01m[K/home/aaron/ur_ws/src/moveit_control/src/forward_positions.cpp:57:37:[m[K [01;31m[Kerror: [m[Kexpected ‘[01m[K)[m[K’ before ‘[01m[K;[m[K’ token
   57 |             publisher_->publish(msg)[01;31m[K;[m[K
      |                                     [01;31m[K^[m[K
[01m[K/home/aaron/ur_ws/src/moveit_control/src/forward_positions.cpp:52:17:[m[K [01;36m[Knote: [m[Kto match this ‘[01m[K([m[K’
   52 |             for [01;36m[K([m[K) {
      |                 [01;36m[K^[m[K
[01m[K/home/aaron/ur_ws/src/moveit_control/src/forward_positions.cpp:[m[K In function ‘[01m[Kint main(int, char**)[m[K’:
[01m[K/home/aaron/ur_ws/src/moveit_control/src/forward_positions.cpp:71:35:[m[K [01;31m[Kerror: [m[K‘[01m[KForwardPubllisher[m[K’ was not declared in this scope; did you mean ‘[01m[KForwardPublisher[m[K’?
   71 |     rclcpp::spin(std::make_shared<[01;31m[KForwardPubllisher[m[K>());
      |                                   [01;31m[K^~~~~~~~~~~~~~~~~[m[K
      |                                   [32m[KForwardPublisher[m[K
[01m[K/home/aaron/ur_ws/src/moveit_control/src/forward_positions.cpp:71:53:[m[K [01;31m[Kerror: [m[Kno matching function for call to ‘[01m[Kmake_shared<<expression error> >()[m[K’
   71 |     rclcpp::spin([01;31m[Kstd::make_shared<ForwardPubllisher>()[m[K);
      |                  [01;31m[K~~~~~~~~~~~~~~~~~~~~~~~~~~~~~~~~~~~^~[m[K
In file included from [01m[K/usr/include/c++/11/memory:77[m[K,
                 from [01m[K/opt/ros/humble/include/rclcpp/rclcpp/rclcpp.hpp:153[m[K,
                 from [01m[K/home/aaron/ur_ws/src/moveit_control/src/forward_positions.cpp:3[m[K:
[01m[K/usr/include/c++/11/bits/shared_ptr.h:875:5:[m[K [01;36m[Knote: [m[Kcandidate: ‘[01m[Ktemplate<class _Tp, class ... _Args> std::shared_ptr<_Tp> std::make_shared(_Args&& ...)[m[K’
  875 |     [01;36m[Kmake_shared[m[K(_Args&&... __args)
      |     [01;36m[K^~~~~~~~~~~[m[K
[01m[K/usr/include/c++/11/bits/shared_ptr.h:875:5:[m[K [01;36m[Knote: [m[K  template argument deduction/substitution failed:
[01m[K/home/aaron/ur_ws/src/moveit_control/src/forward_positions.cpp:71:53:[m[K [01;31m[Kerror: [m[Ktemplate argument 1 is invalid
   71 |     rclcpp::spin([01;31m[Kstd::make_shared<ForwardPubllisher>()[m[K);
      |                  [01;31m[K~~~~~~~~~~~~~~~~~~~~~~~~~~~~~~~~~~~^~[m[K
gmake[2]: *** [CMakeFiles/forward_pub.dir/build.make:76: CMakeFiles/forward_pub.dir/src/forward_positions.cpp.o] Error 1
gmake[1]: *** [CMakeFiles/Makefile2:165: CMakeFiles/forward_pub.dir/all] Error 2
gmake: *** [Makefile:146: all] Error 2
