[01m[K/home/aaron/ur_ws/src/moveit_control/src/forward_positions.cpp:61:2:[m[K [01;31m[Kerror: [m[Kexpected ‘[01m[K;[m[K’ after class definition
   61 | }
      |  [01;31m[K^[m[K
      |  [32m[K;[m[K
[01m[K/home/aaron/ur_ws/src/moveit_control/src/forward_positions.cpp:[m[K In constructor ‘[01m[KForwardPublisher::ForwardPublisher()[m[K’:
[01m[K/home/aaron/ur_ws/src/moveit_control/src/forward_positions.cpp:41:13:[m[K [01;31m[Kerror: [m[Kexpected ‘[01m[K;[m[K’ before ‘[01m[Ktimer_[m[K’
   41 |             [01;31m[Ktimer_[m[K = this->create_wall_timer(500ms, std::bind(&ForwardPublisher::timer_callback, this));
      |             [01;31m[K^~~~~~[m[K
[01m[K/home/aaron/ur_ws/src/moveit_control/src/forward_positions.cpp:[m[K In member function ‘[01m[Kvoid ForwardPublisher::timer_callback()[m[K’:
[01m[K/home/aaron/ur_ws/src/moveit_control/src/forward_positions.cpp:48:34:[m[K [01;31m[Kerror: [m[K‘[01m[Kwaypoints[m[K’ was not declared in this scope
   48 |             auto source_waypnt = [01;31m[Kwaypoints[m[K[count_++]
      |                                  [01;31m[K^~~~~~~~~[m[K
[01m[K/home/aaron/ur_ws/src/moveit_control/src/forward_positions.cpp:51:13:[m[K [01;31m[Kerror: [m[Kexpected ‘[01m[K,[m[K’ or ‘[01m[K;[m[K’ before ‘[01m[Kfor[m[K’
   51 |             [01;31m[Kfor[m[K () {
      |             [01;31m[K^~~[m[K
[01m[K/home/aaron/ur_ws/src/moveit_control/src/forward_positions.cpp:55:24:[m[K [01;31m[Kerror: [m[K‘[01m[Kwaypnt_arr[m[K’ was not declared in this scope
   55 |             msg.data = [01;31m[Kwaypnt_arr[m[K
      |                        [01;31m[K^~~~~~~~~~[m[K
[01m[K/home/aaron/ur_ws/src/moveit_control/src/forward_positions.cpp:[m[K In function ‘[01m[Kint main(int, char**)[m[K’:
[01m[K/home/aaron/ur_ws/src/moveit_control/src/forward_positions.cpp:70:35:[m[K [01;31m[Kerror: [m[K‘[01m[KForwardPubllisher[m[K’ was not declared in this scope; did you mean ‘[01m[KForwardPublisher[m[K’?
   70 |     rclcpp::spin(std::make_shared<[01;31m[KForwardPubllisher[m[K>());
      |                                   [01;31m[K^~~~~~~~~~~~~~~~~[m[K
      |                                   [32m[KForwardPublisher[m[K
[01m[K/home/aaron/ur_ws/src/moveit_control/src/forward_positions.cpp:70:53:[m[K [01;31m[Kerror: [m[Kno matching function for call to ‘[01m[Kmake_shared<<expression error> >()[m[K’
   70 |     rclcpp::spin([01;31m[Kstd::make_shared<ForwardPubllisher>()[m[K);
      |                  [01;31m[K~~~~~~~~~~~~~~~~~~~~~~~~~~~~~~~~~~~^~[m[K
In file included from [01m[K/usr/include/c++/11/memory:77[m[K,
                 from [01m[K/opt/ros/humble/include/rclcpp/rclcpp/rclcpp.hpp:153[m[K,
                 from [01m[K/home/aaron/ur_ws/src/moveit_control/src/forward_positions.cpp:2[m[K:
[01m[K/usr/include/c++/11/bits/shared_ptr.h:875:5:[m[K [01;36m[Knote: [m[Kcandidate: ‘[01m[Ktemplate<class _Tp, class ... _Args> std::shared_ptr<_Tp> std::make_shared(_Args&& ...)[m[K’
  875 |     [01;36m[Kmake_shared[m[K(_Args&&... __args)
      |     [01;36m[K^~~~~~~~~~~[m[K
[01m[K/usr/include/c++/11/bits/shared_ptr.h:875:5:[m[K [01;36m[Knote: [m[K  template argument deduction/substitution failed:
[01m[K/home/aaron/ur_ws/src/moveit_control/src/forward_positions.cpp:70:53:[m[K [01;31m[Kerror: [m[Ktemplate argument 1 is invalid
   70 |     rclcpp::spin([01;31m[Kstd::make_shared<ForwardPubllisher>()[m[K);
      |                  [01;31m[K~~~~~~~~~~~~~~~~~~~~~~~~~~~~~~~~~~~^~[m[K
gmake[2]: *** [CMakeFiles/forward_pub.dir/build.make:76: CMakeFiles/forward_pub.dir/src/forward_positions.cpp.o] Error 1
gmake[1]: *** [CMakeFiles/Makefile2:165: CMakeFiles/forward_pub.dir/all] Error 2
gmake: *** [Makefile:146: all] Error 2
