[0.509s] Invoking command in '/home/aaron/ur_ws/build/rosparam_shortcuts': CMAKE_PREFIX_PATH=/opt/ros/humble /usr/bin/cmake --build /home/aaron/ur_ws/build/rosparam_shortcuts -- -j20 -l20
[0.625s] [  7%] [32mBuilding CXX object gtest/CMakeFiles/gtest_main.dir/src/gtest_main.cc.o[0m
[0.625s] [ 15%] [32mBuilding CXX object gtest/CMakeFiles/gtest.dir/src/gtest-all.cc.o[0m
[0.644s] [ 23%] [32mBuilding CXX object CMakeFiles/rosparam_shortcuts.dir/src/rosparam_shortcuts.cpp.o[0m
[0.645s] [ 30%] [32mBuilding CXX object CMakeFiles/rosparam_shortcuts.dir/src/node_parameters.cpp.o[0m
[2.674s] [ 38%] [32m[1mLinking CXX static library libgtest_main.a[0m
[2.706s] [ 38%] Built target gtest_main
[4.387s] [ 46%] [32m[1mLinking CXX static library libgtest.a[0m
[4.444s] [ 46%] Built target gtest
[6.578s] [ 53%] [32m[1mLinking CXX shared library librosparam_shortcuts.so[0m
[6.841s] [ 53%] Built target rosparam_shortcuts
[6.882s] [ 61%] [32mBuilding CXX object CMakeFiles/rosparam_shortcuts_example.dir/src/example.cpp.o[0m
[6.889s] [ 69%] [32mBuilding CXX object CMakeFiles/rosparam_shortcuts_node_parameters_example.dir/src/node_parameters_example.cpp.o[0m
[6.909s] [ 76%] [32mBuilding CXX object CMakeFiles/test_node_parameters.dir/test/test_node_parameters.cpp.o[0m
[13.514s] [ 84%] [32m[1mLinking CXX executable node_parameters_example[0m
[13.623s] [ 92%] [32m[1mLinking CXX executable test_node_parameters[0m
[13.977s] [ 92%] Built target rosparam_shortcuts_node_parameters_example
[14.185s] [ 92%] Built target test_node_parameters
[15.386s] [100%] [32m[1mLinking CXX executable example[0m
[15.785s] [100%] Built target rosparam_shortcuts_example
[15.818s] Invoked command in '/home/aaron/ur_ws/build/rosparam_shortcuts' returned '0': CMAKE_PREFIX_PATH=/opt/ros/humble /usr/bin/cmake --build /home/aaron/ur_ws/build/rosparam_shortcuts -- -j20 -l20
[15.824s] Invoking command in '/home/aaron/ur_ws/build/rosparam_shortcuts': CMAKE_PREFIX_PATH=/opt/ros/humble /usr/bin/cmake --install /home/aaron/ur_ws/build/rosparam_shortcuts
[15.843s] -- Install configuration: ""
[15.846s] -- Installing: /home/aaron/ur_ws/install/rosparam_shortcuts/lib/librosparam_shortcuts.so
[15.850s] -- Set runtime path of "/home/aaron/ur_ws/install/rosparam_shortcuts/lib/librosparam_shortcuts.so" to ""
[15.851s] -- Installing: /home/aaron/ur_ws/install/rosparam_shortcuts/lib/rosparam_shortcuts/example
[15.853s] -- Set runtime path of "/home/aaron/ur_ws/install/rosparam_shortcuts/lib/rosparam_shortcuts/example" to ""
[15.854s] -- Installing: /home/aaron/ur_ws/install/rosparam_shortcuts/lib/rosparam_shortcuts/node_parameters_example
[15.856s] -- Set runtime path of "/home/aaron/ur_ws/install/rosparam_shortcuts/lib/rosparam_shortcuts/node_parameters_example" to ""
[15.856s] -- Up-to-date: /home/aaron/ur_ws/install/rosparam_shortcuts/include
[15.856s] -- Up-to-date: /home/aaron/ur_ws/install/rosparam_shortcuts/include/rosparam_shortcuts
[15.856s] -- Up-to-date: /home/aaron/ur_ws/install/rosparam_shortcuts/include/rosparam_shortcuts/rosparam_shortcuts.h
[15.856s] -- Up-to-date: /home/aaron/ur_ws/install/rosparam_shortcuts/include/rosparam_shortcuts/node_parameters.h
[15.857s] -- Up-to-date: /home/aaron/ur_ws/install/rosparam_shortcuts/share/rosparam_shortcuts/launch
[15.857s] -- Up-to-date: /home/aaron/ur_ws/install/rosparam_shortcuts/share/rosparam_shortcuts/launch/example.launch.py
[15.857s] -- Up-to-date: /home/aaron/ur_ws/install/rosparam_shortcuts/share/rosparam_shortcuts/config
[15.857s] -- Up-to-date: /home/aaron/ur_ws/install/rosparam_shortcuts/share/rosparam_shortcuts/config/example.yaml
[15.858s] -- Up-to-date: /home/aaron/ur_ws/install/rosparam_shortcuts/share/rosparam_shortcuts/environment/library_path.sh
[15.858s] -- Up-to-date: /home/aaron/ur_ws/install/rosparam_shortcuts/share/rosparam_shortcuts/environment/library_path.dsv
[15.858s] -- Up-to-date: /home/aaron/ur_ws/install/rosparam_shortcuts/share/ament_index/resource_index/package_run_dependencies/rosparam_shortcuts
[15.858s] -- Up-to-date: /home/aaron/ur_ws/install/rosparam_shortcuts/share/ament_index/resource_index/parent_prefix_path/rosparam_shortcuts
[15.858s] -- Up-to-date: /home/aaron/ur_ws/install/rosparam_shortcuts/share/rosparam_shortcuts/environment/ament_prefix_path.sh
[15.859s] -- Up-to-date: /home/aaron/ur_ws/install/rosparam_shortcuts/share/rosparam_shortcuts/environment/ament_prefix_path.dsv
[15.859s] -- Up-to-date: /home/aaron/ur_ws/install/rosparam_shortcuts/share/rosparam_shortcuts/environment/path.sh
[15.859s] -- Up-to-date: /home/aaron/ur_ws/install/rosparam_shortcuts/share/rosparam_shortcuts/environment/path.dsv
[15.859s] -- Up-to-date: /home/aaron/ur_ws/install/rosparam_shortcuts/share/rosparam_shortcuts/local_setup.bash
[15.859s] -- Up-to-date: /home/aaron/ur_ws/install/rosparam_shortcuts/share/rosparam_shortcuts/local_setup.sh
[15.860s] -- Up-to-date: /home/aaron/ur_ws/install/rosparam_shortcuts/share/rosparam_shortcuts/local_setup.zsh
[15.860s] -- Up-to-date: /home/aaron/ur_ws/install/rosparam_shortcuts/share/rosparam_shortcuts/local_setup.dsv
[15.860s] -- Installing: /home/aaron/ur_ws/install/rosparam_shortcuts/share/rosparam_shortcuts/package.dsv
[15.860s] -- Up-to-date: /home/aaron/ur_ws/install/rosparam_shortcuts/share/ament_index/resource_index/packages/rosparam_shortcuts
[15.860s] -- Up-to-date: /home/aaron/ur_ws/install/rosparam_shortcuts/share/rosparam_shortcuts/cmake/export_rosparam_shortcutsExport.cmake
[15.860s] -- Up-to-date: /home/aaron/ur_ws/install/rosparam_shortcuts/share/rosparam_shortcuts/cmake/export_rosparam_shortcutsExport-noconfig.cmake
[15.861s] -- Up-to-date: /home/aaron/ur_ws/install/rosparam_shortcuts/share/rosparam_shortcuts/cmake/ament_cmake_export_targets-extras.cmake
[15.861s] -- Up-to-date: /home/aaron/ur_ws/install/rosparam_shortcuts/share/rosparam_shortcuts/cmake/ament_cmake_export_dependencies-extras.cmake
[15.861s] -- Up-to-date: /home/aaron/ur_ws/install/rosparam_shortcuts/share/rosparam_shortcuts/cmake/rosparam_shortcutsConfig.cmake
[15.861s] -- Up-to-date: /home/aaron/ur_ws/install/rosparam_shortcuts/share/rosparam_shortcuts/cmake/rosparam_shortcutsConfig-version.cmake
[15.861s] -- Up-to-date: /home/aaron/ur_ws/install/rosparam_shortcuts/share/rosparam_shortcuts/package.xml
[15.866s] Invoked command in '/home/aaron/ur_ws/build/rosparam_shortcuts' returned '0': CMAKE_PREFIX_PATH=/opt/ros/humble /usr/bin/cmake --install /home/aaron/ur_ws/build/rosparam_shortcuts
