[0.030s] Invoking command in '/home/aaron/ur_ws/build/moveit_ros_perception': AMENT_PREFIX_PATH=/home/aaron/ur_ws/install/moveit_ros_planning:/home/aaron/ur_ws/install/moveit_ros_occupancy_map_monitor:/home/aaron/ur_ws/install/moveit_core:/home/aaron/ur_ws/install/moveit_resources_panda_moveit_config:/home/aaron/ur_ws/install/moveit_configs_utils:/home/aaron/ur_ws/install/srdfdom:/home/aaron/ur_ws/install/moveit_resources_pr2_description:/home/aaron/ur_ws/install/moveit_resources_panda_description:/home/aaron/ur_ws/install/moveit_common:/home/aaron/ur_ws/install/launch_param_builder:${AMENT_PREFIX_PATH} CMAKE_PREFIX_PATH=/home/aaron/ur_ws/install/moveit_ros_planning:/home/aaron/ur_ws/install/moveit_ros_occupancy_map_monitor:/home/aaron/ur_ws/install/moveit_core:/home/aaron/ur_ws/install/moveit_resources_panda_moveit_config:/home/aaron/ur_ws/install/srdfdom:/home/aaron/ur_ws/install/moveit_resources_pr2_description:/home/aaron/ur_ws/install/moveit_resources_panda_description:/home/aaron/ur_ws/install/moveit_common:/opt/ros/humble LD_LIBRARY_PATH=/home/aaron/ur_ws/install/moveit_ros_planning/lib:/home/aaron/ur_ws/install/moveit_ros_occupancy_map_monitor/lib:/home/aaron/ur_ws/install/moveit_core/lib:/home/aaron/ur_ws/install/srdfdom/lib:${LD_LIBRARY_PATH} PATH=/home/aaron/ur_ws/install/moveit_core/bin:${PATH} PYTHONPATH=/home/aaron/ur_ws/install/moveit_configs_utils/lib/python3.10/site-packages:/home/aaron/ur_ws/install/srdfdom/local/lib/python3.10/dist-packages:/home/aaron/ur_ws/install/launch_param_builder/lib/python3.10/site-packages:${PYTHONPATH} /usr/bin/cmake --build /home/aaron/ur_ws/build/moveit_ros_perception -- -j20 -l20
[0.123s] [  5%] [32mBuilding CXX object lazy_free_space_updater/CMakeFiles/moveit_lazy_free_space_updater.dir/src/lazy_free_space_updater.cpp.o[0m
[0.146s] [ 10%] [32mBuilding CXX object mesh_filter/CMakeFiles/moveit_mesh_filter.dir/src/gl_renderer.cpp.o[0m
[0.157s] [ 15%] [32mBuilding CXX object mesh_filter/CMakeFiles/moveit_mesh_filter.dir/src/sensor_model.cpp.o[0m
[0.157s] [ 20%] [32mBuilding CXX object point_containment_filter/CMakeFiles/moveit_point_containment_filter.dir/src/shape_mask.cpp.o[0m
[0.161s] [ 25%] [32mBuilding CXX object mesh_filter/CMakeFiles/moveit_mesh_filter.dir/src/gl_mesh.cpp.o[0m
[0.165s] [ 30%] [32mBuilding CXX object mesh_filter/CMakeFiles/moveit_mesh_filter.dir/src/mesh_filter_base.cpp.o[0m
[0.167s] [ 35%] [32mBuilding CXX object mesh_filter/CMakeFiles/moveit_mesh_filter.dir/src/stereo_camera_model.cpp.o[0m
[0.202s] [ 40%] [32mBuilding CXX object semantic_world/CMakeFiles/moveit_semantic_world.dir/src/semantic_world.cpp.o[0m
[18.618s] [ 45%] [32m[1mLinking CXX shared library libmoveit_point_containment_filter.so[0m
[19.572s] [ 45%] Built target moveit_point_containment_filter
[21.473s] [ 50%] [32m[1mLinking CXX shared library libmoveit_lazy_free_space_updater.so[0m
[23.016s] [ 50%] Built target moveit_lazy_free_space_updater
[33.237s] [ 55%] [32m[1mLinking CXX shared library libmoveit_mesh_filter.so[0m
[35.259s] [ 55%] Built target moveit_mesh_filter
[85.007s] [ 60%] [32m[1mLinking CXX shared library libmoveit_semantic_world.so[0m
[85.497s] [ 60%] Built target moveit_semantic_world
[85.565s] [ 65%] [32mBuilding CXX object depth_image_octomap_updater/CMakeFiles/moveit_depth_image_octomap_updater_core.dir/src/depth_image_octomap_updater.cpp.o[0m
[93.269s] [ 70%] [32m[1mLinking CXX shared library libmoveit_depth_image_octomap_updater_core.so[0m
[93.524s] [ 70%] Built target moveit_depth_image_octomap_updater_core
[93.571s] [ 75%] [32mBuilding CXX object pointcloud_octomap_updater/CMakeFiles/moveit_pointcloud_octomap_updater_core.dir/src/pointcloud_octomap_updater.cpp.o[0m
[108.707s] [ 80%] [32m[1mLinking CXX shared library libmoveit_pointcloud_octomap_updater_core.so[0m
[108.989s] [ 80%] Built target moveit_pointcloud_octomap_updater_core
[109.034s] [ 85%] [32mBuilding CXX object pointcloud_octomap_updater/CMakeFiles/moveit_pointcloud_octomap_updater.dir/src/plugin_init.cpp.o[0m
[109.034s] [ 90%] [32mBuilding CXX object depth_image_octomap_updater/CMakeFiles/moveit_depth_image_octomap_updater.dir/src/updater_plugin.cpp.o[0m
[114.543s] [ 95%] [32m[1mLinking CXX shared library libmoveit_pointcloud_octomap_updater.so[0m
[114.866s] [100%] [32m[1mLinking CXX shared library libmoveit_depth_image_octomap_updater.so[0m
[114.958s] [100%] Built target moveit_pointcloud_octomap_updater
[115.163s] [100%] Built target moveit_depth_image_octomap_updater
[115.198s] Invoked command in '/home/aaron/ur_ws/build/moveit_ros_perception' returned '0': AMENT_PREFIX_PATH=/home/aaron/ur_ws/install/moveit_ros_planning:/home/aaron/ur_ws/install/moveit_ros_occupancy_map_monitor:/home/aaron/ur_ws/install/moveit_core:/home/aaron/ur_ws/install/moveit_resources_panda_moveit_config:/home/aaron/ur_ws/install/moveit_configs_utils:/home/aaron/ur_ws/install/srdfdom:/home/aaron/ur_ws/install/moveit_resources_pr2_description:/home/aaron/ur_ws/install/moveit_resources_panda_description:/home/aaron/ur_ws/install/moveit_common:/home/aaron/ur_ws/install/launch_param_builder:${AMENT_PREFIX_PATH} CMAKE_PREFIX_PATH=/home/aaron/ur_ws/install/moveit_ros_planning:/home/aaron/ur_ws/install/moveit_ros_occupancy_map_monitor:/home/aaron/ur_ws/install/moveit_core:/home/aaron/ur_ws/install/moveit_resources_panda_moveit_config:/home/aaron/ur_ws/install/srdfdom:/home/aaron/ur_ws/install/moveit_resources_pr2_description:/home/aaron/ur_ws/install/moveit_resources_panda_description:/home/aaron/ur_ws/install/moveit_common:/opt/ros/humble LD_LIBRARY_PATH=/home/aaron/ur_ws/install/moveit_ros_planning/lib:/home/aaron/ur_ws/install/moveit_ros_occupancy_map_monitor/lib:/home/aaron/ur_ws/install/moveit_core/lib:/home/aaron/ur_ws/install/srdfdom/lib:${LD_LIBRARY_PATH} PATH=/home/aaron/ur_ws/install/moveit_core/bin:${PATH} PYTHONPATH=/home/aaron/ur_ws/install/moveit_configs_utils/lib/python3.10/site-packages:/home/aaron/ur_ws/install/srdfdom/local/lib/python3.10/dist-packages:/home/aaron/ur_ws/install/launch_param_builder/lib/python3.10/site-packages:${PYTHONPATH} /usr/bin/cmake --build /home/aaron/ur_ws/build/moveit_ros_perception -- -j20 -l20
[115.202s] Invoking command in '/home/aaron/ur_ws/build/moveit_ros_perception': AMENT_PREFIX_PATH=/home/aaron/ur_ws/install/moveit_ros_planning:/home/aaron/ur_ws/install/moveit_ros_occupancy_map_monitor:/home/aaron/ur_ws/install/moveit_core:/home/aaron/ur_ws/install/moveit_resources_panda_moveit_config:/home/aaron/ur_ws/install/moveit_configs_utils:/home/aaron/ur_ws/install/srdfdom:/home/aaron/ur_ws/install/moveit_resources_pr2_description:/home/aaron/ur_ws/install/moveit_resources_panda_description:/home/aaron/ur_ws/install/moveit_common:/home/aaron/ur_ws/install/launch_param_builder:${AMENT_PREFIX_PATH} CMAKE_PREFIX_PATH=/home/aaron/ur_ws/install/moveit_ros_planning:/home/aaron/ur_ws/install/moveit_ros_occupancy_map_monitor:/home/aaron/ur_ws/install/moveit_core:/home/aaron/ur_ws/install/moveit_resources_panda_moveit_config:/home/aaron/ur_ws/install/srdfdom:/home/aaron/ur_ws/install/moveit_resources_pr2_description:/home/aaron/ur_ws/install/moveit_resources_panda_description:/home/aaron/ur_ws/install/moveit_common:/opt/ros/humble LD_LIBRARY_PATH=/home/aaron/ur_ws/install/moveit_ros_planning/lib:/home/aaron/ur_ws/install/moveit_ros_occupancy_map_monitor/lib:/home/aaron/ur_ws/install/moveit_core/lib:/home/aaron/ur_ws/install/srdfdom/lib:${LD_LIBRARY_PATH} PATH=/home/aaron/ur_ws/install/moveit_core/bin:${PATH} PYTHONPATH=/home/aaron/ur_ws/install/moveit_configs_utils/lib/python3.10/site-packages:/home/aaron/ur_ws/install/srdfdom/local/lib/python3.10/dist-packages:/home/aaron/ur_ws/install/launch_param_builder/lib/python3.10/site-packages:${PYTHONPATH} /usr/bin/cmake --install /home/aaron/ur_ws/build/moveit_ros_perception
[115.224s] -- Install configuration: "Release"
[115.224s] -- Up-to-date: /home/aaron/ur_ws/install/moveit_ros_perception/include
[115.224s] -- Up-to-date: /home/aaron/ur_ws/install/moveit_ros_perception/include/moveit
[115.225s] -- Up-to-date: /home/aaron/ur_ws/install/moveit_ros_perception/include/moveit/lazy_free_space_updater
[115.225s] -- Up-to-date: /home/aaron/ur_ws/install/moveit_ros_perception/include/moveit/lazy_free_space_updater/lazy_free_space_updater.h
[115.225s] -- Up-to-date: /home/aaron/ur_ws/install/moveit_ros_perception/include
[115.225s] -- Up-to-date: /home/aaron/ur_ws/install/moveit_ros_perception/include/moveit
[115.225s] -- Up-to-date: /home/aaron/ur_ws/install/moveit_ros_perception/include/moveit/point_containment_filter
[115.225s] -- Up-to-date: /home/aaron/ur_ws/install/moveit_ros_perception/include/moveit/point_containment_filter/shape_mask.h
[115.226s] -- Up-to-date: /home/aaron/ur_ws/install/moveit_ros_perception/include
[115.226s] -- Up-to-date: /home/aaron/ur_ws/install/moveit_ros_perception/include/moveit
[115.226s] -- Up-to-date: /home/aaron/ur_ws/install/moveit_ros_perception/include/moveit/pointcloud_octomap_updater
[115.226s] -- Up-to-date: /home/aaron/ur_ws/install/moveit_ros_perception/include/moveit/pointcloud_octomap_updater/pointcloud_octomap_updater.h
[115.226s] -- Up-to-date: /home/aaron/ur_ws/install/moveit_ros_perception/include
[115.226s] -- Up-to-date: /home/aaron/ur_ws/install/moveit_ros_perception/include/moveit
[115.227s] -- Up-to-date: /home/aaron/ur_ws/install/moveit_ros_perception/include/moveit/mesh_filter
[115.227s] -- Up-to-date: /home/aaron/ur_ws/install/moveit_ros_perception/include/moveit/mesh_filter/transform_provider.h
[115.227s] -- Up-to-date: /home/aaron/ur_ws/install/moveit_ros_perception/include/moveit/mesh_filter/filter_job.h
[115.227s] -- Up-to-date: /home/aaron/ur_ws/install/moveit_ros_perception/include/moveit/mesh_filter/depth_self_filter_nodelet.h
[115.227s] -- Up-to-date: /home/aaron/ur_ws/install/moveit_ros_perception/include/moveit/mesh_filter/gl_renderer.h
[115.227s] -- Up-to-date: /home/aaron/ur_ws/install/moveit_ros_perception/include/moveit/mesh_filter/mesh_filter.h
[115.227s] -- Up-to-date: /home/aaron/ur_ws/install/moveit_ros_perception/include/moveit/mesh_filter/stereo_camera_model.h
[115.227s] -- Up-to-date: /home/aaron/ur_ws/install/moveit_ros_perception/include/moveit/mesh_filter/gl_mesh.h
[115.227s] -- Up-to-date: /home/aaron/ur_ws/install/moveit_ros_perception/include/moveit/mesh_filter/sensor_model.h
[115.227s] -- Up-to-date: /home/aaron/ur_ws/install/moveit_ros_perception/include/moveit/mesh_filter/mesh_filter_base.h
[115.228s] -- Up-to-date: /home/aaron/ur_ws/install/moveit_ros_perception/include/moveit_mesh_filter_export.h
[115.228s] -- Up-to-date: /home/aaron/ur_ws/install/moveit_ros_perception/include
[115.228s] -- Up-to-date: /home/aaron/ur_ws/install/moveit_ros_perception/include/moveit
[115.228s] -- Up-to-date: /home/aaron/ur_ws/install/moveit_ros_perception/include/moveit/depth_image_octomap_updater
[115.228s] -- Up-to-date: /home/aaron/ur_ws/install/moveit_ros_perception/include/moveit/depth_image_octomap_updater/depth_image_octomap_updater.h
[115.228s] -- Up-to-date: /home/aaron/ur_ws/install/moveit_ros_perception/include
[115.228s] -- Up-to-date: /home/aaron/ur_ws/install/moveit_ros_perception/include/moveit
[115.229s] -- Up-to-date: /home/aaron/ur_ws/install/moveit_ros_perception/include/moveit/semantic_world
[115.229s] -- Up-to-date: /home/aaron/ur_ws/install/moveit_ros_perception/include/moveit/semantic_world/semantic_world.h
[115.229s] -- Installing: /home/aaron/ur_ws/install/moveit_ros_perception/lib/libmoveit_depth_image_octomap_updater.so.2.5.9
[115.231s] -- Set runtime path of "/home/aaron/ur_ws/install/moveit_ros_perception/lib/libmoveit_depth_image_octomap_updater.so.2.5.9" to ""
[115.231s] -- Up-to-date: /home/aaron/ur_ws/install/moveit_ros_perception/lib/libmoveit_depth_image_octomap_updater.so
[115.231s] -- Installing: /home/aaron/ur_ws/install/moveit_ros_perception/lib/libmoveit_depth_image_octomap_updater_core.so.2.5.9
[115.233s] -- Set runtime path of "/home/aaron/ur_ws/install/moveit_ros_perception/lib/libmoveit_depth_image_octomap_updater_core.so.2.5.9" to ""
[115.233s] -- Up-to-date: /home/aaron/ur_ws/install/moveit_ros_perception/lib/libmoveit_depth_image_octomap_updater_core.so
[115.234s] -- Installing: /home/aaron/ur_ws/install/moveit_ros_perception/lib/libmoveit_lazy_free_space_updater.so.2.5.9
[115.235s] -- Set runtime path of "/home/aaron/ur_ws/install/moveit_ros_perception/lib/libmoveit_lazy_free_space_updater.so.2.5.9" to ""
[115.235s] -- Up-to-date: /home/aaron/ur_ws/install/moveit_ros_perception/lib/libmoveit_lazy_free_space_updater.so
[115.236s] -- Installing: /home/aaron/ur_ws/install/moveit_ros_perception/lib/libmoveit_mesh_filter.so.2.5.9
[115.238s] -- Set runtime path of "/home/aaron/ur_ws/install/moveit_ros_perception/lib/libmoveit_mesh_filter.so.2.5.9" to ""
[115.238s] -- Up-to-date: /home/aaron/ur_ws/install/moveit_ros_perception/lib/libmoveit_mesh_filter.so
[115.238s] -- Installing: /home/aaron/ur_ws/install/moveit_ros_perception/lib/libmoveit_point_containment_filter.so.2.5.9
[115.239s] -- Set runtime path of "/home/aaron/ur_ws/install/moveit_ros_perception/lib/libmoveit_point_containment_filter.so.2.5.9" to ""
[115.240s] -- Up-to-date: /home/aaron/ur_ws/install/moveit_ros_perception/lib/libmoveit_point_containment_filter.so
[115.240s] -- Installing: /home/aaron/ur_ws/install/moveit_ros_perception/lib/libmoveit_pointcloud_octomap_updater.so.2.5.9
[115.241s] -- Set runtime path of "/home/aaron/ur_ws/install/moveit_ros_perception/lib/libmoveit_pointcloud_octomap_updater.so.2.5.9" to ""
[115.241s] -- Up-to-date: /home/aaron/ur_ws/install/moveit_ros_perception/lib/libmoveit_pointcloud_octomap_updater.so
[115.242s] -- Installing: /home/aaron/ur_ws/install/moveit_ros_perception/lib/libmoveit_pointcloud_octomap_updater_core.so.2.5.9
[115.247s] -- Set runtime path of "/home/aaron/ur_ws/install/moveit_ros_perception/lib/libmoveit_pointcloud_octomap_updater_core.so.2.5.9" to ""
[115.247s] -- Up-to-date: /home/aaron/ur_ws/install/moveit_ros_perception/lib/libmoveit_pointcloud_octomap_updater_core.so
[115.248s] -- Installing: /home/aaron/ur_ws/install/moveit_ros_perception/lib/libmoveit_semantic_world.so.2.5.9
[115.254s] -- Set runtime path of "/home/aaron/ur_ws/install/moveit_ros_perception/lib/libmoveit_semantic_world.so.2.5.9" to ""
[115.254s] -- Up-to-date: /home/aaron/ur_ws/install/moveit_ros_perception/lib/libmoveit_semantic_world.so
[115.254s] -- Up-to-date: /home/aaron/ur_ws/install/moveit_ros_perception/share/moveit_ros_perception/environment/library_path.sh
[115.255s] -- Up-to-date: /home/aaron/ur_ws/install/moveit_ros_perception/share/moveit_ros_perception/environment/library_path.dsv
[115.255s] -- Up-to-date: /home/aaron/ur_ws/install/moveit_ros_perception/share/moveit_ros_perception/pointcloud_octomap_updater_plugin_description.xml
[115.255s] -- Up-to-date: /home/aaron/ur_ws/install/moveit_ros_perception/share/moveit_ros_perception/depth_image_octomap_updater_plugin_description.xml
[115.255s] -- Up-to-date: /home/aaron/ur_ws/install/moveit_ros_perception/share/ament_index/resource_index/package_run_dependencies/moveit_ros_perception
[115.255s] -- Up-to-date: /home/aaron/ur_ws/install/moveit_ros_perception/share/ament_index/resource_index/parent_prefix_path/moveit_ros_perception
[115.255s] -- Up-to-date: /home/aaron/ur_ws/install/moveit_ros_perception/share/moveit_ros_perception/environment/ament_prefix_path.sh
[115.256s] -- Up-to-date: /home/aaron/ur_ws/install/moveit_ros_perception/share/moveit_ros_perception/environment/ament_prefix_path.dsv
[115.256s] -- Up-to-date: /home/aaron/ur_ws/install/moveit_ros_perception/share/moveit_ros_perception/environment/path.sh
[115.256s] -- Up-to-date: /home/aaron/ur_ws/install/moveit_ros_perception/share/moveit_ros_perception/environment/path.dsv
[115.256s] -- Up-to-date: /home/aaron/ur_ws/install/moveit_ros_perception/share/moveit_ros_perception/local_setup.bash
[115.256s] -- Up-to-date: /home/aaron/ur_ws/install/moveit_ros_perception/share/moveit_ros_perception/local_setup.sh
[115.257s] -- Up-to-date: /home/aaron/ur_ws/install/moveit_ros_perception/share/moveit_ros_perception/local_setup.zsh
[115.257s] -- Up-to-date: /home/aaron/ur_ws/install/moveit_ros_perception/share/moveit_ros_perception/local_setup.dsv
[115.257s] -- Installing: /home/aaron/ur_ws/install/moveit_ros_perception/share/moveit_ros_perception/package.dsv
[115.257s] -- Up-to-date: /home/aaron/ur_ws/install/moveit_ros_perception/share/ament_index/resource_index/packages/moveit_ros_perception
[115.257s] -- Up-to-date: /home/aaron/ur_ws/install/moveit_ros_perception/share/ament_index/resource_index/moveit_ros_occupancy_map_monitor__pluginlib__plugin/moveit_ros_perception
[115.257s] -- Up-to-date: /home/aaron/ur_ws/install/moveit_ros_perception/share/moveit_ros_perception/cmake/export_moveit_ros_perceptionExport.cmake
[115.258s] -- Up-to-date: /home/aaron/ur_ws/install/moveit_ros_perception/share/moveit_ros_perception/cmake/export_moveit_ros_perceptionExport-release.cmake
[115.258s] -- Up-to-date: /home/aaron/ur_ws/install/moveit_ros_perception/share/moveit_ros_perception/cmake/ConfigExtras.cmake
[115.258s] -- Up-to-date: /home/aaron/ur_ws/install/moveit_ros_perception/share/moveit_ros_perception/cmake/ament_cmake_export_targets-extras.cmake
[115.258s] -- Up-to-date: /home/aaron/ur_ws/install/moveit_ros_perception/share/moveit_ros_perception/cmake/ament_cmake_export_dependencies-extras.cmake
[115.258s] -- Up-to-date: /home/aaron/ur_ws/install/moveit_ros_perception/share/moveit_ros_perception/cmake/moveit_ros_perceptionConfig.cmake
[115.259s] -- Up-to-date: /home/aaron/ur_ws/install/moveit_ros_perception/share/moveit_ros_perception/cmake/moveit_ros_perceptionConfig-version.cmake
[115.259s] -- Up-to-date: /home/aaron/ur_ws/install/moveit_ros_perception/share/moveit_ros_perception/package.xml
[115.265s] Invoked command in '/home/aaron/ur_ws/build/moveit_ros_perception' returned '0': AMENT_PREFIX_PATH=/home/aaron/ur_ws/install/moveit_ros_planning:/home/aaron/ur_ws/install/moveit_ros_occupancy_map_monitor:/home/aaron/ur_ws/install/moveit_core:/home/aaron/ur_ws/install/moveit_resources_panda_moveit_config:/home/aaron/ur_ws/install/moveit_configs_utils:/home/aaron/ur_ws/install/srdfdom:/home/aaron/ur_ws/install/moveit_resources_pr2_description:/home/aaron/ur_ws/install/moveit_resources_panda_description:/home/aaron/ur_ws/install/moveit_common:/home/aaron/ur_ws/install/launch_param_builder:${AMENT_PREFIX_PATH} CMAKE_PREFIX_PATH=/home/aaron/ur_ws/install/moveit_ros_planning:/home/aaron/ur_ws/install/moveit_ros_occupancy_map_monitor:/home/aaron/ur_ws/install/moveit_core:/home/aaron/ur_ws/install/moveit_resources_panda_moveit_config:/home/aaron/ur_ws/install/srdfdom:/home/aaron/ur_ws/install/moveit_resources_pr2_description:/home/aaron/ur_ws/install/moveit_resources_panda_description:/home/aaron/ur_ws/install/moveit_common:/opt/ros/humble LD_LIBRARY_PATH=/home/aaron/ur_ws/install/moveit_ros_planning/lib:/home/aaron/ur_ws/install/moveit_ros_occupancy_map_monitor/lib:/home/aaron/ur_ws/install/moveit_core/lib:/home/aaron/ur_ws/install/srdfdom/lib:${LD_LIBRARY_PATH} PATH=/home/aaron/ur_ws/install/moveit_core/bin:${PATH} PYTHONPATH=/home/aaron/ur_ws/install/moveit_configs_utils/lib/python3.10/site-packages:/home/aaron/ur_ws/install/srdfdom/local/lib/python3.10/dist-packages:/home/aaron/ur_ws/install/launch_param_builder/lib/python3.10/site-packages:${PYTHONPATH} /usr/bin/cmake --install /home/aaron/ur_ws/build/moveit_ros_perception
