[35m[1mConsolidate compiler generated dependencies of target gtest_main[0m
[35m[1mConsolidate compiler generated dependencies of target fake_command_publisher[0m
[35m[1mConsolidate compiler generated dependencies of target moveit_servo_lib_parameters[0m
[  3%] [32mBuilding CXX object CMakeFiles/servo_controller_input.dir/src/teleop_demo/joystick_servo_example.cpp.o[0m
[  9%] Built target gtest_main
[ 12%] [32mBuilding CXX object gtest/CMakeFiles/gtest.dir/src/gtest-all.cc.o[0m
[ 18%] Built target fake_command_publisher
[ 21%] [32mBuilding CXX object CMakeFiles/moveit_servo_lib_parameters.dir/src/servo_parameters.cpp.o[0m
[ 24%] [32m[1mLinking CXX static library libgtest.a[0m
[ 24%] Built target gtest
[ 27%] [32m[1mLinking CXX shared library libmoveit_servo_lib_parameters.so[0m
[ 30%] Built target moveit_servo_lib_parameters
[ 33%] [32m[1mLinking CXX shared library libservo_controller_input.so[0m
[ 33%] Built target servo_controller_input
[ 36%] [32mBuilding CXX object CMakeFiles/test_servo_collision.dir/test/test_servo_collision.cpp.o[0m
[ 39%] [32m[1mLinking CXX executable test_servo_collision[0m
[ 39%] Built target test_servo_collision
[ 42%] [32mBuilding CXX object CMakeFiles/test_servo_integration.dir/test/test_servo_interface.cpp.o[0m
[ 45%] [32mBuilding CXX object CMakeFiles/moveit_servo_lib.dir/src/collision_check.cpp.o[0m
[ 48%] [32mBuilding CXX object CMakeFiles/moveit_servo_lib.dir/src/enforce_limits.cpp.o[0m
[ 51%] [32mBuilding CXX object CMakeFiles/moveit_servo_lib.dir/src/servo.cpp.o[0m
[ 54%] [32mBuilding CXX object CMakeFiles/moveit_servo_lib.dir/src/servo_calcs.cpp.o[0m
[ 57%] [32mBuilding CXX object CMakeFiles/moveit_servo_lib.dir/src/utilities.cpp.o[0m
[ 60%] [32m[1mLinking CXX executable test_servo_integration[0m
[ 60%] Built target test_servo_integration
[ 63%] [32m[1mLinking CXX shared library libmoveit_servo_lib.so[0m
[ 63%] Built target moveit_servo_lib
[ 66%] [32mBuilding CXX object CMakeFiles/pose_tracking.dir/src/pose_tracking.cpp.o[0m
[ 69%] [32m[1mLinking CXX shared library libpose_tracking.so[0m
[ 69%] Built target pose_tracking
[ 72%] [32mBuilding CXX object CMakeFiles/servo_calcs_unit_tests.dir/test/servo_calcs_unit_tests.cpp.o[0m
[ 75%] [32m[1mLinking CXX executable servo_calcs_unit_tests[0m
[ 75%] Built target servo_calcs_unit_tests
[ 78%] [32mBuilding CXX object CMakeFiles/servo_pose_tracking_demo.dir/src/cpp_interface_demo/pose_tracking_demo.cpp.o[0m
[ 81%] [32mBuilding CXX object CMakeFiles/servo_node.dir/src/servo_node.cpp.o[0m
[ 84%] [32mBuilding CXX object CMakeFiles/test_servo_pose_tracking.dir/test/pose_tracking_test.cpp.o[0m
[ 87%] [32m[1mLinking CXX shared library libservo_node.so[0m
[ 87%] Built target servo_node
[ 90%] [32mBuilding CXX object CMakeFiles/servo_node_main.dir/src/servo_node_main.cpp.o[0m
[ 93%] [32m[1mLinking CXX executable servo_pose_tracking_demo[0m
[ 96%] [32m[1mLinking CXX executable test_servo_pose_tracking[0m
[ 96%] Built target servo_pose_tracking_demo
[ 96%] Built target test_servo_pose_tracking
[100%] [32m[1mLinking CXX executable servo_node_main[0m
[100%] Built target servo_node_main
-- Install configuration: "Release"
-- Installing: /home/aaron/ur_ws/install/moveit_servo/lib/libmoveit_servo_lib.so.2.5.9
-- Set runtime path of "/home/aaron/ur_ws/install/moveit_servo/lib/libmoveit_servo_lib.so.2.5.9" to ""
-- Up-to-date: /home/aaron/ur_ws/install/moveit_servo/lib/libmoveit_servo_lib.so
-- Installing: /home/aaron/ur_ws/install/moveit_servo/lib/libmoveit_servo_lib_parameters.so.2.5.9
-- Set runtime path of "/home/aaron/ur_ws/install/moveit_servo/lib/libmoveit_servo_lib_parameters.so.2.5.9" to ""
-- Up-to-date: /home/aaron/ur_ws/install/moveit_servo/lib/libmoveit_servo_lib_parameters.so
-- Installing: /home/aaron/ur_ws/install/moveit_servo/lib/libpose_tracking.so
-- Set runtime path of "/home/aaron/ur_ws/install/moveit_servo/lib/libpose_tracking.so" to ""
-- Installing: /home/aaron/ur_ws/install/moveit_servo/lib/libservo_node.so
-- Set runtime path of "/home/aaron/ur_ws/install/moveit_servo/lib/libservo_node.so" to ""
-- Installing: /home/aaron/ur_ws/install/moveit_servo/lib/libservo_controller_input.so
-- Set runtime path of "/home/aaron/ur_ws/install/moveit_servo/lib/libservo_controller_input.so" to ""
-- Installing: /home/aaron/ur_ws/install/moveit_servo/lib/moveit_servo/servo_node_main
-- Set runtime path of "/home/aaron/ur_ws/install/moveit_servo/lib/moveit_servo/servo_node_main" to ""
-- Installing: /home/aaron/ur_ws/install/moveit_servo/lib/moveit_servo/servo_pose_tracking_demo
-- Set runtime path of "/home/aaron/ur_ws/install/moveit_servo/lib/moveit_servo/servo_pose_tracking_demo" to ""
-- Installing: /home/aaron/ur_ws/install/moveit_servo/lib/moveit_servo/fake_command_publisher
-- Set runtime path of "/home/aaron/ur_ws/install/moveit_servo/lib/moveit_servo/fake_command_publisher" to ""
-- Up-to-date: /home/aaron/ur_ws/install/moveit_servo/include
-- Up-to-date: /home/aaron/ur_ws/install/moveit_servo/include/moveit_servo
-- Up-to-date: /home/aaron/ur_ws/install/moveit_servo/include/moveit_servo/servo_node.h
-- Up-to-date: /home/aaron/ur_ws/install/moveit_servo/include/moveit_servo/utilities.h
-- Up-to-date: /home/aaron/ur_ws/install/moveit_servo/include/moveit_servo/collision_check.h
-- Up-to-date: /home/aaron/ur_ws/install/moveit_servo/include/moveit_servo/make_shared_from_pool.h
-- Up-to-date: /home/aaron/ur_ws/install/moveit_servo/include/moveit_servo/status_codes.h
-- Up-to-date: /home/aaron/ur_ws/install/moveit_servo/include/moveit_servo/servo.h
-- Up-to-date: /home/aaron/ur_ws/install/moveit_servo/include/moveit_servo/servo_parameters.h
-- Up-to-date: /home/aaron/ur_ws/install/moveit_servo/include/moveit_servo/servo_server.h
-- Up-to-date: /home/aaron/ur_ws/install/moveit_servo/include/moveit_servo/parameter_descriptor_builder.hpp
-- Up-to-date: /home/aaron/ur_ws/install/moveit_servo/include/moveit_servo/pose_tracking.h
-- Up-to-date: /home/aaron/ur_ws/install/moveit_servo/include/moveit_servo/enforce_limits.hpp
-- Up-to-date: /home/aaron/ur_ws/install/moveit_servo/include/moveit_servo/servo_calcs.h
-- Up-to-date: /home/aaron/ur_ws/install/moveit_servo/share/moveit_servo/launch
-- Up-to-date: /home/aaron/ur_ws/install/moveit_servo/share/moveit_servo/launch/servo_example.launch.py
-- Up-to-date: /home/aaron/ur_ws/install/moveit_servo/share/moveit_servo/launch/pose_tracking_example.launch.py
-- Up-to-date: /home/aaron/ur_ws/install/moveit_servo/share/moveit_servo/config
-- Up-to-date: /home/aaron/ur_ws/install/moveit_servo/share/moveit_servo/config/panda_simulated_config_pose_tracking.yaml
-- Up-to-date: /home/aaron/ur_ws/install/moveit_servo/share/moveit_servo/config/demo_rviz_pose_tracking.rviz
-- Up-to-date: /home/aaron/ur_ws/install/moveit_servo/share/moveit_servo/config/pose_tracking_settings.yaml
-- Up-to-date: /home/aaron/ur_ws/install/moveit_servo/share/moveit_servo/config/demo_rviz_config.rviz
-- Up-to-date: /home/aaron/ur_ws/install/moveit_servo/share/moveit_servo/config/panda_simulated_config.yaml
-- Up-to-date: /home/aaron/ur_ws/install/moveit_servo/share/moveit_servo/environment/library_path.sh
-- Up-to-date: /home/aaron/ur_ws/install/moveit_servo/share/moveit_servo/environment/library_path.dsv
-- Up-to-date: /home/aaron/ur_ws/install/moveit_servo/share/ament_index/resource_index/package_run_dependencies/moveit_servo
-- Up-to-date: /home/aaron/ur_ws/install/moveit_servo/share/ament_index/resource_index/parent_prefix_path/moveit_servo
-- Up-to-date: /home/aaron/ur_ws/install/moveit_servo/share/moveit_servo/environment/ament_prefix_path.sh
-- Up-to-date: /home/aaron/ur_ws/install/moveit_servo/share/moveit_servo/environment/ament_prefix_path.dsv
-- Up-to-date: /home/aaron/ur_ws/install/moveit_servo/share/moveit_servo/environment/path.sh
-- Up-to-date: /home/aaron/ur_ws/install/moveit_servo/share/moveit_servo/environment/path.dsv
-- Up-to-date: /home/aaron/ur_ws/install/moveit_servo/share/moveit_servo/local_setup.bash
-- Up-to-date: /home/aaron/ur_ws/install/moveit_servo/share/moveit_servo/local_setup.sh
-- Up-to-date: /home/aaron/ur_ws/install/moveit_servo/share/moveit_servo/local_setup.zsh
-- Up-to-date: /home/aaron/ur_ws/install/moveit_servo/share/moveit_servo/local_setup.dsv
-- Installing: /home/aaron/ur_ws/install/moveit_servo/share/moveit_servo/package.dsv
-- Up-to-date: /home/aaron/ur_ws/install/moveit_servo/share/ament_index/resource_index/packages/moveit_servo
-- Up-to-date: /home/aaron/ur_ws/install/moveit_servo/share/ament_index/resource_index/rclcpp_components/moveit_servo
-- Up-to-date: /home/aaron/ur_ws/install/moveit_servo/share/moveit_servo/cmake/export_moveit_servoExport.cmake
-- Up-to-date: /home/aaron/ur_ws/install/moveit_servo/share/moveit_servo/cmake/export_moveit_servoExport-release.cmake
-- Up-to-date: /home/aaron/ur_ws/install/moveit_servo/share/moveit_servo/cmake/ament_cmake_export_targets-extras.cmake
-- Up-to-date: /home/aaron/ur_ws/install/moveit_servo/share/moveit_servo/cmake/ament_cmake_export_dependencies-extras.cmake
-- Up-to-date: /home/aaron/ur_ws/install/moveit_servo/share/moveit_servo/cmake/moveit_servoConfig.cmake
-- Up-to-date: /home/aaron/ur_ws/install/moveit_servo/share/moveit_servo/cmake/moveit_servoConfig-version.cmake
-- Up-to-date: /home/aaron/ur_ws/install/moveit_servo/share/moveit_servo/package.xml
