[0.033s] Invoking command in '/home/aaron/ur_ws/build/pilz_industrial_motion_planner': AMENT_PREFIX_PATH=/home/aaron/ur_ws/install/moveit_resources_prbt_pg70_support:/home/aaron/ur_ws/install/moveit_ros_planning_interface:/home/aaron/ur_ws/install/moveit_resources_prbt_moveit_config:/home/aaron/ur_ws/install/moveit_ros_move_group:/home/aaron/ur_ws/install/moveit_ros_warehouse:/home/aaron/ur_ws/install/moveit_planners_ompl:/home/aaron/ur_ws/install/moveit_kinematics:/home/aaron/ur_ws/install/moveit_ros_planning:/home/aaron/ur_ws/install/pilz_industrial_motion_planner_testutils:/home/aaron/ur_ws/install/moveit_simple_controller_manager:/home/aaron/ur_ws/install/moveit_ros_occupancy_map_monitor:/home/aaron/ur_ws/install/moveit_resources_prbt_ikfast_manipulator_plugin:/home/aaron/ur_ws/install/moveit_core:/home/aaron/ur_ws/install/moveit_resources_panda_moveit_config:/home/aaron/ur_ws/install/moveit_resources_fanuc_moveit_config:/home/aaron/ur_ws/install/moveit_configs_utils:/home/aaron/ur_ws/install/srdfdom:/home/aaron/ur_ws/install/moveit_resources_prbt_support:/home/aaron/ur_ws/install/moveit_resources_pr2_description:/home/aaron/ur_ws/install/moveit_resources_panda_description:/home/aaron/ur_ws/install/moveit_resources_fanuc_description:/home/aaron/ur_ws/install/moveit_common:/home/aaron/ur_ws/install/launch_param_builder:${AMENT_PREFIX_PATH} CMAKE_PREFIX_PATH=/home/aaron/ur_ws/install/moveit_resources_prbt_pg70_support:/home/aaron/ur_ws/install/moveit_ros_planning_interface:/home/aaron/ur_ws/install/moveit_resources_prbt_moveit_config:/home/aaron/ur_ws/install/moveit_ros_move_group:/home/aaron/ur_ws/install/moveit_ros_warehouse:/home/aaron/ur_ws/install/moveit_planners_ompl:/home/aaron/ur_ws/install/moveit_kinematics:/home/aaron/ur_ws/install/moveit_ros_planning:/home/aaron/ur_ws/install/pilz_industrial_motion_planner_testutils:/home/aaron/ur_ws/install/moveit_simple_controller_manager:/home/aaron/ur_ws/install/moveit_ros_occupancy_map_monitor:/home/aaron/ur_ws/install/moveit_resources_prbt_ikfast_manipulator_plugin:/home/aaron/ur_ws/install/moveit_core:/home/aaron/ur_ws/install/moveit_resources_panda_moveit_config:/home/aaron/ur_ws/install/moveit_resources_fanuc_moveit_config:/home/aaron/ur_ws/install/srdfdom:/home/aaron/ur_ws/install/moveit_resources_prbt_support:/home/aaron/ur_ws/install/moveit_resources_pr2_description:/home/aaron/ur_ws/install/moveit_resources_panda_description:/home/aaron/ur_ws/install/moveit_resources_fanuc_description:/home/aaron/ur_ws/install/moveit_common:/opt/ros/humble LD_LIBRARY_PATH=/home/aaron/ur_ws/install/moveit_ros_planning_interface/lib:/home/aaron/ur_ws/install/moveit_ros_move_group/lib:/home/aaron/ur_ws/install/moveit_ros_warehouse/lib:/home/aaron/ur_ws/install/moveit_planners_ompl/lib:/home/aaron/ur_ws/install/moveit_kinematics/lib:/home/aaron/ur_ws/install/moveit_ros_planning/lib:/home/aaron/ur_ws/install/pilz_industrial_motion_planner_testutils/lib:/home/aaron/ur_ws/install/moveit_simple_controller_manager/lib:/home/aaron/ur_ws/install/moveit_ros_occupancy_map_monitor/lib:/home/aaron/ur_ws/install/moveit_resources_prbt_ikfast_manipulator_plugin/lib:/home/aaron/ur_ws/install/moveit_core/lib:/home/aaron/ur_ws/install/srdfdom/lib:${LD_LIBRARY_PATH} PATH=/home/aaron/ur_ws/install/moveit_core/bin:${PATH} PYTHONPATH=/home/aaron/ur_ws/install/moveit_configs_utils/lib/python3.10/site-packages:/home/aaron/ur_ws/install/srdfdom/local/lib/python3.10/dist-packages:/home/aaron/ur_ws/install/launch_param_builder/lib/python3.10/site-packages:${PYTHONPATH} /usr/bin/cmake --build /home/aaron/ur_ws/build/pilz_industrial_motion_planner -- -j20 -l20
[0.069s] [35m[1mConsolidate compiler generated dependencies of target gmock[0m
[0.070s] [35m[1mConsolidate compiler generated dependencies of target gtest[0m
[0.072s] [35m[1mConsolidate compiler generated dependencies of target gmock_main[0m
[0.072s] [35m[1mConsolidate compiler generated dependencies of target gtest_main[0m
[0.073s] [35m[1mConsolidate compiler generated dependencies of target planning_context_loader_base[0m
[0.087s] [35m[1mConsolidate compiler generated dependencies of target joint_limits_common[0m
[0.090s] [  3%] Built target gmock
[0.098s] [  6%] Built target gtest
[0.099s] [  7%] [32m[1mLinking CXX shared library libplanning_context_loader_base.so[0m
[0.101s] [  9%] Built target gtest_main
[0.104s] [ 12%] Built target gmock_main
[0.106s] [ 13%] [32mBuilding CXX object CMakeFiles/trajectory_generation_common.dir/src/trajectory_functions.cpp.o[0m
[0.113s] [ 14%] [32mBuilding CXX object CMakeFiles/trajectory_generation_common.dir/src/trajectory_generator.cpp.o[0m
[0.116s] [ 15%] [32mBuilding CXX object CMakeFiles/trajectory_generation_common.dir/src/trajectory_blender_transition_window.cpp.o[0m
[0.118s] [ 16%] [32mBuilding CXX object CMakeFiles/joint_limits_common.dir/src/joint_limits_aggregator.cpp.o[0m
[36.811s] [ 18%] [32m[1mLinking CXX shared library libjoint_limits_common.so[0m
[44.628s] [ 24%] Built target joint_limits_common
[61.707s] [ 25%] [32m[1mLinking CXX shared library libtrajectory_generation_common.so[0m
[62.580s] [ 25%] Built target trajectory_generation_common
[69.427s] [ 26%] Built target planning_context_loader_base
[69.496s] [ 27%] [32mBuilding CXX object test/CMakeFiles/pilz_industrial_motion_planner_test_utils.dir/test_utils.cpp.o[0m
[92.642s] [ 28%] [32m[1mLinking CXX static library libpilz_industrial_motion_planner_test_utils.a[0m
[92.735s] [ 28%] Built target pilz_industrial_motion_planner_test_utils
[92.806s] [ 30%] [32mBuilding CXX object test/unit_tests/CMakeFiles/unittest_joint_limits_container.dir/src/unittest_joint_limits_container.cpp.o[0m
[92.812s] [ 31%] [32mBuilding CXX object test/unit_tests/CMakeFiles/unittest_joint_limits_validator.dir/src/unittest_joint_limits_validator.cpp.o[0m
[92.813s] [ 32%] [32mBuilding CXX object test/unit_tests/CMakeFiles/unittest_cartesian_limits_aggregator.dir/src/unittest_cartesian_limits_aggregator.cpp.o[0m
[92.816s] [ 33%] [32mBuilding CXX object CMakeFiles/pilz_industrial_motion_planner.dir/src/pilz_industrial_motion_planner.cpp.o[0m
[92.826s] [ 34%] [32mBuilding CXX object test/unit_tests/CMakeFiles/unittest_joint_limit.dir/src/unittest_joint_limit.cpp.o[0m
[92.830s] [ 37%] [32mBuilding CXX object test/unit_tests/CMakeFiles/unittest_joint_limits_aggregator.dir/src/unittest_joint_limits_aggregator.cpp.o[0m
[92.830s] [ 37%] [32mBuilding CXX object CMakeFiles/command_list_manager.dir/src/command_list_manager.cpp.o[0m
[92.842s] [ 38%] [32mBuilding CXX object CMakeFiles/command_list_manager.dir/src/plan_components_builder.cpp.o[0m
[92.842s] [ 39%] [32mBuilding CXX object test/unit_tests/CMakeFiles/unittest_trajectory_functions.dir/src/unittest_trajectory_functions.cpp.o[0m
[92.851s] [ 40%] [32mBuilding CXX object CMakeFiles/planning_context_loader_lin.dir/src/planning_context_loader_lin.cpp.o[0m
[92.858s] [ 42%] [32mBuilding CXX object CMakeFiles/planning_context_loader_lin.dir/src/trajectory_generator_lin.cpp.o[0m
[92.860s] [ 43%] [32mBuilding CXX object CMakeFiles/planning_context_loader_circ.dir/src/planning_context_loader_circ.cpp.o[0m
[92.870s] [ 44%] [32mBuilding CXX object CMakeFiles/planning_context_loader_circ.dir/src/trajectory_generator_circ.cpp.o[0m
[92.876s] [ 45%] [32mBuilding CXX object CMakeFiles/planning_context_loader_lin.dir/src/velocity_profile_atrap.cpp.o[0m
[92.877s] [ 46%] [32mBuilding CXX object CMakeFiles/planning_context_loader_circ.dir/src/path_circle_generator.cpp.o[0m
[92.883s] [ 48%] [32mBuilding CXX object CMakeFiles/planning_context_loader_ptp.dir/src/planning_context_loader_ptp.cpp.o[0m
[92.914s] [ 49%] [32mBuilding CXX object CMakeFiles/planning_context_loader_ptp.dir/src/trajectory_generator_ptp.cpp.o[0m
[92.919s] [ 50%] [32mBuilding CXX object CMakeFiles/planning_context_loader_ptp.dir/src/velocity_profile_atrap.cpp.o[0m
[100.137s] [ 51%] [32m[1mLinking CXX executable unittest_joint_limits_container[0m
[101.325s] [ 51%] Built target unittest_joint_limits_container
[104.352s] [ 53%] [32m[1mLinking CXX executable unittest_joint_limits_validator[0m
[105.510s] [ 53%] Built target unittest_joint_limits_validator
[110.925s] [ 54%] [32m[1mLinking CXX executable unittest_cartesian_limits_aggregator[0m
[111.988s] [ 54%] Built target unittest_cartesian_limits_aggregator
[112.059s] [ 55%] [32m[1mLinking CXX executable unittest_joint_limit[0m
[113.230s] [ 55%] Built target unittest_joint_limit
[125.207s] [ 56%] [32m[1mLinking CXX executable unittest_joint_limits_aggregator[0m
[125.923s] [ 56%] Built target unittest_joint_limits_aggregator
[126.162s] [ 57%] [32m[1mLinking CXX shared library libplanning_context_loader_ptp.so[0m
[126.680s] [ 57%] Built target planning_context_loader_ptp
[126.765s] [ 59%] [32mBuilding CXX object test/unit_tests/CMakeFiles/unittest_trajectory_generator_ptp.dir/src/unittest_trajectory_generator_ptp.cpp.o[0m
[127.094s] [ 60%] [32m[1mLinking CXX shared library libplanning_context_loader_circ.so[0m
[127.545s] [ 60%] Built target planning_context_loader_circ
[127.662s] [ 61%] [32mBuilding CXX object test/unit_tests/CMakeFiles/unittest_trajectory_generator_circ.dir/src/unittest_trajectory_generator_circ.cpp.o[0m
[128.511s] [ 62%] [32m[1mLinking CXX shared library libplanning_context_loader_lin.so[0m
[129.236s] [ 62%] Built target planning_context_loader_lin
[129.338s] [ 63%] [32mBuilding CXX object test/unit_tests/CMakeFiles/unittest_trajectory_generator_common.dir/src/unittest_trajectory_generator_common.cpp.o[0m
[129.347s] [ 65%] [32mBuilding CXX object test/unit_tests/CMakeFiles/unittest_trajectory_generator_lin.dir/src/unittest_trajectory_generator_lin.cpp.o[0m
[129.354s] [ 66%] [32mBuilding CXX object test/unit_tests/CMakeFiles/unittest_trajectory_blender_transition_window.dir/src/unittest_trajectory_blender_transition_window.cpp.o[0m
[129.357s] [ 67%] [32mBuilding CXX object test/unit_tests/CMakeFiles/unittest_trajectory_blender_transition_window.dir/__/__/src/trajectory_blender_transition_window.cpp.o[0m
[130.739s] [ 68%] [32m[1mLinking CXX shared library libcommand_list_manager.so[0m
[131.513s] [ 68%] Built target command_list_manager
[131.616s] [ 69%] [32mBuilding CXX object CMakeFiles/sequence_capability.dir/src/move_group_sequence_service.cpp.o[0m
[131.622s] [ 71%] [32mBuilding CXX object CMakeFiles/sequence_capability.dir/src/move_group_sequence_action.cpp.o[0m
[137.268s] [ 72%] [32m[1mLinking CXX shared library libpilz_industrial_motion_planner.so[0m
[138.124s] [ 73%] [32m[1mLinking CXX executable unittest_trajectory_functions[0m
[138.128s] [ 73%] Built target pilz_industrial_motion_planner
[138.321s] [ 74%] [32mBuilding CXX object test/unit_tests/CMakeFiles/unittest_velocity_profile_atrap.dir/__/__/src/velocity_profile_atrap.cpp.o[0m
[138.323s] [ 75%] [32mBuilding CXX object test/unit_tests/CMakeFiles/unittest_velocity_profile_atrap.dir/src/unittest_velocity_profile_atrap.cpp.o[0m
[138.325s] [ 77%] [32mBuilding CXX object test/unit_tests/CMakeFiles/unittest_planning_context_loaders.dir/src/unittest_planning_context_loaders.cpp.o[0m
[138.348s] [ 78%] [32mBuilding CXX object test/unit_tests/CMakeFiles/unittest_pilz_industrial_motion_planner_direct.dir/src/unittest_pilz_industrial_motion_planner_direct.cpp.o[0m
[138.401s] [ 79%] [32mBuilding CXX object test/unit_tests/CMakeFiles/unittest_trajectory_generator.dir/src/unittest_trajectory_generator.cpp.o[0m
[138.417s] [ 80%] [32mBuilding CXX object test/unit_tests/CMakeFiles/unittest_trajectory_generator.dir/__/__/src/trajectory_generator.cpp.o[0m
[138.431s] [ 81%] [32mBuilding CXX object test/unit_tests/CMakeFiles/unittest_pilz_industrial_motion_planner.dir/src/unittest_pilz_industrial_motion_planner.cpp.o[0m
[140.233s] [ 81%] Built target unittest_trajectory_functions
[140.477s] [ 83%] [32mBuilding CXX object test/unit_tests/CMakeFiles/unittest_get_solver_tip_frame.dir/src/unittest_get_solver_tip_frame.cpp.o[0m
[140.500s] [ 84%] [32mBuilding CXX object test/unit_tests/CMakeFiles/unittest_planning_context.dir/src/unittest_planning_context.cpp.o[0m
[155.282s] [ 85%] [32m[1mLinking CXX executable unittest_velocity_profile_atrap[0m
[170.767s] [ 85%] Built target unittest_velocity_profile_atrap
[175.165s] [ 86%] [32m[1mLinking CXX executable unittest_get_solver_tip_frame[0m
[181.103s] [ 87%] [32m[1mLinking CXX executable unittest_trajectory_generator[0m
[181.379s] [ 89%] [32m[1mLinking CXX executable unittest_trajectory_generator_lin[0m
[181.528s] [ 90%] [32m[1mLinking CXX executable unittest_trajectory_generator_ptp[0m
[182.797s] [ 90%] Built target unittest_trajectory_generator
[183.103s] [ 90%] Built target unittest_trajectory_generator_lin
[183.299s] [ 90%] Built target unittest_trajectory_generator_ptp
[187.643s] [ 91%] [32m[1mLinking CXX executable unittest_trajectory_blender_transition_window[0m
[188.460s] [ 91%] Built target unittest_get_solver_tip_frame
[188.541s] [ 91%] Built target unittest_trajectory_blender_transition_window
[189.803s] [ 92%] [32m[1mLinking CXX shared library libsequence_capability.so[0m
[190.450s] [ 92%] Built target sequence_capability
[191.934s] [ 93%] [32m[1mLinking CXX executable unittest_trajectory_generator_circ[0m
[192.596s] [ 95%] [32m[1mLinking CXX executable unittest_planning_context[0m
[192.621s] [ 96%] [32m[1mLinking CXX executable unittest_pilz_industrial_motion_planner_direct[0m
[192.748s] [ 96%] Built target unittest_trajectory_generator_circ
[193.173s] [ 96%] Built target unittest_pilz_industrial_motion_planner_direct
[193.334s] [ 96%] Built target unittest_planning_context
[196.138s] [ 97%] [32m[1mLinking CXX executable unittest_trajectory_generator_common[0m
[196.759s] [ 98%] [32m[1mLinking CXX executable unittest_planning_context_loaders[0m
[196.857s] [ 98%] Built target unittest_trajectory_generator_common
[197.329s] [ 98%] Built target unittest_planning_context_loaders
[197.387s] [100%] [32m[1mLinking CXX executable unittest_pilz_industrial_motion_planner[0m
[197.794s] [100%] Built target unittest_pilz_industrial_motion_planner
[197.815s] Invoked command in '/home/aaron/ur_ws/build/pilz_industrial_motion_planner' returned '0': AMENT_PREFIX_PATH=/home/aaron/ur_ws/install/moveit_resources_prbt_pg70_support:/home/aaron/ur_ws/install/moveit_ros_planning_interface:/home/aaron/ur_ws/install/moveit_resources_prbt_moveit_config:/home/aaron/ur_ws/install/moveit_ros_move_group:/home/aaron/ur_ws/install/moveit_ros_warehouse:/home/aaron/ur_ws/install/moveit_planners_ompl:/home/aaron/ur_ws/install/moveit_kinematics:/home/aaron/ur_ws/install/moveit_ros_planning:/home/aaron/ur_ws/install/pilz_industrial_motion_planner_testutils:/home/aaron/ur_ws/install/moveit_simple_controller_manager:/home/aaron/ur_ws/install/moveit_ros_occupancy_map_monitor:/home/aaron/ur_ws/install/moveit_resources_prbt_ikfast_manipulator_plugin:/home/aaron/ur_ws/install/moveit_core:/home/aaron/ur_ws/install/moveit_resources_panda_moveit_config:/home/aaron/ur_ws/install/moveit_resources_fanuc_moveit_config:/home/aaron/ur_ws/install/moveit_configs_utils:/home/aaron/ur_ws/install/srdfdom:/home/aaron/ur_ws/install/moveit_resources_prbt_support:/home/aaron/ur_ws/install/moveit_resources_pr2_description:/home/aaron/ur_ws/install/moveit_resources_panda_description:/home/aaron/ur_ws/install/moveit_resources_fanuc_description:/home/aaron/ur_ws/install/moveit_common:/home/aaron/ur_ws/install/launch_param_builder:${AMENT_PREFIX_PATH} CMAKE_PREFIX_PATH=/home/aaron/ur_ws/install/moveit_resources_prbt_pg70_support:/home/aaron/ur_ws/install/moveit_ros_planning_interface:/home/aaron/ur_ws/install/moveit_resources_prbt_moveit_config:/home/aaron/ur_ws/install/moveit_ros_move_group:/home/aaron/ur_ws/install/moveit_ros_warehouse:/home/aaron/ur_ws/install/moveit_planners_ompl:/home/aaron/ur_ws/install/moveit_kinematics:/home/aaron/ur_ws/install/moveit_ros_planning:/home/aaron/ur_ws/install/pilz_industrial_motion_planner_testutils:/home/aaron/ur_ws/install/moveit_simple_controller_manager:/home/aaron/ur_ws/install/moveit_ros_occupancy_map_monitor:/home/aaron/ur_ws/install/moveit_resources_prbt_ikfast_manipulator_plugin:/home/aaron/ur_ws/install/moveit_core:/home/aaron/ur_ws/install/moveit_resources_panda_moveit_config:/home/aaron/ur_ws/install/moveit_resources_fanuc_moveit_config:/home/aaron/ur_ws/install/srdfdom:/home/aaron/ur_ws/install/moveit_resources_prbt_support:/home/aaron/ur_ws/install/moveit_resources_pr2_description:/home/aaron/ur_ws/install/moveit_resources_panda_description:/home/aaron/ur_ws/install/moveit_resources_fanuc_description:/home/aaron/ur_ws/install/moveit_common:/opt/ros/humble LD_LIBRARY_PATH=/home/aaron/ur_ws/install/moveit_ros_planning_interface/lib:/home/aaron/ur_ws/install/moveit_ros_move_group/lib:/home/aaron/ur_ws/install/moveit_ros_warehouse/lib:/home/aaron/ur_ws/install/moveit_planners_ompl/lib:/home/aaron/ur_ws/install/moveit_kinematics/lib:/home/aaron/ur_ws/install/moveit_ros_planning/lib:/home/aaron/ur_ws/install/pilz_industrial_motion_planner_testutils/lib:/home/aaron/ur_ws/install/moveit_simple_controller_manager/lib:/home/aaron/ur_ws/install/moveit_ros_occupancy_map_monitor/lib:/home/aaron/ur_ws/install/moveit_resources_prbt_ikfast_manipulator_plugin/lib:/home/aaron/ur_ws/install/moveit_core/lib:/home/aaron/ur_ws/install/srdfdom/lib:${LD_LIBRARY_PATH} PATH=/home/aaron/ur_ws/install/moveit_core/bin:${PATH} PYTHONPATH=/home/aaron/ur_ws/install/moveit_configs_utils/lib/python3.10/site-packages:/home/aaron/ur_ws/install/srdfdom/local/lib/python3.10/dist-packages:/home/aaron/ur_ws/install/launch_param_builder/lib/python3.10/site-packages:${PYTHONPATH} /usr/bin/cmake --build /home/aaron/ur_ws/build/pilz_industrial_motion_planner -- -j20 -l20
[197.819s] Invoking command in '/home/aaron/ur_ws/build/pilz_industrial_motion_planner': AMENT_PREFIX_PATH=/home/aaron/ur_ws/install/moveit_resources_prbt_pg70_support:/home/aaron/ur_ws/install/moveit_ros_planning_interface:/home/aaron/ur_ws/install/moveit_resources_prbt_moveit_config:/home/aaron/ur_ws/install/moveit_ros_move_group:/home/aaron/ur_ws/install/moveit_ros_warehouse:/home/aaron/ur_ws/install/moveit_planners_ompl:/home/aaron/ur_ws/install/moveit_kinematics:/home/aaron/ur_ws/install/moveit_ros_planning:/home/aaron/ur_ws/install/pilz_industrial_motion_planner_testutils:/home/aaron/ur_ws/install/moveit_simple_controller_manager:/home/aaron/ur_ws/install/moveit_ros_occupancy_map_monitor:/home/aaron/ur_ws/install/moveit_resources_prbt_ikfast_manipulator_plugin:/home/aaron/ur_ws/install/moveit_core:/home/aaron/ur_ws/install/moveit_resources_panda_moveit_config:/home/aaron/ur_ws/install/moveit_resources_fanuc_moveit_config:/home/aaron/ur_ws/install/moveit_configs_utils:/home/aaron/ur_ws/install/srdfdom:/home/aaron/ur_ws/install/moveit_resources_prbt_support:/home/aaron/ur_ws/install/moveit_resources_pr2_description:/home/aaron/ur_ws/install/moveit_resources_panda_description:/home/aaron/ur_ws/install/moveit_resources_fanuc_description:/home/aaron/ur_ws/install/moveit_common:/home/aaron/ur_ws/install/launch_param_builder:${AMENT_PREFIX_PATH} CMAKE_PREFIX_PATH=/home/aaron/ur_ws/install/moveit_resources_prbt_pg70_support:/home/aaron/ur_ws/install/moveit_ros_planning_interface:/home/aaron/ur_ws/install/moveit_resources_prbt_moveit_config:/home/aaron/ur_ws/install/moveit_ros_move_group:/home/aaron/ur_ws/install/moveit_ros_warehouse:/home/aaron/ur_ws/install/moveit_planners_ompl:/home/aaron/ur_ws/install/moveit_kinematics:/home/aaron/ur_ws/install/moveit_ros_planning:/home/aaron/ur_ws/install/pilz_industrial_motion_planner_testutils:/home/aaron/ur_ws/install/moveit_simple_controller_manager:/home/aaron/ur_ws/install/moveit_ros_occupancy_map_monitor:/home/aaron/ur_ws/install/moveit_resources_prbt_ikfast_manipulator_plugin:/home/aaron/ur_ws/install/moveit_core:/home/aaron/ur_ws/install/moveit_resources_panda_moveit_config:/home/aaron/ur_ws/install/moveit_resources_fanuc_moveit_config:/home/aaron/ur_ws/install/srdfdom:/home/aaron/ur_ws/install/moveit_resources_prbt_support:/home/aaron/ur_ws/install/moveit_resources_pr2_description:/home/aaron/ur_ws/install/moveit_resources_panda_description:/home/aaron/ur_ws/install/moveit_resources_fanuc_description:/home/aaron/ur_ws/install/moveit_common:/opt/ros/humble LD_LIBRARY_PATH=/home/aaron/ur_ws/install/moveit_ros_planning_interface/lib:/home/aaron/ur_ws/install/moveit_ros_move_group/lib:/home/aaron/ur_ws/install/moveit_ros_warehouse/lib:/home/aaron/ur_ws/install/moveit_planners_ompl/lib:/home/aaron/ur_ws/install/moveit_kinematics/lib:/home/aaron/ur_ws/install/moveit_ros_planning/lib:/home/aaron/ur_ws/install/pilz_industrial_motion_planner_testutils/lib:/home/aaron/ur_ws/install/moveit_simple_controller_manager/lib:/home/aaron/ur_ws/install/moveit_ros_occupancy_map_monitor/lib:/home/aaron/ur_ws/install/moveit_resources_prbt_ikfast_manipulator_plugin/lib:/home/aaron/ur_ws/install/moveit_core/lib:/home/aaron/ur_ws/install/srdfdom/lib:${LD_LIBRARY_PATH} PATH=/home/aaron/ur_ws/install/moveit_core/bin:${PATH} PYTHONPATH=/home/aaron/ur_ws/install/moveit_configs_utils/lib/python3.10/site-packages:/home/aaron/ur_ws/install/srdfdom/local/lib/python3.10/dist-packages:/home/aaron/ur_ws/install/launch_param_builder/lib/python3.10/site-packages:${PYTHONPATH} /usr/bin/cmake --install /home/aaron/ur_ws/build/pilz_industrial_motion_planner
[197.827s] -- Install configuration: "Release"
[197.827s] -- Up-to-date: /home/aaron/ur_ws/install/pilz_industrial_motion_planner/share/pilz_industrial_motion_planner/plugins/pilz_industrial_motion_planner_plugin_description.xml
[197.828s] -- Up-to-date: /home/aaron/ur_ws/install/pilz_industrial_motion_planner/share/pilz_industrial_motion_planner/plugins/sequence_capability_plugin_description.xml
[197.828s] -- Up-to-date: /home/aaron/ur_ws/install/pilz_industrial_motion_planner/share/pilz_industrial_motion_planner/plugins/planning_context_plugin_description.xml
[197.829s] -- Installing: /home/aaron/ur_ws/install/pilz_industrial_motion_planner/lib/libpilz_industrial_motion_planner.so
[197.830s] -- Set runtime path of "/home/aaron/ur_ws/install/pilz_industrial_motion_planner/lib/libpilz_industrial_motion_planner.so" to ""
[197.831s] -- Installing: /home/aaron/ur_ws/install/pilz_industrial_motion_planner/lib/libjoint_limits_common.so
[197.831s] -- Set runtime path of "/home/aaron/ur_ws/install/pilz_industrial_motion_planner/lib/libjoint_limits_common.so" to ""
[197.831s] -- Installing: /home/aaron/ur_ws/install/pilz_industrial_motion_planner/lib/libplanning_context_loader_base.so
[197.832s] -- Set runtime path of "/home/aaron/ur_ws/install/pilz_industrial_motion_planner/lib/libplanning_context_loader_base.so" to ""
[197.832s] -- Installing: /home/aaron/ur_ws/install/pilz_industrial_motion_planner/lib/libplanning_context_loader_ptp.so
[197.833s] -- Set runtime path of "/home/aaron/ur_ws/install/pilz_industrial_motion_planner/lib/libplanning_context_loader_ptp.so" to ""
[197.833s] -- Installing: /home/aaron/ur_ws/install/pilz_industrial_motion_planner/lib/libplanning_context_loader_lin.so
[197.834s] -- Set runtime path of "/home/aaron/ur_ws/install/pilz_industrial_motion_planner/lib/libplanning_context_loader_lin.so" to ""
[197.835s] -- Installing: /home/aaron/ur_ws/install/pilz_industrial_motion_planner/lib/libplanning_context_loader_circ.so
[197.835s] -- Set runtime path of "/home/aaron/ur_ws/install/pilz_industrial_motion_planner/lib/libplanning_context_loader_circ.so" to ""
[197.836s] -- Installing: /home/aaron/ur_ws/install/pilz_industrial_motion_planner/lib/libcommand_list_manager.so
[197.836s] -- Set runtime path of "/home/aaron/ur_ws/install/pilz_industrial_motion_planner/lib/libcommand_list_manager.so" to ""
[197.837s] -- Installing: /home/aaron/ur_ws/install/pilz_industrial_motion_planner/lib/libsequence_capability.so
[197.838s] -- Set runtime path of "/home/aaron/ur_ws/install/pilz_industrial_motion_planner/lib/libsequence_capability.so" to ""
[197.839s] -- Installing: /home/aaron/ur_ws/install/pilz_industrial_motion_planner/lib/libtrajectory_generation_common.so
[197.840s] -- Set runtime path of "/home/aaron/ur_ws/install/pilz_industrial_motion_planner/lib/libtrajectory_generation_common.so" to ""
[197.840s] -- Up-to-date: /home/aaron/ur_ws/install/pilz_industrial_motion_planner/include
[197.840s] -- Up-to-date: /home/aaron/ur_ws/install/pilz_industrial_motion_planner/include/joint_limits_copy
[197.840s] -- Up-to-date: /home/aaron/ur_ws/install/pilz_industrial_motion_planner/include/joint_limits_copy/joint_limits.hpp
[197.840s] -- Up-to-date: /home/aaron/ur_ws/install/pilz_industrial_motion_planner/include/joint_limits_copy/joint_limits_rosparam.hpp
[197.840s] -- Up-to-date: /home/aaron/ur_ws/install/pilz_industrial_motion_planner/include/pilz_industrial_motion_planner
[197.840s] -- Up-to-date: /home/aaron/ur_ws/install/pilz_industrial_motion_planner/include/pilz_industrial_motion_planner/joint_limits_extension.h
[197.840s] -- Up-to-date: /home/aaron/ur_ws/install/pilz_industrial_motion_planner/include/pilz_industrial_motion_planner/move_group_sequence_service.h
[197.840s] -- Up-to-date: /home/aaron/ur_ws/install/pilz_industrial_motion_planner/include/pilz_industrial_motion_planner/plan_components_builder.h
[197.841s] -- Up-to-date: /home/aaron/ur_ws/install/pilz_industrial_motion_planner/include/pilz_industrial_motion_planner/move_group_sequence_action.h
[197.841s] -- Up-to-date: /home/aaron/ur_ws/install/pilz_industrial_motion_planner/include/pilz_industrial_motion_planner/trajectory_functions.h
[197.841s] -- Up-to-date: /home/aaron/ur_ws/install/pilz_industrial_motion_planner/include/pilz_industrial_motion_planner/trajectory_blend_request.h
[197.841s] -- Up-to-date: /home/aaron/ur_ws/install/pilz_industrial_motion_planner/include/pilz_industrial_motion_planner/path_circle_generator.h
[197.841s] -- Up-to-date: /home/aaron/ur_ws/install/pilz_industrial_motion_planner/include/pilz_industrial_motion_planner/joint_limits_aggregator.h
[197.841s] -- Up-to-date: /home/aaron/ur_ws/install/pilz_industrial_motion_planner/include/pilz_industrial_motion_planner/pilz_industrial_motion_planner.h
[197.841s] -- Up-to-date: /home/aaron/ur_ws/install/pilz_industrial_motion_planner/include/pilz_industrial_motion_planner/trajectory_generator_ptp.h
[197.841s] -- Up-to-date: /home/aaron/ur_ws/install/pilz_industrial_motion_planner/include/pilz_industrial_motion_planner/cartesian_trajectory_point.h
[197.841s] -- Up-to-date: /home/aaron/ur_ws/install/pilz_industrial_motion_planner/include/pilz_industrial_motion_planner/planning_context_loader_circ.h
[197.841s] -- Up-to-date: /home/aaron/ur_ws/install/pilz_industrial_motion_planner/include/pilz_industrial_motion_planner/planning_context_base.h
[197.841s] -- Up-to-date: /home/aaron/ur_ws/install/pilz_industrial_motion_planner/include/pilz_industrial_motion_planner/planning_context_lin.h
[197.841s] -- Up-to-date: /home/aaron/ur_ws/install/pilz_industrial_motion_planner/include/pilz_industrial_motion_planner/trajectory_generation_exceptions.h
[197.841s] -- Up-to-date: /home/aaron/ur_ws/install/pilz_industrial_motion_planner/include/pilz_industrial_motion_planner/limits_container.h
[197.841s] -- Up-to-date: /home/aaron/ur_ws/install/pilz_industrial_motion_planner/include/pilz_industrial_motion_planner/velocity_profile_atrap.h
[197.841s] -- Up-to-date: /home/aaron/ur_ws/install/pilz_industrial_motion_planner/include/pilz_industrial_motion_planner/trajectory_generator.h
[197.841s] -- Up-to-date: /home/aaron/ur_ws/install/pilz_industrial_motion_planner/include/pilz_industrial_motion_planner/planning_exceptions.h
[197.841s] -- Up-to-date: /home/aaron/ur_ws/install/pilz_industrial_motion_planner/include/pilz_industrial_motion_planner/planning_context_ptp.h
[197.841s] -- Up-to-date: /home/aaron/ur_ws/install/pilz_industrial_motion_planner/include/pilz_industrial_motion_planner/cartesian_trajectory.h
[197.841s] -- Up-to-date: /home/aaron/ur_ws/install/pilz_industrial_motion_planner/include/pilz_industrial_motion_planner/planning_context_circ.h
[197.841s] -- Up-to-date: /home/aaron/ur_ws/install/pilz_industrial_motion_planner/include/pilz_industrial_motion_planner/trajectory_generator_circ.h
[197.842s] -- Up-to-date: /home/aaron/ur_ws/install/pilz_industrial_motion_planner/include/pilz_industrial_motion_planner/trajectory_blender.h
[197.842s] -- Up-to-date: /home/aaron/ur_ws/install/pilz_industrial_motion_planner/include/pilz_industrial_motion_planner/cartesian_limits_aggregator.h
[197.842s] -- Up-to-date: /home/aaron/ur_ws/install/pilz_industrial_motion_planner/include/pilz_industrial_motion_planner/planning_context_loader.h
[197.842s] -- Up-to-date: /home/aaron/ur_ws/install/pilz_industrial_motion_planner/include/pilz_industrial_motion_planner/joint_limits_validator.h
[197.842s] -- Up-to-date: /home/aaron/ur_ws/install/pilz_industrial_motion_planner/include/pilz_industrial_motion_planner/trajectory_blend_response.h
[197.842s] -- Up-to-date: /home/aaron/ur_ws/install/pilz_industrial_motion_planner/include/pilz_industrial_motion_planner/planning_context_loader_lin.h
[197.842s] -- Up-to-date: /home/aaron/ur_ws/install/pilz_industrial_motion_planner/include/pilz_industrial_motion_planner/joint_limits_interface_extension.h
[197.842s] -- Up-to-date: /home/aaron/ur_ws/install/pilz_industrial_motion_planner/include/pilz_industrial_motion_planner/planning_context_loader_ptp.h
[197.842s] -- Up-to-date: /home/aaron/ur_ws/install/pilz_industrial_motion_planner/include/pilz_industrial_motion_planner/trajectory_blender_transition_window.h
[197.842s] -- Up-to-date: /home/aaron/ur_ws/install/pilz_industrial_motion_planner/include/pilz_industrial_motion_planner/trajectory_generator_lin.h
[197.842s] -- Up-to-date: /home/aaron/ur_ws/install/pilz_industrial_motion_planner/include/pilz_industrial_motion_planner/command_list_manager.h
[197.842s] -- Up-to-date: /home/aaron/ur_ws/install/pilz_industrial_motion_planner/include/pilz_industrial_motion_planner/cartesian_limit.h
[197.842s] -- Up-to-date: /home/aaron/ur_ws/install/pilz_industrial_motion_planner/include/pilz_industrial_motion_planner/capability_names.h
[197.842s] -- Up-to-date: /home/aaron/ur_ws/install/pilz_industrial_motion_planner/include/pilz_industrial_motion_planner/tip_frame_getter.h
[197.843s] -- Up-to-date: /home/aaron/ur_ws/install/pilz_industrial_motion_planner/include/pilz_industrial_motion_planner/joint_limits_container.h
[197.843s] -- Up-to-date: /home/aaron/ur_ws/install/pilz_industrial_motion_planner/share/pilz_industrial_motion_planner/environment/library_path.sh
[197.843s] -- Up-to-date: /home/aaron/ur_ws/install/pilz_industrial_motion_planner/share/pilz_industrial_motion_planner/environment/library_path.dsv
[197.843s] -- Installing: /home/aaron/ur_ws/install/pilz_industrial_motion_planner/lib/pilz_industrial_motion_planner/unittest_pilz_industrial_motion_planner_direct
[197.843s] -- Set runtime path of "/home/aaron/ur_ws/install/pilz_industrial_motion_planner/lib/pilz_industrial_motion_planner/unittest_pilz_industrial_motion_planner_direct" to ""
[197.844s] -- Installing: /home/aaron/ur_ws/install/pilz_industrial_motion_planner/lib/pilz_industrial_motion_planner/unittest_velocity_profile_atrap
[197.845s] -- Set runtime path of "/home/aaron/ur_ws/install/pilz_industrial_motion_planner/lib/pilz_industrial_motion_planner/unittest_velocity_profile_atrap" to ""
[197.846s] -- Installing: /home/aaron/ur_ws/install/pilz_industrial_motion_planner/lib/pilz_industrial_motion_planner/unittest_trajectory_generator
[197.847s] -- Set runtime path of "/home/aaron/ur_ws/install/pilz_industrial_motion_planner/lib/pilz_industrial_motion_planner/unittest_trajectory_generator" to ""
[197.848s] -- Installing: /home/aaron/ur_ws/install/pilz_industrial_motion_planner/lib/pilz_industrial_motion_planner/unittest_trajectory_functions
[197.849s] -- Set runtime path of "/home/aaron/ur_ws/install/pilz_industrial_motion_planner/lib/pilz_industrial_motion_planner/unittest_trajectory_functions" to ""
[197.850s] -- Installing: /home/aaron/ur_ws/install/pilz_industrial_motion_planner/lib/pilz_industrial_motion_planner/unittest_trajectory_blender_transition_window
[197.851s] -- Set runtime path of "/home/aaron/ur_ws/install/pilz_industrial_motion_planner/lib/pilz_industrial_motion_planner/unittest_trajectory_blender_transition_window" to ""
[197.852s] -- Installing: /home/aaron/ur_ws/install/pilz_industrial_motion_planner/lib/pilz_industrial_motion_planner/unittest_trajectory_generator_common
[197.854s] -- Set runtime path of "/home/aaron/ur_ws/install/pilz_industrial_motion_planner/lib/pilz_industrial_motion_planner/unittest_trajectory_generator_common" to ""
[197.855s] -- Installing: /home/aaron/ur_ws/install/pilz_industrial_motion_planner/lib/pilz_industrial_motion_planner/unittest_trajectory_generator_circ
[197.856s] -- Set runtime path of "/home/aaron/ur_ws/install/pilz_industrial_motion_planner/lib/pilz_industrial_motion_planner/unittest_trajectory_generator_circ" to ""
[197.857s] -- Installing: /home/aaron/ur_ws/install/pilz_industrial_motion_planner/lib/pilz_industrial_motion_planner/unittest_trajectory_generator_lin
[197.858s] -- Set runtime path of "/home/aaron/ur_ws/install/pilz_industrial_motion_planner/lib/pilz_industrial_motion_planner/unittest_trajectory_generator_lin" to ""
[197.859s] -- Installing: /home/aaron/ur_ws/install/pilz_industrial_motion_planner/lib/pilz_industrial_motion_planner/unittest_trajectory_generator_ptp
[197.860s] -- Set runtime path of "/home/aaron/ur_ws/install/pilz_industrial_motion_planner/lib/pilz_industrial_motion_planner/unittest_trajectory_generator_ptp" to ""
[197.860s] -- Installing: /home/aaron/ur_ws/install/pilz_industrial_motion_planner/lib/pilz_industrial_motion_planner/unittest_pilz_industrial_motion_planner
[197.862s] -- Set runtime path of "/home/aaron/ur_ws/install/pilz_industrial_motion_planner/lib/pilz_industrial_motion_planner/unittest_pilz_industrial_motion_planner" to ""
[197.862s] -- Installing: /home/aaron/ur_ws/install/pilz_industrial_motion_planner/lib/pilz_industrial_motion_planner/unittest_joint_limit
[197.863s] -- Set runtime path of "/home/aaron/ur_ws/install/pilz_industrial_motion_planner/lib/pilz_industrial_motion_planner/unittest_joint_limit" to ""
[197.864s] -- Installing: /home/aaron/ur_ws/install/pilz_industrial_motion_planner/lib/pilz_industrial_motion_planner/unittest_joint_limits_aggregator
[197.865s] -- Set runtime path of "/home/aaron/ur_ws/install/pilz_industrial_motion_planner/lib/pilz_industrial_motion_planner/unittest_joint_limits_aggregator" to ""
[197.866s] -- Installing: /home/aaron/ur_ws/install/pilz_industrial_motion_planner/lib/pilz_industrial_motion_planner/unittest_joint_limits_container
[197.866s] -- Set runtime path of "/home/aaron/ur_ws/install/pilz_industrial_motion_planner/lib/pilz_industrial_motion_planner/unittest_joint_limits_container" to ""
[197.867s] -- Installing: /home/aaron/ur_ws/install/pilz_industrial_motion_planner/lib/pilz_industrial_motion_planner/unittest_joint_limits_validator
[197.868s] -- Set runtime path of "/home/aaron/ur_ws/install/pilz_industrial_motion_planner/lib/pilz_industrial_motion_planner/unittest_joint_limits_validator" to ""
[197.869s] -- Installing: /home/aaron/ur_ws/install/pilz_industrial_motion_planner/lib/pilz_industrial_motion_planner/unittest_cartesian_limits_aggregator
[197.870s] -- Set runtime path of "/home/aaron/ur_ws/install/pilz_industrial_motion_planner/lib/pilz_industrial_motion_planner/unittest_cartesian_limits_aggregator" to ""
[197.871s] -- Installing: /home/aaron/ur_ws/install/pilz_industrial_motion_planner/lib/pilz_industrial_motion_planner/unittest_planning_context_loaders
[197.872s] -- Set runtime path of "/home/aaron/ur_ws/install/pilz_industrial_motion_planner/lib/pilz_industrial_motion_planner/unittest_planning_context_loaders" to ""
[197.873s] -- Installing: /home/aaron/ur_ws/install/pilz_industrial_motion_planner/lib/pilz_industrial_motion_planner/unittest_planning_context
[197.875s] -- Set runtime path of "/home/aaron/ur_ws/install/pilz_industrial_motion_planner/lib/pilz_industrial_motion_planner/unittest_planning_context" to ""
[197.875s] -- Installing: /home/aaron/ur_ws/install/pilz_industrial_motion_planner/lib/pilz_industrial_motion_planner/unittest_get_solver_tip_frame
[197.877s] -- Set runtime path of "/home/aaron/ur_ws/install/pilz_industrial_motion_planner/lib/pilz_industrial_motion_planner/unittest_get_solver_tip_frame" to ""
[197.877s] -- Up-to-date: /home/aaron/ur_ws/install/pilz_industrial_motion_planner/share/pilz_industrial_motion_planner/config
[197.877s] -- Up-to-date: /home/aaron/ur_ws/install/pilz_industrial_motion_planner/share/pilz_industrial_motion_planner/config/unittest_trajectory_generator_common.yaml
[197.878s] -- Up-to-date: /home/aaron/ur_ws/install/pilz_industrial_motion_planner/share/pilz_industrial_motion_planner/config/unittest_joint_limit_config.yaml
[197.878s] -- Up-to-date: /home/aaron/ur_ws/install/pilz_industrial_motion_planner/share/pilz_industrial_motion_planner/config/unittest_trajectory_generator_circ.yaml
[197.878s] -- Up-to-date: /home/aaron/ur_ws/install/pilz_industrial_motion_planner/share/pilz_industrial_motion_planner/config/unittest_trajectory_generator_ptp.yaml
[197.878s] -- Up-to-date: /home/aaron/ur_ws/install/pilz_industrial_motion_planner/share/pilz_industrial_motion_planner/config/unittest_joint_limits_aggregator.yaml
[197.878s] -- Up-to-date: /home/aaron/ur_ws/install/pilz_industrial_motion_planner/share/pilz_industrial_motion_planner/config/unittest_trajectory_blender_transition_window.yaml
[197.878s] -- Up-to-date: /home/aaron/ur_ws/install/pilz_industrial_motion_planner/share/pilz_industrial_motion_planner/config/unittest_cartesian_limits_aggregator.yaml
[197.879s] -- Up-to-date: /home/aaron/ur_ws/install/pilz_industrial_motion_planner/share/pilz_industrial_motion_planner/config/unittest_trajectory_generator_lin.yaml
[197.879s] -- Up-to-date: /home/aaron/ur_ws/install/pilz_industrial_motion_planner/share/pilz_industrial_motion_planner/config/unittest_trajectory_functions.yaml
[197.879s] -- Up-to-date: /home/aaron/ur_ws/install/pilz_industrial_motion_planner/share/pilz_industrial_motion_planner/launch
[197.879s] -- Up-to-date: /home/aaron/ur_ws/install/pilz_industrial_motion_planner/share/pilz_industrial_motion_planner/launch/unittest_cartesian_limits_aggregator.test.py
[197.879s] -- Up-to-date: /home/aaron/ur_ws/install/pilz_industrial_motion_planner/share/pilz_industrial_motion_planner/launch/unittest_joint_limit.test.py
[197.879s] -- Up-to-date: /home/aaron/ur_ws/install/pilz_industrial_motion_planner/share/pilz_industrial_motion_planner/launch/unittest_trajectory_generator_lin.test.py
[197.879s] -- Up-to-date: /home/aaron/ur_ws/install/pilz_industrial_motion_planner/share/pilz_industrial_motion_planner/launch/unittest_trajectory_functions.test.py
[197.879s] -- Up-to-date: /home/aaron/ur_ws/install/pilz_industrial_motion_planner/share/pilz_industrial_motion_planner/launch/common_parameters.py
[197.880s] -- Up-to-date: /home/aaron/ur_ws/install/pilz_industrial_motion_planner/share/pilz_industrial_motion_planner/launch/unittest_pilz_industrial_motion_planner.test.py
[197.880s] -- Up-to-date: /home/aaron/ur_ws/install/pilz_industrial_motion_planner/share/pilz_industrial_motion_planner/launch/unittest_trajectory_blender_transition_window.test.py
[197.880s] -- Up-to-date: /home/aaron/ur_ws/install/pilz_industrial_motion_planner/share/pilz_industrial_motion_planner/launch/unittest_trajectory_generator_ptp.test.py
[197.880s] -- Up-to-date: /home/aaron/ur_ws/install/pilz_industrial_motion_planner/share/pilz_industrial_motion_planner/launch/unittest_planning_context.test.py
[197.880s] -- Up-to-date: /home/aaron/ur_ws/install/pilz_industrial_motion_planner/share/pilz_industrial_motion_planner/launch/unittest_planning_context_loaders.test.py
[197.881s] -- Up-to-date: /home/aaron/ur_ws/install/pilz_industrial_motion_planner/share/pilz_industrial_motion_planner/launch/unittest_joint_limits_aggregator.test.py
[197.883s] -- Up-to-date: /home/aaron/ur_ws/install/pilz_industrial_motion_planner/share/pilz_industrial_motion_planner/launch/unittest_trajectory_generator_common.test.py
[197.883s] -- Up-to-date: /home/aaron/ur_ws/install/pilz_industrial_motion_planner/share/pilz_industrial_motion_planner/launch/unittest_trajectory_generator_circ.test.py
[197.883s] -- Up-to-date: /home/aaron/ur_ws/install/pilz_industrial_motion_planner/share/pilz_industrial_motion_planner/test_data
[197.883s] -- Up-to-date: /home/aaron/ur_ws/install/pilz_industrial_motion_planner/share/pilz_industrial_motion_planner/test_data/testpoints.py
[197.883s] -- Up-to-date: /home/aaron/ur_ws/install/pilz_industrial_motion_planner/share/pilz_industrial_motion_planner/test_data/concept_testdata.png
[197.883s] -- Up-to-date: /home/aaron/ur_ws/install/pilz_industrial_motion_planner/share/pilz_industrial_motion_planner/test_data/concept_testdata.odp
[197.884s] -- Up-to-date: /home/aaron/ur_ws/install/pilz_industrial_motion_planner/share/pilz_industrial_motion_planner/test_data/frankaemika_panda
[197.884s] -- Up-to-date: /home/aaron/ur_ws/install/pilz_industrial_motion_planner/share/pilz_industrial_motion_planner/test_data/frankaemika_panda/testdata_sequence.xml
[197.884s] -- Up-to-date: /home/aaron/ur_ws/install/pilz_industrial_motion_planner/share/pilz_industrial_motion_planner/test_data/prbt
[197.884s] -- Up-to-date: /home/aaron/ur_ws/install/pilz_industrial_motion_planner/share/pilz_industrial_motion_planner/test_data/prbt/testdata_sequence.xml
[197.885s] -- Up-to-date: /home/aaron/ur_ws/install/pilz_industrial_motion_planner/share/pilz_industrial_motion_planner/test_data/prbt/testdata_with_gripper.xml
[197.885s] -- Up-to-date: /home/aaron/ur_ws/install/pilz_industrial_motion_planner/share/pilz_industrial_motion_planner/test_data/prbt/testdata_deprecated.xml
[197.885s] -- Up-to-date: /home/aaron/ur_ws/install/pilz_industrial_motion_planner/share/ament_index/resource_index/package_run_dependencies/pilz_industrial_motion_planner
[197.885s] -- Up-to-date: /home/aaron/ur_ws/install/pilz_industrial_motion_planner/share/ament_index/resource_index/parent_prefix_path/pilz_industrial_motion_planner
[197.886s] -- Up-to-date: /home/aaron/ur_ws/install/pilz_industrial_motion_planner/share/pilz_industrial_motion_planner/environment/ament_prefix_path.sh
[197.886s] -- Up-to-date: /home/aaron/ur_ws/install/pilz_industrial_motion_planner/share/pilz_industrial_motion_planner/environment/ament_prefix_path.dsv
[197.886s] -- Up-to-date: /home/aaron/ur_ws/install/pilz_industrial_motion_planner/share/pilz_industrial_motion_planner/environment/path.sh
[197.886s] -- Up-to-date: /home/aaron/ur_ws/install/pilz_industrial_motion_planner/share/pilz_industrial_motion_planner/environment/path.dsv
[197.886s] -- Up-to-date: /home/aaron/ur_ws/install/pilz_industrial_motion_planner/share/pilz_industrial_motion_planner/local_setup.bash
[197.887s] -- Up-to-date: /home/aaron/ur_ws/install/pilz_industrial_motion_planner/share/pilz_industrial_motion_planner/local_setup.sh
[197.887s] -- Up-to-date: /home/aaron/ur_ws/install/pilz_industrial_motion_planner/share/pilz_industrial_motion_planner/local_setup.zsh
[197.887s] -- Up-to-date: /home/aaron/ur_ws/install/pilz_industrial_motion_planner/share/pilz_industrial_motion_planner/local_setup.dsv
[197.887s] -- Installing: /home/aaron/ur_ws/install/pilz_industrial_motion_planner/share/pilz_industrial_motion_planner/package.dsv
[197.887s] -- Up-to-date: /home/aaron/ur_ws/install/pilz_industrial_motion_planner/share/ament_index/resource_index/packages/pilz_industrial_motion_planner
[197.887s] -- Up-to-date: /home/aaron/ur_ws/install/pilz_industrial_motion_planner/share/ament_index/resource_index/moveit_core__pluginlib__plugin/pilz_industrial_motion_planner
[197.888s] -- Up-to-date: /home/aaron/ur_ws/install/pilz_industrial_motion_planner/share/ament_index/resource_index/moveit_ros_move_group__pluginlib__plugin/pilz_industrial_motion_planner
[197.888s] -- Up-to-date: /home/aaron/ur_ws/install/pilz_industrial_motion_planner/share/ament_index/resource_index/pilz_industrial_motion_planner__pluginlib__plugin/pilz_industrial_motion_planner
[197.888s] -- Up-to-date: /home/aaron/ur_ws/install/pilz_industrial_motion_planner/share/pilz_industrial_motion_planner/cmake/pilz_industrial_motion_plannerTargetsExport.cmake
[197.888s] -- Up-to-date: /home/aaron/ur_ws/install/pilz_industrial_motion_planner/share/pilz_industrial_motion_planner/cmake/pilz_industrial_motion_plannerTargetsExport-release.cmake
[197.888s] -- Up-to-date: /home/aaron/ur_ws/install/pilz_industrial_motion_planner/share/pilz_industrial_motion_planner/cmake/ament_cmake_export_include_directories-extras.cmake
[197.889s] -- Up-to-date: /home/aaron/ur_ws/install/pilz_industrial_motion_planner/share/pilz_industrial_motion_planner/cmake/ament_cmake_export_targets-extras.cmake
[197.889s] -- Up-to-date: /home/aaron/ur_ws/install/pilz_industrial_motion_planner/share/pilz_industrial_motion_planner/cmake/ament_cmake_export_dependencies-extras.cmake
[197.889s] -- Up-to-date: /home/aaron/ur_ws/install/pilz_industrial_motion_planner/share/pilz_industrial_motion_planner/cmake/pilz_industrial_motion_plannerConfig.cmake
[197.889s] -- Up-to-date: /home/aaron/ur_ws/install/pilz_industrial_motion_planner/share/pilz_industrial_motion_planner/cmake/pilz_industrial_motion_plannerConfig-version.cmake
[197.889s] -- Up-to-date: /home/aaron/ur_ws/install/pilz_industrial_motion_planner/share/pilz_industrial_motion_planner/package.xml
[197.890s] Invoked command in '/home/aaron/ur_ws/build/pilz_industrial_motion_planner' returned '0': AMENT_PREFIX_PATH=/home/aaron/ur_ws/install/moveit_resources_prbt_pg70_support:/home/aaron/ur_ws/install/moveit_ros_planning_interface:/home/aaron/ur_ws/install/moveit_resources_prbt_moveit_config:/home/aaron/ur_ws/install/moveit_ros_move_group:/home/aaron/ur_ws/install/moveit_ros_warehouse:/home/aaron/ur_ws/install/moveit_planners_ompl:/home/aaron/ur_ws/install/moveit_kinematics:/home/aaron/ur_ws/install/moveit_ros_planning:/home/aaron/ur_ws/install/pilz_industrial_motion_planner_testutils:/home/aaron/ur_ws/install/moveit_simple_controller_manager:/home/aaron/ur_ws/install/moveit_ros_occupancy_map_monitor:/home/aaron/ur_ws/install/moveit_resources_prbt_ikfast_manipulator_plugin:/home/aaron/ur_ws/install/moveit_core:/home/aaron/ur_ws/install/moveit_resources_panda_moveit_config:/home/aaron/ur_ws/install/moveit_resources_fanuc_moveit_config:/home/aaron/ur_ws/install/moveit_configs_utils:/home/aaron/ur_ws/install/srdfdom:/home/aaron/ur_ws/install/moveit_resources_prbt_support:/home/aaron/ur_ws/install/moveit_resources_pr2_description:/home/aaron/ur_ws/install/moveit_resources_panda_description:/home/aaron/ur_ws/install/moveit_resources_fanuc_description:/home/aaron/ur_ws/install/moveit_common:/home/aaron/ur_ws/install/launch_param_builder:${AMENT_PREFIX_PATH} CMAKE_PREFIX_PATH=/home/aaron/ur_ws/install/moveit_resources_prbt_pg70_support:/home/aaron/ur_ws/install/moveit_ros_planning_interface:/home/aaron/ur_ws/install/moveit_resources_prbt_moveit_config:/home/aaron/ur_ws/install/moveit_ros_move_group:/home/aaron/ur_ws/install/moveit_ros_warehouse:/home/aaron/ur_ws/install/moveit_planners_ompl:/home/aaron/ur_ws/install/moveit_kinematics:/home/aaron/ur_ws/install/moveit_ros_planning:/home/aaron/ur_ws/install/pilz_industrial_motion_planner_testutils:/home/aaron/ur_ws/install/moveit_simple_controller_manager:/home/aaron/ur_ws/install/moveit_ros_occupancy_map_monitor:/home/aaron/ur_ws/install/moveit_resources_prbt_ikfast_manipulator_plugin:/home/aaron/ur_ws/install/moveit_core:/home/aaron/ur_ws/install/moveit_resources_panda_moveit_config:/home/aaron/ur_ws/install/moveit_resources_fanuc_moveit_config:/home/aaron/ur_ws/install/srdfdom:/home/aaron/ur_ws/install/moveit_resources_prbt_support:/home/aaron/ur_ws/install/moveit_resources_pr2_description:/home/aaron/ur_ws/install/moveit_resources_panda_description:/home/aaron/ur_ws/install/moveit_resources_fanuc_description:/home/aaron/ur_ws/install/moveit_common:/opt/ros/humble LD_LIBRARY_PATH=/home/aaron/ur_ws/install/moveit_ros_planning_interface/lib:/home/aaron/ur_ws/install/moveit_ros_move_group/lib:/home/aaron/ur_ws/install/moveit_ros_warehouse/lib:/home/aaron/ur_ws/install/moveit_planners_ompl/lib:/home/aaron/ur_ws/install/moveit_kinematics/lib:/home/aaron/ur_ws/install/moveit_ros_planning/lib:/home/aaron/ur_ws/install/pilz_industrial_motion_planner_testutils/lib:/home/aaron/ur_ws/install/moveit_simple_controller_manager/lib:/home/aaron/ur_ws/install/moveit_ros_occupancy_map_monitor/lib:/home/aaron/ur_ws/install/moveit_resources_prbt_ikfast_manipulator_plugin/lib:/home/aaron/ur_ws/install/moveit_core/lib:/home/aaron/ur_ws/install/srdfdom/lib:${LD_LIBRARY_PATH} PATH=/home/aaron/ur_ws/install/moveit_core/bin:${PATH} PYTHONPATH=/home/aaron/ur_ws/install/moveit_configs_utils/lib/python3.10/site-packages:/home/aaron/ur_ws/install/srdfdom/local/lib/python3.10/dist-packages:/home/aaron/ur_ws/install/launch_param_builder/lib/python3.10/site-packages:${PYTHONPATH} /usr/bin/cmake --install /home/aaron/ur_ws/build/pilz_industrial_motion_planner
