[2.170s] Invoking command in '/home/aaron/ur_ws/src/Open_control': PYTHONPATH=/home/aaron/ur_ws/build/Open_control/prefix_override:/usr/lib/python3/dist-packages/colcon_core/task/python/colcon_distutils_commands:/home/aaron/ur_ws/install/Open_control/lib/python3.10/site-packages:${PYTHONPATH} /usr/bin/python3 -W ignore:setup.py install is deprecated -W ignore:easy_install command is deprecated setup.py egg_info --egg-base ../../build/Open_control build --build-base /home/aaron/ur_ws/build/Open_control/build install --record /home/aaron/ur_ws/build/Open_control/install.log --single-version-externally-managed install_data
[2.705s] running egg_info
[2.705s] writing ../../build/Open_control/Open_control.egg-info/PKG-INFO
[2.705s] writing dependency_links to ../../build/Open_control/Open_control.egg-info/dependency_links.txt
[2.705s] writing entry points to ../../build/Open_control/Open_control.egg-info/entry_points.txt
[2.705s] writing requirements to ../../build/Open_control/Open_control.egg-info/requires.txt
[2.705s] writing top-level names to ../../build/Open_control/Open_control.egg-info/top_level.txt
[2.709s] reading manifest file '../../build/Open_control/Open_control.egg-info/SOURCES.txt'
[2.709s] adding license file 'LICENSE'
[2.709s] writing manifest file '../../build/Open_control/Open_control.egg-info/SOURCES.txt'
[2.711s] running build
[2.711s] running build_py
[2.711s] running install
[2.711s] running install_lib
[2.711s] running install_data
[2.711s] running install_egg_info
[2.712s] removing '/home/aaron/ur_ws/install/Open_control/lib/python3.10/site-packages/Open_control-0.0.0-py3.10.egg-info' (and everything under it)
[2.713s] Copying ../../build/Open_control/Open_control.egg-info to /home/aaron/ur_ws/install/Open_control/lib/python3.10/site-packages/Open_control-0.0.0-py3.10.egg-info
[2.713s] running install_scripts
[2.744s] writing list of installed files to '/home/aaron/ur_ws/build/Open_control/install.log'
[2.787s] Invoked command in '/home/aaron/ur_ws/src/Open_control' returned '0': PYTHONPATH=/home/aaron/ur_ws/build/Open_control/prefix_override:/usr/lib/python3/dist-packages/colcon_core/task/python/colcon_distutils_commands:/home/aaron/ur_ws/install/Open_control/lib/python3.10/site-packages:${PYTHONPATH} /usr/bin/python3 -W ignore:setup.py install is deprecated -W ignore:easy_install command is deprecated setup.py egg_info --egg-base ../../build/Open_control build --build-base /home/aaron/ur_ws/build/Open_control/build install --record /home/aaron/ur_ws/build/Open_control/install.log --single-version-externally-managed install_data
