[0.012s] Invoking command in '/home/aaron/ur_ws/build/moveit_core': AMENT_PREFIX_PATH=/home/aaron/ur_ws/install/moveit_resources_panda_moveit_config:/home/aaron/ur_ws/install/srdfdom:/home/aaron/ur_ws/install/moveit_resources_pr2_description:/home/aaron/ur_ws/install/moveit_resources_panda_description:/home/aaron/ur_ws/install/moveit_common:${AMENT_PREFIX_PATH} CMAKE_PREFIX_PATH=/home/aaron/ur_ws/install/moveit_resources_panda_moveit_config:/home/aaron/ur_ws/install/srdfdom:/home/aaron/ur_ws/install/moveit_resources_pr2_description:/home/aaron/ur_ws/install/moveit_resources_panda_description:/home/aaron/ur_ws/install/moveit_common:/opt/ros/humble LD_LIBRARY_PATH=/home/aaron/ur_ws/install/srdfdom/lib:${LD_LIBRARY_PATH} PYTHONPATH=/home/aaron/ur_ws/install/srdfdom/local/lib/python3.10/dist-packages:${PYTHONPATH} /usr/bin/cmake --build /home/aaron/ur_ws/build/moveit_core -- -j20 -l20
[0.064s] [  0%] [32mBuilding CXX object version/CMakeFiles/moveit_version.dir/version.cpp.o[0m
[0.071s] [  0%] [32mBuilding CXX object gmock/CMakeFiles/gmock.dir/opt/ros/humble/src/gtest_vendor/src/gtest-all.cc.o[0m
[0.071s] [  2%] [32mBuilding CXX object gmock/CMakeFiles/gmock.dir/src/gmock-all.cc.o[0m
[0.071s] [  3%] Built target moveit_butterworth_parameters
[0.071s] [  3%] [32mBuilding CXX object gmock/CMakeFiles/gmock_main.dir/src/gmock_main.cc.o[0m
[0.072s] [  4%] [32mBuilding CXX object gtest/CMakeFiles/gtest_main.dir/src/gtest_main.cc.o[0m
[0.072s] [  5%] [32mBuilding CXX object online_signal_smoothing/CMakeFiles/moveit_smoothing_base.dir/src/smoothing_base_class.cpp.o[0m
[0.072s] [  5%] [32mBuilding CXX object gtest/CMakeFiles/gtest.dir/src/gtest-all.cc.o[0m
[0.074s] [  6%] [32mBuilding CXX object exceptions/CMakeFiles/moveit_exceptions.dir/src/exceptions.cpp.o[0m
[0.074s] [  6%] [32mBuilding CXX object utils/CMakeFiles/moveit_utils.dir/src/message_checks.cpp.o[0m
[0.074s] [  7%] [32mBuilding CXX object kinematics_base/CMakeFiles/moveit_kinematics_base.dir/src/kinematics_base.cpp.o[0m
[0.075s] [  8%] [32mBuilding CXX object utils/CMakeFiles/moveit_utils.dir/src/rclcpp_utils.cpp.o[0m
[0.076s] [  9%] [32mBuilding CXX object utils/CMakeFiles/moveit_utils.dir/src/lexical_casts.cpp.o[0m
[0.085s] [ 10%] [32mBuilding CXX object transforms/CMakeFiles/moveit_transforms.dir/src/transforms.cpp.o[0m
[0.099s] [ 12%] [32mBuilding CXX object distance_field/CMakeFiles/moveit_distance_field.dir/src/find_internal_points.cpp.o[0m
[0.099s] [ 12%] [32mBuilding CXX object distance_field/CMakeFiles/moveit_distance_field.dir/src/distance_field.cpp.o[0m
[0.104s] [ 12%] [32mBuilding CXX object distance_field/CMakeFiles/moveit_distance_field.dir/src/propagation_distance_field.cpp.o[0m
[0.119s] [ 13%] [32m[1mLinking CXX executable moveit_version[0m
[0.247s] [ 13%] Built target moveit_version
[1.414s] [ 13%] [32m[1mLinking CXX shared library libmoveit_exceptions.so[0m
[1.614s] [ 13%] Built target moveit_exceptions
[1.720s] [ 13%] [32m[1mLinking CXX static library libgtest_main.a[0m
[1.751s] [ 13%] Built target gtest_main
[2.008s] [ 14%] [32m[1mLinking CXX static library libgmock_main.a[0m
[2.054s] [ 14%] Built target gmock_main
[2.225s] [ 15%] [32m[1mLinking CXX shared library libmoveit_utils.so[0m
[3.393s] [ 15%] Built target moveit_utils
[5.732s] [ 15%] [32m[1mLinking CXX shared library libmoveit_smoothing_base.so[0m
[6.024s] [ 15%] Built target moveit_smoothing_base
[7.022s] [ 15%] [32m[1mLinking CXX shared library libmoveit_kinematics_base.so[0m
[7.362s] [ 15%] Built target moveit_kinematics_base
[7.445s] [ 16%] [32mBuilding CXX object robot_model/CMakeFiles/moveit_robot_model.dir/src/fixed_joint_model.cpp.o[0m
[7.446s] [ 16%] [32mBuilding CXX object robot_model/CMakeFiles/moveit_robot_model.dir/src/aabb.cpp.o[0m
[7.450s] [ 16%] [32mBuilding CXX object robot_model/CMakeFiles/moveit_robot_model.dir/src/floating_joint_model.cpp.o[0m
[7.451s] [ 16%] [32mBuilding CXX object robot_model/CMakeFiles/moveit_robot_model.dir/src/joint_model_group.cpp.o[0m
[7.452s] [ 17%] [32mBuilding CXX object robot_model/CMakeFiles/moveit_robot_model.dir/src/joint_model.cpp.o[0m
[7.455s] [ 18%] [32mBuilding CXX object robot_model/CMakeFiles/moveit_robot_model.dir/src/link_model.cpp.o[0m
[7.457s] [ 19%] [32mBuilding CXX object robot_model/CMakeFiles/moveit_robot_model.dir/src/planar_joint_model.cpp.o[0m
[7.460s] [ 19%] [32mBuilding CXX object robot_model/CMakeFiles/moveit_robot_model.dir/src/prismatic_joint_model.cpp.o[0m
[7.468s] [ 20%] [32mBuilding CXX object robot_model/CMakeFiles/moveit_robot_model.dir/src/revolute_joint_model.cpp.o[0m
[7.473s] [ 20%] [32mBuilding CXX object robot_model/CMakeFiles/moveit_robot_model.dir/src/robot_model.cpp.o[0m
[13.181s] [ 20%] [32m[1mLinking CXX shared library libmoveit_transforms.so[0m
[13.429s] [ 20%] Built target moveit_transforms
[13.654s] [ 21%] [32m[1mLinking CXX shared library libmoveit_distance_field.so[0m
[13.873s] [ 22%] [32m[1mLinking CXX static library libgmock.a[0m
[13.938s] [ 22%] Built target gmock
[14.065s] [ 22%] Built target moveit_distance_field
[16.895s] [ 23%] [32m[1mLinking CXX static library libgtest.a[0m
[16.945s] [ 23%] Built target gtest
[16.978s] [ 23%] [32mBuilding CXX object transforms/CMakeFiles/test_transforms.dir/test/test_transforms.cpp.o[0m
[16.986s] [ 24%] [32mBuilding CXX object distance_field/CMakeFiles/test_voxel_grid.dir/test/test_voxel_grid.cpp.o[0m
[16.994s] [ 25%] [32mBuilding CXX object distance_field/CMakeFiles/test_distance_field.dir/test/test_distance_field.cpp.o[0m
[20.293s] [ 26%] [32m[1mLinking CXX executable test_transforms[0m
[20.431s] [ 26%] Built target test_transforms
[21.198s] [ 27%] [32m[1mLinking CXX shared library libmoveit_robot_model.so[0m
[21.362s] [ 27%] Built target moveit_robot_model
[21.394s] [ 28%] [32mBuilding CXX object utils/CMakeFiles/moveit_test_utils.dir/src/robot_model_test_utils.cpp.o[0m
[21.395s] [ 29%] [32mBuilding CXX object online_signal_smoothing/CMakeFiles/moveit_butterworth_filter.dir/src/butterworth_filter.cpp.o[0m
[21.404s] [ 30%] [32mBuilding CXX object robot_state/CMakeFiles/moveit_robot_state.dir/src/attached_body.cpp.o[0m
[21.408s] [ 31%] [32mBuilding CXX object robot_state/CMakeFiles/moveit_robot_state.dir/src/robot_state.cpp.o[0m
[21.409s] [ 31%] [32mBuilding CXX object robot_state/CMakeFiles/moveit_robot_state.dir/src/conversions.cpp.o[0m
[21.409s] [ 31%] [32mBuilding CXX object robot_state/CMakeFiles/moveit_robot_state.dir/src/cartesian_interpolator.cpp.o[0m
[21.588s] [ 31%] [32m[1mLinking CXX executable test_voxel_grid[0m
[21.886s] [ 31%] Built target test_voxel_grid
[28.764s] [ 31%] [32m[1mLinking CXX executable test_distance_field[0m
[29.077s] [ 31%] Built target test_distance_field
[29.305s] [ 31%] [32m[1mLinking CXX shared library libmoveit_butterworth_filter.so[0m
[29.487s] [ 31%] Built target moveit_butterworth_filter
[29.527s] [ 31%] [32mBuilding CXX object online_signal_smoothing/CMakeFiles/test_butterworth_filter.dir/test/test_butterworth_filter.cpp.o[0m
[32.950s] [ 32%] [32m[1mLinking CXX shared library libmoveit_test_utils.so[0m
[33.128s] [ 32%] Built target moveit_test_utils
[33.164s] [ 33%] [32mBuilding CXX object robot_model/CMakeFiles/test_robot_model.dir/test/test.cpp.o[0m
[35.436s] [ 34%] [32m[1mLinking CXX executable test_butterworth_filter[0m
[35.569s] [ 34%] Built target test_butterworth_filter
[37.458s] [ 34%] [32m[1mLinking CXX executable test_robot_model[0m
[37.631s] [ 34%] Built target test_robot_model
[41.230s] [ 35%] [32m[1mLinking CXX shared library libmoveit_robot_state.so[0m
[41.354s] [ 35%] Built target moveit_robot_state
[41.387s] [ 37%] [32mBuilding CXX object kinematics_metrics/CMakeFiles/moveit_kinematics_metrics.dir/src/kinematics_metrics.cpp.o[0m
[41.387s] [ 37%] [32mBuilding CXX object robot_state/CMakeFiles/test_robot_state_complex.dir/test/test_kinematic_complex.cpp.o[0m
[41.387s] [ 38%] [32mBuilding CXX object robot_state/CMakeFiles/test_cartesian_interpolator.dir/test/test_cartesian_interpolator.cpp.o[0m
[41.387s] [ 38%] [32mBuilding CXX object robot_state/CMakeFiles/test_robot_state.dir/test/robot_state_test.cpp.o[0m
[41.392s] [ 39%] [32mBuilding CXX object robot_trajectory/CMakeFiles/moveit_robot_trajectory.dir/src/robot_trajectory.cpp.o[0m
[41.393s] [ 39%] [32mBuilding CXX object robot_state/CMakeFiles/test_robot_state_benchmark.dir/test/robot_state_benchmark.cpp.o[0m
[41.394s] [ 39%] [32mBuilding CXX object robot_state/CMakeFiles/test_aabb.dir/test/test_aabb.cpp.o[0m
[41.399s] [ 39%] [32mBuilding CXX object dynamics_solver/CMakeFiles/moveit_dynamics_solver.dir/src/dynamics_solver.cpp.o[0m
[41.405s] [ 40%] [32mBuilding CXX object collision_detection/CMakeFiles/moveit_collision_detection.dir/src/collision_common.cpp.o[0m
[41.408s] [ 40%] [32mBuilding CXX object collision_detection/CMakeFiles/moveit_collision_detection.dir/src/allvalid/collision_env_allvalid.cpp.o[0m
[41.412s] [ 40%] [32mBuilding CXX object collision_detection/CMakeFiles/moveit_collision_detection.dir/src/collision_matrix.cpp.o[0m
[41.412s] [ 41%] [32mBuilding CXX object collision_detection/CMakeFiles/moveit_collision_detection.dir/src/collision_octomap_filter.cpp.o[0m
[41.413s] [ 42%] [32mBuilding CXX object collision_detection/CMakeFiles/moveit_collision_detection.dir/src/world_diff.cpp.o[0m
[41.413s] [ 42%] [32mBuilding CXX object collision_detection/CMakeFiles/moveit_collision_detection.dir/src/world.cpp.o[0m
[41.414s] [ 43%] [32mBuilding CXX object collision_detection/CMakeFiles/moveit_collision_detection.dir/src/collision_tools.cpp.o[0m
[41.416s] [ 43%] [32mBuilding CXX object collision_detection/CMakeFiles/moveit_collision_detection.dir/src/collision_env.cpp.o[0m
[41.420s] [ 44%] [32mBuilding CXX object collision_detection/CMakeFiles/moveit_collision_detection.dir/src/collision_plugin_cache.cpp.o[0m
[55.271s] [ 44%] [32m[1mLinking CXX executable test_cartesian_interpolator[0m
[55.791s] [ 44%] Built target test_cartesian_interpolator
[57.063s] [ 45%] [32m[1mLinking CXX executable test_robot_state_complex[0m
[57.652s] [ 45%] Built target test_robot_state_complex
[57.773s] [ 46%] [32m[1mLinking CXX shared library libmoveit_dynamics_solver.so[0m
[58.029s] [ 46%] Built target moveit_dynamics_solver
[58.569s] [ 47%] [32m[1mLinking CXX executable test_robot_state_benchmark[0m
[58.906s] [ 47%] Built target test_robot_state_benchmark
[59.853s] [ 48%] [32m[1mLinking CXX executable test_aabb[0m
[60.156s] [ 48%] Built target test_aabb
[61.418s] [ 49%] [32m[1mLinking CXX executable test_robot_state[0m
[61.711s] [ 49%] Built target test_robot_state
[61.966s] [ 49%] [32m[1mLinking CXX shared library libmoveit_robot_trajectory.so[0m
[62.125s] [ 49%] Built target moveit_robot_trajectory
[62.158s] [ 50%] [32mBuilding CXX object robot_trajectory/CMakeFiles/test_robot_trajectory.dir/test/test_robot_trajectory.cpp.o[0m
[62.162s] [ 50%] [32mBuilding CXX object trajectory_processing/CMakeFiles/moveit_trajectory_processing.dir/src/iterative_time_parameterization.cpp.o[0m
[62.164s] [ 51%] [32mBuilding CXX object planning_interface/CMakeFiles/moveit_planning_interface.dir/src/planning_response.cpp.o[0m
[62.164s] [ 52%] [32mBuilding CXX object trajectory_processing/CMakeFiles/moveit_trajectory_processing.dir/src/trajectory_tools.cpp.o[0m
[62.165s] [ 52%] [32mBuilding CXX object trajectory_processing/CMakeFiles/moveit_trajectory_processing.dir/src/time_optimal_trajectory_generation.cpp.o[0m
[62.165s] [ 53%] [32mBuilding CXX object planning_interface/CMakeFiles/moveit_planning_interface.dir/src/planning_interface.cpp.o[0m
[62.166s] [ 54%] [32mBuilding CXX object trajectory_processing/CMakeFiles/moveit_trajectory_processing.dir/src/iterative_spline_parameterization.cpp.o[0m
[62.167s] [ 54%] [32mBuilding CXX object trajectory_processing/CMakeFiles/moveit_trajectory_processing.dir/src/ruckig_traj_smoothing.cpp.o[0m
[63.443s] [ 54%] [32m[1mLinking CXX shared library libmoveit_collision_detection.so[0m
[63.953s] [ 54%] Built target moveit_collision_detection
[63.996s] [ 55%] [32mBuilding CXX object collision_detection/CMakeFiles/test_world.dir/test/test_world.cpp.o[0m
[64.009s] [ 56%] [32mBuilding CXX object collision_detection/CMakeFiles/test_world_diff.dir/test/test_world_diff.cpp.o[0m
[64.023s] [ 57%] [32mBuilding CXX object collision_detection/CMakeFiles/test_all_valid.dir/test/test_all_valid.cpp.o[0m
[64.035s] [ 58%] [32mBuilding CXX object collision_detection_fcl/CMakeFiles/moveit_collision_detection_fcl.dir/src/collision_common.cpp.o[0m
[64.038s] [ 58%] [32mBuilding CXX object collision_detection_fcl/CMakeFiles/moveit_collision_detection_fcl.dir/src/collision_env_fcl.cpp.o[0m
[64.060s] [ 60%] [32mBuilding CXX object collision_detection_bullet/CMakeFiles/moveit_collision_detection_bullet.dir/src/bullet_integration/bullet_utils.cpp.o[0m
[64.060s] [ 60%] [32mBuilding CXX object collision_detection_bullet/CMakeFiles/moveit_collision_detection_bullet.dir/src/bullet_integration/bullet_cast_bvh_manager.cpp.o[0m
[64.060s] [ 60%] [32mBuilding CXX object collision_detection_bullet/CMakeFiles/moveit_collision_detection_bullet.dir/src/bullet_integration/bullet_discrete_bvh_manager.cpp.o[0m
[64.066s] [ 60%] [32mBuilding CXX object collision_detection_bullet/CMakeFiles/moveit_collision_detection_bullet.dir/src/bullet_integration/bullet_bvh_manager.cpp.o[0m
[64.068s] [ 61%] [32mBuilding CXX object collision_detection_bullet/CMakeFiles/moveit_collision_detection_bullet.dir/src/collision_env_bullet.cpp.o[0m
[64.076s] [ 62%] [32mBuilding CXX object collision_detection_bullet/CMakeFiles/moveit_collision_detection_bullet.dir/src/bullet_integration/contact_checker_common.cpp.o[0m
[64.260s] [ 63%] [32mBuilding CXX object collision_detection_bullet/CMakeFiles/moveit_collision_detection_bullet.dir/src/bullet_integration/ros_bullet_utils.cpp.o[0m
[76.187s] [ 63%] [32m[1mLinking CXX shared library libmoveit_kinematics_metrics.so[0m
[76.703s] [ 63%] Built target moveit_kinematics_metrics
[79.714s] [ 64%] [32m[1mLinking CXX executable test_world_diff[0m
[80.389s] [ 64%] Built target test_world_diff
[82.217s] [ 64%] [32m[1mLinking CXX executable test_world[0m
[82.717s] [ 64%] Built target test_world
[83.344s] [ 64%] [32m[1mLinking CXX executable test_all_valid[0m
[83.760s] [ 64%] Built target test_all_valid
[84.316s] [ 64%] [32m[1mLinking CXX executable test_robot_trajectory[0m
[84.844s] [ 64%] Built target test_robot_trajectory
[85.123s] [ 64%] [32m[1mLinking CXX shared library libmoveit_collision_detection_bullet.so[0m
[85.284s] [ 65%] [32m[1mLinking CXX shared library libmoveit_trajectory_processing.so[0m
[85.419s] [ 65%] Built target moveit_collision_detection_bullet
[85.468s] [ 66%] [32mBuilding CXX object collision_detection_bullet/CMakeFiles/test_bullet_collision_detection_panda.dir/test/test_bullet_collision_detection_panda.cpp.o[0m
[85.468s] [ 67%] [32mBuilding CXX object collision_detection_bullet/CMakeFiles/test_bullet_collision_detection.dir/test/test_bullet_collision_detection_pr2.cpp.o[0m
[85.474s] [ 67%] [32mBuilding CXX object collision_detection_bullet/CMakeFiles/test_bullet_continuous_collision_checking.dir/test/test_bullet_continuous_collision_checking.cpp.o[0m
[85.518s] [ 67%] Built target moveit_trajectory_processing
[85.574s] [ 67%] [32mBuilding CXX object trajectory_processing/CMakeFiles/test_time_parameterization.dir/test/test_time_parameterization.cpp.o[0m
[85.576s] [ 68%] [32mBuilding CXX object trajectory_processing/CMakeFiles/test_time_optimal_trajectory_generation.dir/test/test_time_optimal_trajectory_generation.cpp.o[0m
[85.577s] [ 69%] [32mBuilding CXX object trajectory_processing/CMakeFiles/test_ruckig_traj_smoothing.dir/test/test_ruckig_traj_smoothing.cpp.o[0m
[86.382s] [ 69%] [32m[1mLinking CXX shared library libmoveit_planning_interface.so[0m
[86.747s] [ 69%] Built target moveit_planning_interface
[87.799s] [ 70%] [32m[1mLinking CXX shared library libmoveit_collision_detection_fcl.so[0m
[88.104s] [ 70%] Built target moveit_collision_detection_fcl
[88.159s] [ 71%] [32mBuilding CXX object collision_detection_fcl/CMakeFiles/test_fcl_collision_detection.dir/test/test_fcl_collision_detection_pr2.cpp.o[0m
[88.160s] [ 72%] [32mBuilding CXX object collision_detection_fcl/CMakeFiles/test_fcl_collision_detection_panda.dir/test/test_fcl_collision_detection_panda.cpp.o[0m
[88.170s] [ 72%] [32mBuilding CXX object collision_detection_fcl/CMakeFiles/test_fcl_collision_env.dir/test/test_fcl_env.cpp.o[0m
[88.186s] [ 72%] [32mBuilding CXX object kinematic_constraints/CMakeFiles/moveit_kinematic_constraints.dir/src/utils.cpp.o[0m
[88.188s] [ 73%] [32mBuilding CXX object kinematic_constraints/CMakeFiles/moveit_kinematic_constraints.dir/src/kinematic_constraint.cpp.o[0m
[98.613s] [ 74%] [32m[1mLinking CXX executable test_time_parameterization[0m
[99.372s] [ 74%] Built target test_time_parameterization
[100.830s] [ 74%] [32m[1mLinking CXX executable test_bullet_collision_detection[0m
[101.095s] [ 75%] [32m[1mLinking CXX executable test_bullet_continuous_collision_checking[0m
[101.307s] [ 75%] Built target test_bullet_collision_detection
[101.630s] [ 75%] Built target test_bullet_continuous_collision_checking
[102.584s] [ 76%] [32m[1mLinking CXX executable test_fcl_collision_detection_panda[0m
[103.024s] [ 76%] Built target test_fcl_collision_detection_panda
[103.895s] [ 76%] [32m[1mLinking CXX executable test_fcl_collision_detection[0m
[104.371s] [ 76%] Built target test_fcl_collision_detection
[104.428s] [ 77%] [32m[1mLinking CXX executable test_bullet_collision_detection_panda[0m
[104.686s] [ 78%] [32m[1mLinking CXX executable test_time_optimal_trajectory_generation[0m
[104.808s] [ 78%] Built target test_bullet_collision_detection_panda
[105.006s] [ 79%] [32m[1mLinking CXX executable test_fcl_collision_env[0m
[105.065s] [ 79%] Built target test_time_optimal_trajectory_generation
[105.346s] [ 79%] [32m[1mLinking CXX executable test_ruckig_traj_smoothing[0m
[105.367s] [ 79%] Built target test_fcl_collision_env
[105.653s] [ 79%] Built target test_ruckig_traj_smoothing
[108.685s] [ 80%] [32m[1mLinking CXX shared library libmoveit_kinematic_constraints.so[0m
[108.836s] [ 80%] Built target moveit_kinematic_constraints
[108.861s] [ 80%] [32mBuilding CXX object kinematic_constraints/CMakeFiles/test_constraints.dir/test/test_constraints.cpp.o[0m
[108.865s] [ 81%] [32mBuilding CXX object kinematic_constraints/CMakeFiles/test_orientation_constraints.dir/test/test_orientation_constraints.cpp.o[0m
[108.870s] [ 82%] [32mBuilding CXX object planning_scene/CMakeFiles/moveit_planning_scene.dir/src/planning_scene.cpp.o[0m
[116.167s] [ 82%] [32m[1mLinking CXX executable test_orientation_constraints[0m
[116.387s] [ 82%] Built target test_orientation_constraints
[117.254s] [ 83%] [32m[1mLinking CXX executable test_constraints[0m
[117.444s] [ 83%] Built target test_constraints
[121.407s] [ 84%] [32m[1mLinking CXX shared library libmoveit_planning_scene.so[0m
[121.563s] [ 84%] Built target moveit_planning_scene
[121.588s] [ 84%] [32mBuilding CXX object collision_detection_bullet/CMakeFiles/collision_detector_bullet_plugin.dir/src/collision_detector_bullet_plugin_loader.cpp.o[0m
[121.589s] [ 85%] [32mBuilding CXX object planning_request_adapter/CMakeFiles/moveit_planning_request_adapter.dir/src/planning_request_adapter.cpp.o[0m
[121.590s] [ 85%] [32mBuilding CXX object planning_scene/CMakeFiles/test_multi_threaded.dir/test/test_multi_threaded.cpp.o[0m
[121.593s] [ 86%] [32mBuilding CXX object planning_scene/CMakeFiles/test_collision_objects.dir/test/test_collision_objects.cpp.o[0m
[121.596s] [ 87%] [32mBuilding CXX object planning_scene/CMakeFiles/test_planning_scene.dir/test/test_planning_scene.cpp.o[0m
[121.599s] [ 88%] [32mBuilding CXX object constraint_samplers/CMakeFiles/moveit_constraint_samplers.dir/src/constraint_sampler.cpp.o[0m
[121.601s] [ 88%] [32mBuilding CXX object constraint_samplers/CMakeFiles/moveit_constraint_samplers.dir/src/constraint_sampler_manager.cpp.o[0m
[121.601s] [ 88%] [32mBuilding CXX object collision_detection_fcl/CMakeFiles/collision_detector_fcl_plugin.dir/src/collision_detector_fcl_plugin_loader.cpp.o[0m
[121.602s] [ 89%] [32mBuilding CXX object collision_distance_field/CMakeFiles/moveit_collision_distance_field.dir/src/collision_distance_field_types.cpp.o[0m
[121.605s] [ 89%] [32mBuilding CXX object collision_distance_field/CMakeFiles/moveit_collision_distance_field.dir/src/collision_common_distance_field.cpp.o[0m
[121.605s] [ 90%] [32mBuilding CXX object constraint_samplers/CMakeFiles/moveit_constraint_samplers.dir/src/union_constraint_sampler.cpp.o[0m
[121.606s] [ 91%] [32mBuilding CXX object constraint_samplers/CMakeFiles/moveit_constraint_samplers.dir/src/constraint_sampler_tools.cpp.o[0m
[121.607s] [ 91%] [32mBuilding CXX object constraint_samplers/CMakeFiles/moveit_constraint_samplers.dir/src/default_constraint_samplers.cpp.o[0m
[121.607s] [ 92%] [32mBuilding CXX object collision_distance_field/CMakeFiles/moveit_collision_distance_field.dir/src/collision_env_distance_field.cpp.o[0m
[121.610s] [ 92%] [32mBuilding CXX object collision_distance_field/CMakeFiles/moveit_collision_distance_field.dir/src/collision_env_hybrid.cpp.o[0m
[133.459s] [ 93%] [32m[1mLinking CXX shared library libcollision_detector_bullet_plugin.so[0m
[133.958s] [ 93%] Built target collision_detector_bullet_plugin
[135.621s] [ 93%] [32m[1mLinking CXX shared library libmoveit_planning_request_adapter.so[0m
[135.888s] [ 93%] Built target moveit_planning_request_adapter
[139.259s] [ 93%] [32m[1mLinking CXX executable test_collision_objects[0m
[139.851s] [ 93%] Built target test_collision_objects
[140.457s] [ 94%] [32m[1mLinking CXX executable test_multi_threaded[0m
[140.832s] [ 94%] Built target test_multi_threaded
[142.232s] [ 95%] [32m[1mLinking CXX shared library libcollision_detector_fcl_plugin.so[0m
[142.402s] [ 95%] Built target collision_detector_fcl_plugin
[143.672s] [ 95%] [32m[1mLinking CXX shared library libmoveit_constraint_samplers.so[0m
[143.833s] [ 95%] Built target moveit_constraint_samplers
[143.871s] [ 96%] [32mBuilding CXX object constraint_samplers/CMakeFiles/test_constraint_samplers.dir/test/test_constraint_samplers.cpp.o[0m
[143.871s] [ 97%] [32mBuilding CXX object constraint_samplers/CMakeFiles/test_constraint_samplers.dir/test/pr2_arm_kinematics_plugin.cpp.o[0m
[143.873s] [ 97%] [32mBuilding CXX object constraint_samplers/CMakeFiles/test_constraint_samplers.dir/test/pr2_arm_ik.cpp.o[0m
[144.672s] [ 98%] [32m[1mLinking CXX shared library libmoveit_collision_distance_field.so[0m
[144.946s] [ 98%] Built target moveit_collision_distance_field
[144.993s] [ 99%] [32mBuilding CXX object collision_distance_field/CMakeFiles/test_collision_distance_field.dir/test/test_collision_distance_field.cpp.o[0m
[145.915s] [ 99%] [32m[1mLinking CXX executable test_planning_scene[0m
[146.296s] [ 99%] Built target test_planning_scene
[154.904s] [ 99%] [32m[1mLinking CXX executable test_collision_distance_field[0m
[155.200s] [ 99%] Built target test_collision_distance_field
[156.895s] [100%] [32m[1mLinking CXX executable test_constraint_samplers[0m
[157.131s] [100%] Built target test_constraint_samplers
[157.143s] Invoked command in '/home/aaron/ur_ws/build/moveit_core' returned '0': AMENT_PREFIX_PATH=/home/aaron/ur_ws/install/moveit_resources_panda_moveit_config:/home/aaron/ur_ws/install/srdfdom:/home/aaron/ur_ws/install/moveit_resources_pr2_description:/home/aaron/ur_ws/install/moveit_resources_panda_description:/home/aaron/ur_ws/install/moveit_common:${AMENT_PREFIX_PATH} CMAKE_PREFIX_PATH=/home/aaron/ur_ws/install/moveit_resources_panda_moveit_config:/home/aaron/ur_ws/install/srdfdom:/home/aaron/ur_ws/install/moveit_resources_pr2_description:/home/aaron/ur_ws/install/moveit_resources_panda_description:/home/aaron/ur_ws/install/moveit_common:/opt/ros/humble LD_LIBRARY_PATH=/home/aaron/ur_ws/install/srdfdom/lib:${LD_LIBRARY_PATH} PYTHONPATH=/home/aaron/ur_ws/install/srdfdom/local/lib/python3.10/dist-packages:${PYTHONPATH} /usr/bin/cmake --build /home/aaron/ur_ws/build/moveit_core -- -j20 -l20
[157.146s] Invoking command in '/home/aaron/ur_ws/build/moveit_core': AMENT_PREFIX_PATH=/home/aaron/ur_ws/install/moveit_resources_panda_moveit_config:/home/aaron/ur_ws/install/srdfdom:/home/aaron/ur_ws/install/moveit_resources_pr2_description:/home/aaron/ur_ws/install/moveit_resources_panda_description:/home/aaron/ur_ws/install/moveit_common:${AMENT_PREFIX_PATH} CMAKE_PREFIX_PATH=/home/aaron/ur_ws/install/moveit_resources_panda_moveit_config:/home/aaron/ur_ws/install/srdfdom:/home/aaron/ur_ws/install/moveit_resources_pr2_description:/home/aaron/ur_ws/install/moveit_resources_panda_description:/home/aaron/ur_ws/install/moveit_common:/opt/ros/humble LD_LIBRARY_PATH=/home/aaron/ur_ws/install/srdfdom/lib:${LD_LIBRARY_PATH} PYTHONPATH=/home/aaron/ur_ws/install/srdfdom/local/lib/python3.10/dist-packages:${PYTHONPATH} /usr/bin/cmake --install /home/aaron/ur_ws/build/moveit_core
[157.158s] -- Install configuration: "Release"
[157.158s] -- Up-to-date: /home/aaron/ur_ws/install/moveit_core/include/moveit/version.h
[157.158s] -- Up-to-date: /home/aaron/ur_ws/install/moveit_core/include
[157.159s] -- Up-to-date: /home/aaron/ur_ws/install/moveit_core/include/moveit
[157.159s] -- Up-to-date: /home/aaron/ur_ws/install/moveit_core/include/moveit/collision_distance_field
[157.159s] -- Up-to-date: /home/aaron/ur_ws/install/moveit_core/include/moveit/collision_distance_field/collision_env_distance_field.h
[157.159s] -- Up-to-date: /home/aaron/ur_ws/install/moveit_core/include/moveit/collision_distance_field/collision_distance_field_types.h
[157.159s] -- Up-to-date: /home/aaron/ur_ws/install/moveit_core/include/moveit/collision_distance_field/collision_detector_allocator_hybrid.h
[157.159s] -- Up-to-date: /home/aaron/ur_ws/install/moveit_core/include/moveit/collision_distance_field/collision_common_distance_field.h
[157.159s] -- Up-to-date: /home/aaron/ur_ws/install/moveit_core/include/moveit/collision_distance_field/collision_env_hybrid.h
[157.159s] -- Up-to-date: /home/aaron/ur_ws/install/moveit_core/include/moveit/collision_distance_field/collision_detector_allocator_distance_field.h
[157.160s] -- Up-to-date: /home/aaron/ur_ws/install/moveit_core/include/moveit_collision_distance_field_export.h
[157.160s] -- Up-to-date: /home/aaron/ur_ws/install/moveit_core/include
[157.160s] -- Up-to-date: /home/aaron/ur_ws/install/moveit_core/include/moveit
[157.160s] -- Up-to-date: /home/aaron/ur_ws/install/moveit_core/include/moveit/constraint_samplers
[157.160s] -- Up-to-date: /home/aaron/ur_ws/install/moveit_core/include/moveit/constraint_samplers/constraint_sampler.h
[157.160s] -- Up-to-date: /home/aaron/ur_ws/install/moveit_core/include/moveit/constraint_samplers/constraint_sampler_manager.h
[157.160s] -- Up-to-date: /home/aaron/ur_ws/install/moveit_core/include/moveit/constraint_samplers/constraint_sampler_allocator.h
[157.160s] -- Up-to-date: /home/aaron/ur_ws/install/moveit_core/include/moveit/constraint_samplers/constraint_sampler_tools.h
[157.160s] -- Up-to-date: /home/aaron/ur_ws/install/moveit_core/include/moveit/constraint_samplers/union_constraint_sampler.h
[157.160s] -- Up-to-date: /home/aaron/ur_ws/install/moveit_core/include/moveit/constraint_samplers/default_constraint_samplers.h
[157.160s] -- Up-to-date: /home/aaron/ur_ws/install/moveit_core/include
[157.160s] -- Up-to-date: /home/aaron/ur_ws/install/moveit_core/include/moveit
[157.161s] -- Up-to-date: /home/aaron/ur_ws/install/moveit_core/include/moveit/controller_manager
[157.161s] -- Up-to-date: /home/aaron/ur_ws/install/moveit_core/include/moveit/controller_manager/controller_manager.h
[157.161s] -- Up-to-date: /home/aaron/ur_ws/install/moveit_core/include
[157.161s] -- Up-to-date: /home/aaron/ur_ws/install/moveit_core/include/moveit
[157.162s] -- Up-to-date: /home/aaron/ur_ws/install/moveit_core/include/moveit/distance_field
[157.162s] -- Up-to-date: /home/aaron/ur_ws/install/moveit_core/include/moveit/distance_field/voxel_grid.h
[157.162s] -- Up-to-date: /home/aaron/ur_ws/install/moveit_core/include/moveit/distance_field/propagation_distance_field.h
[157.162s] -- Up-to-date: /home/aaron/ur_ws/install/moveit_core/include/moveit/distance_field/distance_field.h
[157.162s] -- Up-to-date: /home/aaron/ur_ws/install/moveit_core/include/moveit/distance_field/find_internal_points.h
[157.163s] -- Up-to-date: /home/aaron/ur_ws/install/moveit_core/include
[157.163s] -- Up-to-date: /home/aaron/ur_ws/install/moveit_core/include/moveit
[157.163s] -- Up-to-date: /home/aaron/ur_ws/install/moveit_core/include/moveit/dynamics_solver
[157.163s] -- Up-to-date: /home/aaron/ur_ws/install/moveit_core/include/moveit/dynamics_solver/dynamics_solver.h
[157.163s] -- Up-to-date: /home/aaron/ur_ws/install/moveit_core/include
[157.163s] -- Up-to-date: /home/aaron/ur_ws/install/moveit_core/include/moveit
[157.163s] -- Up-to-date: /home/aaron/ur_ws/install/moveit_core/include/moveit/exceptions
[157.163s] -- Up-to-date: /home/aaron/ur_ws/install/moveit_core/include/moveit/exceptions/exceptions.h
[157.163s] -- Up-to-date: /home/aaron/ur_ws/install/moveit_core/include
[157.163s] -- Up-to-date: /home/aaron/ur_ws/install/moveit_core/include/moveit
[157.163s] -- Up-to-date: /home/aaron/ur_ws/install/moveit_core/include/moveit/kinematics_base
[157.164s] -- Up-to-date: /home/aaron/ur_ws/install/moveit_core/include/moveit/kinematics_base/kinematics_base.h
[157.164s] -- Up-to-date: /home/aaron/ur_ws/install/moveit_core/include/moveit_kinematics_base_export.h
[157.164s] -- Up-to-date: /home/aaron/ur_ws/install/moveit_core/include
[157.164s] -- Up-to-date: /home/aaron/ur_ws/install/moveit_core/include/moveit
[157.164s] -- Up-to-date: /home/aaron/ur_ws/install/moveit_core/include/moveit/kinematic_constraints
[157.164s] -- Up-to-date: /home/aaron/ur_ws/install/moveit_core/include/moveit/kinematic_constraints/utils.h
[157.164s] -- Up-to-date: /home/aaron/ur_ws/install/moveit_core/include/moveit/kinematic_constraints/kinematic_constraint.h
[157.164s] -- Up-to-date: /home/aaron/ur_ws/install/moveit_core/include
[157.164s] -- Up-to-date: /home/aaron/ur_ws/install/moveit_core/include/moveit
[157.164s] -- Up-to-date: /home/aaron/ur_ws/install/moveit_core/include/moveit/kinematics_metrics
[157.164s] -- Up-to-date: /home/aaron/ur_ws/install/moveit_core/include/moveit/kinematics_metrics/kinematics_metrics.h
[157.164s] -- Up-to-date: /home/aaron/ur_ws/install/moveit_core/include
[157.165s] -- Up-to-date: /home/aaron/ur_ws/install/moveit_core/include/moveit
[157.165s] -- Up-to-date: /home/aaron/ur_ws/install/moveit_core/include/moveit/macros
[157.165s] -- Up-to-date: /home/aaron/ur_ws/install/moveit_core/include/moveit/macros/class_forward.h
[157.165s] -- Up-to-date: /home/aaron/ur_ws/install/moveit_core/include/moveit/macros/deprecation.h
[157.165s] -- Up-to-date: /home/aaron/ur_ws/install/moveit_core/include/moveit/macros/declare_ptr.h
[157.165s] -- Up-to-date: /home/aaron/ur_ws/install/moveit_core/include/moveit/macros/console_colors.h
[157.165s] -- Up-to-date: /home/aaron/ur_ws/install/moveit_core/include/moveit_core
[157.165s] -- Up-to-date: /home/aaron/ur_ws/install/moveit_core/include/moveit_core/moveit_butterworth_parameters.hpp
[157.165s] -- Up-to-date: /home/aaron/ur_ws/install/moveit_core/include
[157.165s] -- Up-to-date: /home/aaron/ur_ws/install/moveit_core/include/moveit
[157.165s] -- Up-to-date: /home/aaron/ur_ws/install/moveit_core/include/moveit/online_signal_smoothing
[157.165s] -- Up-to-date: /home/aaron/ur_ws/install/moveit_core/include/moveit/online_signal_smoothing/butterworth_filter.h
[157.165s] -- Up-to-date: /home/aaron/ur_ws/install/moveit_core/include/moveit/online_signal_smoothing/smoothing_base_class.h
[157.165s] -- Up-to-date: /home/aaron/ur_ws/install/moveit_core/include/moveit_smoothing_base_export.h
[157.165s] -- Up-to-date: /home/aaron/ur_ws/install/moveit_core/include/moveit_butterworth_filter_export.h
[157.165s] -- Up-to-date: /home/aaron/ur_ws/install/moveit_core/include
[157.165s] -- Up-to-date: /home/aaron/ur_ws/install/moveit_core/include/moveit
[157.165s] -- Up-to-date: /home/aaron/ur_ws/install/moveit_core/include/moveit/planning_interface
[157.165s] -- Up-to-date: /home/aaron/ur_ws/install/moveit_core/include/moveit/planning_interface/planning_request.h
[157.165s] -- Up-to-date: /home/aaron/ur_ws/install/moveit_core/include/moveit/planning_interface/planning_response.h
[157.165s] -- Up-to-date: /home/aaron/ur_ws/install/moveit_core/include/moveit/planning_interface/planning_interface.h
[157.166s] -- Up-to-date: /home/aaron/ur_ws/install/moveit_core/include
[157.166s] -- Up-to-date: /home/aaron/ur_ws/install/moveit_core/include/moveit
[157.166s] -- Up-to-date: /home/aaron/ur_ws/install/moveit_core/include/moveit/planning_request_adapter
[157.166s] -- Up-to-date: /home/aaron/ur_ws/install/moveit_core/include/moveit/planning_request_adapter/planning_request_adapter.h
[157.166s] -- Up-to-date: /home/aaron/ur_ws/install/moveit_core/include
[157.166s] -- Up-to-date: /home/aaron/ur_ws/install/moveit_core/include/moveit
[157.166s] -- Up-to-date: /home/aaron/ur_ws/install/moveit_core/include/moveit/planning_scene
[157.166s] -- Up-to-date: /home/aaron/ur_ws/install/moveit_core/include/moveit/planning_scene/planning_scene.h
[157.166s] -- Up-to-date: /home/aaron/ur_ws/install/moveit_core/include/moveit_planning_scene_export.h
[157.166s] -- Up-to-date: /home/aaron/ur_ws/install/moveit_core/include
[157.166s] -- Up-to-date: /home/aaron/ur_ws/install/moveit_core/include/moveit
[157.166s] -- Up-to-date: /home/aaron/ur_ws/install/moveit_core/include/moveit/robot_model
[157.166s] -- Up-to-date: /home/aaron/ur_ws/install/moveit_core/include/moveit/robot_model/revolute_joint_model.h
[157.166s] -- Up-to-date: /home/aaron/ur_ws/install/moveit_core/include/moveit/robot_model/floating_joint_model.h
[157.166s] -- Up-to-date: /home/aaron/ur_ws/install/moveit_core/include/moveit/robot_model/planar_joint_model.h
[157.166s] -- Up-to-date: /home/aaron/ur_ws/install/moveit_core/include/moveit/robot_model/fixed_joint_model.h
[157.166s] -- Up-to-date: /home/aaron/ur_ws/install/moveit_core/include/moveit/robot_model/joint_model_group.h
[157.167s] -- Up-to-date: /home/aaron/ur_ws/install/moveit_core/include/moveit/robot_model/joint_model.h
[157.167s] -- Up-to-date: /home/aaron/ur_ws/install/moveit_core/include/moveit/robot_model/aabb.h
[157.167s] -- Up-to-date: /home/aaron/ur_ws/install/moveit_core/include/moveit/robot_model/prismatic_joint_model.h
[157.167s] -- Up-to-date: /home/aaron/ur_ws/install/moveit_core/include/moveit/robot_model/link_model.h
[157.167s] -- Up-to-date: /home/aaron/ur_ws/install/moveit_core/include/moveit/robot_model/robot_model.h
[157.167s] -- Up-to-date: /home/aaron/ur_ws/install/moveit_core/include
[157.167s] -- Up-to-date: /home/aaron/ur_ws/install/moveit_core/include/moveit
[157.167s] -- Up-to-date: /home/aaron/ur_ws/install/moveit_core/include/moveit/robot_state
[157.167s] -- Up-to-date: /home/aaron/ur_ws/install/moveit_core/include/moveit/robot_state/conversions.h
[157.167s] -- Up-to-date: /home/aaron/ur_ws/install/moveit_core/include/moveit/robot_state/cartesian_interpolator.h
[157.167s] -- Up-to-date: /home/aaron/ur_ws/install/moveit_core/include/moveit/robot_state/attached_body.h
[157.167s] -- Up-to-date: /home/aaron/ur_ws/install/moveit_core/include/moveit/robot_state/robot_state.h
[157.167s] -- Up-to-date: /home/aaron/ur_ws/install/moveit_core/include
[157.167s] -- Up-to-date: /home/aaron/ur_ws/install/moveit_core/include/moveit
[157.167s] -- Up-to-date: /home/aaron/ur_ws/install/moveit_core/include/moveit/robot_trajectory
[157.167s] -- Up-to-date: /home/aaron/ur_ws/install/moveit_core/include/moveit/robot_trajectory/robot_trajectory.h
[157.167s] -- Up-to-date: /home/aaron/ur_ws/install/moveit_core/include
[157.167s] -- Up-to-date: /home/aaron/ur_ws/install/moveit_core/include/moveit
[157.167s] -- Up-to-date: /home/aaron/ur_ws/install/moveit_core/include/moveit/sensor_manager
[157.167s] -- Up-to-date: /home/aaron/ur_ws/install/moveit_core/include/moveit/sensor_manager/sensor_manager.h
[157.167s] -- Up-to-date: /home/aaron/ur_ws/install/moveit_core/include
[157.168s] -- Up-to-date: /home/aaron/ur_ws/install/moveit_core/include/moveit
[157.168s] -- Up-to-date: /home/aaron/ur_ws/install/moveit_core/include/moveit/trajectory_processing
[157.168s] -- Up-to-date: /home/aaron/ur_ws/install/moveit_core/include/moveit/trajectory_processing/time_parameterization.h
[157.168s] -- Up-to-date: /home/aaron/ur_ws/install/moveit_core/include/moveit/trajectory_processing/time_optimal_trajectory_generation.h
[157.168s] -- Up-to-date: /home/aaron/ur_ws/install/moveit_core/include/moveit/trajectory_processing/iterative_spline_parameterization.h
[157.168s] -- Up-to-date: /home/aaron/ur_ws/install/moveit_core/include/moveit/trajectory_processing/iterative_time_parameterization.h
[157.168s] -- Up-to-date: /home/aaron/ur_ws/install/moveit_core/include/moveit/trajectory_processing/ruckig_traj_smoothing.h
[157.168s] -- Up-to-date: /home/aaron/ur_ws/install/moveit_core/include/moveit/trajectory_processing/trajectory_tools.h
[157.168s] -- Up-to-date: /home/aaron/ur_ws/install/moveit_core/include
[157.168s] -- Up-to-date: /home/aaron/ur_ws/install/moveit_core/include/moveit
[157.168s] -- Up-to-date: /home/aaron/ur_ws/install/moveit_core/include/moveit/transforms
[157.168s] -- Up-to-date: /home/aaron/ur_ws/install/moveit_core/include/moveit/transforms/transforms.h
[157.168s] -- Up-to-date: /home/aaron/ur_ws/install/moveit_core/include
[157.168s] -- Up-to-date: /home/aaron/ur_ws/install/moveit_core/include/moveit
[157.168s] -- Up-to-date: /home/aaron/ur_ws/install/moveit_core/include/moveit/utils
[157.168s] -- Up-to-date: /home/aaron/ur_ws/install/moveit_core/include/moveit/utils/lexical_casts.h
[157.168s] -- Up-to-date: /home/aaron/ur_ws/install/moveit_core/include/moveit/utils/moveit_error_code.h
[157.168s] -- Up-to-date: /home/aaron/ur_ws/install/moveit_core/include/moveit/utils/message_checks.h
[157.168s] -- Up-to-date: /home/aaron/ur_ws/install/moveit_core/include/moveit/utils/rclcpp_utils.h
[157.168s] -- Up-to-date: /home/aaron/ur_ws/install/moveit_core/include/moveit/utils/robot_model_test_utils.h
[157.168s] -- Installing: /home/aaron/ur_ws/install/moveit_core/bin/moveit_version
[157.168s] -- Up-to-date: /home/aaron/ur_ws/install/moveit_core/include
[157.168s] -- Up-to-date: /home/aaron/ur_ws/install/moveit_core/include/moveit
[157.168s] -- Up-to-date: /home/aaron/ur_ws/install/moveit_core/include/moveit/collision_detection
[157.168s] -- Up-to-date: /home/aaron/ur_ws/install/moveit_core/include/moveit/collision_detection/collision_detector_allocator.h
[157.168s] -- Up-to-date: /home/aaron/ur_ws/install/moveit_core/include/moveit/collision_detection/collision_env.h
[157.168s] -- Up-to-date: /home/aaron/ur_ws/install/moveit_core/include/moveit/collision_detection/occupancy_map.h
[157.168s] -- Up-to-date: /home/aaron/ur_ws/install/moveit_core/include/moveit/collision_detection/collision_octomap_filter.h
[157.168s] -- Up-to-date: /home/aaron/ur_ws/install/moveit_core/include/moveit/collision_detection/collision_tools.h
[157.168s] -- Up-to-date: /home/aaron/ur_ws/install/moveit_core/include/moveit/collision_detection/world_diff.h
[157.168s] -- Up-to-date: /home/aaron/ur_ws/install/moveit_core/include/moveit/collision_detection/test_collision_common_pr2.h
[157.168s] -- Up-to-date: /home/aaron/ur_ws/install/moveit_core/include/moveit/collision_detection/allvalid
[157.169s] -- Up-to-date: /home/aaron/ur_ws/install/moveit_core/include/moveit/collision_detection/allvalid/collision_env_allvalid.h
[157.169s] -- Up-to-date: /home/aaron/ur_ws/install/moveit_core/include/moveit/collision_detection/allvalid/collision_detector_allocator_allvalid.h
[157.169s] -- Up-to-date: /home/aaron/ur_ws/install/moveit_core/include/moveit/collision_detection/collision_common.h
[157.169s] -- Up-to-date: /home/aaron/ur_ws/install/moveit_core/include/moveit/collision_detection/collision_plugin_cache.h
[157.169s] -- Up-to-date: /home/aaron/ur_ws/install/moveit_core/include/moveit/collision_detection/world.h
[157.169s] -- Up-to-date: /home/aaron/ur_ws/install/moveit_core/include/moveit/collision_detection/test_collision_common_panda.h
[157.169s] -- Up-to-date: /home/aaron/ur_ws/install/moveit_core/include/moveit/collision_detection/collision_matrix.h
[157.169s] -- Up-to-date: /home/aaron/ur_ws/install/moveit_core/include/moveit/collision_detection/collision_plugin.h
[157.169s] -- Up-to-date: /home/aaron/ur_ws/install/moveit_core/include/moveit_collision_detection_export.h
[157.169s] -- Up-to-date: /home/aaron/ur_ws/install/moveit_core/include
[157.169s] -- Up-to-date: /home/aaron/ur_ws/install/moveit_core/include/moveit
[157.169s] -- Up-to-date: /home/aaron/ur_ws/install/moveit_core/include/moveit/collision_detection_bullet
[157.169s] -- Up-to-date: /home/aaron/ur_ws/install/moveit_core/include/moveit/collision_detection_bullet/collision_detector_allocator_bullet.h
[157.169s] -- Up-to-date: /home/aaron/ur_ws/install/moveit_core/include/moveit/collision_detection_bullet/collision_detector_bullet_plugin_loader.h
[157.169s] -- Up-to-date: /home/aaron/ur_ws/install/moveit_core/include/moveit/collision_detection_bullet/collision_env_bullet.h
[157.169s] -- Up-to-date: /home/aaron/ur_ws/install/moveit_core/include/moveit/collision_detection_bullet/bullet_integration
[157.169s] -- Up-to-date: /home/aaron/ur_ws/install/moveit_core/include/moveit/collision_detection_bullet/bullet_integration/basic_types.h
[157.169s] -- Up-to-date: /home/aaron/ur_ws/install/moveit_core/include/moveit/collision_detection_bullet/bullet_integration/contact_checker_common.h
[157.169s] -- Up-to-date: /home/aaron/ur_ws/install/moveit_core/include/moveit/collision_detection_bullet/bullet_integration/bullet_discrete_bvh_manager.h
[157.169s] -- Up-to-date: /home/aaron/ur_ws/install/moveit_core/include/moveit/collision_detection_bullet/bullet_integration/ros_bullet_utils.h
[157.169s] -- Up-to-date: /home/aaron/ur_ws/install/moveit_core/include/moveit/collision_detection_bullet/bullet_integration/bullet_cast_bvh_manager.h
[157.169s] -- Up-to-date: /home/aaron/ur_ws/install/moveit_core/include/moveit/collision_detection_bullet/bullet_integration/bullet_bvh_manager.h
[157.169s] -- Up-to-date: /home/aaron/ur_ws/install/moveit_core/include/moveit/collision_detection_bullet/bullet_integration/bullet_utils.h
[157.169s] -- Up-to-date: /home/aaron/ur_ws/install/moveit_core/include/moveit_collision_detection_bullet_export.h
[157.169s] -- Up-to-date: /home/aaron/ur_ws/install/moveit_core/include
[157.169s] -- Up-to-date: /home/aaron/ur_ws/install/moveit_core/include/moveit
[157.169s] -- Up-to-date: /home/aaron/ur_ws/install/moveit_core/include/moveit/collision_detection_fcl
[157.169s] -- Up-to-date: /home/aaron/ur_ws/install/moveit_core/include/moveit/collision_detection_fcl/collision_detector_allocator_fcl.h
[157.169s] -- Up-to-date: /home/aaron/ur_ws/install/moveit_core/include/moveit/collision_detection_fcl/collision_detector_fcl_plugin_loader.h
[157.169s] -- Up-to-date: /home/aaron/ur_ws/install/moveit_core/include/moveit/collision_detection_fcl/collision_common.h
[157.169s] -- Up-to-date: /home/aaron/ur_ws/install/moveit_core/include/moveit/collision_detection_fcl/collision_env_fcl.h
[157.169s] -- Up-to-date: /home/aaron/ur_ws/install/moveit_core/include/moveit/collision_detection_fcl/fcl_compat.h
[157.169s] -- Up-to-date: /home/aaron/ur_ws/install/moveit_core/include/moveit_collision_detection_fcl_export.h
[157.169s] -- Installing: /home/aaron/ur_ws/install/moveit_core/lib/libcollision_detector_bullet_plugin.so.2.5.9
[157.169s] -- Set runtime path of "/home/aaron/ur_ws/install/moveit_core/lib/libcollision_detector_bullet_plugin.so.2.5.9" to ""
[157.170s] -- Up-to-date: /home/aaron/ur_ws/install/moveit_core/lib/libcollision_detector_bullet_plugin.so
[157.170s] -- Installing: /home/aaron/ur_ws/install/moveit_core/lib/libmoveit_butterworth_filter.so.2.5.9
[157.170s] -- Set runtime path of "/home/aaron/ur_ws/install/moveit_core/lib/libmoveit_butterworth_filter.so.2.5.9" to ""
[157.170s] -- Up-to-date: /home/aaron/ur_ws/install/moveit_core/lib/libmoveit_butterworth_filter.so
[157.170s] -- Installing: /home/aaron/ur_ws/install/moveit_core/lib/libmoveit_collision_distance_field.so.2.5.9
[157.170s] -- Set runtime path of "/home/aaron/ur_ws/install/moveit_core/lib/libmoveit_collision_distance_field.so.2.5.9" to ""
[157.170s] -- Up-to-date: /home/aaron/ur_ws/install/moveit_core/lib/libmoveit_collision_distance_field.so
[157.170s] -- Installing: /home/aaron/ur_ws/install/moveit_core/lib/libmoveit_collision_detection.so.2.5.9
[157.171s] -- Set runtime path of "/home/aaron/ur_ws/install/moveit_core/lib/libmoveit_collision_detection.so.2.5.9" to ""
[157.171s] -- Up-to-date: /home/aaron/ur_ws/install/moveit_core/lib/libmoveit_collision_detection.so
[157.171s] -- Installing: /home/aaron/ur_ws/install/moveit_core/lib/libmoveit_collision_detection_fcl.so.2.5.9
[157.172s] -- Set runtime path of "/home/aaron/ur_ws/install/moveit_core/lib/libmoveit_collision_detection_fcl.so.2.5.9" to ""
[157.172s] -- Up-to-date: /home/aaron/ur_ws/install/moveit_core/lib/libmoveit_collision_detection_fcl.so
[157.172s] -- Installing: /home/aaron/ur_ws/install/moveit_core/lib/libmoveit_collision_detection_bullet.so.2.5.9
[157.173s] -- Set runtime path of "/home/aaron/ur_ws/install/moveit_core/lib/libmoveit_collision_detection_bullet.so.2.5.9" to ""
[157.173s] -- Up-to-date: /home/aaron/ur_ws/install/moveit_core/lib/libmoveit_collision_detection_bullet.so
[157.173s] -- Installing: /home/aaron/ur_ws/install/moveit_core/lib/libmoveit_dynamics_solver.so.2.5.9
[157.173s] -- Set runtime path of "/home/aaron/ur_ws/install/moveit_core/lib/libmoveit_dynamics_solver.so.2.5.9" to ""
[157.173s] -- Up-to-date: /home/aaron/ur_ws/install/moveit_core/lib/libmoveit_dynamics_solver.so
[157.174s] -- Installing: /home/aaron/ur_ws/install/moveit_core/lib/libmoveit_constraint_samplers.so.2.5.9
[157.174s] -- Set runtime path of "/home/aaron/ur_ws/install/moveit_core/lib/libmoveit_constraint_samplers.so.2.5.9" to ""
[157.174s] -- Up-to-date: /home/aaron/ur_ws/install/moveit_core/lib/libmoveit_constraint_samplers.so
[157.174s] -- Installing: /home/aaron/ur_ws/install/moveit_core/lib/libmoveit_distance_field.so.2.5.9
[157.175s] -- Set runtime path of "/home/aaron/ur_ws/install/moveit_core/lib/libmoveit_distance_field.so.2.5.9" to ""
[157.175s] -- Up-to-date: /home/aaron/ur_ws/install/moveit_core/lib/libmoveit_distance_field.so
[157.175s] -- Installing: /home/aaron/ur_ws/install/moveit_core/lib/libmoveit_exceptions.so.2.5.9
[157.175s] -- Set runtime path of "/home/aaron/ur_ws/install/moveit_core/lib/libmoveit_exceptions.so.2.5.9" to ""
[157.175s] -- Up-to-date: /home/aaron/ur_ws/install/moveit_core/lib/libmoveit_exceptions.so
[157.175s] -- Installing: /home/aaron/ur_ws/install/moveit_core/lib/libmoveit_kinematics_base.so
[157.175s] -- Set runtime path of "/home/aaron/ur_ws/install/moveit_core/lib/libmoveit_kinematics_base.so" to ""
[157.176s] -- Installing: /home/aaron/ur_ws/install/moveit_core/lib/libmoveit_kinematic_constraints.so.2.5.9
[157.176s] -- Set runtime path of "/home/aaron/ur_ws/install/moveit_core/lib/libmoveit_kinematic_constraints.so.2.5.9" to ""
[157.176s] -- Up-to-date: /home/aaron/ur_ws/install/moveit_core/lib/libmoveit_kinematic_constraints.so
[157.177s] -- Installing: /home/aaron/ur_ws/install/moveit_core/lib/libmoveit_kinematics_metrics.so.2.5.9
[157.177s] -- Set runtime path of "/home/aaron/ur_ws/install/moveit_core/lib/libmoveit_kinematics_metrics.so.2.5.9" to ""
[157.177s] -- Up-to-date: /home/aaron/ur_ws/install/moveit_core/lib/libmoveit_kinematics_metrics.so
[157.178s] -- Installing: /home/aaron/ur_ws/install/moveit_core/lib/libmoveit_planning_interface.so.2.5.9
[157.178s] -- Set runtime path of "/home/aaron/ur_ws/install/moveit_core/lib/libmoveit_planning_interface.so.2.5.9" to ""
[157.178s] -- Up-to-date: /home/aaron/ur_ws/install/moveit_core/lib/libmoveit_planning_interface.so
[157.179s] -- Installing: /home/aaron/ur_ws/install/moveit_core/lib/libmoveit_planning_scene.so.2.5.9
[157.179s] -- Set runtime path of "/home/aaron/ur_ws/install/moveit_core/lib/libmoveit_planning_scene.so.2.5.9" to ""
[157.179s] -- Up-to-date: /home/aaron/ur_ws/install/moveit_core/lib/libmoveit_planning_scene.so
[157.179s] -- Installing: /home/aaron/ur_ws/install/moveit_core/lib/libmoveit_planning_request_adapter.so.2.5.9
[157.180s] -- Set runtime path of "/home/aaron/ur_ws/install/moveit_core/lib/libmoveit_planning_request_adapter.so.2.5.9" to ""
[157.180s] -- Up-to-date: /home/aaron/ur_ws/install/moveit_core/lib/libmoveit_planning_request_adapter.so
[157.180s] -- Installing: /home/aaron/ur_ws/install/moveit_core/lib/libmoveit_robot_model.so.2.5.9
[157.181s] -- Set runtime path of "/home/aaron/ur_ws/install/moveit_core/lib/libmoveit_robot_model.so.2.5.9" to ""
[157.181s] -- Up-to-date: /home/aaron/ur_ws/install/moveit_core/lib/libmoveit_robot_model.so
[157.181s] -- Installing: /home/aaron/ur_ws/install/moveit_core/lib/libmoveit_robot_state.so.2.5.9
[157.182s] -- Set runtime path of "/home/aaron/ur_ws/install/moveit_core/lib/libmoveit_robot_state.so.2.5.9" to ""
[157.182s] -- Up-to-date: /home/aaron/ur_ws/install/moveit_core/lib/libmoveit_robot_state.so
[157.182s] -- Installing: /home/aaron/ur_ws/install/moveit_core/lib/libmoveit_robot_trajectory.so.2.5.9
[157.182s] -- Set runtime path of "/home/aaron/ur_ws/install/moveit_core/lib/libmoveit_robot_trajectory.so.2.5.9" to ""
[157.182s] -- Up-to-date: /home/aaron/ur_ws/install/moveit_core/lib/libmoveit_robot_trajectory.so
[157.182s] -- Installing: /home/aaron/ur_ws/install/moveit_core/lib/libmoveit_smoothing_base.so.2.5.9
[157.182s] -- Set runtime path of "/home/aaron/ur_ws/install/moveit_core/lib/libmoveit_smoothing_base.so.2.5.9" to ""
[157.182s] -- Up-to-date: /home/aaron/ur_ws/install/moveit_core/lib/libmoveit_smoothing_base.so
[157.183s] -- Installing: /home/aaron/ur_ws/install/moveit_core/lib/libmoveit_test_utils.so.2.5.9
[157.183s] -- Set runtime path of "/home/aaron/ur_ws/install/moveit_core/lib/libmoveit_test_utils.so.2.5.9" to ""
[157.183s] -- Up-to-date: /home/aaron/ur_ws/install/moveit_core/lib/libmoveit_test_utils.so
[157.184s] -- Installing: /home/aaron/ur_ws/install/moveit_core/lib/libmoveit_trajectory_processing.so.2.5.9
[157.184s] -- Set runtime path of "/home/aaron/ur_ws/install/moveit_core/lib/libmoveit_trajectory_processing.so.2.5.9" to ""
[157.184s] -- Up-to-date: /home/aaron/ur_ws/install/moveit_core/lib/libmoveit_trajectory_processing.so
[157.184s] -- Installing: /home/aaron/ur_ws/install/moveit_core/lib/libmoveit_transforms.so.2.5.9
[157.184s] -- Set runtime path of "/home/aaron/ur_ws/install/moveit_core/lib/libmoveit_transforms.so.2.5.9" to ""
[157.185s] -- Up-to-date: /home/aaron/ur_ws/install/moveit_core/lib/libmoveit_transforms.so
[157.185s] -- Installing: /home/aaron/ur_ws/install/moveit_core/lib/libmoveit_utils.so.2.5.9
[157.185s] -- Set runtime path of "/home/aaron/ur_ws/install/moveit_core/lib/libmoveit_utils.so.2.5.9" to ""
[157.185s] -- Up-to-date: /home/aaron/ur_ws/install/moveit_core/lib/libmoveit_utils.so
[157.185s] -- Up-to-date: /home/aaron/ur_ws/install/moveit_core/share/moveit_core/environment/library_path.sh
[157.185s] -- Up-to-date: /home/aaron/ur_ws/install/moveit_core/share/moveit_core/environment/library_path.dsv
[157.185s] -- Up-to-date: /home/aaron/ur_ws/install/moveit_core/share/moveit_core/collision_detector_fcl_description.xml
[157.185s] -- Up-to-date: /home/aaron/ur_ws/install/moveit_core/share/moveit_core/collision_detector_bullet_description.xml
[157.185s] -- Up-to-date: /home/aaron/ur_ws/install/moveit_core/share/moveit_core/filter_plugin_butterworth.xml
[157.185s] -- Up-to-date: /home/aaron/ur_ws/install/moveit_core/share/ament_index/resource_index/package_run_dependencies/moveit_core
[157.185s] -- Up-to-date: /home/aaron/ur_ws/install/moveit_core/share/ament_index/resource_index/parent_prefix_path/moveit_core
[157.185s] -- Up-to-date: /home/aaron/ur_ws/install/moveit_core/share/moveit_core/environment/ament_prefix_path.sh
[157.185s] -- Up-to-date: /home/aaron/ur_ws/install/moveit_core/share/moveit_core/environment/ament_prefix_path.dsv
[157.185s] -- Up-to-date: /home/aaron/ur_ws/install/moveit_core/share/moveit_core/environment/path.sh
[157.185s] -- Up-to-date: /home/aaron/ur_ws/install/moveit_core/share/moveit_core/environment/path.dsv
[157.185s] -- Up-to-date: /home/aaron/ur_ws/install/moveit_core/share/moveit_core/local_setup.bash
[157.185s] -- Up-to-date: /home/aaron/ur_ws/install/moveit_core/share/moveit_core/local_setup.sh
[157.185s] -- Up-to-date: /home/aaron/ur_ws/install/moveit_core/share/moveit_core/local_setup.zsh
[157.185s] -- Up-to-date: /home/aaron/ur_ws/install/moveit_core/share/moveit_core/local_setup.dsv
[157.185s] -- Installing: /home/aaron/ur_ws/install/moveit_core/share/moveit_core/package.dsv
[157.185s] -- Up-to-date: /home/aaron/ur_ws/install/moveit_core/share/ament_index/resource_index/packages/moveit_core
[157.186s] -- Up-to-date: /home/aaron/ur_ws/install/moveit_core/share/ament_index/resource_index/moveit_core__pluginlib__plugin/moveit_core
[157.186s] -- Up-to-date: /home/aaron/ur_ws/install/moveit_core/share/moveit_core/cmake/export_moveit_coreExport.cmake
[157.186s] -- Up-to-date: /home/aaron/ur_ws/install/moveit_core/share/moveit_core/cmake/export_moveit_coreExport-release.cmake
[157.186s] -- Up-to-date: /home/aaron/ur_ws/install/moveit_core/share/moveit_core/cmake/ConfigExtras.cmake
[157.186s] -- Up-to-date: /home/aaron/ur_ws/install/moveit_core/share/moveit_core/cmake/ament_cmake_export_targets-extras.cmake
[157.186s] -- Up-to-date: /home/aaron/ur_ws/install/moveit_core/share/moveit_core/cmake/ament_cmake_export_dependencies-extras.cmake
[157.186s] -- Up-to-date: /home/aaron/ur_ws/install/moveit_core/share/moveit_core/cmake/moveit_coreConfig.cmake
[157.186s] -- Up-to-date: /home/aaron/ur_ws/install/moveit_core/share/moveit_core/cmake/moveit_coreConfig-version.cmake
[157.186s] -- Up-to-date: /home/aaron/ur_ws/install/moveit_core/share/moveit_core/package.xml
[157.187s] Invoked command in '/home/aaron/ur_ws/build/moveit_core' returned '0': AMENT_PREFIX_PATH=/home/aaron/ur_ws/install/moveit_resources_panda_moveit_config:/home/aaron/ur_ws/install/srdfdom:/home/aaron/ur_ws/install/moveit_resources_pr2_description:/home/aaron/ur_ws/install/moveit_resources_panda_description:/home/aaron/ur_ws/install/moveit_common:${AMENT_PREFIX_PATH} CMAKE_PREFIX_PATH=/home/aaron/ur_ws/install/moveit_resources_panda_moveit_config:/home/aaron/ur_ws/install/srdfdom:/home/aaron/ur_ws/install/moveit_resources_pr2_description:/home/aaron/ur_ws/install/moveit_resources_panda_description:/home/aaron/ur_ws/install/moveit_common:/opt/ros/humble LD_LIBRARY_PATH=/home/aaron/ur_ws/install/srdfdom/lib:${LD_LIBRARY_PATH} PYTHONPATH=/home/aaron/ur_ws/install/srdfdom/local/lib/python3.10/dist-packages:${PYTHONPATH} /usr/bin/cmake --install /home/aaron/ur_ws/build/moveit_core
