[0.018s] Invoking command in '/home/aaron/ur_ws/build/moveit_simple_controller_manager': AMENT_PREFIX_PATH=/home/aaron/ur_ws/install/moveit_core:/home/aaron/ur_ws/install/moveit_resources_panda_moveit_config:/home/aaron/ur_ws/install/srdfdom:/home/aaron/ur_ws/install/moveit_resources_pr2_description:/home/aaron/ur_ws/install/moveit_resources_panda_description:/home/aaron/ur_ws/install/moveit_common:${AMENT_PREFIX_PATH} CMAKE_PREFIX_PATH=/home/aaron/ur_ws/install/moveit_core:/home/aaron/ur_ws/install/moveit_resources_panda_moveit_config:/home/aaron/ur_ws/install/srdfdom:/home/aaron/ur_ws/install/moveit_resources_pr2_description:/home/aaron/ur_ws/install/moveit_resources_panda_description:/home/aaron/ur_ws/install/moveit_common:/opt/ros/humble LD_LIBRARY_PATH=/home/aaron/ur_ws/install/moveit_core/lib:/home/aaron/ur_ws/install/srdfdom/lib:${LD_LIBRARY_PATH} PATH=/home/aaron/ur_ws/install/moveit_core/bin:${PATH} PYTHONPATH=/home/aaron/ur_ws/install/srdfdom/local/lib/python3.10/dist-packages:${PYTHONPATH} /usr/bin/cmake --build /home/aaron/ur_ws/build/moveit_simple_controller_manager -- -j20 -l20
[0.075s] [ 33%] [32mBuilding CXX object CMakeFiles/moveit_simple_controller_manager.dir/src/moveit_simple_controller_manager.cpp.o[0m
[0.079s] [ 66%] [32mBuilding CXX object CMakeFiles/moveit_simple_controller_manager.dir/src/follow_joint_trajectory_controller_handle.cpp.o[0m
[23.591s] [100%] [32m[1mLinking CXX shared library libmoveit_simple_controller_manager.so[0m
[23.907s] [100%] Built target moveit_simple_controller_manager
[23.927s] Invoked command in '/home/aaron/ur_ws/build/moveit_simple_controller_manager' returned '0': AMENT_PREFIX_PATH=/home/aaron/ur_ws/install/moveit_core:/home/aaron/ur_ws/install/moveit_resources_panda_moveit_config:/home/aaron/ur_ws/install/srdfdom:/home/aaron/ur_ws/install/moveit_resources_pr2_description:/home/aaron/ur_ws/install/moveit_resources_panda_description:/home/aaron/ur_ws/install/moveit_common:${AMENT_PREFIX_PATH} CMAKE_PREFIX_PATH=/home/aaron/ur_ws/install/moveit_core:/home/aaron/ur_ws/install/moveit_resources_panda_moveit_config:/home/aaron/ur_ws/install/srdfdom:/home/aaron/ur_ws/install/moveit_resources_pr2_description:/home/aaron/ur_ws/install/moveit_resources_panda_description:/home/aaron/ur_ws/install/moveit_common:/opt/ros/humble LD_LIBRARY_PATH=/home/aaron/ur_ws/install/moveit_core/lib:/home/aaron/ur_ws/install/srdfdom/lib:${LD_LIBRARY_PATH} PATH=/home/aaron/ur_ws/install/moveit_core/bin:${PATH} PYTHONPATH=/home/aaron/ur_ws/install/srdfdom/local/lib/python3.10/dist-packages:${PYTHONPATH} /usr/bin/cmake --build /home/aaron/ur_ws/build/moveit_simple_controller_manager -- -j20 -l20
[23.931s] Invoking command in '/home/aaron/ur_ws/build/moveit_simple_controller_manager': AMENT_PREFIX_PATH=/home/aaron/ur_ws/install/moveit_core:/home/aaron/ur_ws/install/moveit_resources_panda_moveit_config:/home/aaron/ur_ws/install/srdfdom:/home/aaron/ur_ws/install/moveit_resources_pr2_description:/home/aaron/ur_ws/install/moveit_resources_panda_description:/home/aaron/ur_ws/install/moveit_common:${AMENT_PREFIX_PATH} CMAKE_PREFIX_PATH=/home/aaron/ur_ws/install/moveit_core:/home/aaron/ur_ws/install/moveit_resources_panda_moveit_config:/home/aaron/ur_ws/install/srdfdom:/home/aaron/ur_ws/install/moveit_resources_pr2_description:/home/aaron/ur_ws/install/moveit_resources_panda_description:/home/aaron/ur_ws/install/moveit_common:/opt/ros/humble LD_LIBRARY_PATH=/home/aaron/ur_ws/install/moveit_core/lib:/home/aaron/ur_ws/install/srdfdom/lib:${LD_LIBRARY_PATH} PATH=/home/aaron/ur_ws/install/moveit_core/bin:${PATH} PYTHONPATH=/home/aaron/ur_ws/install/srdfdom/local/lib/python3.10/dist-packages:${PYTHONPATH} /usr/bin/cmake --install /home/aaron/ur_ws/build/moveit_simple_controller_manager
[23.942s] -- Install configuration: "Release"
[23.944s] -- Installing: /home/aaron/ur_ws/install/moveit_simple_controller_manager/lib/libmoveit_simple_controller_manager.so.2.5.9
[23.947s] -- Set runtime path of "/home/aaron/ur_ws/install/moveit_simple_controller_manager/lib/libmoveit_simple_controller_manager.so.2.5.9" to ""
[23.947s] -- Up-to-date: /home/aaron/ur_ws/install/moveit_simple_controller_manager/lib/libmoveit_simple_controller_manager.so
[23.947s] -- Up-to-date: /home/aaron/ur_ws/install/moveit_simple_controller_manager/include
[23.948s] -- Up-to-date: /home/aaron/ur_ws/install/moveit_simple_controller_manager/include/moveit_simple_controller_manager
[23.948s] -- Up-to-date: /home/aaron/ur_ws/install/moveit_simple_controller_manager/include/moveit_simple_controller_manager/empty_controller_handle.h
[23.948s] -- Up-to-date: /home/aaron/ur_ws/install/moveit_simple_controller_manager/include/moveit_simple_controller_manager/gripper_controller_handle.h
[23.948s] -- Up-to-date: /home/aaron/ur_ws/install/moveit_simple_controller_manager/include/moveit_simple_controller_manager/action_based_controller_handle.h
[23.948s] -- Up-to-date: /home/aaron/ur_ws/install/moveit_simple_controller_manager/include/moveit_simple_controller_manager/follow_joint_trajectory_controller_handle.h
[23.949s] -- Up-to-date: /home/aaron/ur_ws/install/moveit_simple_controller_manager/share/moveit_simple_controller_manager/environment/library_path.sh
[23.949s] -- Up-to-date: /home/aaron/ur_ws/install/moveit_simple_controller_manager/share/moveit_simple_controller_manager/environment/library_path.dsv
[23.949s] -- Up-to-date: /home/aaron/ur_ws/install/moveit_simple_controller_manager/share/moveit_simple_controller_manager/moveit_simple_controller_manager_plugin_description.xml
[23.949s] -- Up-to-date: /home/aaron/ur_ws/install/moveit_simple_controller_manager/share/ament_index/resource_index/package_run_dependencies/moveit_simple_controller_manager
[23.949s] -- Up-to-date: /home/aaron/ur_ws/install/moveit_simple_controller_manager/share/ament_index/resource_index/parent_prefix_path/moveit_simple_controller_manager
[23.950s] -- Up-to-date: /home/aaron/ur_ws/install/moveit_simple_controller_manager/share/moveit_simple_controller_manager/environment/ament_prefix_path.sh
[23.950s] -- Up-to-date: /home/aaron/ur_ws/install/moveit_simple_controller_manager/share/moveit_simple_controller_manager/environment/ament_prefix_path.dsv
[23.951s] -- Up-to-date: /home/aaron/ur_ws/install/moveit_simple_controller_manager/share/moveit_simple_controller_manager/environment/path.sh
[23.951s] -- Up-to-date: /home/aaron/ur_ws/install/moveit_simple_controller_manager/share/moveit_simple_controller_manager/environment/path.dsv
[23.951s] -- Up-to-date: /home/aaron/ur_ws/install/moveit_simple_controller_manager/share/moveit_simple_controller_manager/local_setup.bash
[23.951s] -- Up-to-date: /home/aaron/ur_ws/install/moveit_simple_controller_manager/share/moveit_simple_controller_manager/local_setup.sh
[23.953s] -- Up-to-date: /home/aaron/ur_ws/install/moveit_simple_controller_manager/share/moveit_simple_controller_manager/local_setup.zsh
[23.953s] -- Up-to-date: /home/aaron/ur_ws/install/moveit_simple_controller_manager/share/moveit_simple_controller_manager/local_setup.dsv
[23.953s] -- Installing: /home/aaron/ur_ws/install/moveit_simple_controller_manager/share/moveit_simple_controller_manager/package.dsv
[23.953s] -- Up-to-date: /home/aaron/ur_ws/install/moveit_simple_controller_manager/share/ament_index/resource_index/packages/moveit_simple_controller_manager
[23.954s] -- Up-to-date: /home/aaron/ur_ws/install/moveit_simple_controller_manager/share/ament_index/resource_index/moveit_core__pluginlib__plugin/moveit_simple_controller_manager
[23.954s] -- Up-to-date: /home/aaron/ur_ws/install/moveit_simple_controller_manager/share/moveit_simple_controller_manager/cmake/export_moveit_simple_controller_managerExport.cmake
[23.954s] -- Up-to-date: /home/aaron/ur_ws/install/moveit_simple_controller_manager/share/moveit_simple_controller_manager/cmake/export_moveit_simple_controller_managerExport-release.cmake
[23.954s] -- Up-to-date: /home/aaron/ur_ws/install/moveit_simple_controller_manager/share/moveit_simple_controller_manager/cmake/ConfigExtras.cmake
[23.955s] -- Up-to-date: /home/aaron/ur_ws/install/moveit_simple_controller_manager/share/moveit_simple_controller_manager/cmake/ament_cmake_export_targets-extras.cmake
[23.955s] -- Up-to-date: /home/aaron/ur_ws/install/moveit_simple_controller_manager/share/moveit_simple_controller_manager/cmake/ament_cmake_export_dependencies-extras.cmake
[23.955s] -- Up-to-date: /home/aaron/ur_ws/install/moveit_simple_controller_manager/share/moveit_simple_controller_manager/cmake/moveit_simple_controller_managerConfig.cmake
[23.955s] -- Up-to-date: /home/aaron/ur_ws/install/moveit_simple_controller_manager/share/moveit_simple_controller_manager/cmake/moveit_simple_controller_managerConfig-version.cmake
[23.956s] -- Up-to-date: /home/aaron/ur_ws/install/moveit_simple_controller_manager/share/moveit_simple_controller_manager/package.xml
[23.956s] Invoked command in '/home/aaron/ur_ws/build/moveit_simple_controller_manager' returned '0': AMENT_PREFIX_PATH=/home/aaron/ur_ws/install/moveit_core:/home/aaron/ur_ws/install/moveit_resources_panda_moveit_config:/home/aaron/ur_ws/install/srdfdom:/home/aaron/ur_ws/install/moveit_resources_pr2_description:/home/aaron/ur_ws/install/moveit_resources_panda_description:/home/aaron/ur_ws/install/moveit_common:${AMENT_PREFIX_PATH} CMAKE_PREFIX_PATH=/home/aaron/ur_ws/install/moveit_core:/home/aaron/ur_ws/install/moveit_resources_panda_moveit_config:/home/aaron/ur_ws/install/srdfdom:/home/aaron/ur_ws/install/moveit_resources_pr2_description:/home/aaron/ur_ws/install/moveit_resources_panda_description:/home/aaron/ur_ws/install/moveit_common:/opt/ros/humble LD_LIBRARY_PATH=/home/aaron/ur_ws/install/moveit_core/lib:/home/aaron/ur_ws/install/srdfdom/lib:${LD_LIBRARY_PATH} PATH=/home/aaron/ur_ws/install/moveit_core/bin:${PATH} PYTHONPATH=/home/aaron/ur_ws/install/srdfdom/local/lib/python3.10/dist-packages:${PYTHONPATH} /usr/bin/cmake --install /home/aaron/ur_ws/build/moveit_simple_controller_manager
