[0.036s] Invoking command in '/home/aaron/ur_ws/build/moveit_py': AMENT_PREFIX_PATH=/home/aaron/ur_ws/install/moveit_ros_planning_interface:/home/aaron/ur_ws/install/moveit_ros_move_group:/home/aaron/ur_ws/install/moveit_ros_warehouse:/home/aaron/ur_ws/install/moveit_planners_ompl:/home/aaron/ur_ws/install/moveit_kinematics:/home/aaron/ur_ws/install/moveit_ros_planning:/home/aaron/ur_ws/install/moveit_simple_controller_manager:/home/aaron/ur_ws/install/moveit_ros_occupancy_map_monitor:/home/aaron/ur_ws/install/moveit_core:/home/aaron/ur_ws/install/moveit_resources_panda_moveit_config:/home/aaron/ur_ws/install/moveit_resources_fanuc_moveit_config:/home/aaron/ur_ws/install/moveit_configs_utils:/home/aaron/ur_ws/install/srdfdom:/home/aaron/ur_ws/install/moveit_resources_pr2_description:/home/aaron/ur_ws/install/moveit_resources_panda_description:/home/aaron/ur_ws/install/moveit_resources_fanuc_description:/home/aaron/ur_ws/install/moveit_common:/home/aaron/ur_ws/install/launch_param_builder:${AMENT_PREFIX_PATH} CMAKE_PREFIX_PATH=/home/aaron/ur_ws/install/moveit_ros_planning_interface:/home/aaron/ur_ws/install/moveit_ros_move_group:/home/aaron/ur_ws/install/moveit_ros_warehouse:/home/aaron/ur_ws/install/moveit_planners_ompl:/home/aaron/ur_ws/install/moveit_kinematics:/home/aaron/ur_ws/install/moveit_ros_planning:/home/aaron/ur_ws/install/moveit_simple_controller_manager:/home/aaron/ur_ws/install/moveit_ros_occupancy_map_monitor:/home/aaron/ur_ws/install/moveit_core:/home/aaron/ur_ws/install/moveit_resources_panda_moveit_config:/home/aaron/ur_ws/install/moveit_resources_fanuc_moveit_config:/home/aaron/ur_ws/install/srdfdom:/home/aaron/ur_ws/install/moveit_resources_pr2_description:/home/aaron/ur_ws/install/moveit_resources_panda_description:/home/aaron/ur_ws/install/moveit_resources_fanuc_description:/home/aaron/ur_ws/install/moveit_common:/opt/ros/humble LD_LIBRARY_PATH=/home/aaron/ur_ws/install/moveit_ros_planning_interface/lib:/home/aaron/ur_ws/install/moveit_ros_move_group/lib:/home/aaron/ur_ws/install/moveit_ros_warehouse/lib:/home/aaron/ur_ws/install/moveit_planners_ompl/lib:/home/aaron/ur_ws/install/moveit_kinematics/lib:/home/aaron/ur_ws/install/moveit_ros_planning/lib:/home/aaron/ur_ws/install/moveit_simple_controller_manager/lib:/home/aaron/ur_ws/install/moveit_ros_occupancy_map_monitor/lib:/home/aaron/ur_ws/install/moveit_core/lib:/home/aaron/ur_ws/install/srdfdom/lib:${LD_LIBRARY_PATH} PATH=/home/aaron/ur_ws/install/moveit_core/bin:${PATH} PYTHONPATH=/home/aaron/ur_ws/install/moveit_configs_utils/lib/python3.10/site-packages:/home/aaron/ur_ws/install/srdfdom/local/lib/python3.10/dist-packages:/home/aaron/ur_ws/install/launch_param_builder/lib/python3.10/site-packages:${PYTHONPATH} /usr/bin/cmake --build /home/aaron/ur_ws/build/moveit_py -- -j20 -l20
[0.090s] [  4%] [32mBuilding CXX object src/moveit/moveit_py_utils/CMakeFiles/moveit_py_utils.dir/src/copy_ros_msg.cpp.o[0m
[0.096s] [  8%] [32mBuilding CXX object src/moveit/moveit_py_utils/CMakeFiles/moveit_py_utils.dir/src/ros_msg_typecasters.cpp.o[0m
[0.099s] [  8%] Built target ament_cmake_python_copy_moveit
[0.848s] running egg_info
[0.853s] writing moveit.egg-info/PKG-INFO
[0.853s] writing dependency_links to moveit.egg-info/dependency_links.txt
[0.853s] writing top-level names to moveit.egg-info/top_level.txt
[0.865s] reading manifest file 'moveit.egg-info/SOURCES.txt'
[0.865s] writing manifest file 'moveit.egg-info/SOURCES.txt'
[0.979s] [  8%] Built target ament_cmake_python_build_moveit_egg
[18.422s] [ 12%] [32m[1mLinking CXX shared library libmoveit_py_utils.so[0m
[23.411s] [ 12%] Built target moveit_py_utils
[23.757s] [ 16%] [32mBuilding CXX object CMakeFiles/core.dir/src/moveit/moveit_core/collision_detection/collision_common.cpp.o[0m
[23.768s] [ 20%] [32mBuilding CXX object CMakeFiles/core.dir/src/moveit/core.cpp.o[0m
[23.797s] [ 25%] [32mBuilding CXX object CMakeFiles/planning.dir/src/moveit/moveit_ros/moveit_cpp/moveit_cpp.cpp.o[0m
[23.797s] [ 29%] [32mBuilding CXX object CMakeFiles/core.dir/src/moveit/moveit_core/collision_detection/collision_matrix.cpp.o[0m
[23.797s] [ 33%] [32mBuilding CXX object CMakeFiles/planning.dir/src/moveit/planning.cpp.o[0m
[23.817s] [ 37%] [32mBuilding CXX object CMakeFiles/core.dir/src/moveit/moveit_core/collision_detection/world.cpp.o[0m
[23.825s] [ 41%] [32mBuilding CXX object CMakeFiles/core.dir/src/moveit/moveit_core/kinematic_constraints/utils.cpp.o[0m
[23.831s] [ 45%] [32mBuilding CXX object CMakeFiles/planning.dir/src/moveit/moveit_ros/moveit_cpp/planning_component.cpp.o[0m
[23.833s] [ 50%] [32mBuilding CXX object CMakeFiles/core.dir/src/moveit/moveit_core/controller_manager/controller_manager.cpp.o[0m
[23.836s] [ 54%] [32mBuilding CXX object CMakeFiles/planning.dir/src/moveit/moveit_ros/planning_scene_monitor/planning_scene_monitor.cpp.o[0m
[23.839s] [ 58%] [32mBuilding CXX object CMakeFiles/core.dir/src/moveit/moveit_core/planning_interface/planning_response.cpp.o[0m
[23.839s] [ 62%] [32mBuilding CXX object CMakeFiles/planning.dir/src/moveit/moveit_ros/trajectory_execution_manager/trajectory_execution_manager.cpp.o[0m
[23.848s] [ 66%] [32mBuilding CXX object CMakeFiles/core.dir/src/moveit/moveit_core/planning_scene/planning_scene.cpp.o[0m
[23.882s] [ 75%] [32mBuilding CXX object CMakeFiles/core.dir/src/moveit/moveit_core/robot_model/joint_model_group.cpp.o[0m
[23.890s] [ 75%] [32mBuilding CXX object CMakeFiles/core.dir/src/moveit/moveit_core/robot_model/joint_model.cpp.o[0m
[23.897s] [ 79%] [32mBuilding CXX object CMakeFiles/core.dir/src/moveit/moveit_core/transforms/transforms.cpp.o[0m
[23.923s] [ 83%] [32mBuilding CXX object CMakeFiles/core.dir/src/moveit/moveit_core/robot_model/robot_model.cpp.o[0m
[49.168s] gmake[2]: *** [CMakeFiles/core.dir/build.make:146: CMakeFiles/core.dir/src/moveit/moveit_core/kinematic_constraints/utils.cpp.o] Interrupt
[49.168s] gmake[2]: *** [CMakeFiles/core.dir/build.make:104: CMakeFiles/core.dir/src/moveit/moveit_core/collision_detection/collision_matrix.cpp.o] Interrupt
[49.169s] gmake[2]: *** [CMakeFiles/core.dir/build.make:132: CMakeFiles/core.dir/src/moveit/moveit_core/controller_manager/controller_manager.cpp.o] Interrupt
[49.169s] gmake[2]: *** [CMakeFiles/core.dir/build.make:174: CMakeFiles/core.dir/src/moveit/moveit_core/planning_scene/planning_scene.cpp.o] Interrupt
[49.169s] gmake[2]: *** [CMakeFiles/core.dir/build.make:188: CMakeFiles/core.dir/src/moveit/moveit_core/transforms/transforms.cpp.o] Interrupt
[49.169s] gmake[2]: *** [CMakeFiles/core.dir/build.make:230: CMakeFiles/core.dir/src/moveit/moveit_core/robot_model/robot_model.cpp.o] Interrupt
[49.169s] gmake[2]: *** [CMakeFiles/core.dir/build.make:90: CMakeFiles/core.dir/src/moveit/moveit_core/collision_detection/collision_common.cpp.o] Interrupt
[49.169s] gmake[2]: *** [CMakeFiles/core.dir/build.make:76: CMakeFiles/core.dir/src/moveit/core.cpp.o] Interrupt
[49.169s] gmake[2]: *** [CMakeFiles/planning.dir/build.make:76: CMakeFiles/planning.dir/src/moveit/planning.cpp.o] Interrupt
[49.169s] gmake[2]: *** [CMakeFiles/planning.dir/build.make:104: CMakeFiles/planning.dir/src/moveit/moveit_ros/moveit_cpp/planning_component.cpp.o] Interrupt
[49.170s] gmake[2]: *** [CMakeFiles/core.dir/build.make:216: CMakeFiles/core.dir/src/moveit/moveit_core/robot_model/joint_model_group.cpp.o] Interrupt
[49.170s] gmake[2]: *** [CMakeFiles/planning.dir/build.make:118: CMakeFiles/planning.dir/src/moveit/moveit_ros/planning_scene_monitor/planning_scene_monitor.cpp.o] Interrupt
[49.170s] gmake[2]: *** [CMakeFiles/planning.dir/build.make:132: CMakeFiles/planning.dir/src/moveit/moveit_ros/trajectory_execution_manager/trajectory_execution_manager.cpp.o] Interrupt
[49.170s] gmake[2]: *** wait: No child processes.  Stop.
[49.170s] gmake[2]: *** Waiting for unfinished jobs....
[49.170s] gmake[2]: *** wait: No child processes.  Stop.
[49.170s] gmake[1]: *** [CMakeFiles/Makefile2:237: CMakeFiles/planning.dir/all] Error 2
[49.198s] gmake[2]: *** [CMakeFiles/core.dir/build.make:118: CMakeFiles/core.dir/src/moveit/moveit_core/collision_detection/world.cpp.o] Interrupt
[49.211s] gmake[2]: *** [CMakeFiles/core.dir/build.make:202: CMakeFiles/core.dir/src/moveit/moveit_core/robot_model/joint_model.cpp.o] Interrupt
[49.211s] gmake[2]: *** wait: No child processes.  Stop.
[49.211s] gmake[2]: *** Waiting for unfinished jobs....
[49.211s] gmake[2]: *** wait: No child processes.  Stop.
[49.213s] gmake[1]: *** [CMakeFiles/Makefile2:211: CMakeFiles/core.dir/all] Error 2
[49.213s] gmake: *** [Makefile:146: all] Interrupt
[49.674s] Invoked command in '/home/aaron/ur_ws/build/moveit_py' returned '-2': AMENT_PREFIX_PATH=/home/aaron/ur_ws/install/moveit_ros_planning_interface:/home/aaron/ur_ws/install/moveit_ros_move_group:/home/aaron/ur_ws/install/moveit_ros_warehouse:/home/aaron/ur_ws/install/moveit_planners_ompl:/home/aaron/ur_ws/install/moveit_kinematics:/home/aaron/ur_ws/install/moveit_ros_planning:/home/aaron/ur_ws/install/moveit_simple_controller_manager:/home/aaron/ur_ws/install/moveit_ros_occupancy_map_monitor:/home/aaron/ur_ws/install/moveit_core:/home/aaron/ur_ws/install/moveit_resources_panda_moveit_config:/home/aaron/ur_ws/install/moveit_resources_fanuc_moveit_config:/home/aaron/ur_ws/install/moveit_configs_utils:/home/aaron/ur_ws/install/srdfdom:/home/aaron/ur_ws/install/moveit_resources_pr2_description:/home/aaron/ur_ws/install/moveit_resources_panda_description:/home/aaron/ur_ws/install/moveit_resources_fanuc_description:/home/aaron/ur_ws/install/moveit_common:/home/aaron/ur_ws/install/launch_param_builder:${AMENT_PREFIX_PATH} CMAKE_PREFIX_PATH=/home/aaron/ur_ws/install/moveit_ros_planning_interface:/home/aaron/ur_ws/install/moveit_ros_move_group:/home/aaron/ur_ws/install/moveit_ros_warehouse:/home/aaron/ur_ws/install/moveit_planners_ompl:/home/aaron/ur_ws/install/moveit_kinematics:/home/aaron/ur_ws/install/moveit_ros_planning:/home/aaron/ur_ws/install/moveit_simple_controller_manager:/home/aaron/ur_ws/install/moveit_ros_occupancy_map_monitor:/home/aaron/ur_ws/install/moveit_core:/home/aaron/ur_ws/install/moveit_resources_panda_moveit_config:/home/aaron/ur_ws/install/moveit_resources_fanuc_moveit_config:/home/aaron/ur_ws/install/srdfdom:/home/aaron/ur_ws/install/moveit_resources_pr2_description:/home/aaron/ur_ws/install/moveit_resources_panda_description:/home/aaron/ur_ws/install/moveit_resources_fanuc_description:/home/aaron/ur_ws/install/moveit_common:/opt/ros/humble LD_LIBRARY_PATH=/home/aaron/ur_ws/install/moveit_ros_planning_interface/lib:/home/aaron/ur_ws/install/moveit_ros_move_group/lib:/home/aaron/ur_ws/install/moveit_ros_warehouse/lib:/home/aaron/ur_ws/install/moveit_planners_ompl/lib:/home/aaron/ur_ws/install/moveit_kinematics/lib:/home/aaron/ur_ws/install/moveit_ros_planning/lib:/home/aaron/ur_ws/install/moveit_simple_controller_manager/lib:/home/aaron/ur_ws/install/moveit_ros_occupancy_map_monitor/lib:/home/aaron/ur_ws/install/moveit_core/lib:/home/aaron/ur_ws/install/srdfdom/lib:${LD_LIBRARY_PATH} PATH=/home/aaron/ur_ws/install/moveit_core/bin:${PATH} PYTHONPATH=/home/aaron/ur_ws/install/moveit_configs_utils/lib/python3.10/site-packages:/home/aaron/ur_ws/install/srdfdom/local/lib/python3.10/dist-packages:/home/aaron/ur_ws/install/launch_param_builder/lib/python3.10/site-packages:${PYTHONPATH} /usr/bin/cmake --build /home/aaron/ur_ws/build/moveit_py -- -j20 -l20
