[0.041s] Invoking command in '/home/aaron/ur_ws/build/moveit_ros_visualization': AMENT_PREFIX_PATH=/home/aaron/ur_ws/install/moveit_ros_planning_interface:/home/aaron/ur_ws/install/moveit_ros_move_group:/home/aaron/ur_ws/install/moveit_ros_warehouse:/home/aaron/ur_ws/install/moveit_ros_robot_interaction:/home/aaron/ur_ws/install/moveit_planners_ompl:/home/aaron/ur_ws/install/moveit_kinematics:/home/aaron/ur_ws/install/moveit_ros_planning:/home/aaron/ur_ws/install/moveit_simple_controller_manager:/home/aaron/ur_ws/install/moveit_ros_occupancy_map_monitor:/home/aaron/ur_ws/install/moveit_core:/home/aaron/ur_ws/install/moveit_resources_panda_moveit_config:/home/aaron/ur_ws/install/moveit_resources_fanuc_moveit_config:/home/aaron/ur_ws/install/moveit_configs_utils:/home/aaron/ur_ws/install/srdfdom:/home/aaron/ur_ws/install/moveit_resources_pr2_description:/home/aaron/ur_ws/install/moveit_resources_panda_description:/home/aaron/ur_ws/install/moveit_resources_fanuc_description:/home/aaron/ur_ws/install/moveit_common:/home/aaron/ur_ws/install/launch_param_builder:${AMENT_PREFIX_PATH} CMAKE_PREFIX_PATH=/home/aaron/ur_ws/install/moveit_ros_planning_interface:/home/aaron/ur_ws/install/moveit_ros_move_group:/home/aaron/ur_ws/install/moveit_ros_warehouse:/home/aaron/ur_ws/install/moveit_ros_robot_interaction:/home/aaron/ur_ws/install/moveit_planners_ompl:/home/aaron/ur_ws/install/moveit_kinematics:/home/aaron/ur_ws/install/moveit_ros_planning:/home/aaron/ur_ws/install/moveit_simple_controller_manager:/home/aaron/ur_ws/install/moveit_ros_occupancy_map_monitor:/home/aaron/ur_ws/install/moveit_core:/home/aaron/ur_ws/install/moveit_resources_panda_moveit_config:/home/aaron/ur_ws/install/moveit_resources_fanuc_moveit_config:/home/aaron/ur_ws/install/srdfdom:/home/aaron/ur_ws/install/moveit_resources_pr2_description:/home/aaron/ur_ws/install/moveit_resources_panda_description:/home/aaron/ur_ws/install/moveit_resources_fanuc_description:/home/aaron/ur_ws/install/moveit_common:/opt/ros/humble LD_LIBRARY_PATH=/home/aaron/ur_ws/install/moveit_ros_planning_interface/lib:/home/aaron/ur_ws/install/moveit_ros_move_group/lib:/home/aaron/ur_ws/install/moveit_ros_warehouse/lib:/home/aaron/ur_ws/install/moveit_ros_robot_interaction/lib:/home/aaron/ur_ws/install/moveit_planners_ompl/lib:/home/aaron/ur_ws/install/moveit_kinematics/lib:/home/aaron/ur_ws/install/moveit_ros_planning/lib:/home/aaron/ur_ws/install/moveit_simple_controller_manager/lib:/home/aaron/ur_ws/install/moveit_ros_occupancy_map_monitor/lib:/home/aaron/ur_ws/install/moveit_core/lib:/home/aaron/ur_ws/install/srdfdom/lib:${LD_LIBRARY_PATH} PATH=/home/aaron/ur_ws/install/moveit_core/bin:${PATH} PYTHONPATH=/home/aaron/ur_ws/install/moveit_configs_utils/lib/python3.10/site-packages:/home/aaron/ur_ws/install/srdfdom/local/lib/python3.10/dist-packages:/home/aaron/ur_ws/install/launch_param_builder/lib/python3.10/site-packages:${PYTHONPATH} /usr/bin/cmake --build /home/aaron/ur_ws/build/moveit_ros_visualization -- -j20 -l20
[0.100s] [  1%] [34m[1mAutomatic MOC for target moveit_rviz_plugin_render_tools[0m
[0.141s] [  1%] Built target moveit_rviz_plugin_render_tools_autogen
[0.206s] [ 18%] Built target moveit_rviz_plugin_render_tools
[0.239s] [ 20%] [34m[1mAutomatic MOC for target moveit_robot_state_rviz_plugin_core[0m
[0.241s] [ 22%] [34m[1mAutomatic MOC for target moveit_planning_scene_rviz_plugin_core[0m
[0.266s] [ 22%] Built target moveit_robot_state_rviz_plugin_core_autogen
[0.269s] [ 22%] Built target moveit_planning_scene_rviz_plugin_core_autogen
[0.315s] [ 27%] Built target moveit_robot_state_rviz_plugin_core
[0.328s] [ 34%] Built target moveit_planning_scene_rviz_plugin_core
[0.344s] [ 36%] [34m[1mAutomatic MOC for target moveit_robot_state_rviz_plugin[0m
[0.356s] [ 37%] [34m[1mAutomatic MOC for target moveit_trajectory_rviz_plugin_core[0m
[0.357s] [ 39%] [34m[1mAutomatic MOC for target moveit_planning_scene_rviz_plugin[0m
[0.365s] [ 39%] Built target moveit_robot_state_rviz_plugin_autogen
[0.371s] [ 39%] Built target moveit_planning_scene_rviz_plugin_autogen
[0.372s] [ 39%] Built target moveit_trajectory_rviz_plugin_core_autogen
[0.393s] [ 44%] Built target moveit_robot_state_rviz_plugin
[0.401s] [ 50%] Built target moveit_trajectory_rviz_plugin_core
[0.410s] [ 55%] Built target moveit_planning_scene_rviz_plugin
[0.430s] [ 56%] [34m[1mAutomatic MOC for target moveit_trajectory_rviz_plugin[0m
[0.446s] [ 58%] [34m[1mAutomatic MOC for target moveit_motion_planning_rviz_plugin_core[0m
[0.461s] [ 58%] Built target moveit_trajectory_rviz_plugin_autogen
[0.471s] [ 58%] Built target moveit_motion_planning_rviz_plugin_core_autogen
[0.496s] [ 63%] Built target moveit_trajectory_rviz_plugin
[0.550s] [ 93%] Built target moveit_motion_planning_rviz_plugin_core
[0.578s] [ 94%] [34m[1mAutomatic MOC for target moveit_motion_planning_rviz_plugin[0m
[0.609s] [ 94%] Built target moveit_motion_planning_rviz_plugin_autogen
[0.675s] [100%] Built target moveit_motion_planning_rviz_plugin
[0.688s] Invoked command in '/home/aaron/ur_ws/build/moveit_ros_visualization' returned '0': AMENT_PREFIX_PATH=/home/aaron/ur_ws/install/moveit_ros_planning_interface:/home/aaron/ur_ws/install/moveit_ros_move_group:/home/aaron/ur_ws/install/moveit_ros_warehouse:/home/aaron/ur_ws/install/moveit_ros_robot_interaction:/home/aaron/ur_ws/install/moveit_planners_ompl:/home/aaron/ur_ws/install/moveit_kinematics:/home/aaron/ur_ws/install/moveit_ros_planning:/home/aaron/ur_ws/install/moveit_simple_controller_manager:/home/aaron/ur_ws/install/moveit_ros_occupancy_map_monitor:/home/aaron/ur_ws/install/moveit_core:/home/aaron/ur_ws/install/moveit_resources_panda_moveit_config:/home/aaron/ur_ws/install/moveit_resources_fanuc_moveit_config:/home/aaron/ur_ws/install/moveit_configs_utils:/home/aaron/ur_ws/install/srdfdom:/home/aaron/ur_ws/install/moveit_resources_pr2_description:/home/aaron/ur_ws/install/moveit_resources_panda_description:/home/aaron/ur_ws/install/moveit_resources_fanuc_description:/home/aaron/ur_ws/install/moveit_common:/home/aaron/ur_ws/install/launch_param_builder:${AMENT_PREFIX_PATH} CMAKE_PREFIX_PATH=/home/aaron/ur_ws/install/moveit_ros_planning_interface:/home/aaron/ur_ws/install/moveit_ros_move_group:/home/aaron/ur_ws/install/moveit_ros_warehouse:/home/aaron/ur_ws/install/moveit_ros_robot_interaction:/home/aaron/ur_ws/install/moveit_planners_ompl:/home/aaron/ur_ws/install/moveit_kinematics:/home/aaron/ur_ws/install/moveit_ros_planning:/home/aaron/ur_ws/install/moveit_simple_controller_manager:/home/aaron/ur_ws/install/moveit_ros_occupancy_map_monitor:/home/aaron/ur_ws/install/moveit_core:/home/aaron/ur_ws/install/moveit_resources_panda_moveit_config:/home/aaron/ur_ws/install/moveit_resources_fanuc_moveit_config:/home/aaron/ur_ws/install/srdfdom:/home/aaron/ur_ws/install/moveit_resources_pr2_description:/home/aaron/ur_ws/install/moveit_resources_panda_description:/home/aaron/ur_ws/install/moveit_resources_fanuc_description:/home/aaron/ur_ws/install/moveit_common:/opt/ros/humble LD_LIBRARY_PATH=/home/aaron/ur_ws/install/moveit_ros_planning_interface/lib:/home/aaron/ur_ws/install/moveit_ros_move_group/lib:/home/aaron/ur_ws/install/moveit_ros_warehouse/lib:/home/aaron/ur_ws/install/moveit_ros_robot_interaction/lib:/home/aaron/ur_ws/install/moveit_planners_ompl/lib:/home/aaron/ur_ws/install/moveit_kinematics/lib:/home/aaron/ur_ws/install/moveit_ros_planning/lib:/home/aaron/ur_ws/install/moveit_simple_controller_manager/lib:/home/aaron/ur_ws/install/moveit_ros_occupancy_map_monitor/lib:/home/aaron/ur_ws/install/moveit_core/lib:/home/aaron/ur_ws/install/srdfdom/lib:${LD_LIBRARY_PATH} PATH=/home/aaron/ur_ws/install/moveit_core/bin:${PATH} PYTHONPATH=/home/aaron/ur_ws/install/moveit_configs_utils/lib/python3.10/site-packages:/home/aaron/ur_ws/install/srdfdom/local/lib/python3.10/dist-packages:/home/aaron/ur_ws/install/launch_param_builder/lib/python3.10/site-packages:${PYTHONPATH} /usr/bin/cmake --build /home/aaron/ur_ws/build/moveit_ros_visualization -- -j20 -l20
[0.690s] Invoking command in '/home/aaron/ur_ws/build/moveit_ros_visualization': AMENT_PREFIX_PATH=/home/aaron/ur_ws/install/moveit_ros_planning_interface:/home/aaron/ur_ws/install/moveit_ros_move_group:/home/aaron/ur_ws/install/moveit_ros_warehouse:/home/aaron/ur_ws/install/moveit_ros_robot_interaction:/home/aaron/ur_ws/install/moveit_planners_ompl:/home/aaron/ur_ws/install/moveit_kinematics:/home/aaron/ur_ws/install/moveit_ros_planning:/home/aaron/ur_ws/install/moveit_simple_controller_manager:/home/aaron/ur_ws/install/moveit_ros_occupancy_map_monitor:/home/aaron/ur_ws/install/moveit_core:/home/aaron/ur_ws/install/moveit_resources_panda_moveit_config:/home/aaron/ur_ws/install/moveit_resources_fanuc_moveit_config:/home/aaron/ur_ws/install/moveit_configs_utils:/home/aaron/ur_ws/install/srdfdom:/home/aaron/ur_ws/install/moveit_resources_pr2_description:/home/aaron/ur_ws/install/moveit_resources_panda_description:/home/aaron/ur_ws/install/moveit_resources_fanuc_description:/home/aaron/ur_ws/install/moveit_common:/home/aaron/ur_ws/install/launch_param_builder:${AMENT_PREFIX_PATH} CMAKE_PREFIX_PATH=/home/aaron/ur_ws/install/moveit_ros_planning_interface:/home/aaron/ur_ws/install/moveit_ros_move_group:/home/aaron/ur_ws/install/moveit_ros_warehouse:/home/aaron/ur_ws/install/moveit_ros_robot_interaction:/home/aaron/ur_ws/install/moveit_planners_ompl:/home/aaron/ur_ws/install/moveit_kinematics:/home/aaron/ur_ws/install/moveit_ros_planning:/home/aaron/ur_ws/install/moveit_simple_controller_manager:/home/aaron/ur_ws/install/moveit_ros_occupancy_map_monitor:/home/aaron/ur_ws/install/moveit_core:/home/aaron/ur_ws/install/moveit_resources_panda_moveit_config:/home/aaron/ur_ws/install/moveit_resources_fanuc_moveit_config:/home/aaron/ur_ws/install/srdfdom:/home/aaron/ur_ws/install/moveit_resources_pr2_description:/home/aaron/ur_ws/install/moveit_resources_panda_description:/home/aaron/ur_ws/install/moveit_resources_fanuc_description:/home/aaron/ur_ws/install/moveit_common:/opt/ros/humble LD_LIBRARY_PATH=/home/aaron/ur_ws/install/moveit_ros_planning_interface/lib:/home/aaron/ur_ws/install/moveit_ros_move_group/lib:/home/aaron/ur_ws/install/moveit_ros_warehouse/lib:/home/aaron/ur_ws/install/moveit_ros_robot_interaction/lib:/home/aaron/ur_ws/install/moveit_planners_ompl/lib:/home/aaron/ur_ws/install/moveit_kinematics/lib:/home/aaron/ur_ws/install/moveit_ros_planning/lib:/home/aaron/ur_ws/install/moveit_simple_controller_manager/lib:/home/aaron/ur_ws/install/moveit_ros_occupancy_map_monitor/lib:/home/aaron/ur_ws/install/moveit_core/lib:/home/aaron/ur_ws/install/srdfdom/lib:${LD_LIBRARY_PATH} PATH=/home/aaron/ur_ws/install/moveit_core/bin:${PATH} PYTHONPATH=/home/aaron/ur_ws/install/moveit_configs_utils/lib/python3.10/site-packages:/home/aaron/ur_ws/install/srdfdom/local/lib/python3.10/dist-packages:/home/aaron/ur_ws/install/launch_param_builder/lib/python3.10/site-packages:${PYTHONPATH} /usr/bin/cmake --install /home/aaron/ur_ws/build/moveit_ros_visualization
[0.700s] -- Install configuration: "Release"
[0.700s] -- Up-to-date: /home/aaron/ur_ws/install/moveit_ros_visualization/include
[0.700s] -- Up-to-date: /home/aaron/ur_ws/install/moveit_ros_visualization/include/moveit
[0.700s] -- Up-to-date: /home/aaron/ur_ws/install/moveit_ros_visualization/include/moveit/rviz_plugin_render_tools
[0.701s] -- Up-to-date: /home/aaron/ur_ws/install/moveit_ros_visualization/include/moveit/rviz_plugin_render_tools/octomap_render.h
[0.701s] -- Up-to-date: /home/aaron/ur_ws/install/moveit_ros_visualization/include/moveit/rviz_plugin_render_tools/trajectory_visualization.h
[0.701s] -- Up-to-date: /home/aaron/ur_ws/install/moveit_ros_visualization/include/moveit/rviz_plugin_render_tools/robot_state_visualization.h
[0.701s] -- Up-to-date: /home/aaron/ur_ws/install/moveit_ros_visualization/include/moveit/rviz_plugin_render_tools/planning_scene_render.h
[0.701s] -- Up-to-date: /home/aaron/ur_ws/install/moveit_ros_visualization/include/moveit/rviz_plugin_render_tools/trajectory_panel.h
[0.701s] -- Up-to-date: /home/aaron/ur_ws/install/moveit_ros_visualization/include/moveit/rviz_plugin_render_tools/planning_link_updater.h
[0.701s] -- Up-to-date: /home/aaron/ur_ws/install/moveit_ros_visualization/include/moveit/rviz_plugin_render_tools/render_shapes.h
[0.702s] -- Up-to-date: /home/aaron/ur_ws/install/moveit_ros_visualization/include/ogre_helpers
[0.702s] -- Up-to-date: /home/aaron/ur_ws/install/moveit_ros_visualization/include/ogre_helpers/mesh_shape.hpp
[0.702s] -- Up-to-date: /home/aaron/ur_ws/install/moveit_ros_visualization/include
[0.702s] -- Up-to-date: /home/aaron/ur_ws/install/moveit_ros_visualization/include/moveit
[0.702s] -- Up-to-date: /home/aaron/ur_ws/install/moveit_ros_visualization/include/moveit/robot_state_rviz_plugin
[0.702s] -- Up-to-date: /home/aaron/ur_ws/install/moveit_ros_visualization/include/moveit/robot_state_rviz_plugin/robot_state_display.h
[0.702s] -- Up-to-date: /home/aaron/ur_ws/install/moveit_ros_visualization/include
[0.702s] -- Up-to-date: /home/aaron/ur_ws/install/moveit_ros_visualization/include/moveit
[0.702s] -- Up-to-date: /home/aaron/ur_ws/install/moveit_ros_visualization/include/moveit/planning_scene_rviz_plugin
[0.702s] -- Up-to-date: /home/aaron/ur_ws/install/moveit_ros_visualization/include/moveit/planning_scene_rviz_plugin/background_processing.hpp
[0.702s] -- Up-to-date: /home/aaron/ur_ws/install/moveit_ros_visualization/include/moveit/planning_scene_rviz_plugin/planning_scene_display.h
[0.702s] -- Up-to-date: /home/aaron/ur_ws/install/moveit_ros_visualization/include/moveit_planning_scene_rviz_plugin_core_export.h
[0.703s] -- Up-to-date: /home/aaron/ur_ws/install/moveit_ros_visualization/include
[0.703s] -- Up-to-date: /home/aaron/ur_ws/install/moveit_ros_visualization/include/moveit
[0.703s] -- Up-to-date: /home/aaron/ur_ws/install/moveit_ros_visualization/include/moveit/motion_planning_rviz_plugin
[0.703s] -- Up-to-date: /home/aaron/ur_ws/install/moveit_ros_visualization/include/moveit/motion_planning_rviz_plugin/interactive_marker_display.h
[0.703s] -- Up-to-date: /home/aaron/ur_ws/install/moveit_ros_visualization/include/moveit/motion_planning_rviz_plugin/motion_planning_param_widget.h
[0.703s] -- Up-to-date: /home/aaron/ur_ws/install/moveit_ros_visualization/include/moveit/motion_planning_rviz_plugin/motion_planning_frame_joints_widget.h
[0.703s] -- Up-to-date: /home/aaron/ur_ws/install/moveit_ros_visualization/include/moveit/motion_planning_rviz_plugin/motion_planning_frame.h
[0.703s] -- Up-to-date: /home/aaron/ur_ws/install/moveit_ros_visualization/include/moveit/motion_planning_rviz_plugin/motion_planning_display.h
[0.703s] -- Up-to-date: /home/aaron/ur_ws/install/moveit_ros_visualization/include
[0.703s] -- Up-to-date: /home/aaron/ur_ws/install/moveit_ros_visualization/include/moveit
[0.703s] -- Up-to-date: /home/aaron/ur_ws/install/moveit_ros_visualization/include/moveit/trajectory_rviz_plugin
[0.703s] -- Up-to-date: /home/aaron/ur_ws/install/moveit_ros_visualization/include/moveit/trajectory_rviz_plugin/trajectory_display.h
[0.703s] -- Up-to-date: /home/aaron/ur_ws/install/moveit_ros_visualization/share/moveit_ros_visualization/icons
[0.703s] -- Up-to-date: /home/aaron/ur_ws/install/moveit_ros_visualization/share/moveit_ros_visualization/icons/classes
[0.704s] -- Up-to-date: /home/aaron/ur_ws/install/moveit_ros_visualization/share/moveit_ros_visualization/icons/classes/PlanningScene.png
[0.704s] -- Up-to-date: /home/aaron/ur_ws/install/moveit_ros_visualization/share/moveit_ros_visualization/icons/classes/Trajectory.png
[0.704s] -- Up-to-date: /home/aaron/ur_ws/install/moveit_ros_visualization/share/moveit_ros_visualization/icons/classes/RobotState.png
[0.704s] -- Up-to-date: /home/aaron/ur_ws/install/moveit_ros_visualization/share/moveit_ros_visualization/icons/classes/MotionPlanning.png
[0.704s] -- Up-to-date: /home/aaron/ur_ws/install/moveit_ros_visualization/share/moveit_ros_visualization/motion_planning_rviz_plugin_description.xml
[0.704s] -- Up-to-date: /home/aaron/ur_ws/install/moveit_ros_visualization/share/moveit_ros_visualization/trajectory_rviz_plugin_description.xml
[0.704s] -- Up-to-date: /home/aaron/ur_ws/install/moveit_ros_visualization/share/moveit_ros_visualization/planning_scene_rviz_plugin_description.xml
[0.704s] -- Up-to-date: /home/aaron/ur_ws/install/moveit_ros_visualization/share/moveit_ros_visualization/robot_state_rviz_plugin_description.xml
[0.704s] -- Up-to-date: /home/aaron/ur_ws/install/moveit_ros_visualization/lib/libmoveit_motion_planning_rviz_plugin.so.2.5.9
[0.704s] -- Up-to-date: /home/aaron/ur_ws/install/moveit_ros_visualization/lib/libmoveit_motion_planning_rviz_plugin.so
[0.704s] -- Up-to-date: /home/aaron/ur_ws/install/moveit_ros_visualization/lib/libmoveit_motion_planning_rviz_plugin_core.so.2.5.9
[0.704s] -- Up-to-date: /home/aaron/ur_ws/install/moveit_ros_visualization/lib/libmoveit_motion_planning_rviz_plugin_core.so
[0.704s] -- Up-to-date: /home/aaron/ur_ws/install/moveit_ros_visualization/lib/libmoveit_planning_scene_rviz_plugin.so.2.5.9
[0.704s] -- Up-to-date: /home/aaron/ur_ws/install/moveit_ros_visualization/lib/libmoveit_planning_scene_rviz_plugin.so
[0.705s] -- Up-to-date: /home/aaron/ur_ws/install/moveit_ros_visualization/lib/libmoveit_planning_scene_rviz_plugin_core.so.2.5.9
[0.705s] -- Up-to-date: /home/aaron/ur_ws/install/moveit_ros_visualization/lib/libmoveit_planning_scene_rviz_plugin_core.so
[0.705s] -- Up-to-date: /home/aaron/ur_ws/install/moveit_ros_visualization/lib/libmoveit_robot_state_rviz_plugin.so.2.5.9
[0.705s] -- Up-to-date: /home/aaron/ur_ws/install/moveit_ros_visualization/lib/libmoveit_robot_state_rviz_plugin.so
[0.705s] -- Up-to-date: /home/aaron/ur_ws/install/moveit_ros_visualization/lib/libmoveit_robot_state_rviz_plugin_core.so.2.5.9
[0.705s] -- Up-to-date: /home/aaron/ur_ws/install/moveit_ros_visualization/lib/libmoveit_robot_state_rviz_plugin_core.so
[0.705s] -- Up-to-date: /home/aaron/ur_ws/install/moveit_ros_visualization/lib/libmoveit_rviz_plugin_render_tools.so.2.5.9
[0.705s] -- Up-to-date: /home/aaron/ur_ws/install/moveit_ros_visualization/lib/libmoveit_rviz_plugin_render_tools.so
[0.705s] -- Up-to-date: /home/aaron/ur_ws/install/moveit_ros_visualization/lib/libmoveit_trajectory_rviz_plugin.so.2.5.9
[0.705s] -- Up-to-date: /home/aaron/ur_ws/install/moveit_ros_visualization/lib/libmoveit_trajectory_rviz_plugin.so
[0.705s] -- Up-to-date: /home/aaron/ur_ws/install/moveit_ros_visualization/lib/libmoveit_trajectory_rviz_plugin_core.so.2.5.9
[0.705s] -- Up-to-date: /home/aaron/ur_ws/install/moveit_ros_visualization/lib/libmoveit_trajectory_rviz_plugin_core.so
[0.705s] -- Up-to-date: /home/aaron/ur_ws/install/moveit_ros_visualization/share/moveit_ros_visualization/environment/library_path.sh
[0.705s] -- Up-to-date: /home/aaron/ur_ws/install/moveit_ros_visualization/share/moveit_ros_visualization/environment/library_path.dsv
[0.706s] -- Up-to-date: /home/aaron/ur_ws/install/moveit_ros_visualization/share/ament_index/resource_index/package_run_dependencies/moveit_ros_visualization
[0.706s] -- Up-to-date: /home/aaron/ur_ws/install/moveit_ros_visualization/share/ament_index/resource_index/parent_prefix_path/moveit_ros_visualization
[0.706s] -- Up-to-date: /home/aaron/ur_ws/install/moveit_ros_visualization/share/moveit_ros_visualization/environment/ament_prefix_path.sh
[0.706s] -- Up-to-date: /home/aaron/ur_ws/install/moveit_ros_visualization/share/moveit_ros_visualization/environment/ament_prefix_path.dsv
[0.706s] -- Up-to-date: /home/aaron/ur_ws/install/moveit_ros_visualization/share/moveit_ros_visualization/environment/path.sh
[0.706s] -- Up-to-date: /home/aaron/ur_ws/install/moveit_ros_visualization/share/moveit_ros_visualization/environment/path.dsv
[0.706s] -- Up-to-date: /home/aaron/ur_ws/install/moveit_ros_visualization/share/moveit_ros_visualization/local_setup.bash
[0.706s] -- Up-to-date: /home/aaron/ur_ws/install/moveit_ros_visualization/share/moveit_ros_visualization/local_setup.sh
[0.706s] -- Up-to-date: /home/aaron/ur_ws/install/moveit_ros_visualization/share/moveit_ros_visualization/local_setup.zsh
[0.706s] -- Up-to-date: /home/aaron/ur_ws/install/moveit_ros_visualization/share/moveit_ros_visualization/local_setup.dsv
[0.706s] -- Installing: /home/aaron/ur_ws/install/moveit_ros_visualization/share/moveit_ros_visualization/package.dsv
[0.706s] -- Up-to-date: /home/aaron/ur_ws/install/moveit_ros_visualization/share/ament_index/resource_index/packages/moveit_ros_visualization
[0.706s] -- Up-to-date: /home/aaron/ur_ws/install/moveit_ros_visualization/share/ament_index/resource_index/rviz_common__pluginlib__plugin/moveit_ros_visualization
[0.706s] -- Up-to-date: /home/aaron/ur_ws/install/moveit_ros_visualization/share/moveit_ros_visualization/cmake/export_moveit_ros_visualizationExport.cmake
[0.706s] -- Up-to-date: /home/aaron/ur_ws/install/moveit_ros_visualization/share/moveit_ros_visualization/cmake/export_moveit_ros_visualizationExport-release.cmake
[0.707s] -- Up-to-date: /home/aaron/ur_ws/install/moveit_ros_visualization/share/moveit_ros_visualization/cmake/ConfigExtras.cmake
[0.707s] -- Up-to-date: /home/aaron/ur_ws/install/moveit_ros_visualization/share/moveit_ros_visualization/cmake/ament_cmake_export_targets-extras.cmake
[0.707s] -- Up-to-date: /home/aaron/ur_ws/install/moveit_ros_visualization/share/moveit_ros_visualization/cmake/ament_cmake_export_dependencies-extras.cmake
[0.707s] -- Up-to-date: /home/aaron/ur_ws/install/moveit_ros_visualization/share/moveit_ros_visualization/cmake/moveit_ros_visualizationConfig.cmake
[0.707s] -- Up-to-date: /home/aaron/ur_ws/install/moveit_ros_visualization/share/moveit_ros_visualization/cmake/moveit_ros_visualizationConfig-version.cmake
[0.707s] -- Up-to-date: /home/aaron/ur_ws/install/moveit_ros_visualization/share/moveit_ros_visualization/package.xml
[0.709s] Invoked command in '/home/aaron/ur_ws/build/moveit_ros_visualization' returned '0': AMENT_PREFIX_PATH=/home/aaron/ur_ws/install/moveit_ros_planning_interface:/home/aaron/ur_ws/install/moveit_ros_move_group:/home/aaron/ur_ws/install/moveit_ros_warehouse:/home/aaron/ur_ws/install/moveit_ros_robot_interaction:/home/aaron/ur_ws/install/moveit_planners_ompl:/home/aaron/ur_ws/install/moveit_kinematics:/home/aaron/ur_ws/install/moveit_ros_planning:/home/aaron/ur_ws/install/moveit_simple_controller_manager:/home/aaron/ur_ws/install/moveit_ros_occupancy_map_monitor:/home/aaron/ur_ws/install/moveit_core:/home/aaron/ur_ws/install/moveit_resources_panda_moveit_config:/home/aaron/ur_ws/install/moveit_resources_fanuc_moveit_config:/home/aaron/ur_ws/install/moveit_configs_utils:/home/aaron/ur_ws/install/srdfdom:/home/aaron/ur_ws/install/moveit_resources_pr2_description:/home/aaron/ur_ws/install/moveit_resources_panda_description:/home/aaron/ur_ws/install/moveit_resources_fanuc_description:/home/aaron/ur_ws/install/moveit_common:/home/aaron/ur_ws/install/launch_param_builder:${AMENT_PREFIX_PATH} CMAKE_PREFIX_PATH=/home/aaron/ur_ws/install/moveit_ros_planning_interface:/home/aaron/ur_ws/install/moveit_ros_move_group:/home/aaron/ur_ws/install/moveit_ros_warehouse:/home/aaron/ur_ws/install/moveit_ros_robot_interaction:/home/aaron/ur_ws/install/moveit_planners_ompl:/home/aaron/ur_ws/install/moveit_kinematics:/home/aaron/ur_ws/install/moveit_ros_planning:/home/aaron/ur_ws/install/moveit_simple_controller_manager:/home/aaron/ur_ws/install/moveit_ros_occupancy_map_monitor:/home/aaron/ur_ws/install/moveit_core:/home/aaron/ur_ws/install/moveit_resources_panda_moveit_config:/home/aaron/ur_ws/install/moveit_resources_fanuc_moveit_config:/home/aaron/ur_ws/install/srdfdom:/home/aaron/ur_ws/install/moveit_resources_pr2_description:/home/aaron/ur_ws/install/moveit_resources_panda_description:/home/aaron/ur_ws/install/moveit_resources_fanuc_description:/home/aaron/ur_ws/install/moveit_common:/opt/ros/humble LD_LIBRARY_PATH=/home/aaron/ur_ws/install/moveit_ros_planning_interface/lib:/home/aaron/ur_ws/install/moveit_ros_move_group/lib:/home/aaron/ur_ws/install/moveit_ros_warehouse/lib:/home/aaron/ur_ws/install/moveit_ros_robot_interaction/lib:/home/aaron/ur_ws/install/moveit_planners_ompl/lib:/home/aaron/ur_ws/install/moveit_kinematics/lib:/home/aaron/ur_ws/install/moveit_ros_planning/lib:/home/aaron/ur_ws/install/moveit_simple_controller_manager/lib:/home/aaron/ur_ws/install/moveit_ros_occupancy_map_monitor/lib:/home/aaron/ur_ws/install/moveit_core/lib:/home/aaron/ur_ws/install/srdfdom/lib:${LD_LIBRARY_PATH} PATH=/home/aaron/ur_ws/install/moveit_core/bin:${PATH} PYTHONPATH=/home/aaron/ur_ws/install/moveit_configs_utils/lib/python3.10/site-packages:/home/aaron/ur_ws/install/srdfdom/local/lib/python3.10/dist-packages:/home/aaron/ur_ws/install/launch_param_builder/lib/python3.10/site-packages:${PYTHONPATH} /usr/bin/cmake --install /home/aaron/ur_ws/build/moveit_ros_visualization
