[35m[1mConsolidate compiler generated dependencies of target simple_sampler_plugin[0m
[  5%] [32mBuilding CXX object hybrid_planning_manager/hybrid_planning_manager_component/CMakeFiles/moveit_hybrid_planning_manager.dir/src/hybrid_planning_manager.cpp.o[0m
[ 10%] [32m[1mLinking CXX shared library libsimple_sampler_plugin.so[0m
[ 15%] [32mBuilding CXX object global_planner/global_planner_plugins/CMakeFiles/motion_planning_pipeline_plugin.dir/src/moveit_planning_pipeline.cpp.o[0m
[ 20%] [32mBuilding CXX object local_planner/local_planner_component/CMakeFiles/moveit_local_planner_component.dir/src/local_planner_component.cpp.o[0m
[ 25%] [32mBuilding CXX object global_planner/global_planner_component/CMakeFiles/moveit_global_planner_component.dir/src/global_planner_component.cpp.o[0m
[ 30%] [32mBuilding CXX object local_planner/local_constraint_solver_plugins/CMakeFiles/forward_trajectory_plugin.dir/src/forward_trajectory.cpp.o[0m
[ 35%] Built target simple_sampler_plugin
[ 40%] [32m[1mLinking CXX shared library libforward_trajectory_plugin.so[0m
[ 40%] Built target forward_trajectory_plugin
[ 45%] [32m[1mLinking CXX shared library libmotion_planning_pipeline_plugin.so[0m
[ 45%] Built target motion_planning_pipeline_plugin
[ 50%] [32m[1mLinking CXX shared library libmoveit_global_planner_component.so[0m
[ 55%] [32m[1mLinking CXX shared library libmoveit_hybrid_planning_manager.so[0m
[ 55%] Built target moveit_global_planner_component
[ 55%] Built target moveit_hybrid_planning_manager
[ 60%] [32mBuilding CXX object hybrid_planning_manager/planner_logic_plugins/CMakeFiles/single_plan_execution_plugin.dir/src/single_plan_execution.cpp.o[0m
[ 65%] [32m[1mLinking CXX shared library libmoveit_local_planner_component.so[0m
[ 65%] Built target moveit_local_planner_component
[ 70%] [32m[1mLinking CXX shared library libsingle_plan_execution_plugin.so[0m
[ 70%] Built target single_plan_execution_plugin
[ 75%] [32mBuilding CXX object hybrid_planning_manager/planner_logic_plugins/CMakeFiles/replan_invalidated_trajectory_plugin.dir/src/replan_invalidated_trajectory.cpp.o[0m
[ 80%] [32m[1mLinking CXX shared library libreplan_invalidated_trajectory_plugin.so[0m
[ 80%] Built target replan_invalidated_trajectory_plugin
[ 85%] [32mBuilding CXX object test/CMakeFiles/cancel_action.dir/cancel_action.cpp.o[0m
[ 90%] [32mBuilding CXX object test/CMakeFiles/hybrid_planning_demo_node.dir/hybrid_planning_demo_node.cpp.o[0m
[ 95%] [32m[1mLinking CXX executable cancel_action[0m
[ 95%] Built target cancel_action
[100%] [32m[1mLinking CXX executable hybrid_planning_demo_node[0m
[100%] Built target hybrid_planning_demo_node
-- Install configuration: "Release"
-- Installing: /home/aaron/ur_ws/install/moveit_hybrid_planning/lib/libmoveit_global_planner_component.so.2.5.9
-- Set runtime path of "/home/aaron/ur_ws/install/moveit_hybrid_planning/lib/libmoveit_global_planner_component.so.2.5.9" to ""
-- Up-to-date: /home/aaron/ur_ws/install/moveit_hybrid_planning/lib/libmoveit_global_planner_component.so
-- Installing: /home/aaron/ur_ws/install/moveit_hybrid_planning/lib/libmoveit_hybrid_planning_manager.so.2.5.9
-- Set runtime path of "/home/aaron/ur_ws/install/moveit_hybrid_planning/lib/libmoveit_hybrid_planning_manager.so.2.5.9" to ""
-- Up-to-date: /home/aaron/ur_ws/install/moveit_hybrid_planning/lib/libmoveit_hybrid_planning_manager.so
-- Installing: /home/aaron/ur_ws/install/moveit_hybrid_planning/lib/libmoveit_local_planner_component.so.2.5.9
-- Set runtime path of "/home/aaron/ur_ws/install/moveit_hybrid_planning/lib/libmoveit_local_planner_component.so.2.5.9" to ""
-- Up-to-date: /home/aaron/ur_ws/install/moveit_hybrid_planning/lib/libmoveit_local_planner_component.so
-- Installing: /home/aaron/ur_ws/install/moveit_hybrid_planning/lib/libforward_trajectory_plugin.so.2.5.9
-- Set runtime path of "/home/aaron/ur_ws/install/moveit_hybrid_planning/lib/libforward_trajectory_plugin.so.2.5.9" to ""
-- Up-to-date: /home/aaron/ur_ws/install/moveit_hybrid_planning/lib/libforward_trajectory_plugin.so
-- Installing: /home/aaron/ur_ws/install/moveit_hybrid_planning/lib/libmotion_planning_pipeline_plugin.so.2.5.9
-- Set runtime path of "/home/aaron/ur_ws/install/moveit_hybrid_planning/lib/libmotion_planning_pipeline_plugin.so.2.5.9" to ""
-- Up-to-date: /home/aaron/ur_ws/install/moveit_hybrid_planning/lib/libmotion_planning_pipeline_plugin.so
-- Installing: /home/aaron/ur_ws/install/moveit_hybrid_planning/lib/libreplan_invalidated_trajectory_plugin.so.2.5.9
-- Set runtime path of "/home/aaron/ur_ws/install/moveit_hybrid_planning/lib/libreplan_invalidated_trajectory_plugin.so.2.5.9" to ""
-- Up-to-date: /home/aaron/ur_ws/install/moveit_hybrid_planning/lib/libreplan_invalidated_trajectory_plugin.so
-- Installing: /home/aaron/ur_ws/install/moveit_hybrid_planning/lib/libsimple_sampler_plugin.so.2.5.9
-- Set runtime path of "/home/aaron/ur_ws/install/moveit_hybrid_planning/lib/libsimple_sampler_plugin.so.2.5.9" to ""
-- Up-to-date: /home/aaron/ur_ws/install/moveit_hybrid_planning/lib/libsimple_sampler_plugin.so
-- Installing: /home/aaron/ur_ws/install/moveit_hybrid_planning/lib/libsingle_plan_execution_plugin.so.2.5.9
-- Set runtime path of "/home/aaron/ur_ws/install/moveit_hybrid_planning/lib/libsingle_plan_execution_plugin.so.2.5.9" to ""
-- Up-to-date: /home/aaron/ur_ws/install/moveit_hybrid_planning/lib/libsingle_plan_execution_plugin.so
-- Installing: /home/aaron/ur_ws/install/moveit_hybrid_planning/lib/moveit_hybrid_planning/cancel_action
-- Set runtime path of "/home/aaron/ur_ws/install/moveit_hybrid_planning/lib/moveit_hybrid_planning/cancel_action" to ""
-- Installing: /home/aaron/ur_ws/install/moveit_hybrid_planning/lib/moveit_hybrid_planning/hybrid_planning_demo_node
-- Set runtime path of "/home/aaron/ur_ws/install/moveit_hybrid_planning/lib/moveit_hybrid_planning/hybrid_planning_demo_node" to ""
-- Up-to-date: /home/aaron/ur_ws/install/moveit_hybrid_planning/include
-- Up-to-date: /home/aaron/ur_ws/install/moveit_hybrid_planning/include/moveit
-- Up-to-date: /home/aaron/ur_ws/install/moveit_hybrid_planning/include/moveit/global_planner
-- Up-to-date: /home/aaron/ur_ws/install/moveit_hybrid_planning/include/moveit/global_planner/global_planner_interface.h
-- Up-to-date: /home/aaron/ur_ws/install/moveit_hybrid_planning/include/moveit/global_planner/global_planner_component.h
-- Up-to-date: /home/aaron/ur_ws/install/moveit_hybrid_planning/include
-- Up-to-date: /home/aaron/ur_ws/install/moveit_hybrid_planning/include/moveit
-- Up-to-date: /home/aaron/ur_ws/install/moveit_hybrid_planning/include/moveit/global_planner
-- Up-to-date: /home/aaron/ur_ws/install/moveit_hybrid_planning/include/moveit/global_planner/moveit_planning_pipeline.h
-- Up-to-date: /home/aaron/ur_ws/install/moveit_hybrid_planning/include
-- Up-to-date: /home/aaron/ur_ws/install/moveit_hybrid_planning/include/moveit
-- Up-to-date: /home/aaron/ur_ws/install/moveit_hybrid_planning/include/moveit/hybrid_planning_manager
-- Up-to-date: /home/aaron/ur_ws/install/moveit_hybrid_planning/include/moveit/hybrid_planning_manager/moveit_error_code_interface.h
-- Up-to-date: /home/aaron/ur_ws/install/moveit_hybrid_planning/include/moveit/hybrid_planning_manager/hybrid_planning_events.h
-- Up-to-date: /home/aaron/ur_ws/install/moveit_hybrid_planning/include/moveit/hybrid_planning_manager/hybrid_planning_manager.h
-- Up-to-date: /home/aaron/ur_ws/install/moveit_hybrid_planning/include/moveit/hybrid_planning_manager/planner_logic_interface.h
-- Up-to-date: /home/aaron/ur_ws/install/moveit_hybrid_planning/include
-- Up-to-date: /home/aaron/ur_ws/install/moveit_hybrid_planning/include/moveit
-- Up-to-date: /home/aaron/ur_ws/install/moveit_hybrid_planning/include/moveit/planner_logic_plugins
-- Up-to-date: /home/aaron/ur_ws/install/moveit_hybrid_planning/include/moveit/planner_logic_plugins/replan_invalidated_trajectory.h
-- Up-to-date: /home/aaron/ur_ws/install/moveit_hybrid_planning/include/moveit/planner_logic_plugins/single_plan_execution.h
-- Up-to-date: /home/aaron/ur_ws/install/moveit_hybrid_planning/include
-- Up-to-date: /home/aaron/ur_ws/install/moveit_hybrid_planning/include/moveit
-- Up-to-date: /home/aaron/ur_ws/install/moveit_hybrid_planning/include/moveit/local_planner
-- Up-to-date: /home/aaron/ur_ws/install/moveit_hybrid_planning/include/moveit/local_planner/local_planner_component.h
-- Up-to-date: /home/aaron/ur_ws/install/moveit_hybrid_planning/include/moveit/local_planner/feedback_types.h
-- Up-to-date: /home/aaron/ur_ws/install/moveit_hybrid_planning/include/moveit/local_planner/local_constraint_solver_interface.h
-- Up-to-date: /home/aaron/ur_ws/install/moveit_hybrid_planning/include/moveit/local_planner/trajectory_operator_interface.h
-- Up-to-date: /home/aaron/ur_ws/install/moveit_hybrid_planning/include
-- Up-to-date: /home/aaron/ur_ws/install/moveit_hybrid_planning/include/moveit
-- Up-to-date: /home/aaron/ur_ws/install/moveit_hybrid_planning/include/moveit/trajectory_operator_plugins
-- Up-to-date: /home/aaron/ur_ws/install/moveit_hybrid_planning/include/moveit/trajectory_operator_plugins/simple_sampler.h
-- Up-to-date: /home/aaron/ur_ws/install/moveit_hybrid_planning/include
-- Up-to-date: /home/aaron/ur_ws/install/moveit_hybrid_planning/include/moveit
-- Up-to-date: /home/aaron/ur_ws/install/moveit_hybrid_planning/include/moveit/local_constraint_solver_plugins
-- Up-to-date: /home/aaron/ur_ws/install/moveit_hybrid_planning/include/moveit/local_constraint_solver_plugins/forward_trajectory.h
-- Up-to-date: /home/aaron/ur_ws/install/moveit_hybrid_planning/share/moveit_hybrid_planning/launch
-- Up-to-date: /home/aaron/ur_ws/install/moveit_hybrid_planning/share/moveit_hybrid_planning/launch/hybrid_planning_common.py
-- Up-to-date: /home/aaron/ur_ws/install/moveit_hybrid_planning/share/moveit_hybrid_planning/launch/test_basic_integration.test.py
-- Up-to-date: /home/aaron/ur_ws/install/moveit_hybrid_planning/share/moveit_hybrid_planning/launch/hybrid_planning_demo.launch.py
-- Up-to-date: /home/aaron/ur_ws/install/moveit_hybrid_planning/share/moveit_hybrid_planning/config
-- Up-to-date: /home/aaron/ur_ws/install/moveit_hybrid_planning/share/moveit_hybrid_planning/config/demo_controller.yaml
-- Up-to-date: /home/aaron/ur_ws/install/moveit_hybrid_planning/share/moveit_hybrid_planning/config/hybrid_planning_demo.rviz
-- Up-to-date: /home/aaron/ur_ws/install/moveit_hybrid_planning/share/moveit_hybrid_planning/config/global_planner.yaml
-- Up-to-date: /home/aaron/ur_ws/install/moveit_hybrid_planning/share/moveit_hybrid_planning/config/local_planner.yaml
-- Up-to-date: /home/aaron/ur_ws/install/moveit_hybrid_planning/share/moveit_hybrid_planning/config/hybrid_planning_manager.yaml
-- Up-to-date: /home/aaron/ur_ws/install/moveit_hybrid_planning/share/moveit_hybrid_planning/config/common_hybrid_planning_params.yaml
-- Up-to-date: /home/aaron/ur_ws/install/moveit_hybrid_planning/share/moveit_hybrid_planning/single_plan_execution_plugin.xml
-- Up-to-date: /home/aaron/ur_ws/install/moveit_hybrid_planning/share/moveit_hybrid_planning/moveit_planning_pipeline_plugin.xml
-- Up-to-date: /home/aaron/ur_ws/install/moveit_hybrid_planning/share/moveit_hybrid_planning/simple_sampler_plugin.xml
-- Up-to-date: /home/aaron/ur_ws/install/moveit_hybrid_planning/share/moveit_hybrid_planning/replan_invalidated_trajectory_plugin.xml
-- Up-to-date: /home/aaron/ur_ws/install/moveit_hybrid_planning/share/moveit_hybrid_planning/forward_trajectory_plugin.xml
-- Up-to-date: /home/aaron/ur_ws/install/moveit_hybrid_planning/share/moveit_hybrid_planning/environment/library_path.sh
-- Up-to-date: /home/aaron/ur_ws/install/moveit_hybrid_planning/share/moveit_hybrid_planning/environment/library_path.dsv
-- Up-to-date: /home/aaron/ur_ws/install/moveit_hybrid_planning/share/ament_index/resource_index/package_run_dependencies/moveit_hybrid_planning
-- Up-to-date: /home/aaron/ur_ws/install/moveit_hybrid_planning/share/ament_index/resource_index/parent_prefix_path/moveit_hybrid_planning
-- Up-to-date: /home/aaron/ur_ws/install/moveit_hybrid_planning/share/moveit_hybrid_planning/environment/ament_prefix_path.sh
-- Up-to-date: /home/aaron/ur_ws/install/moveit_hybrid_planning/share/moveit_hybrid_planning/environment/ament_prefix_path.dsv
-- Up-to-date: /home/aaron/ur_ws/install/moveit_hybrid_planning/share/moveit_hybrid_planning/environment/path.sh
-- Up-to-date: /home/aaron/ur_ws/install/moveit_hybrid_planning/share/moveit_hybrid_planning/environment/path.dsv
-- Up-to-date: /home/aaron/ur_ws/install/moveit_hybrid_planning/share/moveit_hybrid_planning/local_setup.bash
-- Up-to-date: /home/aaron/ur_ws/install/moveit_hybrid_planning/share/moveit_hybrid_planning/local_setup.sh
-- Up-to-date: /home/aaron/ur_ws/install/moveit_hybrid_planning/share/moveit_hybrid_planning/local_setup.zsh
-- Up-to-date: /home/aaron/ur_ws/install/moveit_hybrid_planning/share/moveit_hybrid_planning/local_setup.dsv
-- Installing: /home/aaron/ur_ws/install/moveit_hybrid_planning/share/moveit_hybrid_planning/package.dsv
-- Up-to-date: /home/aaron/ur_ws/install/moveit_hybrid_planning/share/ament_index/resource_index/packages/moveit_hybrid_planning
-- Up-to-date: /home/aaron/ur_ws/install/moveit_hybrid_planning/share/ament_index/resource_index/moveit_hybrid_planning__pluginlib__plugin/moveit_hybrid_planning
-- Up-to-date: /home/aaron/ur_ws/install/moveit_hybrid_planning/share/ament_index/resource_index/rclcpp_components/moveit_hybrid_planning
-- Up-to-date: /home/aaron/ur_ws/install/moveit_hybrid_planning/share/moveit_hybrid_planning/cmake/export_moveit_hybrid_planningExport.cmake
-- Up-to-date: /home/aaron/ur_ws/install/moveit_hybrid_planning/share/moveit_hybrid_planning/cmake/export_moveit_hybrid_planningExport-release.cmake
-- Up-to-date: /home/aaron/ur_ws/install/moveit_hybrid_planning/share/moveit_hybrid_planning/cmake/ament_cmake_export_include_directories-extras.cmake
-- Up-to-date: /home/aaron/ur_ws/install/moveit_hybrid_planning/share/moveit_hybrid_planning/cmake/ament_cmake_export_libraries-extras.cmake
-- Up-to-date: /home/aaron/ur_ws/install/moveit_hybrid_planning/share/moveit_hybrid_planning/cmake/ament_cmake_export_dependencies-extras.cmake
-- Up-to-date: /home/aaron/ur_ws/install/moveit_hybrid_planning/share/moveit_hybrid_planning/cmake/ament_cmake_export_targets-extras.cmake
-- Up-to-date: /home/aaron/ur_ws/install/moveit_hybrid_planning/share/moveit_hybrid_planning/cmake/moveit_hybrid_planningConfig.cmake
-- Up-to-date: /home/aaron/ur_ws/install/moveit_hybrid_planning/share/moveit_hybrid_planning/cmake/moveit_hybrid_planningConfig-version.cmake
-- Up-to-date: /home/aaron/ur_ws/install/moveit_hybrid_planning/share/moveit_hybrid_planning/package.xml
