[0.033s] Invoking command in '/home/aaron/ur_ws/build/moveit_hybrid_planning': AMENT_PREFIX_PATH=/home/aaron/ur_ws/install/moveit_ros_planning_interface:/home/aaron/ur_ws/install/moveit_ros_move_group:/home/aaron/ur_ws/install/moveit_ros_warehouse:/home/aaron/ur_ws/install/moveit_planners_ompl:/home/aaron/ur_ws/install/moveit_kinematics:/home/aaron/ur_ws/install/moveit_ros_planning:/home/aaron/ur_ws/install/moveit_simple_controller_manager:/home/aaron/ur_ws/install/moveit_ros_occupancy_map_monitor:/home/aaron/ur_ws/install/moveit_core:/home/aaron/ur_ws/install/moveit_resources_panda_moveit_config:/home/aaron/ur_ws/install/moveit_resources_fanuc_moveit_config:/home/aaron/ur_ws/install/moveit_configs_utils:/home/aaron/ur_ws/install/srdfdom:/home/aaron/ur_ws/install/moveit_resources_pr2_description:/home/aaron/ur_ws/install/moveit_resources_panda_description:/home/aaron/ur_ws/install/moveit_resources_fanuc_description:/home/aaron/ur_ws/install/moveit_common:/home/aaron/ur_ws/install/launch_param_builder:${AMENT_PREFIX_PATH} CMAKE_PREFIX_PATH=/home/aaron/ur_ws/install/moveit_ros_planning_interface:/home/aaron/ur_ws/install/moveit_ros_move_group:/home/aaron/ur_ws/install/moveit_ros_warehouse:/home/aaron/ur_ws/install/moveit_planners_ompl:/home/aaron/ur_ws/install/moveit_kinematics:/home/aaron/ur_ws/install/moveit_ros_planning:/home/aaron/ur_ws/install/moveit_simple_controller_manager:/home/aaron/ur_ws/install/moveit_ros_occupancy_map_monitor:/home/aaron/ur_ws/install/moveit_core:/home/aaron/ur_ws/install/moveit_resources_panda_moveit_config:/home/aaron/ur_ws/install/moveit_resources_fanuc_moveit_config:/home/aaron/ur_ws/install/srdfdom:/home/aaron/ur_ws/install/moveit_resources_pr2_description:/home/aaron/ur_ws/install/moveit_resources_panda_description:/home/aaron/ur_ws/install/moveit_resources_fanuc_description:/home/aaron/ur_ws/install/moveit_common:/opt/ros/humble LD_LIBRARY_PATH=/home/aaron/ur_ws/install/moveit_ros_planning_interface/lib:/home/aaron/ur_ws/install/moveit_ros_move_group/lib:/home/aaron/ur_ws/install/moveit_ros_warehouse/lib:/home/aaron/ur_ws/install/moveit_planners_ompl/lib:/home/aaron/ur_ws/install/moveit_kinematics/lib:/home/aaron/ur_ws/install/moveit_ros_planning/lib:/home/aaron/ur_ws/install/moveit_simple_controller_manager/lib:/home/aaron/ur_ws/install/moveit_ros_occupancy_map_monitor/lib:/home/aaron/ur_ws/install/moveit_core/lib:/home/aaron/ur_ws/install/srdfdom/lib:${LD_LIBRARY_PATH} PATH=/home/aaron/ur_ws/install/moveit_core/bin:${PATH} PYTHONPATH=/home/aaron/ur_ws/install/moveit_configs_utils/lib/python3.10/site-packages:/home/aaron/ur_ws/install/srdfdom/local/lib/python3.10/dist-packages:/home/aaron/ur_ws/install/launch_param_builder/lib/python3.10/site-packages:${PYTHONPATH} /usr/bin/cmake --build /home/aaron/ur_ws/build/moveit_hybrid_planning -- -j20 -l20
[0.077s] [35m[1mConsolidate compiler generated dependencies of target simple_sampler_plugin[0m
[0.093s] [  5%] [32mBuilding CXX object hybrid_planning_manager/hybrid_planning_manager_component/CMakeFiles/moveit_hybrid_planning_manager.dir/src/hybrid_planning_manager.cpp.o[0m
[0.101s] [ 10%] [32m[1mLinking CXX shared library libsimple_sampler_plugin.so[0m
[0.101s] [ 15%] [32mBuilding CXX object global_planner/global_planner_plugins/CMakeFiles/motion_planning_pipeline_plugin.dir/src/moveit_planning_pipeline.cpp.o[0m
[0.102s] [ 20%] [32mBuilding CXX object local_planner/local_planner_component/CMakeFiles/moveit_local_planner_component.dir/src/local_planner_component.cpp.o[0m
[0.107s] [ 25%] [32mBuilding CXX object global_planner/global_planner_component/CMakeFiles/moveit_global_planner_component.dir/src/global_planner_component.cpp.o[0m
[0.108s] [ 30%] [32mBuilding CXX object local_planner/local_constraint_solver_plugins/CMakeFiles/forward_trajectory_plugin.dir/src/forward_trajectory.cpp.o[0m
[0.851s] [ 35%] Built target simple_sampler_plugin
[59.645s] [ 40%] [32m[1mLinking CXX shared library libforward_trajectory_plugin.so[0m
[60.723s] [ 40%] Built target forward_trajectory_plugin
[63.570s] [ 45%] [32m[1mLinking CXX shared library libmotion_planning_pipeline_plugin.so[0m
[64.244s] [ 45%] Built target motion_planning_pipeline_plugin
[84.441s] [ 50%] [32m[1mLinking CXX shared library libmoveit_global_planner_component.so[0m
[84.556s] [ 55%] [32m[1mLinking CXX shared library libmoveit_hybrid_planning_manager.so[0m
[85.295s] [ 55%] Built target moveit_global_planner_component
[85.683s] [ 55%] Built target moveit_hybrid_planning_manager
[85.752s] [ 60%] [32mBuilding CXX object hybrid_planning_manager/planner_logic_plugins/CMakeFiles/single_plan_execution_plugin.dir/src/single_plan_execution.cpp.o[0m
[91.143s] [ 65%] [32m[1mLinking CXX shared library libmoveit_local_planner_component.so[0m
[91.925s] [ 65%] Built target moveit_local_planner_component
[99.864s] [ 70%] [32m[1mLinking CXX shared library libsingle_plan_execution_plugin.so[0m
[101.001s] [ 70%] Built target single_plan_execution_plugin
[101.141s] [ 75%] [32mBuilding CXX object hybrid_planning_manager/planner_logic_plugins/CMakeFiles/replan_invalidated_trajectory_plugin.dir/src/replan_invalidated_trajectory.cpp.o[0m
[116.569s] [ 80%] [32m[1mLinking CXX shared library libreplan_invalidated_trajectory_plugin.so[0m
[117.553s] [ 80%] Built target replan_invalidated_trajectory_plugin
[117.671s] [ 85%] [32mBuilding CXX object test/CMakeFiles/cancel_action.dir/cancel_action.cpp.o[0m
[117.743s] [ 90%] [32mBuilding CXX object test/CMakeFiles/hybrid_planning_demo_node.dir/hybrid_planning_demo_node.cpp.o[0m
[127.243s] [ 95%] [32m[1mLinking CXX executable cancel_action[0m
[127.982s] [ 95%] Built target cancel_action
[188.516s] [100%] [32m[1mLinking CXX executable hybrid_planning_demo_node[0m
[189.567s] [100%] Built target hybrid_planning_demo_node
[189.590s] Invoked command in '/home/aaron/ur_ws/build/moveit_hybrid_planning' returned '0': AMENT_PREFIX_PATH=/home/aaron/ur_ws/install/moveit_ros_planning_interface:/home/aaron/ur_ws/install/moveit_ros_move_group:/home/aaron/ur_ws/install/moveit_ros_warehouse:/home/aaron/ur_ws/install/moveit_planners_ompl:/home/aaron/ur_ws/install/moveit_kinematics:/home/aaron/ur_ws/install/moveit_ros_planning:/home/aaron/ur_ws/install/moveit_simple_controller_manager:/home/aaron/ur_ws/install/moveit_ros_occupancy_map_monitor:/home/aaron/ur_ws/install/moveit_core:/home/aaron/ur_ws/install/moveit_resources_panda_moveit_config:/home/aaron/ur_ws/install/moveit_resources_fanuc_moveit_config:/home/aaron/ur_ws/install/moveit_configs_utils:/home/aaron/ur_ws/install/srdfdom:/home/aaron/ur_ws/install/moveit_resources_pr2_description:/home/aaron/ur_ws/install/moveit_resources_panda_description:/home/aaron/ur_ws/install/moveit_resources_fanuc_description:/home/aaron/ur_ws/install/moveit_common:/home/aaron/ur_ws/install/launch_param_builder:${AMENT_PREFIX_PATH} CMAKE_PREFIX_PATH=/home/aaron/ur_ws/install/moveit_ros_planning_interface:/home/aaron/ur_ws/install/moveit_ros_move_group:/home/aaron/ur_ws/install/moveit_ros_warehouse:/home/aaron/ur_ws/install/moveit_planners_ompl:/home/aaron/ur_ws/install/moveit_kinematics:/home/aaron/ur_ws/install/moveit_ros_planning:/home/aaron/ur_ws/install/moveit_simple_controller_manager:/home/aaron/ur_ws/install/moveit_ros_occupancy_map_monitor:/home/aaron/ur_ws/install/moveit_core:/home/aaron/ur_ws/install/moveit_resources_panda_moveit_config:/home/aaron/ur_ws/install/moveit_resources_fanuc_moveit_config:/home/aaron/ur_ws/install/srdfdom:/home/aaron/ur_ws/install/moveit_resources_pr2_description:/home/aaron/ur_ws/install/moveit_resources_panda_description:/home/aaron/ur_ws/install/moveit_resources_fanuc_description:/home/aaron/ur_ws/install/moveit_common:/opt/ros/humble LD_LIBRARY_PATH=/home/aaron/ur_ws/install/moveit_ros_planning_interface/lib:/home/aaron/ur_ws/install/moveit_ros_move_group/lib:/home/aaron/ur_ws/install/moveit_ros_warehouse/lib:/home/aaron/ur_ws/install/moveit_planners_ompl/lib:/home/aaron/ur_ws/install/moveit_kinematics/lib:/home/aaron/ur_ws/install/moveit_ros_planning/lib:/home/aaron/ur_ws/install/moveit_simple_controller_manager/lib:/home/aaron/ur_ws/install/moveit_ros_occupancy_map_monitor/lib:/home/aaron/ur_ws/install/moveit_core/lib:/home/aaron/ur_ws/install/srdfdom/lib:${LD_LIBRARY_PATH} PATH=/home/aaron/ur_ws/install/moveit_core/bin:${PATH} PYTHONPATH=/home/aaron/ur_ws/install/moveit_configs_utils/lib/python3.10/site-packages:/home/aaron/ur_ws/install/srdfdom/local/lib/python3.10/dist-packages:/home/aaron/ur_ws/install/launch_param_builder/lib/python3.10/site-packages:${PYTHONPATH} /usr/bin/cmake --build /home/aaron/ur_ws/build/moveit_hybrid_planning -- -j20 -l20
[189.595s] Invoking command in '/home/aaron/ur_ws/build/moveit_hybrid_planning': AMENT_PREFIX_PATH=/home/aaron/ur_ws/install/moveit_ros_planning_interface:/home/aaron/ur_ws/install/moveit_ros_move_group:/home/aaron/ur_ws/install/moveit_ros_warehouse:/home/aaron/ur_ws/install/moveit_planners_ompl:/home/aaron/ur_ws/install/moveit_kinematics:/home/aaron/ur_ws/install/moveit_ros_planning:/home/aaron/ur_ws/install/moveit_simple_controller_manager:/home/aaron/ur_ws/install/moveit_ros_occupancy_map_monitor:/home/aaron/ur_ws/install/moveit_core:/home/aaron/ur_ws/install/moveit_resources_panda_moveit_config:/home/aaron/ur_ws/install/moveit_resources_fanuc_moveit_config:/home/aaron/ur_ws/install/moveit_configs_utils:/home/aaron/ur_ws/install/srdfdom:/home/aaron/ur_ws/install/moveit_resources_pr2_description:/home/aaron/ur_ws/install/moveit_resources_panda_description:/home/aaron/ur_ws/install/moveit_resources_fanuc_description:/home/aaron/ur_ws/install/moveit_common:/home/aaron/ur_ws/install/launch_param_builder:${AMENT_PREFIX_PATH} CMAKE_PREFIX_PATH=/home/aaron/ur_ws/install/moveit_ros_planning_interface:/home/aaron/ur_ws/install/moveit_ros_move_group:/home/aaron/ur_ws/install/moveit_ros_warehouse:/home/aaron/ur_ws/install/moveit_planners_ompl:/home/aaron/ur_ws/install/moveit_kinematics:/home/aaron/ur_ws/install/moveit_ros_planning:/home/aaron/ur_ws/install/moveit_simple_controller_manager:/home/aaron/ur_ws/install/moveit_ros_occupancy_map_monitor:/home/aaron/ur_ws/install/moveit_core:/home/aaron/ur_ws/install/moveit_resources_panda_moveit_config:/home/aaron/ur_ws/install/moveit_resources_fanuc_moveit_config:/home/aaron/ur_ws/install/srdfdom:/home/aaron/ur_ws/install/moveit_resources_pr2_description:/home/aaron/ur_ws/install/moveit_resources_panda_description:/home/aaron/ur_ws/install/moveit_resources_fanuc_description:/home/aaron/ur_ws/install/moveit_common:/opt/ros/humble LD_LIBRARY_PATH=/home/aaron/ur_ws/install/moveit_ros_planning_interface/lib:/home/aaron/ur_ws/install/moveit_ros_move_group/lib:/home/aaron/ur_ws/install/moveit_ros_warehouse/lib:/home/aaron/ur_ws/install/moveit_planners_ompl/lib:/home/aaron/ur_ws/install/moveit_kinematics/lib:/home/aaron/ur_ws/install/moveit_ros_planning/lib:/home/aaron/ur_ws/install/moveit_simple_controller_manager/lib:/home/aaron/ur_ws/install/moveit_ros_occupancy_map_monitor/lib:/home/aaron/ur_ws/install/moveit_core/lib:/home/aaron/ur_ws/install/srdfdom/lib:${LD_LIBRARY_PATH} PATH=/home/aaron/ur_ws/install/moveit_core/bin:${PATH} PYTHONPATH=/home/aaron/ur_ws/install/moveit_configs_utils/lib/python3.10/site-packages:/home/aaron/ur_ws/install/srdfdom/local/lib/python3.10/dist-packages:/home/aaron/ur_ws/install/launch_param_builder/lib/python3.10/site-packages:${PYTHONPATH} /usr/bin/cmake --install /home/aaron/ur_ws/build/moveit_hybrid_planning
[189.609s] -- Install configuration: "Release"
[189.613s] -- Installing: /home/aaron/ur_ws/install/moveit_hybrid_planning/lib/libmoveit_global_planner_component.so.2.5.9
[189.616s] -- Set runtime path of "/home/aaron/ur_ws/install/moveit_hybrid_planning/lib/libmoveit_global_planner_component.so.2.5.9" to ""
[189.616s] -- Up-to-date: /home/aaron/ur_ws/install/moveit_hybrid_planning/lib/libmoveit_global_planner_component.so
[189.617s] -- Installing: /home/aaron/ur_ws/install/moveit_hybrid_planning/lib/libmoveit_hybrid_planning_manager.so.2.5.9
[189.625s] -- Set runtime path of "/home/aaron/ur_ws/install/moveit_hybrid_planning/lib/libmoveit_hybrid_planning_manager.so.2.5.9" to ""
[189.626s] -- Up-to-date: /home/aaron/ur_ws/install/moveit_hybrid_planning/lib/libmoveit_hybrid_planning_manager.so
[189.628s] -- Installing: /home/aaron/ur_ws/install/moveit_hybrid_planning/lib/libmoveit_local_planner_component.so.2.5.9
[189.635s] -- Set runtime path of "/home/aaron/ur_ws/install/moveit_hybrid_planning/lib/libmoveit_local_planner_component.so.2.5.9" to ""
[189.635s] -- Up-to-date: /home/aaron/ur_ws/install/moveit_hybrid_planning/lib/libmoveit_local_planner_component.so
[189.635s] -- Installing: /home/aaron/ur_ws/install/moveit_hybrid_planning/lib/libforward_trajectory_plugin.so.2.5.9
[189.637s] -- Set runtime path of "/home/aaron/ur_ws/install/moveit_hybrid_planning/lib/libforward_trajectory_plugin.so.2.5.9" to ""
[189.637s] -- Up-to-date: /home/aaron/ur_ws/install/moveit_hybrid_planning/lib/libforward_trajectory_plugin.so
[189.639s] -- Installing: /home/aaron/ur_ws/install/moveit_hybrid_planning/lib/libmotion_planning_pipeline_plugin.so.2.5.9
[189.641s] -- Set runtime path of "/home/aaron/ur_ws/install/moveit_hybrid_planning/lib/libmotion_planning_pipeline_plugin.so.2.5.9" to ""
[189.642s] -- Up-to-date: /home/aaron/ur_ws/install/moveit_hybrid_planning/lib/libmotion_planning_pipeline_plugin.so
[189.642s] -- Installing: /home/aaron/ur_ws/install/moveit_hybrid_planning/lib/libreplan_invalidated_trajectory_plugin.so.2.5.9
[189.643s] -- Set runtime path of "/home/aaron/ur_ws/install/moveit_hybrid_planning/lib/libreplan_invalidated_trajectory_plugin.so.2.5.9" to ""
[189.644s] -- Up-to-date: /home/aaron/ur_ws/install/moveit_hybrid_planning/lib/libreplan_invalidated_trajectory_plugin.so
[189.644s] -- Installing: /home/aaron/ur_ws/install/moveit_hybrid_planning/lib/libsimple_sampler_plugin.so.2.5.9
[189.645s] -- Set runtime path of "/home/aaron/ur_ws/install/moveit_hybrid_planning/lib/libsimple_sampler_plugin.so.2.5.9" to ""
[189.645s] -- Up-to-date: /home/aaron/ur_ws/install/moveit_hybrid_planning/lib/libsimple_sampler_plugin.so
[189.646s] -- Installing: /home/aaron/ur_ws/install/moveit_hybrid_planning/lib/libsingle_plan_execution_plugin.so.2.5.9
[189.647s] -- Set runtime path of "/home/aaron/ur_ws/install/moveit_hybrid_planning/lib/libsingle_plan_execution_plugin.so.2.5.9" to ""
[189.647s] -- Up-to-date: /home/aaron/ur_ws/install/moveit_hybrid_planning/lib/libsingle_plan_execution_plugin.so
[189.648s] -- Installing: /home/aaron/ur_ws/install/moveit_hybrid_planning/lib/moveit_hybrid_planning/cancel_action
[189.649s] -- Set runtime path of "/home/aaron/ur_ws/install/moveit_hybrid_planning/lib/moveit_hybrid_planning/cancel_action" to ""
[189.651s] -- Installing: /home/aaron/ur_ws/install/moveit_hybrid_planning/lib/moveit_hybrid_planning/hybrid_planning_demo_node
[189.656s] -- Set runtime path of "/home/aaron/ur_ws/install/moveit_hybrid_planning/lib/moveit_hybrid_planning/hybrid_planning_demo_node" to ""
[189.657s] -- Up-to-date: /home/aaron/ur_ws/install/moveit_hybrid_planning/include
[189.657s] -- Up-to-date: /home/aaron/ur_ws/install/moveit_hybrid_planning/include/moveit
[189.657s] -- Up-to-date: /home/aaron/ur_ws/install/moveit_hybrid_planning/include/moveit/global_planner
[189.658s] -- Up-to-date: /home/aaron/ur_ws/install/moveit_hybrid_planning/include/moveit/global_planner/global_planner_interface.h
[189.658s] -- Up-to-date: /home/aaron/ur_ws/install/moveit_hybrid_planning/include/moveit/global_planner/global_planner_component.h
[189.658s] -- Up-to-date: /home/aaron/ur_ws/install/moveit_hybrid_planning/include
[189.658s] -- Up-to-date: /home/aaron/ur_ws/install/moveit_hybrid_planning/include/moveit
[189.658s] -- Up-to-date: /home/aaron/ur_ws/install/moveit_hybrid_planning/include/moveit/global_planner
[189.659s] -- Up-to-date: /home/aaron/ur_ws/install/moveit_hybrid_planning/include/moveit/global_planner/moveit_planning_pipeline.h
[189.659s] -- Up-to-date: /home/aaron/ur_ws/install/moveit_hybrid_planning/include
[189.659s] -- Up-to-date: /home/aaron/ur_ws/install/moveit_hybrid_planning/include/moveit
[189.660s] -- Up-to-date: /home/aaron/ur_ws/install/moveit_hybrid_planning/include/moveit/hybrid_planning_manager
[189.660s] -- Up-to-date: /home/aaron/ur_ws/install/moveit_hybrid_planning/include/moveit/hybrid_planning_manager/moveit_error_code_interface.h
[189.660s] -- Up-to-date: /home/aaron/ur_ws/install/moveit_hybrid_planning/include/moveit/hybrid_planning_manager/hybrid_planning_events.h
[189.660s] -- Up-to-date: /home/aaron/ur_ws/install/moveit_hybrid_planning/include/moveit/hybrid_planning_manager/hybrid_planning_manager.h
[189.661s] -- Up-to-date: /home/aaron/ur_ws/install/moveit_hybrid_planning/include/moveit/hybrid_planning_manager/planner_logic_interface.h
[189.661s] -- Up-to-date: /home/aaron/ur_ws/install/moveit_hybrid_planning/include
[189.661s] -- Up-to-date: /home/aaron/ur_ws/install/moveit_hybrid_planning/include/moveit
[189.661s] -- Up-to-date: /home/aaron/ur_ws/install/moveit_hybrid_planning/include/moveit/planner_logic_plugins
[189.662s] -- Up-to-date: /home/aaron/ur_ws/install/moveit_hybrid_planning/include/moveit/planner_logic_plugins/replan_invalidated_trajectory.h
[189.662s] -- Up-to-date: /home/aaron/ur_ws/install/moveit_hybrid_planning/include/moveit/planner_logic_plugins/single_plan_execution.h
[189.662s] -- Up-to-date: /home/aaron/ur_ws/install/moveit_hybrid_planning/include
[189.664s] -- Up-to-date: /home/aaron/ur_ws/install/moveit_hybrid_planning/include/moveit
[189.664s] -- Up-to-date: /home/aaron/ur_ws/install/moveit_hybrid_planning/include/moveit/local_planner
[189.664s] -- Up-to-date: /home/aaron/ur_ws/install/moveit_hybrid_planning/include/moveit/local_planner/local_planner_component.h
[189.664s] -- Up-to-date: /home/aaron/ur_ws/install/moveit_hybrid_planning/include/moveit/local_planner/feedback_types.h
[189.664s] -- Up-to-date: /home/aaron/ur_ws/install/moveit_hybrid_planning/include/moveit/local_planner/local_constraint_solver_interface.h
[189.665s] -- Up-to-date: /home/aaron/ur_ws/install/moveit_hybrid_planning/include/moveit/local_planner/trajectory_operator_interface.h
[189.665s] -- Up-to-date: /home/aaron/ur_ws/install/moveit_hybrid_planning/include
[189.665s] -- Up-to-date: /home/aaron/ur_ws/install/moveit_hybrid_planning/include/moveit
[189.665s] -- Up-to-date: /home/aaron/ur_ws/install/moveit_hybrid_planning/include/moveit/trajectory_operator_plugins
[189.665s] -- Up-to-date: /home/aaron/ur_ws/install/moveit_hybrid_planning/include/moveit/trajectory_operator_plugins/simple_sampler.h
[189.665s] -- Up-to-date: /home/aaron/ur_ws/install/moveit_hybrid_planning/include
[189.666s] -- Up-to-date: /home/aaron/ur_ws/install/moveit_hybrid_planning/include/moveit
[189.666s] -- Up-to-date: /home/aaron/ur_ws/install/moveit_hybrid_planning/include/moveit/local_constraint_solver_plugins
[189.666s] -- Up-to-date: /home/aaron/ur_ws/install/moveit_hybrid_planning/include/moveit/local_constraint_solver_plugins/forward_trajectory.h
[189.666s] -- Up-to-date: /home/aaron/ur_ws/install/moveit_hybrid_planning/share/moveit_hybrid_planning/launch
[189.667s] -- Up-to-date: /home/aaron/ur_ws/install/moveit_hybrid_planning/share/moveit_hybrid_planning/launch/hybrid_planning_common.py
[189.668s] -- Up-to-date: /home/aaron/ur_ws/install/moveit_hybrid_planning/share/moveit_hybrid_planning/launch/test_basic_integration.test.py
[189.670s] -- Up-to-date: /home/aaron/ur_ws/install/moveit_hybrid_planning/share/moveit_hybrid_planning/launch/hybrid_planning_demo.launch.py
[189.670s] -- Up-to-date: /home/aaron/ur_ws/install/moveit_hybrid_planning/share/moveit_hybrid_planning/config
[189.671s] -- Up-to-date: /home/aaron/ur_ws/install/moveit_hybrid_planning/share/moveit_hybrid_planning/config/demo_controller.yaml
[189.671s] -- Up-to-date: /home/aaron/ur_ws/install/moveit_hybrid_planning/share/moveit_hybrid_planning/config/hybrid_planning_demo.rviz
[189.671s] -- Up-to-date: /home/aaron/ur_ws/install/moveit_hybrid_planning/share/moveit_hybrid_planning/config/global_planner.yaml
[189.671s] -- Up-to-date: /home/aaron/ur_ws/install/moveit_hybrid_planning/share/moveit_hybrid_planning/config/local_planner.yaml
[189.672s] -- Up-to-date: /home/aaron/ur_ws/install/moveit_hybrid_planning/share/moveit_hybrid_planning/config/hybrid_planning_manager.yaml
[189.672s] -- Up-to-date: /home/aaron/ur_ws/install/moveit_hybrid_planning/share/moveit_hybrid_planning/config/common_hybrid_planning_params.yaml
[189.672s] -- Up-to-date: /home/aaron/ur_ws/install/moveit_hybrid_planning/share/moveit_hybrid_planning/single_plan_execution_plugin.xml
[189.673s] -- Up-to-date: /home/aaron/ur_ws/install/moveit_hybrid_planning/share/moveit_hybrid_planning/moveit_planning_pipeline_plugin.xml
[189.673s] -- Up-to-date: /home/aaron/ur_ws/install/moveit_hybrid_planning/share/moveit_hybrid_planning/simple_sampler_plugin.xml
[189.673s] -- Up-to-date: /home/aaron/ur_ws/install/moveit_hybrid_planning/share/moveit_hybrid_planning/replan_invalidated_trajectory_plugin.xml
[189.673s] -- Up-to-date: /home/aaron/ur_ws/install/moveit_hybrid_planning/share/moveit_hybrid_planning/forward_trajectory_plugin.xml
[189.673s] -- Up-to-date: /home/aaron/ur_ws/install/moveit_hybrid_planning/share/moveit_hybrid_planning/environment/library_path.sh
[189.674s] -- Up-to-date: /home/aaron/ur_ws/install/moveit_hybrid_planning/share/moveit_hybrid_planning/environment/library_path.dsv
[189.674s] -- Up-to-date: /home/aaron/ur_ws/install/moveit_hybrid_planning/share/ament_index/resource_index/package_run_dependencies/moveit_hybrid_planning
[189.675s] -- Up-to-date: /home/aaron/ur_ws/install/moveit_hybrid_planning/share/ament_index/resource_index/parent_prefix_path/moveit_hybrid_planning
[189.675s] -- Up-to-date: /home/aaron/ur_ws/install/moveit_hybrid_planning/share/moveit_hybrid_planning/environment/ament_prefix_path.sh
[189.675s] -- Up-to-date: /home/aaron/ur_ws/install/moveit_hybrid_planning/share/moveit_hybrid_planning/environment/ament_prefix_path.dsv
[189.676s] -- Up-to-date: /home/aaron/ur_ws/install/moveit_hybrid_planning/share/moveit_hybrid_planning/environment/path.sh
[189.676s] -- Up-to-date: /home/aaron/ur_ws/install/moveit_hybrid_planning/share/moveit_hybrid_planning/environment/path.dsv
[189.676s] -- Up-to-date: /home/aaron/ur_ws/install/moveit_hybrid_planning/share/moveit_hybrid_planning/local_setup.bash
[189.677s] -- Up-to-date: /home/aaron/ur_ws/install/moveit_hybrid_planning/share/moveit_hybrid_planning/local_setup.sh
[189.677s] -- Up-to-date: /home/aaron/ur_ws/install/moveit_hybrid_planning/share/moveit_hybrid_planning/local_setup.zsh
[189.677s] -- Up-to-date: /home/aaron/ur_ws/install/moveit_hybrid_planning/share/moveit_hybrid_planning/local_setup.dsv
[189.677s] -- Installing: /home/aaron/ur_ws/install/moveit_hybrid_planning/share/moveit_hybrid_planning/package.dsv
[189.678s] -- Up-to-date: /home/aaron/ur_ws/install/moveit_hybrid_planning/share/ament_index/resource_index/packages/moveit_hybrid_planning
[189.678s] -- Up-to-date: /home/aaron/ur_ws/install/moveit_hybrid_planning/share/ament_index/resource_index/moveit_hybrid_planning__pluginlib__plugin/moveit_hybrid_planning
[189.678s] -- Up-to-date: /home/aaron/ur_ws/install/moveit_hybrid_planning/share/ament_index/resource_index/rclcpp_components/moveit_hybrid_planning
[189.678s] -- Up-to-date: /home/aaron/ur_ws/install/moveit_hybrid_planning/share/moveit_hybrid_planning/cmake/export_moveit_hybrid_planningExport.cmake
[189.678s] -- Up-to-date: /home/aaron/ur_ws/install/moveit_hybrid_planning/share/moveit_hybrid_planning/cmake/export_moveit_hybrid_planningExport-release.cmake
[189.679s] -- Up-to-date: /home/aaron/ur_ws/install/moveit_hybrid_planning/share/moveit_hybrid_planning/cmake/ament_cmake_export_include_directories-extras.cmake
[189.679s] -- Up-to-date: /home/aaron/ur_ws/install/moveit_hybrid_planning/share/moveit_hybrid_planning/cmake/ament_cmake_export_libraries-extras.cmake
[189.679s] -- Up-to-date: /home/aaron/ur_ws/install/moveit_hybrid_planning/share/moveit_hybrid_planning/cmake/ament_cmake_export_dependencies-extras.cmake
[189.679s] -- Up-to-date: /home/aaron/ur_ws/install/moveit_hybrid_planning/share/moveit_hybrid_planning/cmake/ament_cmake_export_targets-extras.cmake
[189.680s] -- Up-to-date: /home/aaron/ur_ws/install/moveit_hybrid_planning/share/moveit_hybrid_planning/cmake/moveit_hybrid_planningConfig.cmake
[189.680s] -- Up-to-date: /home/aaron/ur_ws/install/moveit_hybrid_planning/share/moveit_hybrid_planning/cmake/moveit_hybrid_planningConfig-version.cmake
[189.680s] -- Up-to-date: /home/aaron/ur_ws/install/moveit_hybrid_planning/share/moveit_hybrid_planning/package.xml
[189.681s] Invoked command in '/home/aaron/ur_ws/build/moveit_hybrid_planning' returned '0': AMENT_PREFIX_PATH=/home/aaron/ur_ws/install/moveit_ros_planning_interface:/home/aaron/ur_ws/install/moveit_ros_move_group:/home/aaron/ur_ws/install/moveit_ros_warehouse:/home/aaron/ur_ws/install/moveit_planners_ompl:/home/aaron/ur_ws/install/moveit_kinematics:/home/aaron/ur_ws/install/moveit_ros_planning:/home/aaron/ur_ws/install/moveit_simple_controller_manager:/home/aaron/ur_ws/install/moveit_ros_occupancy_map_monitor:/home/aaron/ur_ws/install/moveit_core:/home/aaron/ur_ws/install/moveit_resources_panda_moveit_config:/home/aaron/ur_ws/install/moveit_resources_fanuc_moveit_config:/home/aaron/ur_ws/install/moveit_configs_utils:/home/aaron/ur_ws/install/srdfdom:/home/aaron/ur_ws/install/moveit_resources_pr2_description:/home/aaron/ur_ws/install/moveit_resources_panda_description:/home/aaron/ur_ws/install/moveit_resources_fanuc_description:/home/aaron/ur_ws/install/moveit_common:/home/aaron/ur_ws/install/launch_param_builder:${AMENT_PREFIX_PATH} CMAKE_PREFIX_PATH=/home/aaron/ur_ws/install/moveit_ros_planning_interface:/home/aaron/ur_ws/install/moveit_ros_move_group:/home/aaron/ur_ws/install/moveit_ros_warehouse:/home/aaron/ur_ws/install/moveit_planners_ompl:/home/aaron/ur_ws/install/moveit_kinematics:/home/aaron/ur_ws/install/moveit_ros_planning:/home/aaron/ur_ws/install/moveit_simple_controller_manager:/home/aaron/ur_ws/install/moveit_ros_occupancy_map_monitor:/home/aaron/ur_ws/install/moveit_core:/home/aaron/ur_ws/install/moveit_resources_panda_moveit_config:/home/aaron/ur_ws/install/moveit_resources_fanuc_moveit_config:/home/aaron/ur_ws/install/srdfdom:/home/aaron/ur_ws/install/moveit_resources_pr2_description:/home/aaron/ur_ws/install/moveit_resources_panda_description:/home/aaron/ur_ws/install/moveit_resources_fanuc_description:/home/aaron/ur_ws/install/moveit_common:/opt/ros/humble LD_LIBRARY_PATH=/home/aaron/ur_ws/install/moveit_ros_planning_interface/lib:/home/aaron/ur_ws/install/moveit_ros_move_group/lib:/home/aaron/ur_ws/install/moveit_ros_warehouse/lib:/home/aaron/ur_ws/install/moveit_planners_ompl/lib:/home/aaron/ur_ws/install/moveit_kinematics/lib:/home/aaron/ur_ws/install/moveit_ros_planning/lib:/home/aaron/ur_ws/install/moveit_simple_controller_manager/lib:/home/aaron/ur_ws/install/moveit_ros_occupancy_map_monitor/lib:/home/aaron/ur_ws/install/moveit_core/lib:/home/aaron/ur_ws/install/srdfdom/lib:${LD_LIBRARY_PATH} PATH=/home/aaron/ur_ws/install/moveit_core/bin:${PATH} PYTHONPATH=/home/aaron/ur_ws/install/moveit_configs_utils/lib/python3.10/site-packages:/home/aaron/ur_ws/install/srdfdom/local/lib/python3.10/dist-packages:/home/aaron/ur_ws/install/launch_param_builder/lib/python3.10/site-packages:${PYTHONPATH} /usr/bin/cmake --install /home/aaron/ur_ws/build/moveit_hybrid_planning
