[0.028s] Invoking command in '/home/aaron/ur_ws/build/moveit_ros_warehouse': AMENT_PREFIX_PATH=/home/aaron/ur_ws/install/moveit_ros_planning:/home/aaron/ur_ws/install/moveit_ros_occupancy_map_monitor:/home/aaron/ur_ws/install/moveit_core:/home/aaron/ur_ws/install/moveit_resources_panda_moveit_config:/home/aaron/ur_ws/install/moveit_configs_utils:/home/aaron/ur_ws/install/srdfdom:/home/aaron/ur_ws/install/moveit_resources_pr2_description:/home/aaron/ur_ws/install/moveit_resources_panda_description:/home/aaron/ur_ws/install/moveit_common:/home/aaron/ur_ws/install/launch_param_builder:${AMENT_PREFIX_PATH} CMAKE_PREFIX_PATH=/home/aaron/ur_ws/install/moveit_ros_planning:/home/aaron/ur_ws/install/moveit_ros_occupancy_map_monitor:/home/aaron/ur_ws/install/moveit_core:/home/aaron/ur_ws/install/moveit_resources_panda_moveit_config:/home/aaron/ur_ws/install/srdfdom:/home/aaron/ur_ws/install/moveit_resources_pr2_description:/home/aaron/ur_ws/install/moveit_resources_panda_description:/home/aaron/ur_ws/install/moveit_common:/opt/ros/humble LD_LIBRARY_PATH=/home/aaron/ur_ws/install/moveit_ros_planning/lib:/home/aaron/ur_ws/install/moveit_ros_occupancy_map_monitor/lib:/home/aaron/ur_ws/install/moveit_core/lib:/home/aaron/ur_ws/install/srdfdom/lib:${LD_LIBRARY_PATH} PATH=/home/aaron/ur_ws/install/moveit_core/bin:${PATH} PYTHONPATH=/home/aaron/ur_ws/install/moveit_configs_utils/lib/python3.10/site-packages:/home/aaron/ur_ws/install/srdfdom/local/lib/python3.10/dist-packages:/home/aaron/ur_ws/install/launch_param_builder/lib/python3.10/site-packages:${PYTHONPATH} /usr/bin/cmake --build /home/aaron/ur_ws/build/moveit_ros_warehouse -- -j20 -l20
[0.139s] [  5%] [32mBuilding CXX object CMakeFiles/moveit_warehouse.dir/src/planning_scene_world_storage.cpp.o[0m
[0.152s] [ 10%] [32mBuilding CXX object CMakeFiles/moveit_warehouse.dir/src/moveit_message_storage.cpp.o[0m
[0.153s] [ 15%] [32mBuilding CXX object CMakeFiles/moveit_warehouse.dir/src/planning_scene_storage.cpp.o[0m
[0.153s] [ 20%] [32mBuilding CXX object CMakeFiles/moveit_warehouse.dir/src/constraints_storage.cpp.o[0m
[0.173s] [ 25%] [32mBuilding CXX object CMakeFiles/moveit_warehouse.dir/src/trajectory_constraints_storage.cpp.o[0m
[0.173s] [ 30%] [32mBuilding CXX object CMakeFiles/moveit_warehouse.dir/src/warehouse_connector.cpp.o[0m
[0.176s] [ 35%] [32mBuilding CXX object CMakeFiles/moveit_warehouse.dir/src/state_storage.cpp.o[0m
[72.681s] [ 40%] [32m[1mLinking CXX shared library libmoveit_warehouse.so[0m
[73.785s] [ 40%] Built target moveit_warehouse
[73.863s] [ 45%] [32mBuilding CXX object CMakeFiles/moveit_warehouse_broadcast.dir/src/broadcast.cpp.o[0m
[90.105s] [ 50%] [32m[1mLinking CXX executable moveit_warehouse_broadcast[0m
[90.449s] [ 50%] Built target moveit_warehouse_broadcast
[90.498s] [ 55%] [32mBuilding CXX object CMakeFiles/moveit_warehouse_services.dir/src/warehouse_services.cpp.o[0m
[100.034s] [ 60%] [32m[1mLinking CXX executable moveit_warehouse_services[0m
[100.302s] [ 60%] Built target moveit_warehouse_services
[100.350s] [ 65%] [32mBuilding CXX object CMakeFiles/moveit_init_demo_warehouse.dir/src/initialize_demo_db.cpp.o[0m
[111.264s] [ 70%] [32m[1mLinking CXX executable moveit_init_demo_warehouse[0m
[111.689s] [ 70%] Built target moveit_init_demo_warehouse
[111.742s] [ 75%] [32mBuilding CXX object CMakeFiles/moveit_warehouse_import_from_text.dir/src/import_from_text.cpp.o[0m
[111.747s] [ 80%] [32mBuilding CXX object CMakeFiles/moveit_warehouse_save_as_text.dir/src/save_as_text.cpp.o[0m
[111.748s] [ 85%] [32mBuilding CXX object CMakeFiles/moveit_save_to_warehouse.dir/src/save_to_warehouse.cpp.o[0m
[134.754s] [ 90%] [32m[1mLinking CXX executable moveit_warehouse_import_from_text[0m
[135.283s] [ 95%] [32m[1mLinking CXX executable moveit_warehouse_save_as_text[0m
[135.757s] [ 95%] Built target moveit_warehouse_import_from_text
[136.373s] [ 95%] Built target moveit_warehouse_save_as_text
[151.907s] [100%] [32m[1mLinking CXX executable moveit_save_to_warehouse[0m
[152.752s] [100%] Built target moveit_save_to_warehouse
[152.836s] Invoked command in '/home/aaron/ur_ws/build/moveit_ros_warehouse' returned '0': AMENT_PREFIX_PATH=/home/aaron/ur_ws/install/moveit_ros_planning:/home/aaron/ur_ws/install/moveit_ros_occupancy_map_monitor:/home/aaron/ur_ws/install/moveit_core:/home/aaron/ur_ws/install/moveit_resources_panda_moveit_config:/home/aaron/ur_ws/install/moveit_configs_utils:/home/aaron/ur_ws/install/srdfdom:/home/aaron/ur_ws/install/moveit_resources_pr2_description:/home/aaron/ur_ws/install/moveit_resources_panda_description:/home/aaron/ur_ws/install/moveit_common:/home/aaron/ur_ws/install/launch_param_builder:${AMENT_PREFIX_PATH} CMAKE_PREFIX_PATH=/home/aaron/ur_ws/install/moveit_ros_planning:/home/aaron/ur_ws/install/moveit_ros_occupancy_map_monitor:/home/aaron/ur_ws/install/moveit_core:/home/aaron/ur_ws/install/moveit_resources_panda_moveit_config:/home/aaron/ur_ws/install/srdfdom:/home/aaron/ur_ws/install/moveit_resources_pr2_description:/home/aaron/ur_ws/install/moveit_resources_panda_description:/home/aaron/ur_ws/install/moveit_common:/opt/ros/humble LD_LIBRARY_PATH=/home/aaron/ur_ws/install/moveit_ros_planning/lib:/home/aaron/ur_ws/install/moveit_ros_occupancy_map_monitor/lib:/home/aaron/ur_ws/install/moveit_core/lib:/home/aaron/ur_ws/install/srdfdom/lib:${LD_LIBRARY_PATH} PATH=/home/aaron/ur_ws/install/moveit_core/bin:${PATH} PYTHONPATH=/home/aaron/ur_ws/install/moveit_configs_utils/lib/python3.10/site-packages:/home/aaron/ur_ws/install/srdfdom/local/lib/python3.10/dist-packages:/home/aaron/ur_ws/install/launch_param_builder/lib/python3.10/site-packages:${PYTHONPATH} /usr/bin/cmake --build /home/aaron/ur_ws/build/moveit_ros_warehouse -- -j20 -l20
[152.841s] Invoking command in '/home/aaron/ur_ws/build/moveit_ros_warehouse': AMENT_PREFIX_PATH=/home/aaron/ur_ws/install/moveit_ros_planning:/home/aaron/ur_ws/install/moveit_ros_occupancy_map_monitor:/home/aaron/ur_ws/install/moveit_core:/home/aaron/ur_ws/install/moveit_resources_panda_moveit_config:/home/aaron/ur_ws/install/moveit_configs_utils:/home/aaron/ur_ws/install/srdfdom:/home/aaron/ur_ws/install/moveit_resources_pr2_description:/home/aaron/ur_ws/install/moveit_resources_panda_description:/home/aaron/ur_ws/install/moveit_common:/home/aaron/ur_ws/install/launch_param_builder:${AMENT_PREFIX_PATH} CMAKE_PREFIX_PATH=/home/aaron/ur_ws/install/moveit_ros_planning:/home/aaron/ur_ws/install/moveit_ros_occupancy_map_monitor:/home/aaron/ur_ws/install/moveit_core:/home/aaron/ur_ws/install/moveit_resources_panda_moveit_config:/home/aaron/ur_ws/install/srdfdom:/home/aaron/ur_ws/install/moveit_resources_pr2_description:/home/aaron/ur_ws/install/moveit_resources_panda_description:/home/aaron/ur_ws/install/moveit_common:/opt/ros/humble LD_LIBRARY_PATH=/home/aaron/ur_ws/install/moveit_ros_planning/lib:/home/aaron/ur_ws/install/moveit_ros_occupancy_map_monitor/lib:/home/aaron/ur_ws/install/moveit_core/lib:/home/aaron/ur_ws/install/srdfdom/lib:${LD_LIBRARY_PATH} PATH=/home/aaron/ur_ws/install/moveit_core/bin:${PATH} PYTHONPATH=/home/aaron/ur_ws/install/moveit_configs_utils/lib/python3.10/site-packages:/home/aaron/ur_ws/install/srdfdom/local/lib/python3.10/dist-packages:/home/aaron/ur_ws/install/launch_param_builder/lib/python3.10/site-packages:${PYTHONPATH} /usr/bin/cmake --install /home/aaron/ur_ws/build/moveit_ros_warehouse
[152.861s] -- Install configuration: "Release"
[152.863s] -- Installing: /home/aaron/ur_ws/install/moveit_ros_warehouse/lib/moveit_ros_warehouse/moveit_save_to_warehouse
[152.868s] -- Set runtime path of "/home/aaron/ur_ws/install/moveit_ros_warehouse/lib/moveit_ros_warehouse/moveit_save_to_warehouse" to ""
[152.868s] -- Installing: /home/aaron/ur_ws/install/moveit_ros_warehouse/lib/moveit_ros_warehouse/moveit_warehouse_broadcast
[152.871s] -- Set runtime path of "/home/aaron/ur_ws/install/moveit_ros_warehouse/lib/moveit_ros_warehouse/moveit_warehouse_broadcast" to ""
[152.872s] -- Installing: /home/aaron/ur_ws/install/moveit_ros_warehouse/lib/moveit_ros_warehouse/moveit_warehouse_import_from_text
[152.874s] -- Set runtime path of "/home/aaron/ur_ws/install/moveit_ros_warehouse/lib/moveit_ros_warehouse/moveit_warehouse_import_from_text" to ""
[152.874s] -- Installing: /home/aaron/ur_ws/install/moveit_ros_warehouse/lib/moveit_ros_warehouse/moveit_warehouse_save_as_text
[152.876s] -- Set runtime path of "/home/aaron/ur_ws/install/moveit_ros_warehouse/lib/moveit_ros_warehouse/moveit_warehouse_save_as_text" to ""
[152.876s] -- Installing: /home/aaron/ur_ws/install/moveit_ros_warehouse/lib/moveit_ros_warehouse/moveit_init_demo_warehouse
[152.878s] -- Set runtime path of "/home/aaron/ur_ws/install/moveit_ros_warehouse/lib/moveit_ros_warehouse/moveit_init_demo_warehouse" to ""
[152.879s] -- Installing: /home/aaron/ur_ws/install/moveit_ros_warehouse/lib/moveit_ros_warehouse/moveit_warehouse_services
[152.882s] -- Set runtime path of "/home/aaron/ur_ws/install/moveit_ros_warehouse/lib/moveit_ros_warehouse/moveit_warehouse_services" to ""
[152.882s] -- Up-to-date: /home/aaron/ur_ws/install/moveit_ros_warehouse/include
[152.882s] -- Up-to-date: /home/aaron/ur_ws/install/moveit_ros_warehouse/include/moveit
[152.883s] -- Up-to-date: /home/aaron/ur_ws/install/moveit_ros_warehouse/include/moveit/warehouse
[152.883s] -- Up-to-date: /home/aaron/ur_ws/install/moveit_ros_warehouse/include/moveit/warehouse/constraints_storage.h
[152.883s] -- Up-to-date: /home/aaron/ur_ws/install/moveit_ros_warehouse/include/moveit/warehouse/state_storage.h
[152.883s] -- Up-to-date: /home/aaron/ur_ws/install/moveit_ros_warehouse/include/moveit/warehouse/warehouse_connector.h
[152.883s] -- Up-to-date: /home/aaron/ur_ws/install/moveit_ros_warehouse/include/moveit/warehouse/planning_scene_storage.h
[152.883s] -- Up-to-date: /home/aaron/ur_ws/install/moveit_ros_warehouse/include/moveit/warehouse/moveit_message_storage.h
[152.884s] -- Up-to-date: /home/aaron/ur_ws/install/moveit_ros_warehouse/include/moveit/warehouse/trajectory_constraints_storage.h
[152.884s] -- Up-to-date: /home/aaron/ur_ws/install/moveit_ros_warehouse/include/moveit/warehouse/planning_scene_world_storage.h
[152.884s] -- Up-to-date: /home/aaron/ur_ws/install/moveit_ros_warehouse/include/moveit_warehouse_export.h
[152.884s] -- Installing: /home/aaron/ur_ws/install/moveit_ros_warehouse/lib/libmoveit_warehouse.so.2.5.9
[152.887s] -- Set runtime path of "/home/aaron/ur_ws/install/moveit_ros_warehouse/lib/libmoveit_warehouse.so.2.5.9" to ""
[152.888s] -- Up-to-date: /home/aaron/ur_ws/install/moveit_ros_warehouse/lib/libmoveit_warehouse.so
[152.888s] -- Up-to-date: /home/aaron/ur_ws/install/moveit_ros_warehouse/share/moveit_ros_warehouse/environment/library_path.sh
[152.888s] -- Up-to-date: /home/aaron/ur_ws/install/moveit_ros_warehouse/share/moveit_ros_warehouse/environment/library_path.dsv
[152.889s] -- Up-to-date: /home/aaron/ur_ws/install/moveit_ros_warehouse/share/ament_index/resource_index/package_run_dependencies/moveit_ros_warehouse
[152.889s] -- Up-to-date: /home/aaron/ur_ws/install/moveit_ros_warehouse/share/ament_index/resource_index/parent_prefix_path/moveit_ros_warehouse
[152.889s] -- Up-to-date: /home/aaron/ur_ws/install/moveit_ros_warehouse/share/moveit_ros_warehouse/environment/ament_prefix_path.sh
[152.889s] -- Up-to-date: /home/aaron/ur_ws/install/moveit_ros_warehouse/share/moveit_ros_warehouse/environment/ament_prefix_path.dsv
[152.889s] -- Up-to-date: /home/aaron/ur_ws/install/moveit_ros_warehouse/share/moveit_ros_warehouse/environment/path.sh
[152.889s] -- Up-to-date: /home/aaron/ur_ws/install/moveit_ros_warehouse/share/moveit_ros_warehouse/environment/path.dsv
[152.889s] -- Up-to-date: /home/aaron/ur_ws/install/moveit_ros_warehouse/share/moveit_ros_warehouse/local_setup.bash
[152.890s] -- Up-to-date: /home/aaron/ur_ws/install/moveit_ros_warehouse/share/moveit_ros_warehouse/local_setup.sh
[152.890s] -- Up-to-date: /home/aaron/ur_ws/install/moveit_ros_warehouse/share/moveit_ros_warehouse/local_setup.zsh
[152.891s] -- Up-to-date: /home/aaron/ur_ws/install/moveit_ros_warehouse/share/moveit_ros_warehouse/local_setup.dsv
[152.891s] -- Installing: /home/aaron/ur_ws/install/moveit_ros_warehouse/share/moveit_ros_warehouse/package.dsv
[152.891s] -- Up-to-date: /home/aaron/ur_ws/install/moveit_ros_warehouse/share/ament_index/resource_index/packages/moveit_ros_warehouse
[152.891s] -- Up-to-date: /home/aaron/ur_ws/install/moveit_ros_warehouse/share/moveit_ros_warehouse/cmake/export_moveit_ros_warehouseExport.cmake
[152.891s] -- Up-to-date: /home/aaron/ur_ws/install/moveit_ros_warehouse/share/moveit_ros_warehouse/cmake/export_moveit_ros_warehouseExport-release.cmake
[152.891s] -- Up-to-date: /home/aaron/ur_ws/install/moveit_ros_warehouse/share/moveit_ros_warehouse/cmake/ConfigExtras.cmake
[152.892s] -- Up-to-date: /home/aaron/ur_ws/install/moveit_ros_warehouse/share/moveit_ros_warehouse/cmake/ament_cmake_export_targets-extras.cmake
[152.892s] -- Up-to-date: /home/aaron/ur_ws/install/moveit_ros_warehouse/share/moveit_ros_warehouse/cmake/ament_cmake_export_dependencies-extras.cmake
[152.892s] -- Up-to-date: /home/aaron/ur_ws/install/moveit_ros_warehouse/share/moveit_ros_warehouse/cmake/moveit_ros_warehouseConfig.cmake
[152.892s] -- Up-to-date: /home/aaron/ur_ws/install/moveit_ros_warehouse/share/moveit_ros_warehouse/cmake/moveit_ros_warehouseConfig-version.cmake
[152.892s] -- Up-to-date: /home/aaron/ur_ws/install/moveit_ros_warehouse/share/moveit_ros_warehouse/package.xml
[152.895s] Invoked command in '/home/aaron/ur_ws/build/moveit_ros_warehouse' returned '0': AMENT_PREFIX_PATH=/home/aaron/ur_ws/install/moveit_ros_planning:/home/aaron/ur_ws/install/moveit_ros_occupancy_map_monitor:/home/aaron/ur_ws/install/moveit_core:/home/aaron/ur_ws/install/moveit_resources_panda_moveit_config:/home/aaron/ur_ws/install/moveit_configs_utils:/home/aaron/ur_ws/install/srdfdom:/home/aaron/ur_ws/install/moveit_resources_pr2_description:/home/aaron/ur_ws/install/moveit_resources_panda_description:/home/aaron/ur_ws/install/moveit_common:/home/aaron/ur_ws/install/launch_param_builder:${AMENT_PREFIX_PATH} CMAKE_PREFIX_PATH=/home/aaron/ur_ws/install/moveit_ros_planning:/home/aaron/ur_ws/install/moveit_ros_occupancy_map_monitor:/home/aaron/ur_ws/install/moveit_core:/home/aaron/ur_ws/install/moveit_resources_panda_moveit_config:/home/aaron/ur_ws/install/srdfdom:/home/aaron/ur_ws/install/moveit_resources_pr2_description:/home/aaron/ur_ws/install/moveit_resources_panda_description:/home/aaron/ur_ws/install/moveit_common:/opt/ros/humble LD_LIBRARY_PATH=/home/aaron/ur_ws/install/moveit_ros_planning/lib:/home/aaron/ur_ws/install/moveit_ros_occupancy_map_monitor/lib:/home/aaron/ur_ws/install/moveit_core/lib:/home/aaron/ur_ws/install/srdfdom/lib:${LD_LIBRARY_PATH} PATH=/home/aaron/ur_ws/install/moveit_core/bin:${PATH} PYTHONPATH=/home/aaron/ur_ws/install/moveit_configs_utils/lib/python3.10/site-packages:/home/aaron/ur_ws/install/srdfdom/local/lib/python3.10/dist-packages:/home/aaron/ur_ws/install/launch_param_builder/lib/python3.10/site-packages:${PYTHONPATH} /usr/bin/cmake --install /home/aaron/ur_ws/build/moveit_ros_warehouse
