[0.404s] Invoking command in '/home/aaron/ur_ws/src/waypoint_pub': PYTHONPATH=/home/aaron/ur_ws/build/waypoint_pub/prefix_override:/usr/lib/python3/dist-packages/colcon_core/task/python/colcon_distutils_commands:/home/aaron/ur_ws/install/waypoint_pub/lib/python3.10/site-packages:${PYTHONPATH} /usr/bin/python3 -W ignore:setup.py install is deprecated -W ignore:easy_install command is deprecated setup.py egg_info --egg-base ../../build/waypoint_pub build --build-base /home/aaron/ur_ws/build/waypoint_pub/build install --record /home/aaron/ur_ws/build/waypoint_pub/install.log --single-version-externally-managed install_data
[0.562s] running egg_info
[0.562s] writing ../../build/waypoint_pub/waypoint_pub.egg-info/PKG-INFO
[0.562s] writing dependency_links to ../../build/waypoint_pub/waypoint_pub.egg-info/dependency_links.txt
[0.562s] writing entry points to ../../build/waypoint_pub/waypoint_pub.egg-info/entry_points.txt
[0.562s] writing requirements to ../../build/waypoint_pub/waypoint_pub.egg-info/requires.txt
[0.562s] writing top-level names to ../../build/waypoint_pub/waypoint_pub.egg-info/top_level.txt
[0.563s] reading manifest file '../../build/waypoint_pub/waypoint_pub.egg-info/SOURCES.txt'
[0.564s] adding license file 'LICENSE'
[0.564s] writing manifest file '../../build/waypoint_pub/waypoint_pub.egg-info/SOURCES.txt'
[0.564s] running build
[0.564s] running build_py
[0.564s] running install
[0.564s] running install_lib
[0.565s] running install_data
[0.565s] running install_egg_info
[0.566s] removing '/home/aaron/ur_ws/install/waypoint_pub/lib/python3.10/site-packages/waypoint_pub-0.0.0-py3.10.egg-info' (and everything under it)
[0.566s] Copying ../../build/waypoint_pub/waypoint_pub.egg-info to /home/aaron/ur_ws/install/waypoint_pub/lib/python3.10/site-packages/waypoint_pub-0.0.0-py3.10.egg-info
[0.567s] running install_scripts
[0.581s] writing list of installed files to '/home/aaron/ur_ws/build/waypoint_pub/install.log'
[0.597s] Invoked command in '/home/aaron/ur_ws/src/waypoint_pub' returned '0': PYTHONPATH=/home/aaron/ur_ws/build/waypoint_pub/prefix_override:/usr/lib/python3/dist-packages/colcon_core/task/python/colcon_distutils_commands:/home/aaron/ur_ws/install/waypoint_pub/lib/python3.10/site-packages:${PYTHONPATH} /usr/bin/python3 -W ignore:setup.py install is deprecated -W ignore:easy_install command is deprecated setup.py egg_info --egg-base ../../build/waypoint_pub build --build-base /home/aaron/ur_ws/build/waypoint_pub/build install --record /home/aaron/ur_ws/build/waypoint_pub/install.log --single-version-externally-managed install_data
