[0.020s] Invoking command in '/home/aaron/ur_ws/build/chomp_motion_planner': AMENT_PREFIX_PATH=/home/aaron/ur_ws/install/moveit_core:/home/aaron/ur_ws/install/moveit_resources_panda_moveit_config:/home/aaron/ur_ws/install/srdfdom:/home/aaron/ur_ws/install/moveit_resources_pr2_description:/home/aaron/ur_ws/install/moveit_resources_panda_description:/home/aaron/ur_ws/install/moveit_common:${AMENT_PREFIX_PATH} CMAKE_PREFIX_PATH=/home/aaron/ur_ws/install/moveit_core:/home/aaron/ur_ws/install/moveit_resources_panda_moveit_config:/home/aaron/ur_ws/install/srdfdom:/home/aaron/ur_ws/install/moveit_resources_pr2_description:/home/aaron/ur_ws/install/moveit_resources_panda_description:/home/aaron/ur_ws/install/moveit_common:/opt/ros/humble LD_LIBRARY_PATH=/home/aaron/ur_ws/install/moveit_core/lib:/home/aaron/ur_ws/install/srdfdom/lib:${LD_LIBRARY_PATH} PATH=/home/aaron/ur_ws/install/moveit_core/bin:${PATH} PYTHONPATH=/home/aaron/ur_ws/install/srdfdom/local/lib/python3.10/dist-packages:${PYTHONPATH} /usr/bin/cmake --build /home/aaron/ur_ws/build/chomp_motion_planner -- -j20 -l20
[0.090s] [ 16%] [32mBuilding CXX object CMakeFiles/chomp_motion_planner.dir/src/chomp_parameters.cpp.o[0m
[0.091s] [ 33%] [32mBuilding CXX object CMakeFiles/chomp_motion_planner.dir/src/chomp_cost.cpp.o[0m
[0.095s] [ 50%] [32mBuilding CXX object CMakeFiles/chomp_motion_planner.dir/src/chomp_trajectory.cpp.o[0m
[0.096s] [ 66%] [32mBuilding CXX object CMakeFiles/chomp_motion_planner.dir/src/chomp_optimizer.cpp.o[0m
[0.100s] [ 83%] [32mBuilding CXX object CMakeFiles/chomp_motion_planner.dir/src/chomp_planner.cpp.o[0m
[36.644s] [100%] [32m[1mLinking CXX shared library libchomp_motion_planner.so[0m
[36.884s] [100%] Built target chomp_motion_planner
[36.898s] Invoked command in '/home/aaron/ur_ws/build/chomp_motion_planner' returned '0': AMENT_PREFIX_PATH=/home/aaron/ur_ws/install/moveit_core:/home/aaron/ur_ws/install/moveit_resources_panda_moveit_config:/home/aaron/ur_ws/install/srdfdom:/home/aaron/ur_ws/install/moveit_resources_pr2_description:/home/aaron/ur_ws/install/moveit_resources_panda_description:/home/aaron/ur_ws/install/moveit_common:${AMENT_PREFIX_PATH} CMAKE_PREFIX_PATH=/home/aaron/ur_ws/install/moveit_core:/home/aaron/ur_ws/install/moveit_resources_panda_moveit_config:/home/aaron/ur_ws/install/srdfdom:/home/aaron/ur_ws/install/moveit_resources_pr2_description:/home/aaron/ur_ws/install/moveit_resources_panda_description:/home/aaron/ur_ws/install/moveit_common:/opt/ros/humble LD_LIBRARY_PATH=/home/aaron/ur_ws/install/moveit_core/lib:/home/aaron/ur_ws/install/srdfdom/lib:${LD_LIBRARY_PATH} PATH=/home/aaron/ur_ws/install/moveit_core/bin:${PATH} PYTHONPATH=/home/aaron/ur_ws/install/srdfdom/local/lib/python3.10/dist-packages:${PYTHONPATH} /usr/bin/cmake --build /home/aaron/ur_ws/build/chomp_motion_planner -- -j20 -l20
[36.900s] Invoking command in '/home/aaron/ur_ws/build/chomp_motion_planner': AMENT_PREFIX_PATH=/home/aaron/ur_ws/install/moveit_core:/home/aaron/ur_ws/install/moveit_resources_panda_moveit_config:/home/aaron/ur_ws/install/srdfdom:/home/aaron/ur_ws/install/moveit_resources_pr2_description:/home/aaron/ur_ws/install/moveit_resources_panda_description:/home/aaron/ur_ws/install/moveit_common:${AMENT_PREFIX_PATH} CMAKE_PREFIX_PATH=/home/aaron/ur_ws/install/moveit_core:/home/aaron/ur_ws/install/moveit_resources_panda_moveit_config:/home/aaron/ur_ws/install/srdfdom:/home/aaron/ur_ws/install/moveit_resources_pr2_description:/home/aaron/ur_ws/install/moveit_resources_panda_description:/home/aaron/ur_ws/install/moveit_common:/opt/ros/humble LD_LIBRARY_PATH=/home/aaron/ur_ws/install/moveit_core/lib:/home/aaron/ur_ws/install/srdfdom/lib:${LD_LIBRARY_PATH} PATH=/home/aaron/ur_ws/install/moveit_core/bin:${PATH} PYTHONPATH=/home/aaron/ur_ws/install/srdfdom/local/lib/python3.10/dist-packages:${PYTHONPATH} /usr/bin/cmake --install /home/aaron/ur_ws/build/chomp_motion_planner
[36.908s] -- Install configuration: "Release"
[36.910s] -- Installing: /home/aaron/ur_ws/install/chomp_motion_planner/lib/libchomp_motion_planner.so.2.5.9
[36.911s] -- Set runtime path of "/home/aaron/ur_ws/install/chomp_motion_planner/lib/libchomp_motion_planner.so.2.5.9" to ""
[36.911s] -- Up-to-date: /home/aaron/ur_ws/install/chomp_motion_planner/lib/libchomp_motion_planner.so
[36.911s] -- Up-to-date: /home/aaron/ur_ws/install/chomp_motion_planner/include
[36.911s] -- Up-to-date: /home/aaron/ur_ws/install/chomp_motion_planner/include/chomp_motion_planner
[36.911s] -- Up-to-date: /home/aaron/ur_ws/install/chomp_motion_planner/include/chomp_motion_planner/chomp_utils.h
[36.911s] -- Up-to-date: /home/aaron/ur_ws/install/chomp_motion_planner/include/chomp_motion_planner/chomp_trajectory.h
[36.911s] -- Up-to-date: /home/aaron/ur_ws/install/chomp_motion_planner/include/chomp_motion_planner/chomp_parameters.h
[36.911s] -- Up-to-date: /home/aaron/ur_ws/install/chomp_motion_planner/include/chomp_motion_planner/chomp_cost.h
[36.911s] -- Up-to-date: /home/aaron/ur_ws/install/chomp_motion_planner/include/chomp_motion_planner/chomp_planner.h
[36.911s] -- Up-to-date: /home/aaron/ur_ws/install/chomp_motion_planner/include/chomp_motion_planner/multivariate_gaussian.h
[36.911s] -- Up-to-date: /home/aaron/ur_ws/install/chomp_motion_planner/include/chomp_motion_planner/chomp_optimizer.h
[36.911s] -- Up-to-date: /home/aaron/ur_ws/install/chomp_motion_planner/share/chomp_motion_planner/environment/library_path.sh
[36.911s] -- Up-to-date: /home/aaron/ur_ws/install/chomp_motion_planner/share/chomp_motion_planner/environment/library_path.dsv
[36.911s] -- Up-to-date: /home/aaron/ur_ws/install/chomp_motion_planner/share/ament_index/resource_index/package_run_dependencies/chomp_motion_planner
[36.912s] -- Up-to-date: /home/aaron/ur_ws/install/chomp_motion_planner/share/ament_index/resource_index/parent_prefix_path/chomp_motion_planner
[36.912s] -- Up-to-date: /home/aaron/ur_ws/install/chomp_motion_planner/share/chomp_motion_planner/environment/ament_prefix_path.sh
[36.912s] -- Up-to-date: /home/aaron/ur_ws/install/chomp_motion_planner/share/chomp_motion_planner/environment/ament_prefix_path.dsv
[36.912s] -- Up-to-date: /home/aaron/ur_ws/install/chomp_motion_planner/share/chomp_motion_planner/environment/path.sh
[36.912s] -- Up-to-date: /home/aaron/ur_ws/install/chomp_motion_planner/share/chomp_motion_planner/environment/path.dsv
[36.912s] -- Up-to-date: /home/aaron/ur_ws/install/chomp_motion_planner/share/chomp_motion_planner/local_setup.bash
[36.912s] -- Up-to-date: /home/aaron/ur_ws/install/chomp_motion_planner/share/chomp_motion_planner/local_setup.sh
[36.912s] -- Up-to-date: /home/aaron/ur_ws/install/chomp_motion_planner/share/chomp_motion_planner/local_setup.zsh
[36.912s] -- Up-to-date: /home/aaron/ur_ws/install/chomp_motion_planner/share/chomp_motion_planner/local_setup.dsv
[36.912s] -- Installing: /home/aaron/ur_ws/install/chomp_motion_planner/share/chomp_motion_planner/package.dsv
[36.912s] -- Up-to-date: /home/aaron/ur_ws/install/chomp_motion_planner/share/ament_index/resource_index/packages/chomp_motion_planner
[36.912s] -- Up-to-date: /home/aaron/ur_ws/install/chomp_motion_planner/share/chomp_motion_planner/cmake/chomp_motion_plannerTargetsExport.cmake
[36.912s] -- Up-to-date: /home/aaron/ur_ws/install/chomp_motion_planner/share/chomp_motion_planner/cmake/chomp_motion_plannerTargetsExport-release.cmake
[36.912s] -- Up-to-date: /home/aaron/ur_ws/install/chomp_motion_planner/share/chomp_motion_planner/cmake/ament_cmake_export_targets-extras.cmake
[36.912s] -- Up-to-date: /home/aaron/ur_ws/install/chomp_motion_planner/share/chomp_motion_planner/cmake/chomp_motion_plannerConfig.cmake
[36.912s] -- Up-to-date: /home/aaron/ur_ws/install/chomp_motion_planner/share/chomp_motion_planner/cmake/chomp_motion_plannerConfig-version.cmake
[36.912s] -- Up-to-date: /home/aaron/ur_ws/install/chomp_motion_planner/share/chomp_motion_planner/package.xml
[36.913s] Invoked command in '/home/aaron/ur_ws/build/chomp_motion_planner' returned '0': AMENT_PREFIX_PATH=/home/aaron/ur_ws/install/moveit_core:/home/aaron/ur_ws/install/moveit_resources_panda_moveit_config:/home/aaron/ur_ws/install/srdfdom:/home/aaron/ur_ws/install/moveit_resources_pr2_description:/home/aaron/ur_ws/install/moveit_resources_panda_description:/home/aaron/ur_ws/install/moveit_common:${AMENT_PREFIX_PATH} CMAKE_PREFIX_PATH=/home/aaron/ur_ws/install/moveit_core:/home/aaron/ur_ws/install/moveit_resources_panda_moveit_config:/home/aaron/ur_ws/install/srdfdom:/home/aaron/ur_ws/install/moveit_resources_pr2_description:/home/aaron/ur_ws/install/moveit_resources_panda_description:/home/aaron/ur_ws/install/moveit_common:/opt/ros/humble LD_LIBRARY_PATH=/home/aaron/ur_ws/install/moveit_core/lib:/home/aaron/ur_ws/install/srdfdom/lib:${LD_LIBRARY_PATH} PATH=/home/aaron/ur_ws/install/moveit_core/bin:${PATH} PYTHONPATH=/home/aaron/ur_ws/install/srdfdom/local/lib/python3.10/dist-packages:${PYTHONPATH} /usr/bin/cmake --install /home/aaron/ur_ws/build/chomp_motion_planner
