[0.044s] Invoking command in '/home/aaron/ur_ws/build/moveit_ros_benchmarks': AMENT_PREFIX_PATH=/home/aaron/ur_ws/install/moveit_ros_warehouse:/home/aaron/ur_ws/install/moveit_ros_planning:/home/aaron/ur_ws/install/moveit_ros_occupancy_map_monitor:/home/aaron/ur_ws/install/moveit_core:/home/aaron/ur_ws/install/moveit_resources_panda_moveit_config:/home/aaron/ur_ws/install/moveit_configs_utils:/home/aaron/ur_ws/install/srdfdom:/home/aaron/ur_ws/install/moveit_resources_pr2_description:/home/aaron/ur_ws/install/moveit_resources_panda_description:/home/aaron/ur_ws/install/moveit_common:/home/aaron/ur_ws/install/launch_param_builder:${AMENT_PREFIX_PATH} CMAKE_PREFIX_PATH=/home/aaron/ur_ws/install/moveit_ros_warehouse:/home/aaron/ur_ws/install/moveit_ros_planning:/home/aaron/ur_ws/install/moveit_ros_occupancy_map_monitor:/home/aaron/ur_ws/install/moveit_core:/home/aaron/ur_ws/install/moveit_resources_panda_moveit_config:/home/aaron/ur_ws/install/srdfdom:/home/aaron/ur_ws/install/moveit_resources_pr2_description:/home/aaron/ur_ws/install/moveit_resources_panda_description:/home/aaron/ur_ws/install/moveit_common:/opt/ros/humble LD_LIBRARY_PATH=/home/aaron/ur_ws/install/moveit_ros_warehouse/lib:/home/aaron/ur_ws/install/moveit_ros_planning/lib:/home/aaron/ur_ws/install/moveit_ros_occupancy_map_monitor/lib:/home/aaron/ur_ws/install/moveit_core/lib:/home/aaron/ur_ws/install/srdfdom/lib:${LD_LIBRARY_PATH} PATH=/home/aaron/ur_ws/install/moveit_core/bin:${PATH} PYTHONPATH=/home/aaron/ur_ws/install/moveit_configs_utils/lib/python3.10/site-packages:/home/aaron/ur_ws/install/srdfdom/local/lib/python3.10/dist-packages:/home/aaron/ur_ws/install/launch_param_builder/lib/python3.10/site-packages:${PYTHONPATH} /usr/bin/cmake --build /home/aaron/ur_ws/build/moveit_ros_benchmarks -- -j20 -l20
[0.206s] [ 14%] [32mBuilding CXX object CMakeFiles/moveit_ros_benchmarks.dir/src/BenchmarkOptions.cpp.o[0m
[0.222s] [ 28%] [32mBuilding CXX object CMakeFiles/moveit_ros_benchmarks.dir/src/BenchmarkExecutor.cpp.o[0m
[25.675s] [ 42%] [32m[1mLinking CXX shared library libmoveit_ros_benchmarks.so[0m
[25.927s] [ 42%] Built target moveit_ros_benchmarks
[25.960s] [ 57%] [32mBuilding CXX object CMakeFiles/moveit_run_benchmark.dir/src/RunBenchmark.cpp.o[0m
[25.961s] [ 71%] [32mBuilding CXX object CMakeFiles/moveit_combine_predefined_poses_benchmark.dir/src/simple_benchmarks/CombinePredefinedPosesBenchmark.cpp.o[0m
[34.071s] [ 85%] [32m[1mLinking CXX executable moveit_run_benchmark[0m
[34.323s] [ 85%] Built target moveit_run_benchmark
[34.890s] [100%] [32m[1mLinking CXX executable moveit_combine_predefined_poses_benchmark[0m
[35.243s] [100%] Built target moveit_combine_predefined_poses_benchmark
[35.255s] Invoked command in '/home/aaron/ur_ws/build/moveit_ros_benchmarks' returned '0': AMENT_PREFIX_PATH=/home/aaron/ur_ws/install/moveit_ros_warehouse:/home/aaron/ur_ws/install/moveit_ros_planning:/home/aaron/ur_ws/install/moveit_ros_occupancy_map_monitor:/home/aaron/ur_ws/install/moveit_core:/home/aaron/ur_ws/install/moveit_resources_panda_moveit_config:/home/aaron/ur_ws/install/moveit_configs_utils:/home/aaron/ur_ws/install/srdfdom:/home/aaron/ur_ws/install/moveit_resources_pr2_description:/home/aaron/ur_ws/install/moveit_resources_panda_description:/home/aaron/ur_ws/install/moveit_common:/home/aaron/ur_ws/install/launch_param_builder:${AMENT_PREFIX_PATH} CMAKE_PREFIX_PATH=/home/aaron/ur_ws/install/moveit_ros_warehouse:/home/aaron/ur_ws/install/moveit_ros_planning:/home/aaron/ur_ws/install/moveit_ros_occupancy_map_monitor:/home/aaron/ur_ws/install/moveit_core:/home/aaron/ur_ws/install/moveit_resources_panda_moveit_config:/home/aaron/ur_ws/install/srdfdom:/home/aaron/ur_ws/install/moveit_resources_pr2_description:/home/aaron/ur_ws/install/moveit_resources_panda_description:/home/aaron/ur_ws/install/moveit_common:/opt/ros/humble LD_LIBRARY_PATH=/home/aaron/ur_ws/install/moveit_ros_warehouse/lib:/home/aaron/ur_ws/install/moveit_ros_planning/lib:/home/aaron/ur_ws/install/moveit_ros_occupancy_map_monitor/lib:/home/aaron/ur_ws/install/moveit_core/lib:/home/aaron/ur_ws/install/srdfdom/lib:${LD_LIBRARY_PATH} PATH=/home/aaron/ur_ws/install/moveit_core/bin:${PATH} PYTHONPATH=/home/aaron/ur_ws/install/moveit_configs_utils/lib/python3.10/site-packages:/home/aaron/ur_ws/install/srdfdom/local/lib/python3.10/dist-packages:/home/aaron/ur_ws/install/launch_param_builder/lib/python3.10/site-packages:${PYTHONPATH} /usr/bin/cmake --build /home/aaron/ur_ws/build/moveit_ros_benchmarks -- -j20 -l20
[35.258s] Invoking command in '/home/aaron/ur_ws/build/moveit_ros_benchmarks': AMENT_PREFIX_PATH=/home/aaron/ur_ws/install/moveit_ros_warehouse:/home/aaron/ur_ws/install/moveit_ros_planning:/home/aaron/ur_ws/install/moveit_ros_occupancy_map_monitor:/home/aaron/ur_ws/install/moveit_core:/home/aaron/ur_ws/install/moveit_resources_panda_moveit_config:/home/aaron/ur_ws/install/moveit_configs_utils:/home/aaron/ur_ws/install/srdfdom:/home/aaron/ur_ws/install/moveit_resources_pr2_description:/home/aaron/ur_ws/install/moveit_resources_panda_description:/home/aaron/ur_ws/install/moveit_common:/home/aaron/ur_ws/install/launch_param_builder:${AMENT_PREFIX_PATH} CMAKE_PREFIX_PATH=/home/aaron/ur_ws/install/moveit_ros_warehouse:/home/aaron/ur_ws/install/moveit_ros_planning:/home/aaron/ur_ws/install/moveit_ros_occupancy_map_monitor:/home/aaron/ur_ws/install/moveit_core:/home/aaron/ur_ws/install/moveit_resources_panda_moveit_config:/home/aaron/ur_ws/install/srdfdom:/home/aaron/ur_ws/install/moveit_resources_pr2_description:/home/aaron/ur_ws/install/moveit_resources_panda_description:/home/aaron/ur_ws/install/moveit_common:/opt/ros/humble LD_LIBRARY_PATH=/home/aaron/ur_ws/install/moveit_ros_warehouse/lib:/home/aaron/ur_ws/install/moveit_ros_planning/lib:/home/aaron/ur_ws/install/moveit_ros_occupancy_map_monitor/lib:/home/aaron/ur_ws/install/moveit_core/lib:/home/aaron/ur_ws/install/srdfdom/lib:${LD_LIBRARY_PATH} PATH=/home/aaron/ur_ws/install/moveit_core/bin:${PATH} PYTHONPATH=/home/aaron/ur_ws/install/moveit_configs_utils/lib/python3.10/site-packages:/home/aaron/ur_ws/install/srdfdom/local/lib/python3.10/dist-packages:/home/aaron/ur_ws/install/launch_param_builder/lib/python3.10/site-packages:${PYTHONPATH} /usr/bin/cmake --install /home/aaron/ur_ws/build/moveit_ros_benchmarks
[35.269s] -- Install configuration: "Release"
[35.271s] -- Installing: /home/aaron/ur_ws/install/moveit_ros_benchmarks/lib/libmoveit_ros_benchmarks.so.2.5.9
[35.272s] -- Set runtime path of "/home/aaron/ur_ws/install/moveit_ros_benchmarks/lib/libmoveit_ros_benchmarks.so.2.5.9" to ""
[35.272s] -- Up-to-date: /home/aaron/ur_ws/install/moveit_ros_benchmarks/lib/libmoveit_ros_benchmarks.so
[35.272s] -- Up-to-date: /home/aaron/ur_ws/install/moveit_ros_benchmarks/share/moveit_ros_benchmarks/environment/library_path.sh
[35.272s] -- Up-to-date: /home/aaron/ur_ws/install/moveit_ros_benchmarks/share/moveit_ros_benchmarks/environment/library_path.dsv
[35.272s] -- Installing: /home/aaron/ur_ws/install/moveit_ros_benchmarks/lib/moveit_ros_benchmarks/moveit_run_benchmark
[35.272s] -- Set runtime path of "/home/aaron/ur_ws/install/moveit_ros_benchmarks/lib/moveit_ros_benchmarks/moveit_run_benchmark" to ""
[35.273s] -- Installing: /home/aaron/ur_ws/install/moveit_ros_benchmarks/lib/moveit_ros_benchmarks/moveit_combine_predefined_poses_benchmark
[35.273s] -- Set runtime path of "/home/aaron/ur_ws/install/moveit_ros_benchmarks/lib/moveit_ros_benchmarks/moveit_combine_predefined_poses_benchmark" to ""
[35.273s] -- Up-to-date: /home/aaron/ur_ws/install/moveit_ros_benchmarks/include
[35.273s] -- Up-to-date: /home/aaron/ur_ws/install/moveit_ros_benchmarks/include/moveit
[35.273s] -- Up-to-date: /home/aaron/ur_ws/install/moveit_ros_benchmarks/include/moveit/benchmarks
[35.273s] -- Up-to-date: /home/aaron/ur_ws/install/moveit_ros_benchmarks/include/moveit/benchmarks/BenchmarkExecutor.h
[35.273s] -- Up-to-date: /home/aaron/ur_ws/install/moveit_ros_benchmarks/include/moveit/benchmarks/BenchmarkOptions.h
[35.273s] -- Up-to-date: /home/aaron/ur_ws/install/moveit_ros_benchmarks/lib/moveit_ros_benchmarks/moveit_benchmark_statistics.py
[35.273s] -- Up-to-date: /home/aaron/ur_ws/install/moveit_ros_benchmarks/share/moveit_ros_benchmarks
[35.273s] -- Up-to-date: /home/aaron/ur_ws/install/moveit_ros_benchmarks/share/moveit_ros_benchmarks/demo_panda_predefined_poses.launch.py
[35.273s] -- Up-to-date: /home/aaron/ur_ws/install/moveit_ros_benchmarks/share/moveit_ros_benchmarks/demo1.yaml
[35.274s] -- Up-to-date: /home/aaron/ur_ws/install/moveit_ros_benchmarks/share/moveit_ros_benchmarks/demo_panda_all_planners_obstacles.launch
[35.274s] -- Up-to-date: /home/aaron/ur_ws/install/moveit_ros_benchmarks/share/moveit_ros_benchmarks/demo_panda_all_planners.yaml
[35.274s] -- Up-to-date: /home/aaron/ur_ws/install/moveit_ros_benchmarks/share/moveit_ros_benchmarks/demo_obstacles.yaml
[35.274s] -- Up-to-date: /home/aaron/ur_ws/install/moveit_ros_benchmarks/share/moveit_ros_benchmarks/demo_panda.launch.py
[35.274s] -- Up-to-date: /home/aaron/ur_ws/install/moveit_ros_benchmarks/share/moveit_ros_benchmarks/demo_fanuc.launch
[35.274s] -- Up-to-date: /home/aaron/ur_ws/install/moveit_ros_benchmarks/share/moveit_ros_benchmarks/demo_panda_all_planners.launch
[35.274s] -- Up-to-date: /home/aaron/ur_ws/install/moveit_ros_benchmarks/share/moveit_ros_benchmarks/demo_panda_predefined_poses.yaml
[35.274s] -- Up-to-date: /home/aaron/ur_ws/install/moveit_ros_benchmarks/share/moveit_ros_benchmarks/demo2.yaml
[35.274s] -- Up-to-date: /home/aaron/ur_ws/install/moveit_ros_benchmarks/share/ament_index/resource_index/package_run_dependencies/moveit_ros_benchmarks
[35.274s] -- Up-to-date: /home/aaron/ur_ws/install/moveit_ros_benchmarks/share/ament_index/resource_index/parent_prefix_path/moveit_ros_benchmarks
[35.274s] -- Up-to-date: /home/aaron/ur_ws/install/moveit_ros_benchmarks/share/moveit_ros_benchmarks/environment/ament_prefix_path.sh
[35.274s] -- Up-to-date: /home/aaron/ur_ws/install/moveit_ros_benchmarks/share/moveit_ros_benchmarks/environment/ament_prefix_path.dsv
[35.274s] -- Up-to-date: /home/aaron/ur_ws/install/moveit_ros_benchmarks/share/moveit_ros_benchmarks/environment/path.sh
[35.274s] -- Up-to-date: /home/aaron/ur_ws/install/moveit_ros_benchmarks/share/moveit_ros_benchmarks/environment/path.dsv
[35.274s] -- Up-to-date: /home/aaron/ur_ws/install/moveit_ros_benchmarks/share/moveit_ros_benchmarks/local_setup.bash
[35.274s] -- Up-to-date: /home/aaron/ur_ws/install/moveit_ros_benchmarks/share/moveit_ros_benchmarks/local_setup.sh
[35.274s] -- Up-to-date: /home/aaron/ur_ws/install/moveit_ros_benchmarks/share/moveit_ros_benchmarks/local_setup.zsh
[35.274s] -- Up-to-date: /home/aaron/ur_ws/install/moveit_ros_benchmarks/share/moveit_ros_benchmarks/local_setup.dsv
[35.274s] -- Installing: /home/aaron/ur_ws/install/moveit_ros_benchmarks/share/moveit_ros_benchmarks/package.dsv
[35.274s] -- Up-to-date: /home/aaron/ur_ws/install/moveit_ros_benchmarks/share/ament_index/resource_index/packages/moveit_ros_benchmarks
[35.274s] -- Up-to-date: /home/aaron/ur_ws/install/moveit_ros_benchmarks/share/moveit_ros_benchmarks/cmake/export_moveit_ros_benchmarksExport.cmake
[35.274s] -- Up-to-date: /home/aaron/ur_ws/install/moveit_ros_benchmarks/share/moveit_ros_benchmarks/cmake/export_moveit_ros_benchmarksExport-release.cmake
[35.275s] -- Up-to-date: /home/aaron/ur_ws/install/moveit_ros_benchmarks/share/moveit_ros_benchmarks/cmake/ConfigExtras.cmake
[35.275s] -- Up-to-date: /home/aaron/ur_ws/install/moveit_ros_benchmarks/share/moveit_ros_benchmarks/cmake/ament_cmake_export_targets-extras.cmake
[35.275s] -- Up-to-date: /home/aaron/ur_ws/install/moveit_ros_benchmarks/share/moveit_ros_benchmarks/cmake/ament_cmake_export_dependencies-extras.cmake
[35.275s] -- Up-to-date: /home/aaron/ur_ws/install/moveit_ros_benchmarks/share/moveit_ros_benchmarks/cmake/moveit_ros_benchmarksConfig.cmake
[35.275s] -- Up-to-date: /home/aaron/ur_ws/install/moveit_ros_benchmarks/share/moveit_ros_benchmarks/cmake/moveit_ros_benchmarksConfig-version.cmake
[35.275s] -- Up-to-date: /home/aaron/ur_ws/install/moveit_ros_benchmarks/share/moveit_ros_benchmarks/package.xml
[35.276s] Invoked command in '/home/aaron/ur_ws/build/moveit_ros_benchmarks' returned '0': AMENT_PREFIX_PATH=/home/aaron/ur_ws/install/moveit_ros_warehouse:/home/aaron/ur_ws/install/moveit_ros_planning:/home/aaron/ur_ws/install/moveit_ros_occupancy_map_monitor:/home/aaron/ur_ws/install/moveit_core:/home/aaron/ur_ws/install/moveit_resources_panda_moveit_config:/home/aaron/ur_ws/install/moveit_configs_utils:/home/aaron/ur_ws/install/srdfdom:/home/aaron/ur_ws/install/moveit_resources_pr2_description:/home/aaron/ur_ws/install/moveit_resources_panda_description:/home/aaron/ur_ws/install/moveit_common:/home/aaron/ur_ws/install/launch_param_builder:${AMENT_PREFIX_PATH} CMAKE_PREFIX_PATH=/home/aaron/ur_ws/install/moveit_ros_warehouse:/home/aaron/ur_ws/install/moveit_ros_planning:/home/aaron/ur_ws/install/moveit_ros_occupancy_map_monitor:/home/aaron/ur_ws/install/moveit_core:/home/aaron/ur_ws/install/moveit_resources_panda_moveit_config:/home/aaron/ur_ws/install/srdfdom:/home/aaron/ur_ws/install/moveit_resources_pr2_description:/home/aaron/ur_ws/install/moveit_resources_panda_description:/home/aaron/ur_ws/install/moveit_common:/opt/ros/humble LD_LIBRARY_PATH=/home/aaron/ur_ws/install/moveit_ros_warehouse/lib:/home/aaron/ur_ws/install/moveit_ros_planning/lib:/home/aaron/ur_ws/install/moveit_ros_occupancy_map_monitor/lib:/home/aaron/ur_ws/install/moveit_core/lib:/home/aaron/ur_ws/install/srdfdom/lib:${LD_LIBRARY_PATH} PATH=/home/aaron/ur_ws/install/moveit_core/bin:${PATH} PYTHONPATH=/home/aaron/ur_ws/install/moveit_configs_utils/lib/python3.10/site-packages:/home/aaron/ur_ws/install/srdfdom/local/lib/python3.10/dist-packages:/home/aaron/ur_ws/install/launch_param_builder/lib/python3.10/site-packages:${PYTHONPATH} /usr/bin/cmake --install /home/aaron/ur_ws/build/moveit_ros_benchmarks
