[  1%] [32mBuilding CXX object gtest/CMakeFiles/gtest.dir/src/gtest-all.cc.o[0m
[  3%] [32mBuilding CXX object CMakeFiles/planning_context_loader_base.dir/src/planning_context_loader.cpp.o[0m
[  3%] [32mBuilding CXX object gtest/CMakeFiles/gtest_main.dir/src/gtest_main.cc.o[0m
[  4%] [32mBuilding CXX object gmock/CMakeFiles/gmock_main.dir/src/gmock_main.cc.o[0m
[  6%] [32mBuilding CXX object gmock/CMakeFiles/gmock.dir/opt/ros/humble/src/gtest_vendor/src/gtest-all.cc.o[0m
[  7%] [32mBuilding CXX object CMakeFiles/joint_limits_common.dir/src/joint_limits_validator.cpp.o[0m
[  8%] [32mBuilding CXX object CMakeFiles/joint_limits_common.dir/src/limits_container.cpp.o[0m
[  9%] [32mBuilding CXX object CMakeFiles/joint_limits_common.dir/src/joint_limits_aggregator.cpp.o[0m
[ 10%] [32mBuilding CXX object CMakeFiles/joint_limits_common.dir/src/joint_limits_container.cpp.o[0m
[ 12%] [32mBuilding CXX object gmock/CMakeFiles/gmock.dir/src/gmock-all.cc.o[0m
[ 13%] [32mBuilding CXX object CMakeFiles/joint_limits_common.dir/src/cartesian_limit.cpp.o[0m
[ 14%] [32mBuilding CXX object CMakeFiles/joint_limits_common.dir/src/cartesian_limits_aggregator.cpp.o[0m
[ 15%] [32mBuilding CXX object CMakeFiles/trajectory_generation_common.dir/src/trajectory_functions.cpp.o[0m
[ 16%] [32mBuilding CXX object CMakeFiles/trajectory_generation_common.dir/src/trajectory_generator.cpp.o[0m
[ 18%] [32mBuilding CXX object CMakeFiles/trajectory_generation_common.dir/src/trajectory_blender_transition_window.cpp.o[0m
[ 19%] [32m[1mLinking CXX static library libgtest_main.a[0m
[ 19%] Built target gtest_main
[ 20%] [32m[1mLinking CXX static library libgmock_main.a[0m
[ 20%] Built target gmock_main
[ 21%] [32m[1mLinking CXX shared library libplanning_context_loader_base.so[0m
[ 22%] [32m[1mLinking CXX static library libgmock.a[0m
[ 22%] Built target gmock
[ 24%] [32m[1mLinking CXX static library libgtest.a[0m
[ 24%] Built target gtest
gmake[2]: *** Deleting file 'libplanning_context_loader_base.so'
gmake[2]: *** [CMakeFiles/joint_limits_common.dir/build.make:76: CMakeFiles/joint_limits_common.dir/src/joint_limits_aggregator.cpp.o] Interrupt
gmake[2]: *** [CMakeFiles/trajectory_generation_common.dir/build.make:90: CMakeFiles/trajectory_generation_common.dir/src/trajectory_generator.cpp.o] Interrupt
gmake[2]: *** [CMakeFiles/trajectory_generation_common.dir/build.make:104: CMakeFiles/trajectory_generation_common.dir/src/trajectory_blender_transition_window.cpp.o] Interrupt
gmake[2]: *** wait: No child processes.  Stop.
gmake[2]: *** Waiting for unfinished jobs....
gmake[2]: *** wait: No child processes.  Stop.
gmake[1]: *** [CMakeFiles/Makefile2:302: CMakeFiles/joint_limits_common.dir/all] Interrupt
gmake[1]: *** [CMakeFiles/Makefile2:328: CMakeFiles/trajectory_generation_common.dir/all] Error 2
gmake[2]: *** [CMakeFiles/planning_context_loader_base.dir/build.make:356: libplanning_context_loader_base.so] Interrupt
gmake[1]: *** [CMakeFiles/Makefile2:276: CMakeFiles/planning_context_loader_base.dir/all] Interrupt
gmake: *** [Makefile:146: all] Interrupt
