[2.207s] Invoking command in '/home/aaron/ur_ws/src/launch_param_builder': PYTHONPATH=/home/aaron/ur_ws/build/launch_param_builder/prefix_override:/usr/lib/python3/dist-packages/colcon_core/task/python/colcon_distutils_commands:/home/aaron/ur_ws/install/launch_param_builder/lib/python3.10/site-packages:${PYTHONPATH} /usr/bin/python3 -W ignore:setup.py install is deprecated -W ignore:easy_install command is deprecated setup.py egg_info --egg-base ../../build/launch_param_builder build --build-base /home/aaron/ur_ws/build/launch_param_builder/build install --record /home/aaron/ur_ws/build/launch_param_builder/install.log --single-version-externally-managed install_data
[2.655s] running egg_info
[2.656s] writing ../../build/launch_param_builder/launch_param_builder.egg-info/PKG-INFO
[2.656s] writing dependency_links to ../../build/launch_param_builder/launch_param_builder.egg-info/dependency_links.txt
[2.656s] writing entry points to ../../build/launch_param_builder/launch_param_builder.egg-info/entry_points.txt
[2.656s] writing requirements to ../../build/launch_param_builder/launch_param_builder.egg-info/requires.txt
[2.656s] writing top-level names to ../../build/launch_param_builder/launch_param_builder.egg-info/top_level.txt
[2.659s] reading manifest file '../../build/launch_param_builder/launch_param_builder.egg-info/SOURCES.txt'
[2.660s] adding license file 'LICENSE'
[2.661s] writing manifest file '../../build/launch_param_builder/launch_param_builder.egg-info/SOURCES.txt'
[2.661s] running build
[2.661s] running build_py
[2.661s] running install
[2.662s] running install_lib
[2.663s] running install_data
[2.663s] running install_egg_info
[2.666s] removing '/home/aaron/ur_ws/install/launch_param_builder/lib/python3.10/site-packages/launch_param_builder-0.1.1-py3.10.egg-info' (and everything under it)
[2.666s] Copying ../../build/launch_param_builder/launch_param_builder.egg-info to /home/aaron/ur_ws/install/launch_param_builder/lib/python3.10/site-packages/launch_param_builder-0.1.1-py3.10.egg-info
[2.667s] running install_scripts
[2.692s] writing list of installed files to '/home/aaron/ur_ws/build/launch_param_builder/install.log'
[2.724s] Invoked command in '/home/aaron/ur_ws/src/launch_param_builder' returned '0': PYTHONPATH=/home/aaron/ur_ws/build/launch_param_builder/prefix_override:/usr/lib/python3/dist-packages/colcon_core/task/python/colcon_distutils_commands:/home/aaron/ur_ws/install/launch_param_builder/lib/python3.10/site-packages:${PYTHONPATH} /usr/bin/python3 -W ignore:setup.py install is deprecated -W ignore:easy_install command is deprecated setup.py egg_info --egg-base ../../build/launch_param_builder build --build-base /home/aaron/ur_ws/build/launch_param_builder/build install --record /home/aaron/ur_ws/build/launch_param_builder/install.log --single-version-externally-managed install_data
