[0.014s] Invoking command in '/home/aaron/ur_ws/build/rosparam_shortcuts': CMAKE_PREFIX_PATH=${CMAKE_PREFIX_PATH}:/home/aaron/ur_ws/install/waypoint_pub:/home/aaron/ur_ws/install/moveit_configs_utils:/home/aaron/ur_ws/install/launch_param_builder:/home/aaron/ur_ws/install/Open_control:/opt/ros/humble /usr/bin/cmake --build /home/aaron/ur_ws/build/rosparam_shortcuts -- -j20 -l20
[0.079s] [ 15%] Built target gtest
[0.079s] [ 30%] Built target gtest_main
[0.080s] [ 53%] Built target rosparam_shortcuts
[0.107s] [ 69%] Built target rosparam_shortcuts_example
[0.110s] [ 84%] Built target rosparam_shortcuts_node_parameters_example
[0.114s] [100%] Built target test_node_parameters
[0.124s] Invoked command in '/home/aaron/ur_ws/build/rosparam_shortcuts' returned '0': CMAKE_PREFIX_PATH=${CMAKE_PREFIX_PATH}:/home/aaron/ur_ws/install/waypoint_pub:/home/aaron/ur_ws/install/moveit_configs_utils:/home/aaron/ur_ws/install/launch_param_builder:/home/aaron/ur_ws/install/Open_control:/opt/ros/humble /usr/bin/cmake --build /home/aaron/ur_ws/build/rosparam_shortcuts -- -j20 -l20
[0.125s] Invoking command in '/home/aaron/ur_ws/build/rosparam_shortcuts': CMAKE_PREFIX_PATH=${CMAKE_PREFIX_PATH}:/home/aaron/ur_ws/install/waypoint_pub:/home/aaron/ur_ws/install/moveit_configs_utils:/home/aaron/ur_ws/install/launch_param_builder:/home/aaron/ur_ws/install/Open_control:/opt/ros/humble /usr/bin/cmake --install /home/aaron/ur_ws/build/rosparam_shortcuts
[0.134s] -- Install configuration: ""
[0.134s] -- Up-to-date: /home/aaron/ur_ws/install/rosparam_shortcuts/lib/librosparam_shortcuts.so
[0.134s] -- Up-to-date: /home/aaron/ur_ws/install/rosparam_shortcuts/lib/rosparam_shortcuts/example
[0.134s] -- Up-to-date: /home/aaron/ur_ws/install/rosparam_shortcuts/lib/rosparam_shortcuts/node_parameters_example
[0.134s] -- Up-to-date: /home/aaron/ur_ws/install/rosparam_shortcuts/include
[0.134s] -- Up-to-date: /home/aaron/ur_ws/install/rosparam_shortcuts/include/rosparam_shortcuts
[0.134s] -- Up-to-date: /home/aaron/ur_ws/install/rosparam_shortcuts/include/rosparam_shortcuts/rosparam_shortcuts.h
[0.134s] -- Up-to-date: /home/aaron/ur_ws/install/rosparam_shortcuts/include/rosparam_shortcuts/node_parameters.h
[0.135s] -- Up-to-date: /home/aaron/ur_ws/install/rosparam_shortcuts/share/rosparam_shortcuts/launch
[0.135s] -- Up-to-date: /home/aaron/ur_ws/install/rosparam_shortcuts/share/rosparam_shortcuts/launch/example.launch.py
[0.135s] -- Up-to-date: /home/aaron/ur_ws/install/rosparam_shortcuts/share/rosparam_shortcuts/config
[0.135s] -- Up-to-date: /home/aaron/ur_ws/install/rosparam_shortcuts/share/rosparam_shortcuts/config/example.yaml
[0.135s] -- Up-to-date: /home/aaron/ur_ws/install/rosparam_shortcuts/share/rosparam_shortcuts/environment/library_path.sh
[0.135s] -- Up-to-date: /home/aaron/ur_ws/install/rosparam_shortcuts/share/rosparam_shortcuts/environment/library_path.dsv
[0.135s] -- Up-to-date: /home/aaron/ur_ws/install/rosparam_shortcuts/share/ament_index/resource_index/package_run_dependencies/rosparam_shortcuts
[0.135s] -- Up-to-date: /home/aaron/ur_ws/install/rosparam_shortcuts/share/ament_index/resource_index/parent_prefix_path/rosparam_shortcuts
[0.135s] -- Up-to-date: /home/aaron/ur_ws/install/rosparam_shortcuts/share/rosparam_shortcuts/environment/ament_prefix_path.sh
[0.135s] -- Up-to-date: /home/aaron/ur_ws/install/rosparam_shortcuts/share/rosparam_shortcuts/environment/ament_prefix_path.dsv
[0.135s] -- Up-to-date: /home/aaron/ur_ws/install/rosparam_shortcuts/share/rosparam_shortcuts/environment/path.sh
[0.135s] -- Up-to-date: /home/aaron/ur_ws/install/rosparam_shortcuts/share/rosparam_shortcuts/environment/path.dsv
[0.136s] -- Up-to-date: /home/aaron/ur_ws/install/rosparam_shortcuts/share/rosparam_shortcuts/local_setup.bash
[0.136s] -- Up-to-date: /home/aaron/ur_ws/install/rosparam_shortcuts/share/rosparam_shortcuts/local_setup.sh
[0.136s] -- Up-to-date: /home/aaron/ur_ws/install/rosparam_shortcuts/share/rosparam_shortcuts/local_setup.zsh
[0.136s] -- Up-to-date: /home/aaron/ur_ws/install/rosparam_shortcuts/share/rosparam_shortcuts/local_setup.dsv
[0.136s] -- Installing: /home/aaron/ur_ws/install/rosparam_shortcuts/share/rosparam_shortcuts/package.dsv
[0.137s] -- Up-to-date: /home/aaron/ur_ws/install/rosparam_shortcuts/share/ament_index/resource_index/packages/rosparam_shortcuts
[0.137s] -- Up-to-date: /home/aaron/ur_ws/install/rosparam_shortcuts/share/rosparam_shortcuts/cmake/export_rosparam_shortcutsExport.cmake
[0.137s] -- Up-to-date: /home/aaron/ur_ws/install/rosparam_shortcuts/share/rosparam_shortcuts/cmake/export_rosparam_shortcutsExport-noconfig.cmake
[0.138s] -- Up-to-date: /home/aaron/ur_ws/install/rosparam_shortcuts/share/rosparam_shortcuts/cmake/ament_cmake_export_targets-extras.cmake
[0.138s] -- Up-to-date: /home/aaron/ur_ws/install/rosparam_shortcuts/share/rosparam_shortcuts/cmake/ament_cmake_export_dependencies-extras.cmake
[0.138s] -- Up-to-date: /home/aaron/ur_ws/install/rosparam_shortcuts/share/rosparam_shortcuts/cmake/rosparam_shortcutsConfig.cmake
[0.138s] -- Up-to-date: /home/aaron/ur_ws/install/rosparam_shortcuts/share/rosparam_shortcuts/cmake/rosparam_shortcutsConfig-version.cmake
[0.138s] -- Up-to-date: /home/aaron/ur_ws/install/rosparam_shortcuts/share/rosparam_shortcuts/package.xml
[0.138s] Invoked command in '/home/aaron/ur_ws/build/rosparam_shortcuts' returned '0': CMAKE_PREFIX_PATH=${CMAKE_PREFIX_PATH}:/home/aaron/ur_ws/install/waypoint_pub:/home/aaron/ur_ws/install/moveit_configs_utils:/home/aaron/ur_ws/install/launch_param_builder:/home/aaron/ur_ws/install/Open_control:/opt/ros/humble /usr/bin/cmake --install /home/aaron/ur_ws/build/rosparam_shortcuts
