[0.400s] Invoking command in '/home/aaron/ur_ws/src/Open_control': PYTHONPATH=/home/aaron/ur_ws/build/Open_control/prefix_override:/usr/lib/python3/dist-packages/colcon_core/task/python/colcon_distutils_commands:/home/aaron/ur_ws/install/Open_control/lib/python3.10/site-packages:${PYTHONPATH} /usr/bin/python3 -W ignore:setup.py install is deprecated -W ignore:easy_install command is deprecated setup.py egg_info --egg-base ../../build/Open_control build --build-base /home/aaron/ur_ws/build/Open_control/build install --record /home/aaron/ur_ws/build/Open_control/install.log --single-version-externally-managed install_data
[0.559s] running egg_info
[0.559s] writing ../../build/Open_control/Open_control.egg-info/PKG-INFO
[0.559s] writing dependency_links to ../../build/Open_control/Open_control.egg-info/dependency_links.txt
[0.559s] writing entry points to ../../build/Open_control/Open_control.egg-info/entry_points.txt
[0.559s] writing requirements to ../../build/Open_control/Open_control.egg-info/requires.txt
[0.559s] writing top-level names to ../../build/Open_control/Open_control.egg-info/top_level.txt
[0.560s] reading manifest file '../../build/Open_control/Open_control.egg-info/SOURCES.txt'
[0.561s] adding license file 'LICENSE'
[0.561s] writing manifest file '../../build/Open_control/Open_control.egg-info/SOURCES.txt'
[0.561s] running build
[0.561s] running build_py
[0.561s] running install
[0.561s] running install_lib
[0.562s] running install_data
[0.562s] running install_egg_info
[0.563s] removing '/home/aaron/ur_ws/install/Open_control/lib/python3.10/site-packages/Open_control-0.0.0-py3.10.egg-info' (and everything under it)
[0.563s] Copying ../../build/Open_control/Open_control.egg-info to /home/aaron/ur_ws/install/Open_control/lib/python3.10/site-packages/Open_control-0.0.0-py3.10.egg-info
[0.564s] running install_scripts
[0.578s] writing list of installed files to '/home/aaron/ur_ws/build/Open_control/install.log'
[0.592s] Invoked command in '/home/aaron/ur_ws/src/Open_control' returned '0': PYTHONPATH=/home/aaron/ur_ws/build/Open_control/prefix_override:/usr/lib/python3/dist-packages/colcon_core/task/python/colcon_distutils_commands:/home/aaron/ur_ws/install/Open_control/lib/python3.10/site-packages:${PYTHONPATH} /usr/bin/python3 -W ignore:setup.py install is deprecated -W ignore:easy_install command is deprecated setup.py egg_info --egg-base ../../build/Open_control build --build-base /home/aaron/ur_ws/build/Open_control/build install --record /home/aaron/ur_ws/build/Open_control/install.log --single-version-externally-managed install_data
