[0.029s] Invoking command in '/home/aaron/ur_ws/build/moveit_planners_ompl': AMENT_PREFIX_PATH=/home/aaron/ur_ws/install/moveit_ros_planning:/home/aaron/ur_ws/install/moveit_ros_occupancy_map_monitor:/home/aaron/ur_ws/install/moveit_core:/home/aaron/ur_ws/install/moveit_resources_panda_moveit_config:/home/aaron/ur_ws/install/moveit_resources_fanuc_moveit_config:/home/aaron/ur_ws/install/moveit_configs_utils:/home/aaron/ur_ws/install/srdfdom:/home/aaron/ur_ws/install/moveit_resources_pr2_description:/home/aaron/ur_ws/install/moveit_resources_panda_description:/home/aaron/ur_ws/install/moveit_resources_fanuc_description:/home/aaron/ur_ws/install/moveit_common:/home/aaron/ur_ws/install/launch_param_builder:${AMENT_PREFIX_PATH} CMAKE_PREFIX_PATH=/home/aaron/ur_ws/install/moveit_ros_planning:/home/aaron/ur_ws/install/moveit_ros_occupancy_map_monitor:/home/aaron/ur_ws/install/moveit_core:/home/aaron/ur_ws/install/moveit_resources_panda_moveit_config:/home/aaron/ur_ws/install/moveit_resources_fanuc_moveit_config:/home/aaron/ur_ws/install/srdfdom:/home/aaron/ur_ws/install/moveit_resources_pr2_description:/home/aaron/ur_ws/install/moveit_resources_panda_description:/home/aaron/ur_ws/install/moveit_resources_fanuc_description:/home/aaron/ur_ws/install/moveit_common:/opt/ros/humble LD_LIBRARY_PATH=/home/aaron/ur_ws/install/moveit_ros_planning/lib:/home/aaron/ur_ws/install/moveit_ros_occupancy_map_monitor/lib:/home/aaron/ur_ws/install/moveit_core/lib:/home/aaron/ur_ws/install/srdfdom/lib:${LD_LIBRARY_PATH} PATH=/home/aaron/ur_ws/install/moveit_core/bin:${PATH} PYTHONPATH=/home/aaron/ur_ws/install/moveit_configs_utils/lib/python3.10/site-packages:/home/aaron/ur_ws/install/srdfdom/local/lib/python3.10/dist-packages:/home/aaron/ur_ws/install/launch_param_builder/lib/python3.10/site-packages:${PYTHONPATH} /usr/bin/cmake --build /home/aaron/ur_ws/build/moveit_planners_ompl -- -j20 -l20
[0.103s] [  2%] [32mBuilding CXX object gtest/CMakeFiles/gtest_main.dir/src/gtest_main.cc.o[0m
[0.104s] [  4%] [32mBuilding CXX object gtest/CMakeFiles/gtest.dir/src/gtest-all.cc.o[0m
[0.464s] [  7%] [32mBuilding CXX object ompl_interface/CMakeFiles/moveit_ompl_interface.dir/src/ompl_interface.cpp.o[0m
[0.494s] [  9%] [32mBuilding CXX object ompl_interface/CMakeFiles/moveit_ompl_interface.dir/src/planning_context_manager.cpp.o[0m
[0.502s] [ 12%] [32mBuilding CXX object ompl_interface/CMakeFiles/moveit_ompl_interface.dir/src/model_based_planning_context.cpp.o[0m
[0.512s] [ 17%] [32mBuilding CXX object ompl_interface/CMakeFiles/moveit_ompl_interface.dir/src/parameterization/model_based_state_space.cpp.o[0m
[0.518s] [ 19%] [32mBuilding CXX object ompl_interface/CMakeFiles/moveit_ompl_interface.dir/src/parameterization/joint_space/constrained_planning_state_space.cpp.o[0m
[0.518s] [ 19%] [32mBuilding CXX object ompl_interface/CMakeFiles/moveit_ompl_interface.dir/src/parameterization/model_based_state_space_factory.cpp.o[0m
[0.532s] [ 21%] [32mBuilding CXX object ompl_interface/CMakeFiles/moveit_ompl_interface.dir/src/parameterization/joint_space/joint_model_state_space.cpp.o[0m
[0.549s] [ 24%] [32mBuilding CXX object ompl_interface/CMakeFiles/moveit_ompl_interface.dir/src/parameterization/joint_space/constrained_planning_state_space_factory.cpp.o[0m
[0.566s] [ 26%] [32mBuilding CXX object ompl_interface/CMakeFiles/moveit_ompl_interface.dir/src/parameterization/joint_space/joint_model_state_space_factory.cpp.o[0m
[0.571s] [ 29%] [32mBuilding CXX object ompl_interface/CMakeFiles/moveit_ompl_interface.dir/src/parameterization/work_space/pose_model_state_space_factory.cpp.o[0m
[0.603s] [ 31%] [32mBuilding CXX object ompl_interface/CMakeFiles/moveit_ompl_interface.dir/src/parameterization/work_space/pose_model_state_space.cpp.o[0m
[0.623s] [ 34%] [32mBuilding CXX object ompl_interface/CMakeFiles/moveit_ompl_interface.dir/src/detail/ompl_constraints.cpp.o[0m
[0.677s] [ 36%] [32mBuilding CXX object ompl_interface/CMakeFiles/moveit_ompl_interface.dir/src/detail/threadsafe_state_storage.cpp.o[0m
[0.687s] [ 39%] [32mBuilding CXX object ompl_interface/CMakeFiles/moveit_ompl_interface.dir/src/detail/state_validity_checker.cpp.o[0m
[0.704s] [ 41%] [32mBuilding CXX object ompl_interface/CMakeFiles/moveit_ompl_interface.dir/src/detail/projection_evaluators.cpp.o[0m
[0.716s] [ 43%] [32mBuilding CXX object ompl_interface/CMakeFiles/moveit_ompl_interface.dir/src/detail/goal_union.cpp.o[0m
[0.756s] [ 46%] [32mBuilding CXX object ompl_interface/CMakeFiles/moveit_ompl_interface.dir/src/detail/constrained_sampler.cpp.o[0m
[0.767s] [ 48%] [32mBuilding CXX object ompl_interface/CMakeFiles/moveit_ompl_interface.dir/src/detail/constraints_library.cpp.o[0m
[10.346s] [ 51%] [32m[1mLinking CXX static library libgtest_main.a[0m
[10.557s] [ 51%] Built target gtest_main
[10.616s] [ 53%] [32mBuilding CXX object ompl_interface/CMakeFiles/moveit_ompl_interface.dir/src/detail/constrained_valid_state_sampler.cpp.o[0m
[65.863s] [ 56%] [32m[1mLinking CXX static library libgtest.a[0m
[66.112s] [ 56%] Built target gtest
[82.825s] [ 58%] [32mBuilding CXX object ompl_interface/CMakeFiles/moveit_ompl_interface.dir/src/detail/constrained_goal_sampler.cpp.o[0m
[92.803s] [ 60%] [32m[1mLinking CXX shared library libmoveit_ompl_interface.so[0m
[93.385s] [ 60%] Built target moveit_ompl_interface
[93.442s] [ 63%] [32mBuilding CXX object ompl_interface/CMakeFiles/moveit_generate_state_database.dir/scripts/generate_state_database.cpp.o[0m
[105.931s] [ 65%] [32m[1mLinking CXX executable generate_state_database[0m
[106.370s] [ 65%] Built target moveit_generate_state_database
[106.411s] [ 68%] [32mBuilding CXX object ompl_interface/CMakeFiles/test_threadsafe_state_storage.dir/test/test_threadsafe_state_storage.cpp.o[0m
[111.935s] [ 70%] [32m[1mLinking CXX executable test_threadsafe_state_storage[0m
[112.459s] [ 70%] Built target test_threadsafe_state_storage
[112.520s] [ 73%] [32mBuilding CXX object ompl_interface/CMakeFiles/moveit_ompl_planner_plugin.dir/src/ompl_planner_manager.cpp.o[0m
[112.524s] [ 78%] [32mBuilding CXX object ompl_interface/CMakeFiles/test_planning_context_manager.dir/test/test_planning_context_manager.cpp.o[0m
[112.524s] [ 78%] [32mBuilding CXX object ompl_interface/CMakeFiles/test_state_space.dir/test/test_state_space.cpp.o[0m
[112.527s] [ 80%] [32mBuilding CXX object ompl_interface/CMakeFiles/test_constrained_state_validity_checker.dir/test/test_constrained_state_validity_checker.cpp.o[0m
[112.529s] [ 82%] [32mBuilding CXX object ompl_interface/CMakeFiles/test_constrained_planning_state_space.dir/test/test_constrained_planning_state_space.cpp.o[0m
[112.538s] [ 85%] [32mBuilding CXX object ompl_interface/CMakeFiles/test_state_validity_checker.dir/test/test_state_validity_checker.cpp.o[0m
[127.101s] [ 87%] [32m[1mLinking CXX executable test_state_space[0m
[128.257s] [ 87%] Built target test_state_space
[128.609s] [ 90%] [32m[1mLinking CXX executable test_constrained_planning_state_space[0m
[129.058s] [ 92%] [32m[1mLinking CXX shared library libmoveit_ompl_planner_plugin.so[0m
[129.470s] [ 92%] Built target test_constrained_planning_state_space
[129.721s] [ 92%] Built target moveit_ompl_planner_plugin
[130.359s] [ 95%] [32m[1mLinking CXX executable test_constrained_state_validity_checker[0m
[131.054s] [ 95%] Built target test_constrained_state_validity_checker
[134.726s] [ 97%] [32m[1mLinking CXX executable test_planning_context_manager[0m
[135.686s] [ 97%] Built target test_planning_context_manager
[136.717s] [100%] [32m[1mLinking CXX executable test_state_validity_checker[0m
[138.038s] [100%] Built target test_state_validity_checker
[138.094s] Invoked command in '/home/aaron/ur_ws/build/moveit_planners_ompl' returned '0': AMENT_PREFIX_PATH=/home/aaron/ur_ws/install/moveit_ros_planning:/home/aaron/ur_ws/install/moveit_ros_occupancy_map_monitor:/home/aaron/ur_ws/install/moveit_core:/home/aaron/ur_ws/install/moveit_resources_panda_moveit_config:/home/aaron/ur_ws/install/moveit_resources_fanuc_moveit_config:/home/aaron/ur_ws/install/moveit_configs_utils:/home/aaron/ur_ws/install/srdfdom:/home/aaron/ur_ws/install/moveit_resources_pr2_description:/home/aaron/ur_ws/install/moveit_resources_panda_description:/home/aaron/ur_ws/install/moveit_resources_fanuc_description:/home/aaron/ur_ws/install/moveit_common:/home/aaron/ur_ws/install/launch_param_builder:${AMENT_PREFIX_PATH} CMAKE_PREFIX_PATH=/home/aaron/ur_ws/install/moveit_ros_planning:/home/aaron/ur_ws/install/moveit_ros_occupancy_map_monitor:/home/aaron/ur_ws/install/moveit_core:/home/aaron/ur_ws/install/moveit_resources_panda_moveit_config:/home/aaron/ur_ws/install/moveit_resources_fanuc_moveit_config:/home/aaron/ur_ws/install/srdfdom:/home/aaron/ur_ws/install/moveit_resources_pr2_description:/home/aaron/ur_ws/install/moveit_resources_panda_description:/home/aaron/ur_ws/install/moveit_resources_fanuc_description:/home/aaron/ur_ws/install/moveit_common:/opt/ros/humble LD_LIBRARY_PATH=/home/aaron/ur_ws/install/moveit_ros_planning/lib:/home/aaron/ur_ws/install/moveit_ros_occupancy_map_monitor/lib:/home/aaron/ur_ws/install/moveit_core/lib:/home/aaron/ur_ws/install/srdfdom/lib:${LD_LIBRARY_PATH} PATH=/home/aaron/ur_ws/install/moveit_core/bin:${PATH} PYTHONPATH=/home/aaron/ur_ws/install/moveit_configs_utils/lib/python3.10/site-packages:/home/aaron/ur_ws/install/srdfdom/local/lib/python3.10/dist-packages:/home/aaron/ur_ws/install/launch_param_builder/lib/python3.10/site-packages:${PYTHONPATH} /usr/bin/cmake --build /home/aaron/ur_ws/build/moveit_planners_ompl -- -j20 -l20
[138.099s] Invoking command in '/home/aaron/ur_ws/build/moveit_planners_ompl': AMENT_PREFIX_PATH=/home/aaron/ur_ws/install/moveit_ros_planning:/home/aaron/ur_ws/install/moveit_ros_occupancy_map_monitor:/home/aaron/ur_ws/install/moveit_core:/home/aaron/ur_ws/install/moveit_resources_panda_moveit_config:/home/aaron/ur_ws/install/moveit_resources_fanuc_moveit_config:/home/aaron/ur_ws/install/moveit_configs_utils:/home/aaron/ur_ws/install/srdfdom:/home/aaron/ur_ws/install/moveit_resources_pr2_description:/home/aaron/ur_ws/install/moveit_resources_panda_description:/home/aaron/ur_ws/install/moveit_resources_fanuc_description:/home/aaron/ur_ws/install/moveit_common:/home/aaron/ur_ws/install/launch_param_builder:${AMENT_PREFIX_PATH} CMAKE_PREFIX_PATH=/home/aaron/ur_ws/install/moveit_ros_planning:/home/aaron/ur_ws/install/moveit_ros_occupancy_map_monitor:/home/aaron/ur_ws/install/moveit_core:/home/aaron/ur_ws/install/moveit_resources_panda_moveit_config:/home/aaron/ur_ws/install/moveit_resources_fanuc_moveit_config:/home/aaron/ur_ws/install/srdfdom:/home/aaron/ur_ws/install/moveit_resources_pr2_description:/home/aaron/ur_ws/install/moveit_resources_panda_description:/home/aaron/ur_ws/install/moveit_resources_fanuc_description:/home/aaron/ur_ws/install/moveit_common:/opt/ros/humble LD_LIBRARY_PATH=/home/aaron/ur_ws/install/moveit_ros_planning/lib:/home/aaron/ur_ws/install/moveit_ros_occupancy_map_monitor/lib:/home/aaron/ur_ws/install/moveit_core/lib:/home/aaron/ur_ws/install/srdfdom/lib:${LD_LIBRARY_PATH} PATH=/home/aaron/ur_ws/install/moveit_core/bin:${PATH} PYTHONPATH=/home/aaron/ur_ws/install/moveit_configs_utils/lib/python3.10/site-packages:/home/aaron/ur_ws/install/srdfdom/local/lib/python3.10/dist-packages:/home/aaron/ur_ws/install/launch_param_builder/lib/python3.10/site-packages:${PYTHONPATH} /usr/bin/cmake --install /home/aaron/ur_ws/build/moveit_planners_ompl
[138.117s] -- Install configuration: "Release"
[138.122s] -- Installing: /home/aaron/ur_ws/install/moveit_planners_ompl/lib/moveit_planners_ompl/generate_state_database
[138.122s] -- Set runtime path of "/home/aaron/ur_ws/install/moveit_planners_ompl/lib/moveit_planners_ompl/generate_state_database" to ""
[138.123s] -- Up-to-date: /home/aaron/ur_ws/install/moveit_planners_ompl/include
[138.123s] -- Up-to-date: /home/aaron/ur_ws/install/moveit_planners_ompl/include/moveit
[138.123s] -- Up-to-date: /home/aaron/ur_ws/install/moveit_planners_ompl/include/moveit/ompl_interface
[138.123s] -- Up-to-date: /home/aaron/ur_ws/install/moveit_planners_ompl/include/moveit/ompl_interface/parameterization
[138.123s] -- Up-to-date: /home/aaron/ur_ws/install/moveit_planners_ompl/include/moveit/ompl_interface/parameterization/model_based_state_space.h
[138.124s] -- Up-to-date: /home/aaron/ur_ws/install/moveit_planners_ompl/include/moveit/ompl_interface/parameterization/work_space
[138.124s] -- Up-to-date: /home/aaron/ur_ws/install/moveit_planners_ompl/include/moveit/ompl_interface/parameterization/work_space/pose_model_state_space_factory.h
[138.124s] -- Up-to-date: /home/aaron/ur_ws/install/moveit_planners_ompl/include/moveit/ompl_interface/parameterization/work_space/pose_model_state_space.h
[138.124s] -- Up-to-date: /home/aaron/ur_ws/install/moveit_planners_ompl/include/moveit/ompl_interface/parameterization/joint_space
[138.124s] -- Up-to-date: /home/aaron/ur_ws/install/moveit_planners_ompl/include/moveit/ompl_interface/parameterization/joint_space/joint_model_state_space_factory.h
[138.124s] -- Up-to-date: /home/aaron/ur_ws/install/moveit_planners_ompl/include/moveit/ompl_interface/parameterization/joint_space/constrained_planning_state_space.h
[138.125s] -- Up-to-date: /home/aaron/ur_ws/install/moveit_planners_ompl/include/moveit/ompl_interface/parameterization/joint_space/joint_model_state_space.h
[138.125s] -- Up-to-date: /home/aaron/ur_ws/install/moveit_planners_ompl/include/moveit/ompl_interface/parameterization/joint_space/constrained_planning_state_space_factory.h
[138.125s] -- Up-to-date: /home/aaron/ur_ws/install/moveit_planners_ompl/include/moveit/ompl_interface/parameterization/model_based_state_space_factory.h
[138.125s] -- Up-to-date: /home/aaron/ur_ws/install/moveit_planners_ompl/include/moveit/ompl_interface/model_based_planning_context.h
[138.125s] -- Up-to-date: /home/aaron/ur_ws/install/moveit_planners_ompl/include/moveit/ompl_interface/planning_context_manager.h
[138.126s] -- Up-to-date: /home/aaron/ur_ws/install/moveit_planners_ompl/include/moveit/ompl_interface/detail
[138.126s] -- Up-to-date: /home/aaron/ur_ws/install/moveit_planners_ompl/include/moveit/ompl_interface/detail/constraints_library.h
[138.126s] -- Up-to-date: /home/aaron/ur_ws/install/moveit_planners_ompl/include/moveit/ompl_interface/detail/constrained_goal_sampler.h
[138.126s] -- Up-to-date: /home/aaron/ur_ws/install/moveit_planners_ompl/include/moveit/ompl_interface/detail/goal_union.h
[138.126s] -- Up-to-date: /home/aaron/ur_ws/install/moveit_planners_ompl/include/moveit/ompl_interface/detail/threadsafe_state_storage.h
[138.126s] -- Up-to-date: /home/aaron/ur_ws/install/moveit_planners_ompl/include/moveit/ompl_interface/detail/constrained_valid_state_sampler.h
[138.127s] -- Up-to-date: /home/aaron/ur_ws/install/moveit_planners_ompl/include/moveit/ompl_interface/detail/constrained_sampler.h
[138.127s] -- Up-to-date: /home/aaron/ur_ws/install/moveit_planners_ompl/include/moveit/ompl_interface/detail/constraint_approximations.h
[138.127s] -- Up-to-date: /home/aaron/ur_ws/install/moveit_planners_ompl/include/moveit/ompl_interface/detail/state_validity_checker.h
[138.127s] -- Up-to-date: /home/aaron/ur_ws/install/moveit_planners_ompl/include/moveit/ompl_interface/detail/ompl_constraints.h
[138.127s] -- Up-to-date: /home/aaron/ur_ws/install/moveit_planners_ompl/include/moveit/ompl_interface/detail/projection_evaluators.h
[138.127s] -- Up-to-date: /home/aaron/ur_ws/install/moveit_planners_ompl/include/moveit/ompl_interface/ompl_interface.h
[138.128s] -- Installing: /home/aaron/ur_ws/install/moveit_planners_ompl/lib/libmoveit_ompl_interface.so.2.5.9
[138.130s] -- Set runtime path of "/home/aaron/ur_ws/install/moveit_planners_ompl/lib/libmoveit_ompl_interface.so.2.5.9" to ""
[138.130s] -- Up-to-date: /home/aaron/ur_ws/install/moveit_planners_ompl/lib/libmoveit_ompl_interface.so
[138.130s] -- Installing: /home/aaron/ur_ws/install/moveit_planners_ompl/lib/libmoveit_ompl_planner_plugin.so.2.5.9
[138.132s] -- Set runtime path of "/home/aaron/ur_ws/install/moveit_planners_ompl/lib/libmoveit_ompl_planner_plugin.so.2.5.9" to ""
[138.133s] -- Up-to-date: /home/aaron/ur_ws/install/moveit_planners_ompl/lib/libmoveit_ompl_planner_plugin.so
[138.133s] -- Up-to-date: /home/aaron/ur_ws/install/moveit_planners_ompl/share/moveit_planners_ompl/environment/library_path.sh
[138.134s] -- Up-to-date: /home/aaron/ur_ws/install/moveit_planners_ompl/share/moveit_planners_ompl/environment/library_path.dsv
[138.134s] -- Up-to-date: /home/aaron/ur_ws/install/moveit_planners_ompl/share/moveit_planners_ompl/ompl_interface_plugin_description.xml
[138.134s] -- Up-to-date: /home/aaron/ur_ws/install/moveit_planners_ompl/share/ament_index/resource_index/package_run_dependencies/moveit_planners_ompl
[138.134s] -- Up-to-date: /home/aaron/ur_ws/install/moveit_planners_ompl/share/ament_index/resource_index/parent_prefix_path/moveit_planners_ompl
[138.135s] -- Up-to-date: /home/aaron/ur_ws/install/moveit_planners_ompl/share/moveit_planners_ompl/environment/ament_prefix_path.sh
[138.135s] -- Up-to-date: /home/aaron/ur_ws/install/moveit_planners_ompl/share/moveit_planners_ompl/environment/ament_prefix_path.dsv
[138.135s] -- Up-to-date: /home/aaron/ur_ws/install/moveit_planners_ompl/share/moveit_planners_ompl/environment/path.sh
[138.135s] -- Up-to-date: /home/aaron/ur_ws/install/moveit_planners_ompl/share/moveit_planners_ompl/environment/path.dsv
[138.136s] -- Up-to-date: /home/aaron/ur_ws/install/moveit_planners_ompl/share/moveit_planners_ompl/local_setup.bash
[138.136s] -- Up-to-date: /home/aaron/ur_ws/install/moveit_planners_ompl/share/moveit_planners_ompl/local_setup.sh
[138.136s] -- Up-to-date: /home/aaron/ur_ws/install/moveit_planners_ompl/share/moveit_planners_ompl/local_setup.zsh
[138.136s] -- Up-to-date: /home/aaron/ur_ws/install/moveit_planners_ompl/share/moveit_planners_ompl/local_setup.dsv
[138.137s] -- Installing: /home/aaron/ur_ws/install/moveit_planners_ompl/share/moveit_planners_ompl/package.dsv
[138.137s] -- Up-to-date: /home/aaron/ur_ws/install/moveit_planners_ompl/share/ament_index/resource_index/packages/moveit_planners_ompl
[138.137s] -- Up-to-date: /home/aaron/ur_ws/install/moveit_planners_ompl/share/ament_index/resource_index/moveit_core__pluginlib__plugin/moveit_planners_ompl
[138.137s] -- Up-to-date: /home/aaron/ur_ws/install/moveit_planners_ompl/share/moveit_planners_ompl/cmake/export_moveit_planners_omplExport.cmake
[138.137s] -- Up-to-date: /home/aaron/ur_ws/install/moveit_planners_ompl/share/moveit_planners_ompl/cmake/export_moveit_planners_omplExport-release.cmake
[138.137s] -- Up-to-date: /home/aaron/ur_ws/install/moveit_planners_ompl/share/moveit_planners_ompl/cmake/ament_cmake_export_targets-extras.cmake
[138.138s] -- Up-to-date: /home/aaron/ur_ws/install/moveit_planners_ompl/share/moveit_planners_ompl/cmake/ament_cmake_export_dependencies-extras.cmake
[138.138s] -- Up-to-date: /home/aaron/ur_ws/install/moveit_planners_ompl/share/moveit_planners_ompl/cmake/moveit_planners_omplConfig.cmake
[138.138s] -- Up-to-date: /home/aaron/ur_ws/install/moveit_planners_ompl/share/moveit_planners_ompl/cmake/moveit_planners_omplConfig-version.cmake
[138.138s] -- Up-to-date: /home/aaron/ur_ws/install/moveit_planners_ompl/share/moveit_planners_ompl/package.xml
[138.140s] Invoked command in '/home/aaron/ur_ws/build/moveit_planners_ompl' returned '0': AMENT_PREFIX_PATH=/home/aaron/ur_ws/install/moveit_ros_planning:/home/aaron/ur_ws/install/moveit_ros_occupancy_map_monitor:/home/aaron/ur_ws/install/moveit_core:/home/aaron/ur_ws/install/moveit_resources_panda_moveit_config:/home/aaron/ur_ws/install/moveit_resources_fanuc_moveit_config:/home/aaron/ur_ws/install/moveit_configs_utils:/home/aaron/ur_ws/install/srdfdom:/home/aaron/ur_ws/install/moveit_resources_pr2_description:/home/aaron/ur_ws/install/moveit_resources_panda_description:/home/aaron/ur_ws/install/moveit_resources_fanuc_description:/home/aaron/ur_ws/install/moveit_common:/home/aaron/ur_ws/install/launch_param_builder:${AMENT_PREFIX_PATH} CMAKE_PREFIX_PATH=/home/aaron/ur_ws/install/moveit_ros_planning:/home/aaron/ur_ws/install/moveit_ros_occupancy_map_monitor:/home/aaron/ur_ws/install/moveit_core:/home/aaron/ur_ws/install/moveit_resources_panda_moveit_config:/home/aaron/ur_ws/install/moveit_resources_fanuc_moveit_config:/home/aaron/ur_ws/install/srdfdom:/home/aaron/ur_ws/install/moveit_resources_pr2_description:/home/aaron/ur_ws/install/moveit_resources_panda_description:/home/aaron/ur_ws/install/moveit_resources_fanuc_description:/home/aaron/ur_ws/install/moveit_common:/opt/ros/humble LD_LIBRARY_PATH=/home/aaron/ur_ws/install/moveit_ros_planning/lib:/home/aaron/ur_ws/install/moveit_ros_occupancy_map_monitor/lib:/home/aaron/ur_ws/install/moveit_core/lib:/home/aaron/ur_ws/install/srdfdom/lib:${LD_LIBRARY_PATH} PATH=/home/aaron/ur_ws/install/moveit_core/bin:${PATH} PYTHONPATH=/home/aaron/ur_ws/install/moveit_configs_utils/lib/python3.10/site-packages:/home/aaron/ur_ws/install/srdfdom/local/lib/python3.10/dist-packages:/home/aaron/ur_ws/install/launch_param_builder/lib/python3.10/site-packages:${PYTHONPATH} /usr/bin/cmake --install /home/aaron/ur_ws/build/moveit_planners_ompl
