[0.032s] Invoking command in '/home/aaron/ur_ws/build/moveit_visual_tools': AMENT_PREFIX_PATH=/home/aaron/ur_ws/install/moveit_ros_planning:/home/aaron/ur_ws/install/moveit_ros_occupancy_map_monitor:/home/aaron/ur_ws/install/moveit_core:/home/aaron/ur_ws/install/moveit_resources_panda_moveit_config:/home/aaron/ur_ws/install/moveit_configs_utils:/home/aaron/ur_ws/install/srdfdom:/home/aaron/ur_ws/install/moveit_resources_pr2_description:/home/aaron/ur_ws/install/moveit_resources_panda_description:/home/aaron/ur_ws/install/moveit_common:/home/aaron/ur_ws/install/launch_param_builder:${AMENT_PREFIX_PATH} CMAKE_PREFIX_PATH=/home/aaron/ur_ws/install/moveit_ros_planning:/home/aaron/ur_ws/install/moveit_ros_occupancy_map_monitor:/home/aaron/ur_ws/install/moveit_core:/home/aaron/ur_ws/install/moveit_resources_panda_moveit_config:/home/aaron/ur_ws/install/srdfdom:/home/aaron/ur_ws/install/moveit_resources_pr2_description:/home/aaron/ur_ws/install/moveit_resources_panda_description:/home/aaron/ur_ws/install/moveit_common:/opt/ros/humble LD_LIBRARY_PATH=/home/aaron/ur_ws/install/moveit_ros_planning/lib:/home/aaron/ur_ws/install/moveit_ros_occupancy_map_monitor/lib:/home/aaron/ur_ws/install/moveit_core/lib:/home/aaron/ur_ws/install/srdfdom/lib:${LD_LIBRARY_PATH} PATH=/home/aaron/ur_ws/install/moveit_core/bin:${PATH} PYTHONPATH=/home/aaron/ur_ws/install/moveit_configs_utils/lib/python3.10/site-packages:/home/aaron/ur_ws/install/srdfdom/local/lib/python3.10/dist-packages:/home/aaron/ur_ws/install/launch_param_builder/lib/python3.10/site-packages:${PYTHONPATH} /usr/bin/cmake --build /home/aaron/ur_ws/build/moveit_visual_tools -- -j20 -l20
[0.062s] -- Found moveit_common: 2.5.9 (/home/aaron/ur_ws/install/moveit_common/share/moveit_common/cmake)
[0.062s] -- Found ament_cmake: 1.3.12 (/opt/ros/humble/share/ament_cmake/cmake)
[1.278s] [0mmoveit_visual_tools: You did not request a specific build type: Choosing 'Release' for maximum performance[0m
[1.318s] -- Found Boost: /usr/lib/x86_64-linux-gnu/cmake/Boost-1.74.0/BoostConfig.cmake (found version "1.74.0") found components: system 
[1.341s] -- Found geometry_msgs: 4.9.0 (/opt/ros/humble/share/geometry_msgs/cmake)
[1.718s] -- Found rosidl_generator_c: 3.1.8 (/opt/ros/humble/share/rosidl_generator_c/cmake)
[1.761s] -- Found rosidl_adapter: 3.1.8 (/opt/ros/humble/share/rosidl_adapter/cmake)
[1.870s] -- Found rosidl_generator_cpp: 3.1.8 (/opt/ros/humble/share/rosidl_generator_cpp/cmake)
[2.034s] -- Using all available rosidl_typesupport_c: rosidl_typesupport_fastrtps_c;rosidl_typesupport_introspection_c
[2.278s] -- Using all available rosidl_typesupport_cpp: rosidl_typesupport_fastrtps_cpp;rosidl_typesupport_introspection_cpp
[2.821s] -- Found graph_msgs: 0.2.0 (/opt/ros/humble/share/graph_msgs/cmake)
[3.033s] -- Found moveit_core: 2.5.9 (/home/aaron/ur_ws/install/moveit_core/share/moveit_core/cmake)
[3.226s] -- Found Boost: /usr/lib/x86_64-linux-gnu/cmake/Boost-1.74.0/BoostConfig.cmake (found version "1.74.0") found components: chrono date_time filesystem iostreams program_options regex serialization system thread 
[3.626s] -- Found parameter_traits: 0.6.0 (/opt/ros/humble/share/parameter_traits/cmake)
[4.096s] -- Found rmw_implementation_cmake: 6.1.2 (/opt/ros/humble/share/rmw_implementation_cmake/cmake)
[4.122s] -- Found rmw_fastrtps_cpp: 6.2.9 (/opt/ros/humble/share/rmw_fastrtps_cpp/cmake)
[5.421s] -- Using RMW implementation 'rmw_fastrtps_cpp' as default
[5.863s] -- Found rclcpp_lifecycle: 16.0.17 (/opt/ros/humble/share/rclcpp_lifecycle/cmake)
[6.101s] -- Found Boost: /usr/lib/x86_64-linux-gnu/cmake/Boost-1.74.0/BoostConfig.cmake (found version "1.74.0") found components: filesystem 
[6.428s] -- library: /usr/lib/x86_64-linux-gnu/libcurl.so
[7.314s] -- Ensuring Eigen3 include directory is part of orocos-kdl CMake target
[10.484s] -- Found moveit_ros_planning: 2.5.9 (/home/aaron/ur_ws/install/moveit_ros_planning/share/moveit_ros_planning/cmake)
[10.559s] -- Found Boost: /usr/lib/x86_64-linux-gnu/cmake/Boost-1.74.0/BoostConfig.cmake (found version "1.74.0") found components: system filesystem date_time program_options thread chrono 
[10.885s] -- Found rviz_visual_tools: 4.1.4 (/opt/ros/humble/share/rviz_visual_tools/cmake)
[11.183s] -- Setting assimp_DIR to: '/opt/ros/humble/share/rviz_assimp_vendor/cmake/../../../opt/rviz_assimp_vendor/lib/cmake/assimp-4.1'
[11.228s] -- Setting OGRE_DIR to: '/opt/ros/humble/share/rviz_ogre_vendor/cmake/../../../opt/rviz_ogre_vendor/lib/OGRE/cmake'
[11.238s] -- Found OGRE
[11.238s] --   static     : OFF
[11.246s] --   components : HLMS;MeshLodGenerator;Overlay;Paging;Property;RTShaderSystem;Terrain;Volume
[11.246s] --   plugins    : Plugin_BSPSceneManager;Plugin_OctreeSceneManager;Plugin_PCZSceneManager;Plugin_ParticleFX;RenderSystem_GL;RenderSystem_GL3Plus;Codec_STBI
[11.246s] --   media      : /opt/ros/humble/opt/rviz_ogre_vendor/share/OGRE/Media
[11.247s] -- OGRE_LIBRARIES: OgreHLMS;OgreMeshLodGenerator;OgreOverlay;OgrePaging;OgreProperty;OgreRTShaderSystem;OgreTerrain;OgreVolume;OgreMain
[11.247s] -- OGRE_LIBRARY_DIRS: /opt/ros/humble/opt/rviz_ogre_vendor/lib
[11.247s] -- OGRE_PLUGINS: Plugin_BSPSceneManager;Plugin_OctreeSceneManager;Plugin_PCZSceneManager;Plugin_ParticleFX;RenderSystem_GL;RenderSystem_GL3Plus;Codec_STBI
[11.247s] -- OGRE_PLUGIN_DIR: /opt/ros/humble/opt/rviz_ogre_vendor/lib/OGRE
[11.254s] -- rviz_ogre_vendor::OgreOverlay for IMPORTED_LOCATION_RELEASE: /opt/ros/humble/opt/rviz_ogre_vendor/lib/libOgreOverlay.so
[11.255s] -- rviz_ogre_vendor::OgreOverlay for IMPORTED_LOCATION_DEBUG: /opt/ros/humble/opt/rviz_ogre_vendor/lib/libOgreOverlay.so
[11.255s] -- rviz_ogre_vendor::OgreMain for IMPORTED_LOCATION_RELEASE: /opt/ros/humble/opt/rviz_ogre_vendor/lib/libOgreMain.so
[11.255s] -- rviz_ogre_vendor::OgreMain for IMPORTED_LOCATION_DEBUG: /opt/ros/humble/opt/rviz_ogre_vendor/lib/libOgreMain.so
[13.012s] -- Found ament_lint_auto: 0.12.14 (/opt/ros/humble/share/ament_lint_auto/cmake)
[13.127s] -- Added test 'copyright' to check source files copyright and LICENSE
[13.135s] -- Added test 'flake8' to check Python code syntax and style conventions
[13.141s] -- Added test 'lint_cmake' to check CMake code style
[13.152s] -- Added test 'pep257' to check Python code against some of the docstring style conventions in PEP 257
[13.161s] -- Added test 'xmllint' to check XML markup files
[13.180s] -- Configuring done
[13.730s] -- Generating done
[13.847s] -- Build files have been written to: /home/aaron/ur_ws/build/moveit_visual_tools
[14.165s] [35m[1mConsolidate compiler generated dependencies of target moveit_visual_tools[0m
[14.500s] [ 16%] [32mBuilding CXX object CMakeFiles/moveit_visual_tools.dir/src/moveit_visual_tools.cpp.o[0m
[14.519s] [ 33%] [32mBuilding CXX object CMakeFiles/moveit_visual_tools.dir/src/imarker_robot_state.cpp.o[0m
[14.552s] [ 50%] [32mBuilding CXX object CMakeFiles/moveit_visual_tools.dir/src/imarker_end_effector.cpp.o[0m
[85.679s] [ 66%] [32m[1mLinking CXX shared library libmoveit_visual_tools.so[0m
[86.334s] [ 66%] Built target moveit_visual_tools
[86.359s] [35m[1mConsolidate compiler generated dependencies of target moveit_visual_tools_demo[0m
[86.402s] [ 83%] [32mBuilding CXX object CMakeFiles/moveit_visual_tools_demo.dir/src/moveit_visual_tools_demo.cpp.o[0m
[98.705s] [100%] [32m[1mLinking CXX executable moveit_visual_tools_demo[0m
[99.135s] [100%] Built target moveit_visual_tools_demo
[99.199s] Invoked command in '/home/aaron/ur_ws/build/moveit_visual_tools' returned '0': AMENT_PREFIX_PATH=/home/aaron/ur_ws/install/moveit_ros_planning:/home/aaron/ur_ws/install/moveit_ros_occupancy_map_monitor:/home/aaron/ur_ws/install/moveit_core:/home/aaron/ur_ws/install/moveit_resources_panda_moveit_config:/home/aaron/ur_ws/install/moveit_configs_utils:/home/aaron/ur_ws/install/srdfdom:/home/aaron/ur_ws/install/moveit_resources_pr2_description:/home/aaron/ur_ws/install/moveit_resources_panda_description:/home/aaron/ur_ws/install/moveit_common:/home/aaron/ur_ws/install/launch_param_builder:${AMENT_PREFIX_PATH} CMAKE_PREFIX_PATH=/home/aaron/ur_ws/install/moveit_ros_planning:/home/aaron/ur_ws/install/moveit_ros_occupancy_map_monitor:/home/aaron/ur_ws/install/moveit_core:/home/aaron/ur_ws/install/moveit_resources_panda_moveit_config:/home/aaron/ur_ws/install/srdfdom:/home/aaron/ur_ws/install/moveit_resources_pr2_description:/home/aaron/ur_ws/install/moveit_resources_panda_description:/home/aaron/ur_ws/install/moveit_common:/opt/ros/humble LD_LIBRARY_PATH=/home/aaron/ur_ws/install/moveit_ros_planning/lib:/home/aaron/ur_ws/install/moveit_ros_occupancy_map_monitor/lib:/home/aaron/ur_ws/install/moveit_core/lib:/home/aaron/ur_ws/install/srdfdom/lib:${LD_LIBRARY_PATH} PATH=/home/aaron/ur_ws/install/moveit_core/bin:${PATH} PYTHONPATH=/home/aaron/ur_ws/install/moveit_configs_utils/lib/python3.10/site-packages:/home/aaron/ur_ws/install/srdfdom/local/lib/python3.10/dist-packages:/home/aaron/ur_ws/install/launch_param_builder/lib/python3.10/site-packages:${PYTHONPATH} /usr/bin/cmake --build /home/aaron/ur_ws/build/moveit_visual_tools -- -j20 -l20
[99.205s] Invoking command in '/home/aaron/ur_ws/build/moveit_visual_tools': AMENT_PREFIX_PATH=/home/aaron/ur_ws/install/moveit_ros_planning:/home/aaron/ur_ws/install/moveit_ros_occupancy_map_monitor:/home/aaron/ur_ws/install/moveit_core:/home/aaron/ur_ws/install/moveit_resources_panda_moveit_config:/home/aaron/ur_ws/install/moveit_configs_utils:/home/aaron/ur_ws/install/srdfdom:/home/aaron/ur_ws/install/moveit_resources_pr2_description:/home/aaron/ur_ws/install/moveit_resources_panda_description:/home/aaron/ur_ws/install/moveit_common:/home/aaron/ur_ws/install/launch_param_builder:${AMENT_PREFIX_PATH} CMAKE_PREFIX_PATH=/home/aaron/ur_ws/install/moveit_ros_planning:/home/aaron/ur_ws/install/moveit_ros_occupancy_map_monitor:/home/aaron/ur_ws/install/moveit_core:/home/aaron/ur_ws/install/moveit_resources_panda_moveit_config:/home/aaron/ur_ws/install/srdfdom:/home/aaron/ur_ws/install/moveit_resources_pr2_description:/home/aaron/ur_ws/install/moveit_resources_panda_description:/home/aaron/ur_ws/install/moveit_common:/opt/ros/humble LD_LIBRARY_PATH=/home/aaron/ur_ws/install/moveit_ros_planning/lib:/home/aaron/ur_ws/install/moveit_ros_occupancy_map_monitor/lib:/home/aaron/ur_ws/install/moveit_core/lib:/home/aaron/ur_ws/install/srdfdom/lib:${LD_LIBRARY_PATH} PATH=/home/aaron/ur_ws/install/moveit_core/bin:${PATH} PYTHONPATH=/home/aaron/ur_ws/install/moveit_configs_utils/lib/python3.10/site-packages:/home/aaron/ur_ws/install/srdfdom/local/lib/python3.10/dist-packages:/home/aaron/ur_ws/install/launch_param_builder/lib/python3.10/site-packages:${PYTHONPATH} /usr/bin/cmake --install /home/aaron/ur_ws/build/moveit_visual_tools
[99.216s] -- Install configuration: "Release"
[99.218s] -- Up-to-date: /home/aaron/ur_ws/install/moveit_visual_tools/share/moveit_visual_tools/environment/library_path.sh
[99.218s] -- Installing: /home/aaron/ur_ws/install/moveit_visual_tools/share/moveit_visual_tools/environment/library_path.dsv
[99.219s] -- Installing: /home/aaron/ur_ws/install/moveit_visual_tools/lib/libmoveit_visual_tools.so
[99.221s] -- Set runtime path of "/home/aaron/ur_ws/install/moveit_visual_tools/lib/libmoveit_visual_tools.so" to ""
[99.221s] -- Installing: /home/aaron/ur_ws/install/moveit_visual_tools/lib/moveit_visual_tools/moveit_visual_tools_demo
[99.221s] -- Set runtime path of "/home/aaron/ur_ws/install/moveit_visual_tools/lib/moveit_visual_tools/moveit_visual_tools_demo" to ""
[99.222s] -- Up-to-date: /home/aaron/ur_ws/install/moveit_visual_tools/include
[99.222s] -- Up-to-date: /home/aaron/ur_ws/install/moveit_visual_tools/include/moveit_visual_tools
[99.222s] -- Up-to-date: /home/aaron/ur_ws/install/moveit_visual_tools/include/moveit_visual_tools/moveit_visual_tools.h
[99.222s] -- Up-to-date: /home/aaron/ur_ws/install/moveit_visual_tools/include/moveit_visual_tools/imarker_robot_state.h
[99.223s] -- Up-to-date: /home/aaron/ur_ws/install/moveit_visual_tools/include/moveit_visual_tools/imarker_end_effector.h
[99.223s] -- Up-to-date: /home/aaron/ur_ws/install/moveit_visual_tools/share/moveit_visual_tools/launch
[99.223s] -- Up-to-date: /home/aaron/ur_ws/install/moveit_visual_tools/share/moveit_visual_tools/launch/demo_rviz.launch.py
[99.223s] -- Up-to-date: /home/aaron/ur_ws/install/moveit_visual_tools/share/moveit_visual_tools/launch/demo.rviz
[99.223s] -- Up-to-date: /home/aaron/ur_ws/install/moveit_visual_tools/share/moveit_visual_tools/resources
[99.223s] -- Up-to-date: /home/aaron/ur_ws/install/moveit_visual_tools/share/moveit_visual_tools/resources/screenshot.png
[99.223s] -- Up-to-date: /home/aaron/ur_ws/install/moveit_visual_tools/share/moveit_visual_tools/resources/rrbot.urdf
[99.224s] -- Up-to-date: /home/aaron/ur_ws/install/moveit_visual_tools/share/moveit_visual_tools/resources/rrbot.srdf
[99.224s] -- Up-to-date: /home/aaron/ur_ws/install/moveit_visual_tools/share/moveit_visual_tools/resources/demo.png
[99.224s] -- Up-to-date: /home/aaron/ur_ws/install/moveit_visual_tools/share/moveit_visual_tools/resources/demo_mesh.stl
[99.224s] -- Up-to-date: /home/aaron/ur_ws/install/moveit_visual_tools/share/ament_index/resource_index/package_run_dependencies/moveit_visual_tools
[99.224s] -- Up-to-date: /home/aaron/ur_ws/install/moveit_visual_tools/share/ament_index/resource_index/parent_prefix_path/moveit_visual_tools
[99.224s] -- Up-to-date: /home/aaron/ur_ws/install/moveit_visual_tools/share/moveit_visual_tools/environment/ament_prefix_path.sh
[99.224s] -- Installing: /home/aaron/ur_ws/install/moveit_visual_tools/share/moveit_visual_tools/environment/ament_prefix_path.dsv
[99.224s] -- Up-to-date: /home/aaron/ur_ws/install/moveit_visual_tools/share/moveit_visual_tools/environment/path.sh
[99.225s] -- Installing: /home/aaron/ur_ws/install/moveit_visual_tools/share/moveit_visual_tools/environment/path.dsv
[99.225s] -- Up-to-date: /home/aaron/ur_ws/install/moveit_visual_tools/share/moveit_visual_tools/local_setup.bash
[99.225s] -- Up-to-date: /home/aaron/ur_ws/install/moveit_visual_tools/share/moveit_visual_tools/local_setup.sh
[99.225s] -- Up-to-date: /home/aaron/ur_ws/install/moveit_visual_tools/share/moveit_visual_tools/local_setup.zsh
[99.225s] -- Installing: /home/aaron/ur_ws/install/moveit_visual_tools/share/moveit_visual_tools/local_setup.dsv
[99.226s] -- Installing: /home/aaron/ur_ws/install/moveit_visual_tools/share/moveit_visual_tools/package.dsv
[99.226s] -- Up-to-date: /home/aaron/ur_ws/install/moveit_visual_tools/share/ament_index/resource_index/packages/moveit_visual_tools
[99.226s] -- Up-to-date: /home/aaron/ur_ws/install/moveit_visual_tools/share/moveit_visual_tools/cmake/export_moveit_visual_toolsExport.cmake
[99.226s] -- Up-to-date: /home/aaron/ur_ws/install/moveit_visual_tools/share/moveit_visual_tools/cmake/export_moveit_visual_toolsExport-release.cmake
[99.227s] -- Up-to-date: /home/aaron/ur_ws/install/moveit_visual_tools/share/moveit_visual_tools/cmake/ament_cmake_export_targets-extras.cmake
[99.227s] -- Up-to-date: /home/aaron/ur_ws/install/moveit_visual_tools/share/moveit_visual_tools/cmake/ament_cmake_export_dependencies-extras.cmake
[99.227s] -- Up-to-date: /home/aaron/ur_ws/install/moveit_visual_tools/share/moveit_visual_tools/cmake/moveit_visual_toolsConfig.cmake
[99.227s] -- Up-to-date: /home/aaron/ur_ws/install/moveit_visual_tools/share/moveit_visual_tools/cmake/moveit_visual_toolsConfig-version.cmake
[99.228s] -- Up-to-date: /home/aaron/ur_ws/install/moveit_visual_tools/share/moveit_visual_tools/package.xml
[99.229s] Invoked command in '/home/aaron/ur_ws/build/moveit_visual_tools' returned '0': AMENT_PREFIX_PATH=/home/aaron/ur_ws/install/moveit_ros_planning:/home/aaron/ur_ws/install/moveit_ros_occupancy_map_monitor:/home/aaron/ur_ws/install/moveit_core:/home/aaron/ur_ws/install/moveit_resources_panda_moveit_config:/home/aaron/ur_ws/install/moveit_configs_utils:/home/aaron/ur_ws/install/srdfdom:/home/aaron/ur_ws/install/moveit_resources_pr2_description:/home/aaron/ur_ws/install/moveit_resources_panda_description:/home/aaron/ur_ws/install/moveit_common:/home/aaron/ur_ws/install/launch_param_builder:${AMENT_PREFIX_PATH} CMAKE_PREFIX_PATH=/home/aaron/ur_ws/install/moveit_ros_planning:/home/aaron/ur_ws/install/moveit_ros_occupancy_map_monitor:/home/aaron/ur_ws/install/moveit_core:/home/aaron/ur_ws/install/moveit_resources_panda_moveit_config:/home/aaron/ur_ws/install/srdfdom:/home/aaron/ur_ws/install/moveit_resources_pr2_description:/home/aaron/ur_ws/install/moveit_resources_panda_description:/home/aaron/ur_ws/install/moveit_common:/opt/ros/humble LD_LIBRARY_PATH=/home/aaron/ur_ws/install/moveit_ros_planning/lib:/home/aaron/ur_ws/install/moveit_ros_occupancy_map_monitor/lib:/home/aaron/ur_ws/install/moveit_core/lib:/home/aaron/ur_ws/install/srdfdom/lib:${LD_LIBRARY_PATH} PATH=/home/aaron/ur_ws/install/moveit_core/bin:${PATH} PYTHONPATH=/home/aaron/ur_ws/install/moveit_configs_utils/lib/python3.10/site-packages:/home/aaron/ur_ws/install/srdfdom/local/lib/python3.10/dist-packages:/home/aaron/ur_ws/install/launch_param_builder/lib/python3.10/site-packages:${PYTHONPATH} /usr/bin/cmake --install /home/aaron/ur_ws/build/moveit_visual_tools
