[0.006s] Invoking command in '/home/aaron/ur_ws/build/moveit_common': CMAKE_PREFIX_PATH=/opt/ros/humble /usr/bin/cmake --build /home/aaron/ur_ws/build/moveit_common -- -j20 -l20
[0.068s] Invoked command in '/home/aaron/ur_ws/build/moveit_common' returned '0': CMAKE_PREFIX_PATH=/opt/ros/humble /usr/bin/cmake --build /home/aaron/ur_ws/build/moveit_common -- -j20 -l20
[0.081s] Invoking command in '/home/aaron/ur_ws/build/moveit_common': CMAKE_PREFIX_PATH=/opt/ros/humble /usr/bin/cmake --install /home/aaron/ur_ws/build/moveit_common
[0.089s] -- Install configuration: ""
[0.089s] -- Up-to-date: /home/aaron/ur_ws/install/moveit_common/share/ament_index/resource_index/package_run_dependencies/moveit_common
[0.090s] -- Up-to-date: /home/aaron/ur_ws/install/moveit_common/share/ament_index/resource_index/parent_prefix_path/moveit_common
[0.090s] -- Up-to-date: /home/aaron/ur_ws/install/moveit_common/share/moveit_common/environment/ament_prefix_path.sh
[0.090s] -- Up-to-date: /home/aaron/ur_ws/install/moveit_common/share/moveit_common/environment/ament_prefix_path.dsv
[0.090s] -- Up-to-date: /home/aaron/ur_ws/install/moveit_common/share/moveit_common/environment/path.sh
[0.090s] -- Up-to-date: /home/aaron/ur_ws/install/moveit_common/share/moveit_common/environment/path.dsv
[0.090s] -- Up-to-date: /home/aaron/ur_ws/install/moveit_common/share/moveit_common/local_setup.bash
[0.090s] -- Up-to-date: /home/aaron/ur_ws/install/moveit_common/share/moveit_common/local_setup.sh
[0.090s] -- Up-to-date: /home/aaron/ur_ws/install/moveit_common/share/moveit_common/local_setup.zsh
[0.090s] -- Up-to-date: /home/aaron/ur_ws/install/moveit_common/share/moveit_common/local_setup.dsv
[0.090s] -- Installing: /home/aaron/ur_ws/install/moveit_common/share/moveit_common/package.dsv
[0.090s] -- Up-to-date: /home/aaron/ur_ws/install/moveit_common/share/ament_index/resource_index/packages/moveit_common
[0.090s] -- Up-to-date: /home/aaron/ur_ws/install/moveit_common/share/moveit_common/cmake/moveit_common-extras.cmake
[0.090s] -- Up-to-date: /home/aaron/ur_ws/install/moveit_common/share/moveit_common/cmake/moveit_commonConfig.cmake
[0.090s] -- Up-to-date: /home/aaron/ur_ws/install/moveit_common/share/moveit_common/cmake/moveit_commonConfig-version.cmake
[0.091s] -- Up-to-date: /home/aaron/ur_ws/install/moveit_common/share/moveit_common/package.xml
[0.091s] -- Up-to-date: /home/aaron/ur_ws/install/moveit_common/share/moveit_common/cmake
[0.091s] -- Up-to-date: /home/aaron/ur_ws/install/moveit_common/share/moveit_common/cmake/moveit_package.cmake
[0.092s] Invoked command in '/home/aaron/ur_ws/build/moveit_common' returned '0': CMAKE_PREFIX_PATH=/opt/ros/humble /usr/bin/cmake --install /home/aaron/ur_ws/build/moveit_common
