[0.027s] Invoking command in '/home/aaron/ur_ws/build/srdfdom': CMAKE_PREFIX_PATH=/opt/ros/humble /usr/bin/cmake --build /home/aaron/ur_ws/build/srdfdom -- -j20 -l20
[0.545s] [  9%] [32mBuilding CXX object gtest/CMakeFiles/gtest.dir/src/gtest-all.cc.o[0m
[0.546s] [ 18%] [32mBuilding CXX object gtest/CMakeFiles/gtest_main.dir/src/gtest_main.cc.o[0m
[0.546s] [ 27%] [32mBuilding CXX object CMakeFiles/srdfdom.dir/src/srdf_writer.cpp.o[0m
[0.546s] [ 36%] [32mBuilding CXX object CMakeFiles/srdfdom.dir/src/model.cpp.o[0m
[0.547s] [ 36%] Built target ament_cmake_python_copy_srdfdom
[0.547s] running egg_info
[0.548s] writing srdfdom.egg-info/PKG-INFO
[0.548s] writing dependency_links to srdfdom.egg-info/dependency_links.txt
[0.548s] writing top-level names to srdfdom.egg-info/top_level.txt
[0.548s] reading manifest file 'srdfdom.egg-info/SOURCES.txt'
[0.548s] writing manifest file 'srdfdom.egg-info/SOURCES.txt'
[0.552s] [ 36%] Built target ament_cmake_python_build_srdfdom_egg
[1.572s] [ 45%] [32m[1mLinking CXX static library libgtest_main.a[0m
[1.656s] [ 45%] Built target gtest_main
[3.126s] [ 54%] [32m[1mLinking CXX shared library libsrdfdom.so[0m
[3.234s] [ 54%] Built target srdfdom
[4.496s] [ 63%] [32m[1mLinking CXX static library libgtest.a[0m
[4.563s] [ 63%] Built target gtest
[4.590s] [ 72%] [32mBuilding CXX object CMakeFiles/test_cpp_C.dir/test/test_parser.cpp.o[0m
[4.591s] [ 81%] [32mBuilding CXX object CMakeFiles/test_cpp_nl_NL.UTF-8.dir/test/test_parser.cpp.o[0m
[5.891s] [ 90%] [32m[1mLinking CXX executable test_cpp_C[0m
[5.895s] [100%] [32m[1mLinking CXX executable test_cpp_nl_NL.UTF-8[0m
[6.008s] [100%] Built target test_cpp_C
[6.014s] [100%] Built target test_cpp_nl_NL.UTF-8
[6.024s] Invoked command in '/home/aaron/ur_ws/build/srdfdom' returned '0': CMAKE_PREFIX_PATH=/opt/ros/humble /usr/bin/cmake --build /home/aaron/ur_ws/build/srdfdom -- -j20 -l20
[6.026s] Invoking command in '/home/aaron/ur_ws/build/srdfdom': CMAKE_PREFIX_PATH=/opt/ros/humble /usr/bin/cmake --install /home/aaron/ur_ws/build/srdfdom
[6.030s] -- Install configuration: ""
[6.031s] -- Installing: /home/aaron/ur_ws/install/srdfdom/lib/libsrdfdom.so.2.0.8
[6.032s] -- Set runtime path of "/home/aaron/ur_ws/install/srdfdom/lib/libsrdfdom.so.2.0.8" to ""
[6.032s] -- Up-to-date: /home/aaron/ur_ws/install/srdfdom/lib/libsrdfdom.so
[6.032s] -- Up-to-date: /home/aaron/ur_ws/install/srdfdom/include/srdfdom
[6.032s] -- Up-to-date: /home/aaron/ur_ws/install/srdfdom/include/srdfdom/srdfdom
[6.032s] -- Up-to-date: /home/aaron/ur_ws/install/srdfdom/include/srdfdom/srdfdom/visibility_control.h
[6.032s] -- Up-to-date: /home/aaron/ur_ws/install/srdfdom/include/srdfdom/srdfdom/srdf_writer.h
[6.032s] -- Up-to-date: /home/aaron/ur_ws/install/srdfdom/include/srdfdom/srdfdom/model.h
[6.032s] -- Up-to-date: /home/aaron/ur_ws/install/srdfdom/lib/srdfdom/display_srdf
[6.033s] -- Up-to-date: /home/aaron/ur_ws/install/srdfdom/share/srdfdom/environment/pythonpath.sh
[6.033s] -- Up-to-date: /home/aaron/ur_ws/install/srdfdom/share/srdfdom/environment/pythonpath.dsv
[6.033s] -- Up-to-date: /home/aaron/ur_ws/install/srdfdom/local/lib/python3.10/dist-packages/srdfdom-2.0.8-py3.10.egg-info
[6.033s] -- Installing: /home/aaron/ur_ws/install/srdfdom/local/lib/python3.10/dist-packages/srdfdom-2.0.8-py3.10.egg-info/SOURCES.txt
[6.033s] -- Installing: /home/aaron/ur_ws/install/srdfdom/local/lib/python3.10/dist-packages/srdfdom-2.0.8-py3.10.egg-info/PKG-INFO
[6.033s] -- Installing: /home/aaron/ur_ws/install/srdfdom/local/lib/python3.10/dist-packages/srdfdom-2.0.8-py3.10.egg-info/dependency_links.txt
[6.033s] -- Installing: /home/aaron/ur_ws/install/srdfdom/local/lib/python3.10/dist-packages/srdfdom-2.0.8-py3.10.egg-info/top_level.txt
[6.033s] -- Up-to-date: /home/aaron/ur_ws/install/srdfdom/local/lib/python3.10/dist-packages/srdfdom
[6.033s] -- Up-to-date: /home/aaron/ur_ws/install/srdfdom/local/lib/python3.10/dist-packages/srdfdom/__init__.py
[6.033s] -- Up-to-date: /home/aaron/ur_ws/install/srdfdom/local/lib/python3.10/dist-packages/srdfdom/srdf.py
[6.054s] Listing '/home/aaron/ur_ws/install/srdfdom/local/lib/python3.10/dist-packages/srdfdom'...
[6.058s] -- Up-to-date: /home/aaron/ur_ws/install/srdfdom/share/srdfdom/environment/library_path.sh
[6.058s] -- Up-to-date: /home/aaron/ur_ws/install/srdfdom/share/srdfdom/environment/library_path.dsv
[6.058s] -- Up-to-date: /home/aaron/ur_ws/install/srdfdom/share/ament_index/resource_index/package_run_dependencies/srdfdom
[6.058s] -- Up-to-date: /home/aaron/ur_ws/install/srdfdom/share/ament_index/resource_index/parent_prefix_path/srdfdom
[6.058s] -- Up-to-date: /home/aaron/ur_ws/install/srdfdom/share/srdfdom/environment/ament_prefix_path.sh
[6.058s] -- Up-to-date: /home/aaron/ur_ws/install/srdfdom/share/srdfdom/environment/ament_prefix_path.dsv
[6.058s] -- Up-to-date: /home/aaron/ur_ws/install/srdfdom/share/srdfdom/environment/path.sh
[6.058s] -- Up-to-date: /home/aaron/ur_ws/install/srdfdom/share/srdfdom/environment/path.dsv
[6.058s] -- Up-to-date: /home/aaron/ur_ws/install/srdfdom/share/srdfdom/local_setup.bash
[6.058s] -- Up-to-date: /home/aaron/ur_ws/install/srdfdom/share/srdfdom/local_setup.sh
[6.058s] -- Up-to-date: /home/aaron/ur_ws/install/srdfdom/share/srdfdom/local_setup.zsh
[6.059s] -- Up-to-date: /home/aaron/ur_ws/install/srdfdom/share/srdfdom/local_setup.dsv
[6.059s] -- Installing: /home/aaron/ur_ws/install/srdfdom/share/srdfdom/package.dsv
[6.059s] -- Up-to-date: /home/aaron/ur_ws/install/srdfdom/share/ament_index/resource_index/packages/srdfdom
[6.059s] -- Up-to-date: /home/aaron/ur_ws/install/srdfdom/share/srdfdom/cmake/srdfdomTargetsExport.cmake
[6.059s] -- Up-to-date: /home/aaron/ur_ws/install/srdfdom/share/srdfdom/cmake/srdfdomTargetsExport-noconfig.cmake
[6.059s] -- Up-to-date: /home/aaron/ur_ws/install/srdfdom/share/srdfdom/cmake/ament_cmake_export_targets-extras.cmake
[6.059s] -- Up-to-date: /home/aaron/ur_ws/install/srdfdom/share/srdfdom/cmake/ament_cmake_export_dependencies-extras.cmake
[6.059s] -- Up-to-date: /home/aaron/ur_ws/install/srdfdom/share/srdfdom/cmake/srdfdomConfig.cmake
[6.059s] -- Up-to-date: /home/aaron/ur_ws/install/srdfdom/share/srdfdom/cmake/srdfdomConfig-version.cmake
[6.059s] -- Up-to-date: /home/aaron/ur_ws/install/srdfdom/share/srdfdom/package.xml
[6.061s] Invoked command in '/home/aaron/ur_ws/build/srdfdom' returned '0': CMAKE_PREFIX_PATH=/opt/ros/humble /usr/bin/cmake --install /home/aaron/ur_ws/build/srdfdom
