[0.204s] Invoking command in '/home/aaron/ur_ws/build/rviz_marker_tools': AMENT_PREFIX_PATH=/home/aaron/ur_ws/install/moveit_common:${AMENT_PREFIX_PATH} CMAKE_PREFIX_PATH=/home/aaron/ur_ws/install/moveit_common:/opt/ros/humble /usr/bin/cmake --build /home/aaron/ur_ws/build/rviz_marker_tools -- -j20 -l20
[0.346s] [ 50%] [32mBuilding CXX object CMakeFiles/rviz_marker_tools.dir/src/marker_creation.cpp.o[0m
[6.085s] [100%] [32m[1mLinking CXX shared library librviz_marker_tools.so[0m
[6.303s] [100%] Built target rviz_marker_tools
[6.321s] Invoked command in '/home/aaron/ur_ws/build/rviz_marker_tools' returned '0': AMENT_PREFIX_PATH=/home/aaron/ur_ws/install/moveit_common:${AMENT_PREFIX_PATH} CMAKE_PREFIX_PATH=/home/aaron/ur_ws/install/moveit_common:/opt/ros/humble /usr/bin/cmake --build /home/aaron/ur_ws/build/rviz_marker_tools -- -j20 -l20
[6.322s] Invoking command in '/home/aaron/ur_ws/build/rviz_marker_tools': AMENT_PREFIX_PATH=/home/aaron/ur_ws/install/moveit_common:${AMENT_PREFIX_PATH} CMAKE_PREFIX_PATH=/home/aaron/ur_ws/install/moveit_common:/opt/ros/humble /usr/bin/cmake --install /home/aaron/ur_ws/build/rviz_marker_tools
[6.341s] -- Install configuration: "Release"
[6.342s] -- Up-to-date: /home/aaron/ur_ws/install/rviz_marker_tools/include
[6.342s] -- Up-to-date: /home/aaron/ur_ws/install/rviz_marker_tools/include/rviz_marker_tools
[6.342s] -- Up-to-date: /home/aaron/ur_ws/install/rviz_marker_tools/include/rviz_marker_tools/marker_creation.h
[6.342s] -- Installing: /home/aaron/ur_ws/install/rviz_marker_tools/lib/librviz_marker_tools.so
[6.342s] -- Set runtime path of "/home/aaron/ur_ws/install/rviz_marker_tools/lib/librviz_marker_tools.so" to ""
[6.343s] -- Up-to-date: /home/aaron/ur_ws/install/rviz_marker_tools/share/rviz_marker_tools/environment/library_path.sh
[6.343s] -- Up-to-date: /home/aaron/ur_ws/install/rviz_marker_tools/share/rviz_marker_tools/environment/library_path.dsv
[6.349s] -- Up-to-date: /home/aaron/ur_ws/install/rviz_marker_tools/share/ament_index/resource_index/package_run_dependencies/rviz_marker_tools
[6.349s] -- Up-to-date: /home/aaron/ur_ws/install/rviz_marker_tools/share/ament_index/resource_index/parent_prefix_path/rviz_marker_tools
[6.349s] -- Up-to-date: /home/aaron/ur_ws/install/rviz_marker_tools/share/rviz_marker_tools/environment/ament_prefix_path.sh
[6.349s] -- Up-to-date: /home/aaron/ur_ws/install/rviz_marker_tools/share/rviz_marker_tools/environment/ament_prefix_path.dsv
[6.349s] -- Up-to-date: /home/aaron/ur_ws/install/rviz_marker_tools/share/rviz_marker_tools/environment/path.sh
[6.349s] -- Up-to-date: /home/aaron/ur_ws/install/rviz_marker_tools/share/rviz_marker_tools/environment/path.dsv
[6.349s] -- Up-to-date: /home/aaron/ur_ws/install/rviz_marker_tools/share/rviz_marker_tools/local_setup.bash
[6.350s] -- Up-to-date: /home/aaron/ur_ws/install/rviz_marker_tools/share/rviz_marker_tools/local_setup.sh
[6.350s] -- Up-to-date: /home/aaron/ur_ws/install/rviz_marker_tools/share/rviz_marker_tools/local_setup.zsh
[6.350s] -- Up-to-date: /home/aaron/ur_ws/install/rviz_marker_tools/share/rviz_marker_tools/local_setup.dsv
[6.350s] -- Installing: /home/aaron/ur_ws/install/rviz_marker_tools/share/rviz_marker_tools/package.dsv
[6.350s] -- Up-to-date: /home/aaron/ur_ws/install/rviz_marker_tools/share/ament_index/resource_index/packages/rviz_marker_tools
[6.350s] -- Up-to-date: /home/aaron/ur_ws/install/rviz_marker_tools/share/rviz_marker_tools/cmake/rviz_marker_toolsTargetsExport.cmake
[6.350s] -- Up-to-date: /home/aaron/ur_ws/install/rviz_marker_tools/share/rviz_marker_tools/cmake/rviz_marker_toolsTargetsExport-release.cmake
[6.350s] -- Up-to-date: /home/aaron/ur_ws/install/rviz_marker_tools/share/rviz_marker_tools/cmake/ament_cmake_export_targets-extras.cmake
[6.350s] -- Up-to-date: /home/aaron/ur_ws/install/rviz_marker_tools/share/rviz_marker_tools/cmake/ament_cmake_export_dependencies-extras.cmake
[6.350s] -- Up-to-date: /home/aaron/ur_ws/install/rviz_marker_tools/share/rviz_marker_tools/cmake/rviz_marker_toolsConfig.cmake
[6.350s] -- Up-to-date: /home/aaron/ur_ws/install/rviz_marker_tools/share/rviz_marker_tools/cmake/rviz_marker_toolsConfig-version.cmake
[6.351s] -- Up-to-date: /home/aaron/ur_ws/install/rviz_marker_tools/share/rviz_marker_tools/package.xml
[6.355s] Invoked command in '/home/aaron/ur_ws/build/rviz_marker_tools' returned '0': AMENT_PREFIX_PATH=/home/aaron/ur_ws/install/moveit_common:${AMENT_PREFIX_PATH} CMAKE_PREFIX_PATH=/home/aaron/ur_ws/install/moveit_common:/opt/ros/humble /usr/bin/cmake --install /home/aaron/ur_ws/build/rviz_marker_tools
