[0.034s] Invoking command in '/home/aaron/ur_ws/build/moveit_ros_control_interface': AMENT_PREFIX_PATH=/home/aaron/ur_ws/install/moveit_simple_controller_manager:/home/aaron/ur_ws/install/moveit_core:/home/aaron/ur_ws/install/moveit_resources_panda_moveit_config:/home/aaron/ur_ws/install/srdfdom:/home/aaron/ur_ws/install/moveit_resources_pr2_description:/home/aaron/ur_ws/install/moveit_resources_panda_description:/home/aaron/ur_ws/install/moveit_common:${AMENT_PREFIX_PATH} CMAKE_PREFIX_PATH=/home/aaron/ur_ws/install/moveit_simple_controller_manager:/home/aaron/ur_ws/install/moveit_core:/home/aaron/ur_ws/install/moveit_resources_panda_moveit_config:/home/aaron/ur_ws/install/srdfdom:/home/aaron/ur_ws/install/moveit_resources_pr2_description:/home/aaron/ur_ws/install/moveit_resources_panda_description:/home/aaron/ur_ws/install/moveit_common:/opt/ros/humble LD_LIBRARY_PATH=/home/aaron/ur_ws/install/moveit_simple_controller_manager/lib:/home/aaron/ur_ws/install/moveit_core/lib:/home/aaron/ur_ws/install/srdfdom/lib:${LD_LIBRARY_PATH} PATH=/home/aaron/ur_ws/install/moveit_core/bin:${PATH} PYTHONPATH=/home/aaron/ur_ws/install/srdfdom/local/lib/python3.10/dist-packages:${PYTHONPATH} /usr/bin/cmake --build /home/aaron/ur_ws/build/moveit_ros_control_interface -- -j20 -l20
[0.120s] [  7%] [32mBuilding CXX object gtest/CMakeFiles/gtest_main.dir/src/gtest_main.cc.o[0m
[0.121s] [ 14%] [32mBuilding CXX object gtest/CMakeFiles/gtest.dir/src/gtest-all.cc.o[0m
[0.122s] [ 21%] [32mBuilding CXX object CMakeFiles/moveit_ros_control_interface_empty_plugin.dir/src/empty_controller_plugin.cpp.o[0m
[0.139s] [ 28%] [32mBuilding CXX object CMakeFiles/moveit_ros_control_interface_gripper_plugin.dir/src/gripper_controller_plugin.cpp.o[0m
[0.140s] [ 35%] [32mBuilding CXX object CMakeFiles/moveit_ros_control_interface_trajectory_plugin.dir/src/joint_trajectory_controller_plugin.cpp.o[0m
[0.156s] [ 42%] [32mBuilding CXX object CMakeFiles/moveit_ros_control_interface_plugin.dir/src/controller_manager_plugin.cpp.o[0m
[2.693s] [ 50%] [32m[1mLinking CXX static library libgtest_main.a[0m
[2.768s] [ 50%] Built target gtest_main
[5.854s] [ 57%] [32m[1mLinking CXX shared library libmoveit_ros_control_interface_empty_plugin.so[0m
[6.191s] [ 57%] Built target moveit_ros_control_interface_empty_plugin
[7.725s] [ 64%] [32m[1mLinking CXX shared library libmoveit_ros_control_interface_trajectory_plugin.so[0m
[8.048s] [ 64%] Built target moveit_ros_control_interface_trajectory_plugin
[8.802s] [ 71%] [32m[1mLinking CXX shared library libmoveit_ros_control_interface_gripper_plugin.so[0m
[9.109s] [ 71%] Built target moveit_ros_control_interface_gripper_plugin
[11.618s] [ 78%] [32m[1mLinking CXX static library libgtest.a[0m
[11.669s] [ 78%] Built target gtest
[21.891s] [ 85%] [32m[1mLinking CXX shared library libmoveit_ros_control_interface_plugin.so[0m
[22.148s] [ 85%] Built target moveit_ros_control_interface_plugin
[22.188s] [ 92%] [32mBuilding CXX object test/CMakeFiles/test_controller_manager_plugin.dir/test_controller_manager_plugin.cpp.o[0m
[56.004s] [100%] [32m[1mLinking CXX executable test_controller_manager_plugin[0m
[56.341s] [100%] Built target test_controller_manager_plugin
[56.355s] Invoked command in '/home/aaron/ur_ws/build/moveit_ros_control_interface' returned '0': AMENT_PREFIX_PATH=/home/aaron/ur_ws/install/moveit_simple_controller_manager:/home/aaron/ur_ws/install/moveit_core:/home/aaron/ur_ws/install/moveit_resources_panda_moveit_config:/home/aaron/ur_ws/install/srdfdom:/home/aaron/ur_ws/install/moveit_resources_pr2_description:/home/aaron/ur_ws/install/moveit_resources_panda_description:/home/aaron/ur_ws/install/moveit_common:${AMENT_PREFIX_PATH} CMAKE_PREFIX_PATH=/home/aaron/ur_ws/install/moveit_simple_controller_manager:/home/aaron/ur_ws/install/moveit_core:/home/aaron/ur_ws/install/moveit_resources_panda_moveit_config:/home/aaron/ur_ws/install/srdfdom:/home/aaron/ur_ws/install/moveit_resources_pr2_description:/home/aaron/ur_ws/install/moveit_resources_panda_description:/home/aaron/ur_ws/install/moveit_common:/opt/ros/humble LD_LIBRARY_PATH=/home/aaron/ur_ws/install/moveit_simple_controller_manager/lib:/home/aaron/ur_ws/install/moveit_core/lib:/home/aaron/ur_ws/install/srdfdom/lib:${LD_LIBRARY_PATH} PATH=/home/aaron/ur_ws/install/moveit_core/bin:${PATH} PYTHONPATH=/home/aaron/ur_ws/install/srdfdom/local/lib/python3.10/dist-packages:${PYTHONPATH} /usr/bin/cmake --build /home/aaron/ur_ws/build/moveit_ros_control_interface -- -j20 -l20
[56.357s] Invoking command in '/home/aaron/ur_ws/build/moveit_ros_control_interface': AMENT_PREFIX_PATH=/home/aaron/ur_ws/install/moveit_simple_controller_manager:/home/aaron/ur_ws/install/moveit_core:/home/aaron/ur_ws/install/moveit_resources_panda_moveit_config:/home/aaron/ur_ws/install/srdfdom:/home/aaron/ur_ws/install/moveit_resources_pr2_description:/home/aaron/ur_ws/install/moveit_resources_panda_description:/home/aaron/ur_ws/install/moveit_common:${AMENT_PREFIX_PATH} CMAKE_PREFIX_PATH=/home/aaron/ur_ws/install/moveit_simple_controller_manager:/home/aaron/ur_ws/install/moveit_core:/home/aaron/ur_ws/install/moveit_resources_panda_moveit_config:/home/aaron/ur_ws/install/srdfdom:/home/aaron/ur_ws/install/moveit_resources_pr2_description:/home/aaron/ur_ws/install/moveit_resources_panda_description:/home/aaron/ur_ws/install/moveit_common:/opt/ros/humble LD_LIBRARY_PATH=/home/aaron/ur_ws/install/moveit_simple_controller_manager/lib:/home/aaron/ur_ws/install/moveit_core/lib:/home/aaron/ur_ws/install/srdfdom/lib:${LD_LIBRARY_PATH} PATH=/home/aaron/ur_ws/install/moveit_core/bin:${PATH} PYTHONPATH=/home/aaron/ur_ws/install/srdfdom/local/lib/python3.10/dist-packages:${PYTHONPATH} /usr/bin/cmake --install /home/aaron/ur_ws/build/moveit_ros_control_interface
[56.366s] -- Install configuration: "Release"
[56.368s] -- Installing: /home/aaron/ur_ws/install/moveit_ros_control_interface/lib/libmoveit_ros_control_interface_plugin.so.2.5.9
[56.370s] -- Set runtime path of "/home/aaron/ur_ws/install/moveit_ros_control_interface/lib/libmoveit_ros_control_interface_plugin.so.2.5.9" to ""
[56.370s] -- Up-to-date: /home/aaron/ur_ws/install/moveit_ros_control_interface/lib/libmoveit_ros_control_interface_plugin.so
[56.370s] -- Installing: /home/aaron/ur_ws/install/moveit_ros_control_interface/lib/libmoveit_ros_control_interface_trajectory_plugin.so.2.5.9
[56.372s] -- Set runtime path of "/home/aaron/ur_ws/install/moveit_ros_control_interface/lib/libmoveit_ros_control_interface_trajectory_plugin.so.2.5.9" to ""
[56.372s] -- Up-to-date: /home/aaron/ur_ws/install/moveit_ros_control_interface/lib/libmoveit_ros_control_interface_trajectory_plugin.so
[56.372s] -- Installing: /home/aaron/ur_ws/install/moveit_ros_control_interface/lib/libmoveit_ros_control_interface_gripper_plugin.so.2.5.9
[56.374s] -- Set runtime path of "/home/aaron/ur_ws/install/moveit_ros_control_interface/lib/libmoveit_ros_control_interface_gripper_plugin.so.2.5.9" to ""
[56.374s] -- Up-to-date: /home/aaron/ur_ws/install/moveit_ros_control_interface/lib/libmoveit_ros_control_interface_gripper_plugin.so
[56.375s] -- Installing: /home/aaron/ur_ws/install/moveit_ros_control_interface/lib/libmoveit_ros_control_interface_empty_plugin.so.2.5.9
[56.375s] -- Set runtime path of "/home/aaron/ur_ws/install/moveit_ros_control_interface/lib/libmoveit_ros_control_interface_empty_plugin.so.2.5.9" to ""
[56.375s] -- Up-to-date: /home/aaron/ur_ws/install/moveit_ros_control_interface/lib/libmoveit_ros_control_interface_empty_plugin.so
[56.376s] -- Up-to-date: /home/aaron/ur_ws/install/moveit_ros_control_interface/include
[56.376s] -- Up-to-date: /home/aaron/ur_ws/install/moveit_ros_control_interface/include/moveit_ros_control_interface
[56.376s] -- Up-to-date: /home/aaron/ur_ws/install/moveit_ros_control_interface/include/moveit_ros_control_interface/ControllerHandle.h
[56.376s] -- Up-to-date: /home/aaron/ur_ws/install/moveit_ros_control_interface/share/moveit_ros_control_interface/moveit_core_plugins.xml
[56.376s] -- Up-to-date: /home/aaron/ur_ws/install/moveit_ros_control_interface/share/moveit_ros_control_interface/moveit_ros_control_interface_plugins.xml
[56.376s] -- Up-to-date: /home/aaron/ur_ws/install/moveit_ros_control_interface/share/moveit_ros_control_interface/environment/library_path.sh
[56.377s] -- Up-to-date: /home/aaron/ur_ws/install/moveit_ros_control_interface/share/moveit_ros_control_interface/environment/library_path.dsv
[56.377s] -- Up-to-date: /home/aaron/ur_ws/install/moveit_ros_control_interface/share/ament_index/resource_index/package_run_dependencies/moveit_ros_control_interface
[56.377s] -- Up-to-date: /home/aaron/ur_ws/install/moveit_ros_control_interface/share/ament_index/resource_index/parent_prefix_path/moveit_ros_control_interface
[56.377s] -- Up-to-date: /home/aaron/ur_ws/install/moveit_ros_control_interface/share/moveit_ros_control_interface/environment/ament_prefix_path.sh
[56.377s] -- Up-to-date: /home/aaron/ur_ws/install/moveit_ros_control_interface/share/moveit_ros_control_interface/environment/ament_prefix_path.dsv
[56.377s] -- Up-to-date: /home/aaron/ur_ws/install/moveit_ros_control_interface/share/moveit_ros_control_interface/environment/path.sh
[56.377s] -- Up-to-date: /home/aaron/ur_ws/install/moveit_ros_control_interface/share/moveit_ros_control_interface/environment/path.dsv
[56.377s] -- Up-to-date: /home/aaron/ur_ws/install/moveit_ros_control_interface/share/moveit_ros_control_interface/local_setup.bash
[56.378s] -- Up-to-date: /home/aaron/ur_ws/install/moveit_ros_control_interface/share/moveit_ros_control_interface/local_setup.sh
[56.378s] -- Up-to-date: /home/aaron/ur_ws/install/moveit_ros_control_interface/share/moveit_ros_control_interface/local_setup.zsh
[56.378s] -- Up-to-date: /home/aaron/ur_ws/install/moveit_ros_control_interface/share/moveit_ros_control_interface/local_setup.dsv
[56.379s] -- Installing: /home/aaron/ur_ws/install/moveit_ros_control_interface/share/moveit_ros_control_interface/package.dsv
[56.380s] -- Up-to-date: /home/aaron/ur_ws/install/moveit_ros_control_interface/share/ament_index/resource_index/packages/moveit_ros_control_interface
[56.380s] -- Up-to-date: /home/aaron/ur_ws/install/moveit_ros_control_interface/share/ament_index/resource_index/moveit_core__pluginlib__plugin/moveit_ros_control_interface
[56.380s] -- Up-to-date: /home/aaron/ur_ws/install/moveit_ros_control_interface/share/ament_index/resource_index/moveit_ros_control_interface__pluginlib__plugin/moveit_ros_control_interface
[56.381s] -- Up-to-date: /home/aaron/ur_ws/install/moveit_ros_control_interface/share/moveit_ros_control_interface/cmake/export_moveit_ros_control_interfaceExport.cmake
[56.381s] -- Up-to-date: /home/aaron/ur_ws/install/moveit_ros_control_interface/share/moveit_ros_control_interface/cmake/export_moveit_ros_control_interfaceExport-release.cmake
[56.381s] -- Up-to-date: /home/aaron/ur_ws/install/moveit_ros_control_interface/share/moveit_ros_control_interface/cmake/ConfigExtras.cmake
[56.381s] -- Up-to-date: /home/aaron/ur_ws/install/moveit_ros_control_interface/share/moveit_ros_control_interface/cmake/ament_cmake_export_targets-extras.cmake
[56.381s] -- Up-to-date: /home/aaron/ur_ws/install/moveit_ros_control_interface/share/moveit_ros_control_interface/cmake/ament_cmake_export_dependencies-extras.cmake
[56.382s] -- Up-to-date: /home/aaron/ur_ws/install/moveit_ros_control_interface/share/moveit_ros_control_interface/cmake/moveit_ros_control_interfaceConfig.cmake
[56.382s] -- Up-to-date: /home/aaron/ur_ws/install/moveit_ros_control_interface/share/moveit_ros_control_interface/cmake/moveit_ros_control_interfaceConfig-version.cmake
[56.382s] -- Up-to-date: /home/aaron/ur_ws/install/moveit_ros_control_interface/share/moveit_ros_control_interface/package.xml
[56.383s] Invoked command in '/home/aaron/ur_ws/build/moveit_ros_control_interface' returned '0': AMENT_PREFIX_PATH=/home/aaron/ur_ws/install/moveit_simple_controller_manager:/home/aaron/ur_ws/install/moveit_core:/home/aaron/ur_ws/install/moveit_resources_panda_moveit_config:/home/aaron/ur_ws/install/srdfdom:/home/aaron/ur_ws/install/moveit_resources_pr2_description:/home/aaron/ur_ws/install/moveit_resources_panda_description:/home/aaron/ur_ws/install/moveit_common:${AMENT_PREFIX_PATH} CMAKE_PREFIX_PATH=/home/aaron/ur_ws/install/moveit_simple_controller_manager:/home/aaron/ur_ws/install/moveit_core:/home/aaron/ur_ws/install/moveit_resources_panda_moveit_config:/home/aaron/ur_ws/install/srdfdom:/home/aaron/ur_ws/install/moveit_resources_pr2_description:/home/aaron/ur_ws/install/moveit_resources_panda_description:/home/aaron/ur_ws/install/moveit_common:/opt/ros/humble LD_LIBRARY_PATH=/home/aaron/ur_ws/install/moveit_simple_controller_manager/lib:/home/aaron/ur_ws/install/moveit_core/lib:/home/aaron/ur_ws/install/srdfdom/lib:${LD_LIBRARY_PATH} PATH=/home/aaron/ur_ws/install/moveit_core/bin:${PATH} PYTHONPATH=/home/aaron/ur_ws/install/srdfdom/local/lib/python3.10/dist-packages:${PYTHONPATH} /usr/bin/cmake --install /home/aaron/ur_ws/build/moveit_ros_control_interface
