[  1%] [34m[1mAutomatic MOC for target gtest[0m
[  3%] [34m[1mAutomatic MOC for target moveit_task_visualization_tools[0m
[  4%] [34m[1mAutomatic MOC for target motion_planning_tasks_properties[0m
[  6%] [34m[1mAutomatic MOC for target gtest_main[0m
[  7%] [34m[1mAutomatic MOC for target gmock[0m
[  9%] [34m[1mAutomatic MOC for target motion_planning_tasks_utils[0m
[ 10%] [34m[1mAutomatic MOC for target gmock_main[0m
[ 10%] Built target gtest_autogen
[ 10%] Built target motion_planning_tasks_properties_autogen
[ 10%] Built target gmock_autogen
[ 10%] Built target gtest_main_autogen
[ 10%] Built target moveit_task_visualization_tools_autogen
[ 10%] Built target motion_planning_tasks_utils_autogen
[ 10%] Built target gmock_main_autogen
[35m[1mConsolidate compiler generated dependencies of target gtest[0m
[35m[1mConsolidate compiler generated dependencies of target gtest_main[0m
[35m[1mConsolidate compiler generated dependencies of target motion_planning_tasks_properties[0m
[35m[1mConsolidate compiler generated dependencies of target gmock[0m
[35m[1mConsolidate compiler generated dependencies of target motion_planning_tasks_utils[0m
[35m[1mConsolidate compiler generated dependencies of target gmock_main[0m
[ 15%] Built target gtest
[ 21%] Built target gmock
[ 29%] Built target motion_planning_tasks_utils
[ 33%] Built target gtest_main
[ 40%] Built target motion_planning_tasks_properties
[35m[1mConsolidate compiler generated dependencies of target moveit_task_visualization_tools[0m
[ 44%] Built target gmock_main
[ 46%] [34m[1mAutomatic MOC for target moveit_task_constructor_visualization-test-merge-models[0m
[ 46%] Built target moveit_task_constructor_visualization-test-merge-models_autogen
[35m[1mConsolidate compiler generated dependencies of target moveit_task_constructor_visualization-test-merge-models[0m
[ 47%] [32mBuilding CXX object motion_planning_tasks/test/CMakeFiles/moveit_task_constructor_visualization-test-merge-models.dir/moveit_task_constructor_visualization-test-merge-models_autogen/mocs_compilation.cpp.o[0m
[ 49%] [32mBuilding CXX object motion_planning_tasks/test/CMakeFiles/moveit_task_constructor_visualization-test-merge-models.dir/test_merge_models.cpp.o[0m
[ 50%] [32mBuilding CXX object visualization_tools/CMakeFiles/moveit_task_visualization_tools.dir/src/display_solution.cpp.o[0m
[ 52%] [32mBuilding CXX object visualization_tools/CMakeFiles/moveit_task_visualization_tools.dir/src/task_solution_visualization.cpp.o[0m
[ 53%] [32mBuilding CXX object visualization_tools/CMakeFiles/moveit_task_visualization_tools.dir/src/marker_visualization.cpp.o[0m
[ 55%] [32m[1mLinking CXX executable moveit_task_constructor_visualization-test-merge-models[0m
[ 55%] Built target moveit_task_constructor_visualization-test-merge-models
