[0.030s] Invoking command in '/home/aaron/ur_ws/build/moveit_common': CMAKE_PREFIX_PATH=/opt/ros/humble /usr/bin/cmake --build /home/aaron/ur_ws/build/moveit_common -- -j20 -l20
[1.094s] Invoked command in '/home/aaron/ur_ws/build/moveit_common' returned '0': CMAKE_PREFIX_PATH=/opt/ros/humble /usr/bin/cmake --build /home/aaron/ur_ws/build/moveit_common -- -j20 -l20
[1.121s] Invoking command in '/home/aaron/ur_ws/build/moveit_common': CMAKE_PREFIX_PATH=/opt/ros/humble /usr/bin/cmake --install /home/aaron/ur_ws/build/moveit_common
[1.160s] -- Install configuration: ""
[1.160s] -- Up-to-date: /home/aaron/ur_ws/install/moveit_common/share/ament_index/resource_index/package_run_dependencies/moveit_common
[1.160s] -- Up-to-date: /home/aaron/ur_ws/install/moveit_common/share/ament_index/resource_index/parent_prefix_path/moveit_common
[1.160s] -- Up-to-date: /home/aaron/ur_ws/install/moveit_common/share/moveit_common/environment/ament_prefix_path.sh
[1.160s] -- Up-to-date: /home/aaron/ur_ws/install/moveit_common/share/moveit_common/environment/ament_prefix_path.dsv
[1.160s] -- Up-to-date: /home/aaron/ur_ws/install/moveit_common/share/moveit_common/environment/path.sh
[1.160s] -- Up-to-date: /home/aaron/ur_ws/install/moveit_common/share/moveit_common/environment/path.dsv
[1.164s] -- Up-to-date: /home/aaron/ur_ws/install/moveit_common/share/moveit_common/local_setup.bash
[1.164s] -- Up-to-date: /home/aaron/ur_ws/install/moveit_common/share/moveit_common/local_setup.sh
[1.164s] -- Up-to-date: /home/aaron/ur_ws/install/moveit_common/share/moveit_common/local_setup.zsh
[1.166s] -- Up-to-date: /home/aaron/ur_ws/install/moveit_common/share/moveit_common/local_setup.dsv
[1.170s] -- Installing: /home/aaron/ur_ws/install/moveit_common/share/moveit_common/package.dsv
[1.170s] -- Up-to-date: /home/aaron/ur_ws/install/moveit_common/share/ament_index/resource_index/packages/moveit_common
[1.172s] -- Up-to-date: /home/aaron/ur_ws/install/moveit_common/share/moveit_common/cmake/moveit_common-extras.cmake
[1.172s] -- Up-to-date: /home/aaron/ur_ws/install/moveit_common/share/moveit_common/cmake/moveit_commonConfig.cmake
[1.172s] -- Up-to-date: /home/aaron/ur_ws/install/moveit_common/share/moveit_common/cmake/moveit_commonConfig-version.cmake
[1.172s] -- Up-to-date: /home/aaron/ur_ws/install/moveit_common/share/moveit_common/package.xml
[1.172s] -- Up-to-date: /home/aaron/ur_ws/install/moveit_common/share/moveit_common/cmake
[1.172s] -- Up-to-date: /home/aaron/ur_ws/install/moveit_common/share/moveit_common/cmake/moveit_package.cmake
[1.278s] Invoked command in '/home/aaron/ur_ws/build/moveit_common' returned '0': CMAKE_PREFIX_PATH=/opt/ros/humble /usr/bin/cmake --install /home/aaron/ur_ws/build/moveit_common
