[ 25%] [32mBuilding CXX object CMakeFiles/forward_pub.dir/src/forward_positions.cpp.o[0m
[ 75%] Built target moveit_pub
[100%] [32m[1mLinking CXX executable forward_pub[0m
[100%] Built target forward_pub
-- Install configuration: ""
-- Up-to-date: /home/aaron/ur_ws/install/moveit_control/lib/moveit_control/moveit_pub
-- Installing: /home/aaron/ur_ws/install/moveit_control/lib/moveit_control/forward_pub
-- Set runtime path of "/home/aaron/ur_ws/install/moveit_control/lib/moveit_control/forward_pub" to ""
-- Up-to-date: /home/aaron/ur_ws/install/moveit_control/share/ament_index/resource_index/package_run_dependencies/moveit_control
-- Up-to-date: /home/aaron/ur_ws/install/moveit_control/share/ament_index/resource_index/parent_prefix_path/moveit_control
-- Up-to-date: /home/aaron/ur_ws/install/moveit_control/share/moveit_control/environment/ament_prefix_path.sh
-- Up-to-date: /home/aaron/ur_ws/install/moveit_control/share/moveit_control/environment/ament_prefix_path.dsv
-- Up-to-date: /home/aaron/ur_ws/install/moveit_control/share/moveit_control/environment/path.sh
-- Up-to-date: /home/aaron/ur_ws/install/moveit_control/share/moveit_control/environment/path.dsv
-- Up-to-date: /home/aaron/ur_ws/install/moveit_control/share/moveit_control/local_setup.bash
-- Up-to-date: /home/aaron/ur_ws/install/moveit_control/share/moveit_control/local_setup.sh
-- Up-to-date: /home/aaron/ur_ws/install/moveit_control/share/moveit_control/local_setup.zsh
-- Up-to-date: /home/aaron/ur_ws/install/moveit_control/share/moveit_control/local_setup.dsv
-- Up-to-date: /home/aaron/ur_ws/install/moveit_control/share/moveit_control/package.dsv
-- Up-to-date: /home/aaron/ur_ws/install/moveit_control/share/ament_index/resource_index/packages/moveit_control
-- Up-to-date: /home/aaron/ur_ws/install/moveit_control/share/moveit_control/cmake/moveit_controlConfig.cmake
-- Up-to-date: /home/aaron/ur_ws/install/moveit_control/share/moveit_control/cmake/moveit_controlConfig-version.cmake
-- Up-to-date: /home/aaron/ur_ws/install/moveit_control/share/moveit_control/package.xml
